[0.214s] DEBUG:colcon:Command line arguments: ['/usr/bin/colcon', 'build']
[0.214s] DEBUG:colcon:Parsed command line arguments: Namespace(log_base=None, log_level=None, verb_name='build', build_base='build', install_base='install', merge_install=False, symlink_install=False, test_result_base=None, continue_on_error=False, executor='parallel', parallel_workers=6, event_handlers=None, ignore_user_meta=False, metas=['./colcon.meta'], base_paths=['.'], packages_ignore=None, packages_ignore_regex=None, paths=None, packages_up_to=None, packages_up_to_regex=None, packages_above=None, packages_above_and_dependencies=None, packages_above_depth=None, packages_select_by_dep=None, packages_skip_by_dep=None, packages_skip_up_to=None, packages_select_build_failed=False, packages_skip_build_finished=False, packages_select_test_failures=False, packages_skip_test_passed=False, packages_select=None, packages_skip=None, packages_select_regex=None, packages_skip_regex=None, packages_start=None, packages_end=None, allow_overriding=[], cmake_args=None, cmake_target=None, cmake_target_skip_unavailable=False, cmake_clean_cache=False, cmake_clean_first=False, cmake_force_configure=False, ament_cmake_args=None, catkin_cmake_args=None, catkin_skip_building_tests=False, mixin_files=None, mixin=None, verb_parser=<colcon_mixin.mixin.mixin_argument.MixinArgumentDecorator object at 0xffff84f165f0>, verb_extension=<colcon_core.verb.build.BuildVerb object at 0xffff84f15c30>, main=<bound method BuildVerb.main of <colcon_core.verb.build.BuildVerb object at 0xffff84f15c30>>, mixin_verb=('build',))
[0.548s] Level 1:colcon.colcon_core.package_discovery:discover_packages(colcon_meta) check parameters
[0.548s] Level 1:colcon.colcon_core.package_discovery:discover_packages(recursive) check parameters
[0.548s] Level 1:colcon.colcon_core.package_discovery:discover_packages(ignore) check parameters
[0.548s] Level 1:colcon.colcon_core.package_discovery:discover_packages(path) check parameters
[0.548s] Level 1:colcon.colcon_core.package_discovery:discover_packages(colcon_meta) discover
[0.549s] Level 1:colcon.colcon_core.package_discovery:discover_packages(recursive) discover
[0.549s] INFO:colcon.colcon_core.package_discovery:Crawling recursively for packages in '/home/wolfwagen/Undergrad_Minchan_Folder/ROOMBA_PROJECT_1'
[0.549s] Level 1:colcon.colcon_core.package_identification:_identify(.) by extensions ['ignore', 'ignore_ament_install']
[0.549s] Level 1:colcon.colcon_core.package_identification:_identify(.) by extension 'ignore'
[0.549s] Level 1:colcon.colcon_core.package_identification:_identify(.) by extension 'ignore_ament_install'
[0.549s] Level 1:colcon.colcon_core.package_identification:_identify(.) by extensions ['colcon_pkg']
[0.550s] Level 1:colcon.colcon_core.package_identification:_identify(.) by extension 'colcon_pkg'
[0.550s] Level 1:colcon.colcon_core.package_identification:_identify(.) by extensions ['colcon_meta']
[0.550s] Level 1:colcon.colcon_core.package_identification:_identify(.) by extension 'colcon_meta'
[0.550s] Level 1:colcon.colcon_core.package_identification:_identify(.) by extensions ['ros']
[0.550s] Level 1:colcon.colcon_core.package_identification:_identify(.) by extension 'ros'
[0.570s] Level 1:colcon.colcon_core.package_identification:_identify(.) by extensions ['cmake', 'python']
[0.570s] Level 1:colcon.colcon_core.package_identification:_identify(.) by extension 'cmake'
[0.570s] Level 1:colcon.colcon_core.package_identification:_identify(.) by extension 'python'
[0.570s] Level 1:colcon.colcon_core.package_identification:_identify(.) by extensions ['python_setup_py']
[0.571s] Level 1:colcon.colcon_core.package_identification:_identify(.) by extension 'python_setup_py'
[0.571s] Level 1:colcon.colcon_core.package_identification:_identify(build) by extensions ['ignore', 'ignore_ament_install']
[0.571s] Level 1:colcon.colcon_core.package_identification:_identify(build) by extension 'ignore'
[0.571s] Level 1:colcon.colcon_core.package_identification:_identify(build) ignored
[0.571s] Level 1:colcon.colcon_core.package_identification:_identify(install) by extensions ['ignore', 'ignore_ament_install']
[0.572s] Level 1:colcon.colcon_core.package_identification:_identify(install) by extension 'ignore'
[0.572s] Level 1:colcon.colcon_core.package_identification:_identify(install) ignored
[0.572s] Level 1:colcon.colcon_core.package_identification:_identify(log) by extensions ['ignore', 'ignore_ament_install']
[0.572s] Level 1:colcon.colcon_core.package_identification:_identify(log) by extension 'ignore'
[0.572s] Level 1:colcon.colcon_core.package_identification:_identify(log) ignored
[0.572s] Level 1:colcon.colcon_core.package_identification:_identify(roomba_src) by extensions ['ignore', 'ignore_ament_install']
[0.573s] Level 1:colcon.colcon_core.package_identification:_identify(roomba_src) by extension 'ignore'
[0.573s] Level 1:colcon.colcon_core.package_identification:_identify(roomba_src) by extension 'ignore_ament_install'
[0.573s] Level 1:colcon.colcon_core.package_identification:_identify(roomba_src) by extensions ['colcon_pkg']
[0.573s] Level 1:colcon.colcon_core.package_identification:_identify(roomba_src) by extension 'colcon_pkg'
[0.573s] Level 1:colcon.colcon_core.package_identification:_identify(roomba_src) by extensions ['colcon_meta']
[0.573s] Level 1:colcon.colcon_core.package_identification:_identify(roomba_src) by extension 'colcon_meta'
[0.573s] Level 1:colcon.colcon_core.package_identification:_identify(roomba_src) by extensions ['ros']
[0.573s] Level 1:colcon.colcon_core.package_identification:_identify(roomba_src) by extension 'ros'
[0.573s] Level 1:colcon.colcon_core.package_identification:_identify(roomba_src) by extensions ['cmake', 'python']
[0.573s] Level 1:colcon.colcon_core.package_identification:_identify(roomba_src) by extension 'cmake'
[0.574s] Level 1:colcon.colcon_core.package_identification:_identify(roomba_src) by extension 'python'
[0.574s] Level 1:colcon.colcon_core.package_identification:_identify(roomba_src) by extensions ['python_setup_py']
[0.574s] Level 1:colcon.colcon_core.package_identification:_identify(roomba_src) by extension 'python_setup_py'
[0.574s] Level 1:colcon.colcon_core.package_identification:_identify(roomba_src/first_roomba_pkg) by extensions ['ignore', 'ignore_ament_install']
[0.574s] Level 1:colcon.colcon_core.package_identification:_identify(roomba_src/first_roomba_pkg) by extension 'ignore'
[0.574s] Level 1:colcon.colcon_core.package_identification:_identify(roomba_src/first_roomba_pkg) by extension 'ignore_ament_install'
[0.574s] Level 1:colcon.colcon_core.package_identification:_identify(roomba_src/first_roomba_pkg) by extensions ['colcon_pkg']
[0.574s] Level 1:colcon.colcon_core.package_identification:_identify(roomba_src/first_roomba_pkg) by extension 'colcon_pkg'
[0.574s] Level 1:colcon.colcon_core.package_identification:_identify(roomba_src/first_roomba_pkg) by extensions ['colcon_meta']
[0.575s] Level 1:colcon.colcon_core.package_identification:_identify(roomba_src/first_roomba_pkg) by extension 'colcon_meta'
[0.575s] Level 1:colcon.colcon_core.package_identification:_identify(roomba_src/first_roomba_pkg) by extensions ['ros']
[0.575s] Level 1:colcon.colcon_core.package_identification:_identify(roomba_src/first_roomba_pkg) by extension 'ros'
[0.579s] DEBUG:colcon.colcon_core.package_identification:Package 'roomba_src/first_roomba_pkg' with type 'ros.ament_python' and name 'first_roomba_pkg'
[0.580s] Level 1:colcon.colcon_core.package_identification:_identify(roomba_src/unilidar_sdk2) by extensions ['ignore', 'ignore_ament_install']
[0.580s] Level 1:colcon.colcon_core.package_identification:_identify(roomba_src/unilidar_sdk2) by extension 'ignore'
[0.580s] Level 1:colcon.colcon_core.package_identification:_identify(roomba_src/unilidar_sdk2) by extension 'ignore_ament_install'
[0.580s] Level 1:colcon.colcon_core.package_identification:_identify(roomba_src/unilidar_sdk2) by extensions ['colcon_pkg']
[0.580s] Level 1:colcon.colcon_core.package_identification:_identify(roomba_src/unilidar_sdk2) by extension 'colcon_pkg'
[0.580s] Level 1:colcon.colcon_core.package_identification:_identify(roomba_src/unilidar_sdk2) by extensions ['colcon_meta']
[0.580s] Level 1:colcon.colcon_core.package_identification:_identify(roomba_src/unilidar_sdk2) by extension 'colcon_meta'
[0.580s] Level 1:colcon.colcon_core.package_identification:_identify(roomba_src/unilidar_sdk2) by extensions ['ros']
[0.581s] Level 1:colcon.colcon_core.package_identification:_identify(roomba_src/unilidar_sdk2) by extension 'ros'
[0.581s] Level 1:colcon.colcon_core.package_identification:_identify(roomba_src/unilidar_sdk2) by extensions ['cmake', 'python']
[0.581s] Level 1:colcon.colcon_core.package_identification:_identify(roomba_src/unilidar_sdk2) by extension 'cmake'
[0.581s] Level 1:colcon.colcon_core.package_identification:_identify(roomba_src/unilidar_sdk2) by extension 'python'
[0.581s] Level 1:colcon.colcon_core.package_identification:_identify(roomba_src/unilidar_sdk2) by extensions ['python_setup_py']
[0.581s] Level 1:colcon.colcon_core.package_identification:_identify(roomba_src/unilidar_sdk2) by extension 'python_setup_py'
[0.581s] Level 1:colcon.colcon_core.package_identification:_identify(roomba_src/unilidar_sdk2/docs) by extensions ['ignore', 'ignore_ament_install']
[0.581s] Level 1:colcon.colcon_core.package_identification:_identify(roomba_src/unilidar_sdk2/docs) by extension 'ignore'
[0.581s] Level 1:colcon.colcon_core.package_identification:_identify(roomba_src/unilidar_sdk2/docs) by extension 'ignore_ament_install'
[0.582s] Level 1:colcon.colcon_core.package_identification:_identify(roomba_src/unilidar_sdk2/docs) by extensions ['colcon_pkg']
[0.582s] Level 1:colcon.colcon_core.package_identification:_identify(roomba_src/unilidar_sdk2/docs) by extension 'colcon_pkg'
[0.582s] Level 1:colcon.colcon_core.package_identification:_identify(roomba_src/unilidar_sdk2/docs) by extensions ['colcon_meta']
[0.582s] Level 1:colcon.colcon_core.package_identification:_identify(roomba_src/unilidar_sdk2/docs) by extension 'colcon_meta'
[0.582s] Level 1:colcon.colcon_core.package_identification:_identify(roomba_src/unilidar_sdk2/docs) by extensions ['ros']
[0.582s] Level 1:colcon.colcon_core.package_identification:_identify(roomba_src/unilidar_sdk2/docs) by extension 'ros'
[0.582s] Level 1:colcon.colcon_core.package_identification:_identify(roomba_src/unilidar_sdk2/docs) by extensions ['cmake', 'python']
[0.582s] Level 1:colcon.colcon_core.package_identification:_identify(roomba_src/unilidar_sdk2/docs) by extension 'cmake'
[0.582s] Level 1:colcon.colcon_core.package_identification:_identify(roomba_src/unilidar_sdk2/docs) by extension 'python'
[0.582s] Level 1:colcon.colcon_core.package_identification:_identify(roomba_src/unilidar_sdk2/docs) by extensions ['python_setup_py']
[0.582s] Level 1:colcon.colcon_core.package_identification:_identify(roomba_src/unilidar_sdk2/docs) by extension 'python_setup_py'
[0.583s] Level 1:colcon.colcon_core.package_identification:_identify(roomba_src/unilidar_sdk2/unitree_lidar_ros) by extensions ['ignore', 'ignore_ament_install']
[0.583s] Level 1:colcon.colcon_core.package_identification:_identify(roomba_src/unilidar_sdk2/unitree_lidar_ros) by extension 'ignore'
[0.583s] Level 1:colcon.colcon_core.package_identification:_identify(roomba_src/unilidar_sdk2/unitree_lidar_ros) ignored
[0.583s] Level 1:colcon.colcon_core.package_identification:_identify(roomba_src/unilidar_sdk2/unitree_lidar_ros2) by extensions ['ignore', 'ignore_ament_install']
[0.583s] Level 1:colcon.colcon_core.package_identification:_identify(roomba_src/unilidar_sdk2/unitree_lidar_ros2) by extension 'ignore'
[0.583s] Level 1:colcon.colcon_core.package_identification:_identify(roomba_src/unilidar_sdk2/unitree_lidar_ros2) by extension 'ignore_ament_install'
[0.583s] Level 1:colcon.colcon_core.package_identification:_identify(roomba_src/unilidar_sdk2/unitree_lidar_ros2) by extensions ['colcon_pkg']
[0.583s] Level 1:colcon.colcon_core.package_identification:_identify(roomba_src/unilidar_sdk2/unitree_lidar_ros2) by extension 'colcon_pkg'
[0.584s] Level 1:colcon.colcon_core.package_identification:_identify(roomba_src/unilidar_sdk2/unitree_lidar_ros2) by extensions ['colcon_meta']
[0.584s] Level 1:colcon.colcon_core.package_identification:_identify(roomba_src/unilidar_sdk2/unitree_lidar_ros2) by extension 'colcon_meta'
[0.584s] Level 1:colcon.colcon_core.package_identification:_identify(roomba_src/unilidar_sdk2/unitree_lidar_ros2) by extensions ['ros']
[0.584s] Level 1:colcon.colcon_core.package_identification:_identify(roomba_src/unilidar_sdk2/unitree_lidar_ros2) by extension 'ros'
[0.584s] Level 1:colcon.colcon_core.package_identification:_identify(roomba_src/unilidar_sdk2/unitree_lidar_ros2) by extensions ['cmake', 'python']
[0.584s] Level 1:colcon.colcon_core.package_identification:_identify(roomba_src/unilidar_sdk2/unitree_lidar_ros2) by extension 'cmake'
[0.584s] Level 1:colcon.colcon_core.package_identification:_identify(roomba_src/unilidar_sdk2/unitree_lidar_ros2) by extension 'python'
[0.584s] Level 1:colcon.colcon_core.package_identification:_identify(roomba_src/unilidar_sdk2/unitree_lidar_ros2) by extensions ['python_setup_py']
[0.584s] Level 1:colcon.colcon_core.package_identification:_identify(roomba_src/unilidar_sdk2/unitree_lidar_ros2) by extension 'python_setup_py'
[0.584s] Level 1:colcon.colcon_core.package_identification:_identify(roomba_src/unilidar_sdk2/unitree_lidar_ros2/src) by extensions ['ignore', 'ignore_ament_install']
[0.585s] Level 1:colcon.colcon_core.package_identification:_identify(roomba_src/unilidar_sdk2/unitree_lidar_ros2/src) by extension 'ignore'
[0.585s] Level 1:colcon.colcon_core.package_identification:_identify(roomba_src/unilidar_sdk2/unitree_lidar_ros2/src) by extension 'ignore_ament_install'
[0.585s] Level 1:colcon.colcon_core.package_identification:_identify(roomba_src/unilidar_sdk2/unitree_lidar_ros2/src) by extensions ['colcon_pkg']
[0.585s] Level 1:colcon.colcon_core.package_identification:_identify(roomba_src/unilidar_sdk2/unitree_lidar_ros2/src) by extension 'colcon_pkg'
[0.585s] Level 1:colcon.colcon_core.package_identification:_identify(roomba_src/unilidar_sdk2/unitree_lidar_ros2/src) by extensions ['colcon_meta']
[0.585s] Level 1:colcon.colcon_core.package_identification:_identify(roomba_src/unilidar_sdk2/unitree_lidar_ros2/src) by extension 'colcon_meta'
[0.585s] Level 1:colcon.colcon_core.package_identification:_identify(roomba_src/unilidar_sdk2/unitree_lidar_ros2/src) by extensions ['ros']
[0.585s] Level 1:colcon.colcon_core.package_identification:_identify(roomba_src/unilidar_sdk2/unitree_lidar_ros2/src) by extension 'ros'
[0.585s] Level 1:colcon.colcon_core.package_identification:_identify(roomba_src/unilidar_sdk2/unitree_lidar_ros2/src) by extensions ['cmake', 'python']
[0.585s] Level 1:colcon.colcon_core.package_identification:_identify(roomba_src/unilidar_sdk2/unitree_lidar_ros2/src) by extension 'cmake'
[0.586s] Level 1:colcon.colcon_core.package_identification:_identify(roomba_src/unilidar_sdk2/unitree_lidar_ros2/src) by extension 'python'
[0.586s] Level 1:colcon.colcon_core.package_identification:_identify(roomba_src/unilidar_sdk2/unitree_lidar_ros2/src) by extensions ['python_setup_py']
[0.586s] Level 1:colcon.colcon_core.package_identification:_identify(roomba_src/unilidar_sdk2/unitree_lidar_ros2/src) by extension 'python_setup_py'
[0.586s] Level 1:colcon.colcon_core.package_identification:_identify(roomba_src/unilidar_sdk2/unitree_lidar_ros2/src/unitree_lidar_ros2) by extensions ['ignore', 'ignore_ament_install']
[0.586s] Level 1:colcon.colcon_core.package_identification:_identify(roomba_src/unilidar_sdk2/unitree_lidar_ros2/src/unitree_lidar_ros2) by extension 'ignore'
[0.586s] Level 1:colcon.colcon_core.package_identification:_identify(roomba_src/unilidar_sdk2/unitree_lidar_ros2/src/unitree_lidar_ros2) by extension 'ignore_ament_install'
[0.586s] Level 1:colcon.colcon_core.package_identification:_identify(roomba_src/unilidar_sdk2/unitree_lidar_ros2/src/unitree_lidar_ros2) by extensions ['colcon_pkg']
[0.586s] Level 1:colcon.colcon_core.package_identification:_identify(roomba_src/unilidar_sdk2/unitree_lidar_ros2/src/unitree_lidar_ros2) by extension 'colcon_pkg'
[0.586s] Level 1:colcon.colcon_core.package_identification:_identify(roomba_src/unilidar_sdk2/unitree_lidar_ros2/src/unitree_lidar_ros2) by extensions ['colcon_meta']
[0.586s] Level 1:colcon.colcon_core.package_identification:_identify(roomba_src/unilidar_sdk2/unitree_lidar_ros2/src/unitree_lidar_ros2) by extension 'colcon_meta'
[0.587s] Level 1:colcon.colcon_core.package_identification:_identify(roomba_src/unilidar_sdk2/unitree_lidar_ros2/src/unitree_lidar_ros2) by extensions ['ros']
[0.587s] Level 1:colcon.colcon_core.package_identification:_identify(roomba_src/unilidar_sdk2/unitree_lidar_ros2/src/unitree_lidar_ros2) by extension 'ros'
[0.588s] DEBUG:colcon.colcon_core.package_identification:Package 'roomba_src/unilidar_sdk2/unitree_lidar_ros2/src/unitree_lidar_ros2' with type 'ros.ament_cmake' and name 'unitree_lidar_ros2'
[0.589s] Level 1:colcon.colcon_core.package_identification:_identify(roomba_src/unilidar_sdk2/unitree_lidar_sdk) by extensions ['ignore', 'ignore_ament_install']
[0.589s] Level 1:colcon.colcon_core.package_identification:_identify(roomba_src/unilidar_sdk2/unitree_lidar_sdk) by extension 'ignore'
[0.589s] Level 1:colcon.colcon_core.package_identification:_identify(roomba_src/unilidar_sdk2/unitree_lidar_sdk) by extension 'ignore_ament_install'
[0.589s] Level 1:colcon.colcon_core.package_identification:_identify(roomba_src/unilidar_sdk2/unitree_lidar_sdk) by extensions ['colcon_pkg']
[0.589s] Level 1:colcon.colcon_core.package_identification:_identify(roomba_src/unilidar_sdk2/unitree_lidar_sdk) by extension 'colcon_pkg'
[0.589s] Level 1:colcon.colcon_core.package_identification:_identify(roomba_src/unilidar_sdk2/unitree_lidar_sdk) by extensions ['colcon_meta']
[0.589s] Level 1:colcon.colcon_core.package_identification:_identify(roomba_src/unilidar_sdk2/unitree_lidar_sdk) by extension 'colcon_meta'
[0.589s] Level 1:colcon.colcon_core.package_identification:_identify(roomba_src/unilidar_sdk2/unitree_lidar_sdk) by extensions ['ros']
[0.589s] Level 1:colcon.colcon_core.package_identification:_identify(roomba_src/unilidar_sdk2/unitree_lidar_sdk) by extension 'ros'
[0.590s] Level 1:colcon.colcon_core.package_identification:_identify(roomba_src/unilidar_sdk2/unitree_lidar_sdk) by extensions ['cmake', 'python']
[0.590s] Level 1:colcon.colcon_core.package_identification:_identify(roomba_src/unilidar_sdk2/unitree_lidar_sdk) by extension 'cmake'
[0.592s] Level 1:colcon.colcon_core.package_identification:_identify(roomba_src/unilidar_sdk2/unitree_lidar_sdk) by extension 'python'
[0.592s] DEBUG:colcon.colcon_core.package_identification:Package 'roomba_src/unilidar_sdk2/unitree_lidar_sdk' with type 'cmake' and name 'unitree_lidar_sdk'
[0.592s] Level 1:colcon.colcon_core.package_identification:_identify(roomba_src/zed-ros2-wrapper) by extensions ['ignore', 'ignore_ament_install']
[0.593s] Level 1:colcon.colcon_core.package_identification:_identify(roomba_src/zed-ros2-wrapper) by extension 'ignore'
[0.593s] Level 1:colcon.colcon_core.package_identification:_identify(roomba_src/zed-ros2-wrapper) by extension 'ignore_ament_install'
[0.593s] Level 1:colcon.colcon_core.package_identification:_identify(roomba_src/zed-ros2-wrapper) by extensions ['colcon_pkg']
[0.593s] Level 1:colcon.colcon_core.package_identification:_identify(roomba_src/zed-ros2-wrapper) by extension 'colcon_pkg'
[0.593s] Level 1:colcon.colcon_core.package_identification:_identify(roomba_src/zed-ros2-wrapper) by extensions ['colcon_meta']
[0.593s] Level 1:colcon.colcon_core.package_identification:_identify(roomba_src/zed-ros2-wrapper) by extension 'colcon_meta'
[0.593s] Level 1:colcon.colcon_core.package_identification:_identify(roomba_src/zed-ros2-wrapper) by extensions ['ros']
[0.593s] Level 1:colcon.colcon_core.package_identification:_identify(roomba_src/zed-ros2-wrapper) by extension 'ros'
[0.593s] Level 1:colcon.colcon_core.package_identification:_identify(roomba_src/zed-ros2-wrapper) by extensions ['cmake', 'python']
[0.593s] Level 1:colcon.colcon_core.package_identification:_identify(roomba_src/zed-ros2-wrapper) by extension 'cmake'
[0.593s] Level 1:colcon.colcon_core.package_identification:_identify(roomba_src/zed-ros2-wrapper) by extension 'python'
[0.594s] Level 1:colcon.colcon_core.package_identification:_identify(roomba_src/zed-ros2-wrapper) by extensions ['python_setup_py']
[0.594s] Level 1:colcon.colcon_core.package_identification:_identify(roomba_src/zed-ros2-wrapper) by extension 'python_setup_py'
[0.594s] Level 1:colcon.colcon_core.package_identification:_identify(roomba_src/zed-ros2-wrapper/docker) by extensions ['ignore', 'ignore_ament_install']
[0.594s] Level 1:colcon.colcon_core.package_identification:_identify(roomba_src/zed-ros2-wrapper/docker) by extension 'ignore'
[0.594s] Level 1:colcon.colcon_core.package_identification:_identify(roomba_src/zed-ros2-wrapper/docker) by extension 'ignore_ament_install'
[0.594s] Level 1:colcon.colcon_core.package_identification:_identify(roomba_src/zed-ros2-wrapper/docker) by extensions ['colcon_pkg']
[0.594s] Level 1:colcon.colcon_core.package_identification:_identify(roomba_src/zed-ros2-wrapper/docker) by extension 'colcon_pkg'
[0.594s] Level 1:colcon.colcon_core.package_identification:_identify(roomba_src/zed-ros2-wrapper/docker) by extensions ['colcon_meta']
[0.594s] Level 1:colcon.colcon_core.package_identification:_identify(roomba_src/zed-ros2-wrapper/docker) by extension 'colcon_meta'
[0.595s] Level 1:colcon.colcon_core.package_identification:_identify(roomba_src/zed-ros2-wrapper/docker) by extensions ['ros']
[0.595s] Level 1:colcon.colcon_core.package_identification:_identify(roomba_src/zed-ros2-wrapper/docker) by extension 'ros'
[0.595s] Level 1:colcon.colcon_core.package_identification:_identify(roomba_src/zed-ros2-wrapper/docker) by extensions ['cmake', 'python']
[0.595s] Level 1:colcon.colcon_core.package_identification:_identify(roomba_src/zed-ros2-wrapper/docker) by extension 'cmake'
[0.595s] Level 1:colcon.colcon_core.package_identification:_identify(roomba_src/zed-ros2-wrapper/docker) by extension 'python'
[0.595s] Level 1:colcon.colcon_core.package_identification:_identify(roomba_src/zed-ros2-wrapper/docker) by extensions ['python_setup_py']
[0.595s] Level 1:colcon.colcon_core.package_identification:_identify(roomba_src/zed-ros2-wrapper/docker) by extension 'python_setup_py'
[0.595s] Level 1:colcon.colcon_core.package_identification:_identify(roomba_src/zed-ros2-wrapper/images) by extensions ['ignore', 'ignore_ament_install']
[0.596s] Level 1:colcon.colcon_core.package_identification:_identify(roomba_src/zed-ros2-wrapper/images) by extension 'ignore'
[0.596s] Level 1:colcon.colcon_core.package_identification:_identify(roomba_src/zed-ros2-wrapper/images) by extension 'ignore_ament_install'
[0.596s] Level 1:colcon.colcon_core.package_identification:_identify(roomba_src/zed-ros2-wrapper/images) by extensions ['colcon_pkg']
[0.596s] Level 1:colcon.colcon_core.package_identification:_identify(roomba_src/zed-ros2-wrapper/images) by extension 'colcon_pkg'
[0.596s] Level 1:colcon.colcon_core.package_identification:_identify(roomba_src/zed-ros2-wrapper/images) by extensions ['colcon_meta']
[0.596s] Level 1:colcon.colcon_core.package_identification:_identify(roomba_src/zed-ros2-wrapper/images) by extension 'colcon_meta'
[0.596s] Level 1:colcon.colcon_core.package_identification:_identify(roomba_src/zed-ros2-wrapper/images) by extensions ['ros']
[0.596s] Level 1:colcon.colcon_core.package_identification:_identify(roomba_src/zed-ros2-wrapper/images) by extension 'ros'
[0.596s] Level 1:colcon.colcon_core.package_identification:_identify(roomba_src/zed-ros2-wrapper/images) by extensions ['cmake', 'python']
[0.596s] Level 1:colcon.colcon_core.package_identification:_identify(roomba_src/zed-ros2-wrapper/images) by extension 'cmake'
[0.596s] Level 1:colcon.colcon_core.package_identification:_identify(roomba_src/zed-ros2-wrapper/images) by extension 'python'
[0.597s] Level 1:colcon.colcon_core.package_identification:_identify(roomba_src/zed-ros2-wrapper/images) by extensions ['python_setup_py']
[0.597s] Level 1:colcon.colcon_core.package_identification:_identify(roomba_src/zed-ros2-wrapper/images) by extension 'python_setup_py'
[0.597s] Level 1:colcon.colcon_core.package_identification:_identify(roomba_src/zed-ros2-wrapper/zed_components) by extensions ['ignore', 'ignore_ament_install']
[0.597s] Level 1:colcon.colcon_core.package_identification:_identify(roomba_src/zed-ros2-wrapper/zed_components) by extension 'ignore'
[0.597s] Level 1:colcon.colcon_core.package_identification:_identify(roomba_src/zed-ros2-wrapper/zed_components) by extension 'ignore_ament_install'
[0.597s] Level 1:colcon.colcon_core.package_identification:_identify(roomba_src/zed-ros2-wrapper/zed_components) by extensions ['colcon_pkg']
[0.597s] Level 1:colcon.colcon_core.package_identification:_identify(roomba_src/zed-ros2-wrapper/zed_components) by extension 'colcon_pkg'
[0.597s] Level 1:colcon.colcon_core.package_identification:_identify(roomba_src/zed-ros2-wrapper/zed_components) by extensions ['colcon_meta']
[0.597s] Level 1:colcon.colcon_core.package_identification:_identify(roomba_src/zed-ros2-wrapper/zed_components) by extension 'colcon_meta'
[0.597s] Level 1:colcon.colcon_core.package_identification:_identify(roomba_src/zed-ros2-wrapper/zed_components) by extensions ['ros']
[0.598s] Level 1:colcon.colcon_core.package_identification:_identify(roomba_src/zed-ros2-wrapper/zed_components) by extension 'ros'
[0.600s] DEBUG:colcon.colcon_core.package_identification:Package 'roomba_src/zed-ros2-wrapper/zed_components' with type 'ros.ament_cmake' and name 'zed_components'
[0.600s] Level 1:colcon.colcon_core.package_identification:_identify(roomba_src/zed-ros2-wrapper/zed_ros2) by extensions ['ignore', 'ignore_ament_install']
[0.600s] Level 1:colcon.colcon_core.package_identification:_identify(roomba_src/zed-ros2-wrapper/zed_ros2) by extension 'ignore'
[0.600s] Level 1:colcon.colcon_core.package_identification:_identify(roomba_src/zed-ros2-wrapper/zed_ros2) by extension 'ignore_ament_install'
[0.600s] Level 1:colcon.colcon_core.package_identification:_identify(roomba_src/zed-ros2-wrapper/zed_ros2) by extensions ['colcon_pkg']
[0.600s] Level 1:colcon.colcon_core.package_identification:_identify(roomba_src/zed-ros2-wrapper/zed_ros2) by extension 'colcon_pkg'
[0.600s] Level 1:colcon.colcon_core.package_identification:_identify(roomba_src/zed-ros2-wrapper/zed_ros2) by extensions ['colcon_meta']
[0.600s] Level 1:colcon.colcon_core.package_identification:_identify(roomba_src/zed-ros2-wrapper/zed_ros2) by extension 'colcon_meta'
[0.601s] Level 1:colcon.colcon_core.package_identification:_identify(roomba_src/zed-ros2-wrapper/zed_ros2) by extensions ['ros']
[0.601s] Level 1:colcon.colcon_core.package_identification:_identify(roomba_src/zed-ros2-wrapper/zed_ros2) by extension 'ros'
[0.602s] DEBUG:colcon.colcon_core.package_identification:Package 'roomba_src/zed-ros2-wrapper/zed_ros2' with type 'ros.ament_cmake' and name 'zed_ros2'
[0.602s] Level 1:colcon.colcon_core.package_identification:_identify(roomba_src/zed-ros2-wrapper/zed_wrapper) by extensions ['ignore', 'ignore_ament_install']
[0.602s] Level 1:colcon.colcon_core.package_identification:_identify(roomba_src/zed-ros2-wrapper/zed_wrapper) by extension 'ignore'
[0.602s] Level 1:colcon.colcon_core.package_identification:_identify(roomba_src/zed-ros2-wrapper/zed_wrapper) by extension 'ignore_ament_install'
[0.602s] Level 1:colcon.colcon_core.package_identification:_identify(roomba_src/zed-ros2-wrapper/zed_wrapper) by extensions ['colcon_pkg']
[0.602s] Level 1:colcon.colcon_core.package_identification:_identify(roomba_src/zed-ros2-wrapper/zed_wrapper) by extension 'colcon_pkg'
[0.602s] Level 1:colcon.colcon_core.package_identification:_identify(roomba_src/zed-ros2-wrapper/zed_wrapper) by extensions ['colcon_meta']
[0.603s] Level 1:colcon.colcon_core.package_identification:_identify(roomba_src/zed-ros2-wrapper/zed_wrapper) by extension 'colcon_meta'
[0.603s] Level 1:colcon.colcon_core.package_identification:_identify(roomba_src/zed-ros2-wrapper/zed_wrapper) by extensions ['ros']
[0.603s] Level 1:colcon.colcon_core.package_identification:_identify(roomba_src/zed-ros2-wrapper/zed_wrapper) by extension 'ros'
[0.607s] DEBUG:colcon.colcon_core.package_identification:Package 'roomba_src/zed-ros2-wrapper/zed_wrapper' with type 'ros.ament_cmake' and name 'zed_wrapper'
[0.607s] Level 1:colcon.colcon_core.package_discovery:discover_packages(recursive) using defaults
[0.607s] Level 1:colcon.colcon_core.package_discovery:discover_packages(ignore) discover
[0.607s] Level 1:colcon.colcon_core.package_discovery:discover_packages(ignore) using defaults
[0.607s] Level 1:colcon.colcon_core.package_discovery:discover_packages(path) discover
[0.607s] Level 1:colcon.colcon_core.package_discovery:discover_packages(path) using defaults
[0.675s] Level 1:colcon.colcon_core.package_discovery:discover_packages(prefix_path) check parameters
[0.675s] Level 1:colcon.colcon_core.package_discovery:discover_packages(prefix_path) discover
[0.679s] DEBUG:colcon.colcon_installed_package_information.package_discovery:Found 7 installed packages in /home/wolfwagen/Undergrad_Minchan_Folder/ROOMBA_PROJECT_1/install
[0.681s] DEBUG:colcon.colcon_installed_package_information.package_discovery:Found 383 installed packages in /opt/ros/humble
[0.684s] Level 1:colcon.colcon_core.package_discovery:discover_packages(prefix_path) using defaults
[0.772s] Level 5:colcon.colcon_core.verb:set package 'first_roomba_pkg' build argument 'cmake_args' from command line to 'None'
[0.772s] Level 5:colcon.colcon_core.verb:set package 'first_roomba_pkg' build argument 'cmake_target' from command line to 'None'
[0.772s] Level 5:colcon.colcon_core.verb:set package 'first_roomba_pkg' build argument 'cmake_target_skip_unavailable' from command line to 'False'
[0.772s] Level 5:colcon.colcon_core.verb:set package 'first_roomba_pkg' build argument 'cmake_clean_cache' from command line to 'False'
[0.772s] Level 5:colcon.colcon_core.verb:set package 'first_roomba_pkg' build argument 'cmake_clean_first' from command line to 'False'
[0.772s] Level 5:colcon.colcon_core.verb:set package 'first_roomba_pkg' build argument 'cmake_force_configure' from command line to 'False'
[0.772s] Level 5:colcon.colcon_core.verb:set package 'first_roomba_pkg' build argument 'ament_cmake_args' from command line to 'None'
[0.772s] Level 5:colcon.colcon_core.verb:set package 'first_roomba_pkg' build argument 'catkin_cmake_args' from command line to 'None'
[0.773s] Level 5:colcon.colcon_core.verb:set package 'first_roomba_pkg' build argument 'catkin_skip_building_tests' from command line to 'False'
[0.773s] DEBUG:colcon.colcon_core.verb:Building package 'first_roomba_pkg' with the following arguments: {'ament_cmake_args': None, 'build_base': '/home/wolfwagen/Undergrad_Minchan_Folder/ROOMBA_PROJECT_1/build/first_roomba_pkg', 'catkin_cmake_args': None, 'catkin_skip_building_tests': False, 'cmake_args': None, 'cmake_clean_cache': False, 'cmake_clean_first': False, 'cmake_force_configure': False, 'cmake_target': None, 'cmake_target_skip_unavailable': False, 'install_base': '/home/wolfwagen/Undergrad_Minchan_Folder/ROOMBA_PROJECT_1/install/first_roomba_pkg', 'merge_install': False, 'path': '/home/wolfwagen/Undergrad_Minchan_Folder/ROOMBA_PROJECT_1/roomba_src/first_roomba_pkg', 'symlink_install': False, 'test_result_base': None}
[0.773s] Level 5:colcon.colcon_core.verb:set package 'unitree_lidar_ros2' build argument 'cmake_args' from command line to 'None'
[0.773s] Level 5:colcon.colcon_core.verb:set package 'unitree_lidar_ros2' build argument 'cmake_target' from command line to 'None'
[0.773s] Level 5:colcon.colcon_core.verb:set package 'unitree_lidar_ros2' build argument 'cmake_target_skip_unavailable' from command line to 'False'
[0.773s] Level 5:colcon.colcon_core.verb:set package 'unitree_lidar_ros2' build argument 'cmake_clean_cache' from command line to 'False'
[0.773s] Level 5:colcon.colcon_core.verb:set package 'unitree_lidar_ros2' build argument 'cmake_clean_first' from command line to 'False'
[0.774s] Level 5:colcon.colcon_core.verb:set package 'unitree_lidar_ros2' build argument 'cmake_force_configure' from command line to 'False'
[0.774s] Level 5:colcon.colcon_core.verb:set package 'unitree_lidar_ros2' build argument 'ament_cmake_args' from command line to 'None'
[0.774s] Level 5:colcon.colcon_core.verb:set package 'unitree_lidar_ros2' build argument 'catkin_cmake_args' from command line to 'None'
[0.774s] Level 5:colcon.colcon_core.verb:set package 'unitree_lidar_ros2' build argument 'catkin_skip_building_tests' from command line to 'False'
[0.774s] DEBUG:colcon.colcon_core.verb:Building package 'unitree_lidar_ros2' with the following arguments: {'ament_cmake_args': None, 'build_base': '/home/wolfwagen/Undergrad_Minchan_Folder/ROOMBA_PROJECT_1/build/unitree_lidar_ros2', 'catkin_cmake_args': None, 'catkin_skip_building_tests': False, 'cmake_args': None, 'cmake_clean_cache': False, 'cmake_clean_first': False, 'cmake_force_configure': False, 'cmake_target': None, 'cmake_target_skip_unavailable': False, 'install_base': '/home/wolfwagen/Undergrad_Minchan_Folder/ROOMBA_PROJECT_1/install/unitree_lidar_ros2', 'merge_install': False, 'path': '/home/wolfwagen/Undergrad_Minchan_Folder/ROOMBA_PROJECT_1/roomba_src/unilidar_sdk2/unitree_lidar_ros2/src/unitree_lidar_ros2', 'symlink_install': False, 'test_result_base': None}
[0.774s] Level 5:colcon.colcon_core.verb:set package 'unitree_lidar_sdk' build argument 'cmake_args' from command line to 'None'
[0.774s] Level 5:colcon.colcon_core.verb:set package 'unitree_lidar_sdk' build argument 'cmake_target' from command line to 'None'
[0.774s] Level 5:colcon.colcon_core.verb:set package 'unitree_lidar_sdk' build argument 'cmake_target_skip_unavailable' from command line to 'False'
[0.775s] Level 5:colcon.colcon_core.verb:set package 'unitree_lidar_sdk' build argument 'cmake_clean_cache' from command line to 'False'
[0.775s] Level 5:colcon.colcon_core.verb:set package 'unitree_lidar_sdk' build argument 'cmake_clean_first' from command line to 'False'
[0.775s] Level 5:colcon.colcon_core.verb:set package 'unitree_lidar_sdk' build argument 'cmake_force_configure' from command line to 'False'
[0.775s] Level 5:colcon.colcon_core.verb:set package 'unitree_lidar_sdk' build argument 'ament_cmake_args' from command line to 'None'
[0.775s] Level 5:colcon.colcon_core.verb:set package 'unitree_lidar_sdk' build argument 'catkin_cmake_args' from command line to 'None'
[0.775s] Level 5:colcon.colcon_core.verb:set package 'unitree_lidar_sdk' build argument 'catkin_skip_building_tests' from command line to 'False'
[0.775s] DEBUG:colcon.colcon_core.verb:Building package 'unitree_lidar_sdk' with the following arguments: {'ament_cmake_args': None, 'build_base': '/home/wolfwagen/Undergrad_Minchan_Folder/ROOMBA_PROJECT_1/build/unitree_lidar_sdk', 'catkin_cmake_args': None, 'catkin_skip_building_tests': False, 'cmake_args': None, 'cmake_clean_cache': False, 'cmake_clean_first': False, 'cmake_force_configure': False, 'cmake_target': None, 'cmake_target_skip_unavailable': False, 'install_base': '/home/wolfwagen/Undergrad_Minchan_Folder/ROOMBA_PROJECT_1/install/unitree_lidar_sdk', 'merge_install': False, 'path': '/home/wolfwagen/Undergrad_Minchan_Folder/ROOMBA_PROJECT_1/roomba_src/unilidar_sdk2/unitree_lidar_sdk', 'symlink_install': False, 'test_result_base': None}
[0.775s] Level 5:colcon.colcon_core.verb:set package 'zed_components' build argument 'cmake_args' from command line to 'None'
[0.775s] Level 5:colcon.colcon_core.verb:set package 'zed_components' build argument 'cmake_target' from command line to 'None'
[0.775s] Level 5:colcon.colcon_core.verb:set package 'zed_components' build argument 'cmake_target_skip_unavailable' from command line to 'False'
[0.775s] Level 5:colcon.colcon_core.verb:set package 'zed_components' build argument 'cmake_clean_cache' from command line to 'False'
[0.776s] Level 5:colcon.colcon_core.verb:set package 'zed_components' build argument 'cmake_clean_first' from command line to 'False'
[0.776s] Level 5:colcon.colcon_core.verb:set package 'zed_components' build argument 'cmake_force_configure' from command line to 'False'
[0.776s] Level 5:colcon.colcon_core.verb:set package 'zed_components' build argument 'ament_cmake_args' from command line to 'None'
[0.776s] Level 5:colcon.colcon_core.verb:set package 'zed_components' build argument 'catkin_cmake_args' from command line to 'None'
[0.776s] Level 5:colcon.colcon_core.verb:set package 'zed_components' build argument 'catkin_skip_building_tests' from command line to 'False'
[0.776s] DEBUG:colcon.colcon_core.verb:Building package 'zed_components' with the following arguments: {'ament_cmake_args': None, 'build_base': '/home/wolfwagen/Undergrad_Minchan_Folder/ROOMBA_PROJECT_1/build/zed_components', 'catkin_cmake_args': None, 'catkin_skip_building_tests': False, 'cmake_args': None, 'cmake_clean_cache': False, 'cmake_clean_first': False, 'cmake_force_configure': False, 'cmake_target': None, 'cmake_target_skip_unavailable': False, 'install_base': '/home/wolfwagen/Undergrad_Minchan_Folder/ROOMBA_PROJECT_1/install/zed_components', 'merge_install': False, 'path': '/home/wolfwagen/Undergrad_Minchan_Folder/ROOMBA_PROJECT_1/roomba_src/zed-ros2-wrapper/zed_components', 'symlink_install': False, 'test_result_base': None}
[0.776s] Level 5:colcon.colcon_core.verb:set package 'zed_wrapper' build argument 'cmake_args' from command line to 'None'
[0.776s] Level 5:colcon.colcon_core.verb:set package 'zed_wrapper' build argument 'cmake_target' from command line to 'None'
[0.776s] Level 5:colcon.colcon_core.verb:set package 'zed_wrapper' build argument 'cmake_target_skip_unavailable' from command line to 'False'
[0.777s] Level 5:colcon.colcon_core.verb:set package 'zed_wrapper' build argument 'cmake_clean_cache' from command line to 'False'
[0.777s] Level 5:colcon.colcon_core.verb:set package 'zed_wrapper' build argument 'cmake_clean_first' from command line to 'False'
[0.777s] Level 5:colcon.colcon_core.verb:set package 'zed_wrapper' build argument 'cmake_force_configure' from command line to 'False'
[0.777s] Level 5:colcon.colcon_core.verb:set package 'zed_wrapper' build argument 'ament_cmake_args' from command line to 'None'
[0.777s] Level 5:colcon.colcon_core.verb:set package 'zed_wrapper' build argument 'catkin_cmake_args' from command line to 'None'
[0.777s] Level 5:colcon.colcon_core.verb:set package 'zed_wrapper' build argument 'catkin_skip_building_tests' from command line to 'False'
[0.777s] DEBUG:colcon.colcon_core.verb:Building package 'zed_wrapper' with the following arguments: {'ament_cmake_args': None, 'build_base': '/home/wolfwagen/Undergrad_Minchan_Folder/ROOMBA_PROJECT_1/build/zed_wrapper', 'catkin_cmake_args': None, 'catkin_skip_building_tests': False, 'cmake_args': None, 'cmake_clean_cache': False, 'cmake_clean_first': False, 'cmake_force_configure': False, 'cmake_target': None, 'cmake_target_skip_unavailable': False, 'install_base': '/home/wolfwagen/Undergrad_Minchan_Folder/ROOMBA_PROJECT_1/install/zed_wrapper', 'merge_install': False, 'path': '/home/wolfwagen/Undergrad_Minchan_Folder/ROOMBA_PROJECT_1/roomba_src/zed-ros2-wrapper/zed_wrapper', 'symlink_install': False, 'test_result_base': None}
[0.777s] Level 5:colcon.colcon_core.verb:set package 'zed_ros2' build argument 'cmake_args' from command line to 'None'
[0.777s] Level 5:colcon.colcon_core.verb:set package 'zed_ros2' build argument 'cmake_target' from command line to 'None'
[0.777s] Level 5:colcon.colcon_core.verb:set package 'zed_ros2' build argument 'cmake_target_skip_unavailable' from command line to 'False'
[0.778s] Level 5:colcon.colcon_core.verb:set package 'zed_ros2' build argument 'cmake_clean_cache' from command line to 'False'
[0.778s] Level 5:colcon.colcon_core.verb:set package 'zed_ros2' build argument 'cmake_clean_first' from command line to 'False'
[0.778s] Level 5:colcon.colcon_core.verb:set package 'zed_ros2' build argument 'cmake_force_configure' from command line to 'False'
[0.778s] Level 5:colcon.colcon_core.verb:set package 'zed_ros2' build argument 'ament_cmake_args' from command line to 'None'
[0.778s] Level 5:colcon.colcon_core.verb:set package 'zed_ros2' build argument 'catkin_cmake_args' from command line to 'None'
[0.778s] Level 5:colcon.colcon_core.verb:set package 'zed_ros2' build argument 'catkin_skip_building_tests' from command line to 'False'
[0.778s] DEBUG:colcon.colcon_core.verb:Building package 'zed_ros2' with the following arguments: {'ament_cmake_args': None, 'build_base': '/home/wolfwagen/Undergrad_Minchan_Folder/ROOMBA_PROJECT_1/build/zed_ros2', 'catkin_cmake_args': None, 'catkin_skip_building_tests': False, 'cmake_args': None, 'cmake_clean_cache': False, 'cmake_clean_first': False, 'cmake_force_configure': False, 'cmake_target': None, 'cmake_target_skip_unavailable': False, 'install_base': '/home/wolfwagen/Undergrad_Minchan_Folder/ROOMBA_PROJECT_1/install/zed_ros2', 'merge_install': False, 'path': '/home/wolfwagen/Undergrad_Minchan_Folder/ROOMBA_PROJECT_1/roomba_src/zed-ros2-wrapper/zed_ros2', 'symlink_install': False, 'test_result_base': None}
[0.778s] INFO:colcon.colcon_core.executor:Executing jobs using 'parallel' executor
[0.780s] DEBUG:colcon.colcon_parallel_executor.executor.parallel:run_until_complete
[0.781s] INFO:colcon.colcon_ros.task.ament_cmake.build:Building ROS package in '/home/wolfwagen/Undergrad_Minchan_Folder/ROOMBA_PROJECT_1/roomba_src/zed-ros2-wrapper/zed_components' with build type 'ament_cmake'
[0.781s] INFO:colcon.colcon_cmake.task.cmake.build:Building CMake package in '/home/wolfwagen/Undergrad_Minchan_Folder/ROOMBA_PROJECT_1/roomba_src/zed-ros2-wrapper/zed_components'
[0.785s] INFO:colcon.colcon_core.plugin_system:Skipping extension 'colcon_core.shell.bat': Not used on non-Windows systems
[0.785s] INFO:colcon.colcon_core.shell:Skip shell extension 'powershell' for command environment: Not usable outside of PowerShell
[0.785s] DEBUG:colcon.colcon_core.shell:Skip shell extension 'dsv' for command environment
[0.793s] INFO:colcon.colcon_ros.task.ament_python.build:Building ROS package in '/home/wolfwagen/Undergrad_Minchan_Folder/ROOMBA_PROJECT_1/roomba_src/first_roomba_pkg' with build type 'ament_python'
[0.793s] Level 1:colcon.colcon_core.shell:create_environment_hook('first_roomba_pkg', 'ament_prefix_path')
[0.794s] INFO:colcon.colcon_core.shell:Creating environment hook '/home/wolfwagen/Undergrad_Minchan_Folder/ROOMBA_PROJECT_1/install/first_roomba_pkg/share/first_roomba_pkg/hook/ament_prefix_path.ps1'
[0.795s] INFO:colcon.colcon_core.shell:Creating environment descriptor '/home/wolfwagen/Undergrad_Minchan_Folder/ROOMBA_PROJECT_1/install/first_roomba_pkg/share/first_roomba_pkg/hook/ament_prefix_path.dsv'
[0.796s] INFO:colcon.colcon_core.shell:Creating environment hook '/home/wolfwagen/Undergrad_Minchan_Folder/ROOMBA_PROJECT_1/install/first_roomba_pkg/share/first_roomba_pkg/hook/ament_prefix_path.sh'
[0.797s] INFO:colcon.colcon_core.shell:Skip shell extension 'powershell' for command environment: Not usable outside of PowerShell
[0.797s] DEBUG:colcon.colcon_core.shell:Skip shell extension 'dsv' for command environment
[0.803s] INFO:colcon.colcon_ros.task.ament_cmake.build:Building ROS package in '/home/wolfwagen/Undergrad_Minchan_Folder/ROOMBA_PROJECT_1/roomba_src/unilidar_sdk2/unitree_lidar_ros2/src/unitree_lidar_ros2' with build type 'ament_cmake'
[0.803s] INFO:colcon.colcon_cmake.task.cmake.build:Building CMake package in '/home/wolfwagen/Undergrad_Minchan_Folder/ROOMBA_PROJECT_1/roomba_src/unilidar_sdk2/unitree_lidar_ros2/src/unitree_lidar_ros2'
[0.804s] INFO:colcon.colcon_core.shell:Skip shell extension 'powershell' for command environment: Not usable outside of PowerShell
[0.804s] DEBUG:colcon.colcon_core.shell:Skip shell extension 'dsv' for command environment
[0.811s] INFO:colcon.colcon_cmake.task.cmake.build:Building CMake package in '/home/wolfwagen/Undergrad_Minchan_Folder/ROOMBA_PROJECT_1/roomba_src/unilidar_sdk2/unitree_lidar_sdk'
[0.812s] INFO:colcon.colcon_core.shell:Skip shell extension 'powershell' for command environment: Not usable outside of PowerShell
[0.812s] DEBUG:colcon.colcon_core.shell:Skip shell extension 'dsv' for command environment
[0.827s] DEBUG:colcon.colcon_core.event_handler.log_command:Invoking command in '/home/wolfwagen/Undergrad_Minchan_Folder/ROOMBA_PROJECT_1/build/zed_components': CMAKE_PREFIX_PATH=${CMAKE_PREFIX_PATH}:/home/wolfwagen/Undergrad_Minchan_Folder/ROOMBA_PROJECT_1/install/first_roomba_pkg:/opt/ros/humble /usr/bin/cmake --build /home/wolfwagen/Undergrad_Minchan_Folder/ROOMBA_PROJECT_1/build/zed_components -- -j6 -l6
[1.353s] INFO:colcon.colcon_core.task.python.build:Building Python package in '/home/wolfwagen/Undergrad_Minchan_Folder/ROOMBA_PROJECT_1/roomba_src/first_roomba_pkg'
[1.353s] INFO:colcon.colcon_core.shell:Skip shell extension 'powershell' for command environment: Not usable outside of PowerShell
[1.354s] DEBUG:colcon.colcon_core.shell:Skip shell extension 'dsv' for command environment
[1.375s] DEBUG:colcon.colcon_core.event_handler.log_command:Invoking command in '/home/wolfwagen/Undergrad_Minchan_Folder/ROOMBA_PROJECT_1/build/unitree_lidar_ros2': CMAKE_PREFIX_PATH=${CMAKE_PREFIX_PATH}:/home/wolfwagen/Undergrad_Minchan_Folder/ROOMBA_PROJECT_1/install/first_roomba_pkg:/opt/ros/humble /usr/bin/cmake --build /home/wolfwagen/Undergrad_Minchan_Folder/ROOMBA_PROJECT_1/build/unitree_lidar_ros2 -- -j6 -l6
[1.380s] DEBUG:colcon.colcon_core.event_handler.log_command:Invoked command in '/home/wolfwagen/Undergrad_Minchan_Folder/ROOMBA_PROJECT_1/build/zed_components' returned '0': CMAKE_PREFIX_PATH=${CMAKE_PREFIX_PATH}:/home/wolfwagen/Undergrad_Minchan_Folder/ROOMBA_PROJECT_1/install/first_roomba_pkg:/opt/ros/humble /usr/bin/cmake --build /home/wolfwagen/Undergrad_Minchan_Folder/ROOMBA_PROJECT_1/build/zed_components -- -j6 -l6
[1.400s] DEBUG:colcon.colcon_core.event_handler.log_command:Invoking command in '/home/wolfwagen/Undergrad_Minchan_Folder/ROOMBA_PROJECT_1/build/zed_components': CMAKE_PREFIX_PATH=${CMAKE_PREFIX_PATH}:/home/wolfwagen/Undergrad_Minchan_Folder/ROOMBA_PROJECT_1/install/first_roomba_pkg:/opt/ros/humble /usr/bin/cmake --install /home/wolfwagen/Undergrad_Minchan_Folder/ROOMBA_PROJECT_1/build/zed_components
[1.407s] DEBUG:colcon.colcon_core.event_handler.log_command:Invoking command in '/home/wolfwagen/Undergrad_Minchan_Folder/ROOMBA_PROJECT_1/build/unitree_lidar_sdk': /usr/bin/cmake --build /home/wolfwagen/Undergrad_Minchan_Folder/ROOMBA_PROJECT_1/build/unitree_lidar_sdk -- -j6 -l6
[1.447s] Level 1:colcon.colcon_core.environment:create_environment_scripts_only(zed_components)
[1.453s] Level 1:colcon.colcon_core.environment:checking '/home/wolfwagen/Undergrad_Minchan_Folder/ROOMBA_PROJECT_1/install/zed_components' for CMake module files
[1.454s] Level 1:colcon.colcon_core.environment:checking '/home/wolfwagen/Undergrad_Minchan_Folder/ROOMBA_PROJECT_1/install/zed_components' for CMake config files
[1.454s] DEBUG:colcon.colcon_core.event_handler.log_command:Invoked command in '/home/wolfwagen/Undergrad_Minchan_Folder/ROOMBA_PROJECT_1/build/zed_components' returned '0': CMAKE_PREFIX_PATH=${CMAKE_PREFIX_PATH}:/home/wolfwagen/Undergrad_Minchan_Folder/ROOMBA_PROJECT_1/install/first_roomba_pkg:/opt/ros/humble /usr/bin/cmake --install /home/wolfwagen/Undergrad_Minchan_Folder/ROOMBA_PROJECT_1/build/zed_components
[1.455s] Level 1:colcon.colcon_core.shell:create_environment_hook('zed_components', 'cmake_prefix_path')
[1.456s] INFO:colcon.colcon_core.shell:Creating environment hook '/home/wolfwagen/Undergrad_Minchan_Folder/ROOMBA_PROJECT_1/install/zed_components/share/zed_components/hook/cmake_prefix_path.ps1'
[1.457s] INFO:colcon.colcon_core.shell:Creating environment descriptor '/home/wolfwagen/Undergrad_Minchan_Folder/ROOMBA_PROJECT_1/install/zed_components/share/zed_components/hook/cmake_prefix_path.dsv'
[1.458s] INFO:colcon.colcon_core.shell:Creating environment hook '/home/wolfwagen/Undergrad_Minchan_Folder/ROOMBA_PROJECT_1/install/zed_components/share/zed_components/hook/cmake_prefix_path.sh'
[1.459s] Level 1:colcon.colcon_core.environment:checking '/home/wolfwagen/Undergrad_Minchan_Folder/ROOMBA_PROJECT_1/install/zed_components/lib'
[1.460s] Level 1:colcon.colcon_core.shell:create_environment_hook('zed_components', 'ld_library_path_lib')
[1.461s] INFO:colcon.colcon_core.shell:Creating environment hook '/home/wolfwagen/Undergrad_Minchan_Folder/ROOMBA_PROJECT_1/install/zed_components/share/zed_components/hook/ld_library_path_lib.ps1'
[1.462s] INFO:colcon.colcon_core.shell:Creating environment descriptor '/home/wolfwagen/Undergrad_Minchan_Folder/ROOMBA_PROJECT_1/install/zed_components/share/zed_components/hook/ld_library_path_lib.dsv'
[1.463s] INFO:colcon.colcon_core.shell:Creating environment hook '/home/wolfwagen/Undergrad_Minchan_Folder/ROOMBA_PROJECT_1/install/zed_components/share/zed_components/hook/ld_library_path_lib.sh'
[1.464s] Level 1:colcon.colcon_core.environment:checking '/home/wolfwagen/Undergrad_Minchan_Folder/ROOMBA_PROJECT_1/install/zed_components/bin'
[1.464s] Level 1:colcon.colcon_core.environment:checking '/home/wolfwagen/Undergrad_Minchan_Folder/ROOMBA_PROJECT_1/install/zed_components/lib/pkgconfig/zed_components.pc'
[1.464s] Level 1:colcon.colcon_core.environment:checking '/home/wolfwagen/Undergrad_Minchan_Folder/ROOMBA_PROJECT_1/install/zed_components/lib/python3.10/site-packages'
[1.465s] Level 1:colcon.colcon_core.environment:checking '/home/wolfwagen/Undergrad_Minchan_Folder/ROOMBA_PROJECT_1/install/zed_components/bin'
[1.466s] INFO:colcon.colcon_core.shell:Creating package script '/home/wolfwagen/Undergrad_Minchan_Folder/ROOMBA_PROJECT_1/install/zed_components/share/zed_components/package.ps1'
[1.468s] INFO:colcon.colcon_core.shell:Creating package descriptor '/home/wolfwagen/Undergrad_Minchan_Folder/ROOMBA_PROJECT_1/install/zed_components/share/zed_components/package.dsv'
[1.470s] INFO:colcon.colcon_core.shell:Creating package script '/home/wolfwagen/Undergrad_Minchan_Folder/ROOMBA_PROJECT_1/install/zed_components/share/zed_components/package.sh'
[1.471s] INFO:colcon.colcon_core.shell:Creating package script '/home/wolfwagen/Undergrad_Minchan_Folder/ROOMBA_PROJECT_1/install/zed_components/share/zed_components/package.bash'
[1.475s] INFO:colcon.colcon_core.shell:Creating package script '/home/wolfwagen/Undergrad_Minchan_Folder/ROOMBA_PROJECT_1/install/zed_components/share/zed_components/package.zsh'
[1.476s] Level 1:colcon.colcon_core.environment:create_file_with_runtime_dependencies(/home/wolfwagen/Undergrad_Minchan_Folder/ROOMBA_PROJECT_1/install/zed_components/share/colcon-core/packages/zed_components)
[1.478s] Level 1:colcon.colcon_core.environment:create_environment_scripts_only(zed_components)
[1.478s] Level 1:colcon.colcon_core.environment:checking '/home/wolfwagen/Undergrad_Minchan_Folder/ROOMBA_PROJECT_1/install/zed_components' for CMake module files
[1.479s] Level 1:colcon.colcon_core.environment:checking '/home/wolfwagen/Undergrad_Minchan_Folder/ROOMBA_PROJECT_1/install/zed_components' for CMake config files
[1.480s] Level 1:colcon.colcon_core.shell:create_environment_hook('zed_components', 'cmake_prefix_path')
[1.480s] INFO:colcon.colcon_core.shell:Creating environment hook '/home/wolfwagen/Undergrad_Minchan_Folder/ROOMBA_PROJECT_1/install/zed_components/share/zed_components/hook/cmake_prefix_path.ps1'
[1.481s] INFO:colcon.colcon_core.shell:Creating environment descriptor '/home/wolfwagen/Undergrad_Minchan_Folder/ROOMBA_PROJECT_1/install/zed_components/share/zed_components/hook/cmake_prefix_path.dsv'
[1.482s] INFO:colcon.colcon_core.shell:Creating environment hook '/home/wolfwagen/Undergrad_Minchan_Folder/ROOMBA_PROJECT_1/install/zed_components/share/zed_components/hook/cmake_prefix_path.sh'
[1.494s] Level 1:colcon.colcon_core.environment:checking '/home/wolfwagen/Undergrad_Minchan_Folder/ROOMBA_PROJECT_1/install/zed_components/lib'
[1.495s] Level 1:colcon.colcon_core.shell:create_environment_hook('zed_components', 'ld_library_path_lib')
[1.495s] INFO:colcon.colcon_core.shell:Creating environment hook '/home/wolfwagen/Undergrad_Minchan_Folder/ROOMBA_PROJECT_1/install/zed_components/share/zed_components/hook/ld_library_path_lib.ps1'
[1.496s] INFO:colcon.colcon_core.shell:Creating environment descriptor '/home/wolfwagen/Undergrad_Minchan_Folder/ROOMBA_PROJECT_1/install/zed_components/share/zed_components/hook/ld_library_path_lib.dsv'
[1.497s] INFO:colcon.colcon_core.shell:Creating environment hook '/home/wolfwagen/Undergrad_Minchan_Folder/ROOMBA_PROJECT_1/install/zed_components/share/zed_components/hook/ld_library_path_lib.sh'
[1.498s] Level 1:colcon.colcon_core.environment:checking '/home/wolfwagen/Undergrad_Minchan_Folder/ROOMBA_PROJECT_1/install/zed_components/bin'
[1.498s] Level 1:colcon.colcon_core.environment:checking '/home/wolfwagen/Undergrad_Minchan_Folder/ROOMBA_PROJECT_1/install/zed_components/lib/pkgconfig/zed_components.pc'
[1.498s] Level 1:colcon.colcon_core.environment:checking '/home/wolfwagen/Undergrad_Minchan_Folder/ROOMBA_PROJECT_1/install/zed_components/lib/python3.10/site-packages'
[1.499s] Level 1:colcon.colcon_core.environment:checking '/home/wolfwagen/Undergrad_Minchan_Folder/ROOMBA_PROJECT_1/install/zed_components/bin'
[1.500s] INFO:colcon.colcon_core.shell:Creating package script '/home/wolfwagen/Undergrad_Minchan_Folder/ROOMBA_PROJECT_1/install/zed_components/share/zed_components/package.ps1'
[1.502s] INFO:colcon.colcon_core.shell:Creating package descriptor '/home/wolfwagen/Undergrad_Minchan_Folder/ROOMBA_PROJECT_1/install/zed_components/share/zed_components/package.dsv'
[1.503s] INFO:colcon.colcon_core.shell:Creating package script '/home/wolfwagen/Undergrad_Minchan_Folder/ROOMBA_PROJECT_1/install/zed_components/share/zed_components/package.sh'
[1.504s] INFO:colcon.colcon_core.shell:Creating package script '/home/wolfwagen/Undergrad_Minchan_Folder/ROOMBA_PROJECT_1/install/zed_components/share/zed_components/package.bash'
[1.505s] INFO:colcon.colcon_core.shell:Creating package script '/home/wolfwagen/Undergrad_Minchan_Folder/ROOMBA_PROJECT_1/install/zed_components/share/zed_components/package.zsh'
[1.506s] Level 1:colcon.colcon_core.environment:create_file_with_runtime_dependencies(/home/wolfwagen/Undergrad_Minchan_Folder/ROOMBA_PROJECT_1/install/zed_components/share/colcon-core/packages/zed_components)
[1.509s] INFO:colcon.colcon_ros.task.ament_cmake.build:Building ROS package in '/home/wolfwagen/Undergrad_Minchan_Folder/ROOMBA_PROJECT_1/roomba_src/zed-ros2-wrapper/zed_wrapper' with build type 'ament_cmake'
[1.509s] INFO:colcon.colcon_cmake.task.cmake.build:Building CMake package in '/home/wolfwagen/Undergrad_Minchan_Folder/ROOMBA_PROJECT_1/roomba_src/zed-ros2-wrapper/zed_wrapper'
[1.510s] INFO:colcon.colcon_core.shell:Skip shell extension 'powershell' for command environment: Not usable outside of PowerShell
[1.510s] DEBUG:colcon.colcon_core.shell:Skip shell extension 'dsv' for command environment
[1.546s] DEBUG:colcon.colcon_core.event_handler.log_command:Invoking command in '/home/wolfwagen/Undergrad_Minchan_Folder/ROOMBA_PROJECT_1/build/zed_wrapper': CMAKE_PREFIX_PATH=/home/wolfwagen/Undergrad_Minchan_Folder/ROOMBA_PROJECT_1/install/zed_components:/home/wolfwagen/Undergrad_Minchan_Folder/ROOMBA_PROJECT_1/install/zed_ros2:/home/wolfwagen/Undergrad_Minchan_Folder/ROOMBA_PROJECT_1/install/zed_wrapper:/home/wolfwagen/Undergrad_Minchan_Folder/ROOMBA_PROJECT_1/install/unitree_lidar_ros2:/home/wolfwagen/Undergrad_Minchan_Folder/ROOMBA_PROJECT_1/install/first_roomba_pkg:/opt/ros/humble LD_LIBRARY_PATH=/home/wolfwagen/Undergrad_Minchan_Folder/ROOMBA_PROJECT_1/install/zed_components/lib:/opt/ros/humble/opt/rviz_ogre_vendor/lib:/opt/ros/humble/lib/aarch64-linux-gnu:/opt/ros/humble/lib:/usr/local/cuda-12.6/lib64 /usr/bin/cmake --build /home/wolfwagen/Undergrad_Minchan_Folder/ROOMBA_PROJECT_1/build/zed_wrapper -- -j6 -l6
[1.556s] DEBUG:colcon.colcon_core.event_handler.log_command:Invoked command in '/home/wolfwagen/Undergrad_Minchan_Folder/ROOMBA_PROJECT_1/build/unitree_lidar_ros2' returned '0': CMAKE_PREFIX_PATH=${CMAKE_PREFIX_PATH}:/home/wolfwagen/Undergrad_Minchan_Folder/ROOMBA_PROJECT_1/install/first_roomba_pkg:/opt/ros/humble /usr/bin/cmake --build /home/wolfwagen/Undergrad_Minchan_Folder/ROOMBA_PROJECT_1/build/unitree_lidar_ros2 -- -j6 -l6
[1.557s] DEBUG:colcon.colcon_core.event_handler.log_command:Invoking command in '/home/wolfwagen/Undergrad_Minchan_Folder/ROOMBA_PROJECT_1/build/unitree_lidar_ros2': CMAKE_PREFIX_PATH=${CMAKE_PREFIX_PATH}:/home/wolfwagen/Undergrad_Minchan_Folder/ROOMBA_PROJECT_1/install/first_roomba_pkg:/opt/ros/humble /usr/bin/cmake --install /home/wolfwagen/Undergrad_Minchan_Folder/ROOMBA_PROJECT_1/build/unitree_lidar_ros2
[1.576s] WARNING:colcon.colcon_cmake.task.cmake.build:Could not run installation step for package 'unitree_lidar_sdk' because it has no 'install' target
[1.577s] Level 1:colcon.colcon_core.environment:create_environment_scripts_only(unitree_lidar_sdk)
[1.578s] Level 1:colcon.colcon_core.environment:checking '/home/wolfwagen/Undergrad_Minchan_Folder/ROOMBA_PROJECT_1/install/unitree_lidar_sdk' for CMake module files
[1.579s] Level 1:colcon.colcon_core.environment:checking '/home/wolfwagen/Undergrad_Minchan_Folder/ROOMBA_PROJECT_1/install/unitree_lidar_sdk' for CMake config files
[1.580s] DEBUG:colcon.colcon_core.event_handler.log_command:Invoked command in '/home/wolfwagen/Undergrad_Minchan_Folder/ROOMBA_PROJECT_1/build/unitree_lidar_sdk' returned '0': /usr/bin/cmake --build /home/wolfwagen/Undergrad_Minchan_Folder/ROOMBA_PROJECT_1/build/unitree_lidar_sdk -- -j6 -l6
[1.581s] Level 1:colcon.colcon_core.environment:checking '/home/wolfwagen/Undergrad_Minchan_Folder/ROOMBA_PROJECT_1/install/unitree_lidar_sdk/bin'
[1.581s] Level 1:colcon.colcon_core.environment:checking '/home/wolfwagen/Undergrad_Minchan_Folder/ROOMBA_PROJECT_1/install/unitree_lidar_sdk/lib/pkgconfig/unitree_lidar_sdk.pc'
[1.581s] Level 1:colcon.colcon_core.environment:checking '/home/wolfwagen/Undergrad_Minchan_Folder/ROOMBA_PROJECT_1/install/unitree_lidar_sdk/lib/python3.10/site-packages'
[1.582s] Level 1:colcon.colcon_core.environment:checking '/home/wolfwagen/Undergrad_Minchan_Folder/ROOMBA_PROJECT_1/install/unitree_lidar_sdk/bin'
[1.583s] INFO:colcon.colcon_core.shell:Creating package script '/home/wolfwagen/Undergrad_Minchan_Folder/ROOMBA_PROJECT_1/install/unitree_lidar_sdk/share/unitree_lidar_sdk/package.ps1'
[1.584s] INFO:colcon.colcon_core.shell:Creating package descriptor '/home/wolfwagen/Undergrad_Minchan_Folder/ROOMBA_PROJECT_1/install/unitree_lidar_sdk/share/unitree_lidar_sdk/package.dsv'
[1.585s] INFO:colcon.colcon_core.shell:Creating package script '/home/wolfwagen/Undergrad_Minchan_Folder/ROOMBA_PROJECT_1/install/unitree_lidar_sdk/share/unitree_lidar_sdk/package.sh'
[1.587s] INFO:colcon.colcon_core.shell:Creating package script '/home/wolfwagen/Undergrad_Minchan_Folder/ROOMBA_PROJECT_1/install/unitree_lidar_sdk/share/unitree_lidar_sdk/package.bash'
[1.588s] INFO:colcon.colcon_core.shell:Creating package script '/home/wolfwagen/Undergrad_Minchan_Folder/ROOMBA_PROJECT_1/install/unitree_lidar_sdk/share/unitree_lidar_sdk/package.zsh'
[1.589s] Level 1:colcon.colcon_core.environment:create_file_with_runtime_dependencies(/home/wolfwagen/Undergrad_Minchan_Folder/ROOMBA_PROJECT_1/install/unitree_lidar_sdk/share/colcon-core/packages/unitree_lidar_sdk)
[1.600s] Level 1:colcon.colcon_core.environment:create_environment_scripts_only(unitree_lidar_ros2)
[1.601s] Level 1:colcon.colcon_core.environment:checking '/home/wolfwagen/Undergrad_Minchan_Folder/ROOMBA_PROJECT_1/install/unitree_lidar_ros2' for CMake module files
[1.602s] DEBUG:colcon.colcon_core.event_handler.log_command:Invoked command in '/home/wolfwagen/Undergrad_Minchan_Folder/ROOMBA_PROJECT_1/build/unitree_lidar_ros2' returned '0': CMAKE_PREFIX_PATH=${CMAKE_PREFIX_PATH}:/home/wolfwagen/Undergrad_Minchan_Folder/ROOMBA_PROJECT_1/install/first_roomba_pkg:/opt/ros/humble /usr/bin/cmake --install /home/wolfwagen/Undergrad_Minchan_Folder/ROOMBA_PROJECT_1/build/unitree_lidar_ros2
[1.603s] Level 1:colcon.colcon_core.environment:checking '/home/wolfwagen/Undergrad_Minchan_Folder/ROOMBA_PROJECT_1/install/unitree_lidar_ros2' for CMake config files
[1.604s] Level 1:colcon.colcon_core.shell:create_environment_hook('unitree_lidar_ros2', 'cmake_prefix_path')
[1.605s] INFO:colcon.colcon_core.shell:Creating environment hook '/home/wolfwagen/Undergrad_Minchan_Folder/ROOMBA_PROJECT_1/install/unitree_lidar_ros2/share/unitree_lidar_ros2/hook/cmake_prefix_path.ps1'
[1.606s] INFO:colcon.colcon_core.shell:Creating environment descriptor '/home/wolfwagen/Undergrad_Minchan_Folder/ROOMBA_PROJECT_1/install/unitree_lidar_ros2/share/unitree_lidar_ros2/hook/cmake_prefix_path.dsv'
[1.607s] INFO:colcon.colcon_core.shell:Creating environment hook '/home/wolfwagen/Undergrad_Minchan_Folder/ROOMBA_PROJECT_1/install/unitree_lidar_ros2/share/unitree_lidar_ros2/hook/cmake_prefix_path.sh'
[1.608s] Level 1:colcon.colcon_core.environment:checking '/home/wolfwagen/Undergrad_Minchan_Folder/ROOMBA_PROJECT_1/install/unitree_lidar_ros2/lib'
[1.608s] Level 1:colcon.colcon_core.environment:checking '/home/wolfwagen/Undergrad_Minchan_Folder/ROOMBA_PROJECT_1/install/unitree_lidar_ros2/bin'
[1.609s] Level 1:colcon.colcon_core.environment:checking '/home/wolfwagen/Undergrad_Minchan_Folder/ROOMBA_PROJECT_1/install/unitree_lidar_ros2/lib/pkgconfig/unitree_lidar_ros2.pc'
[1.609s] Level 1:colcon.colcon_core.environment:checking '/home/wolfwagen/Undergrad_Minchan_Folder/ROOMBA_PROJECT_1/install/unitree_lidar_ros2/lib/python3.10/site-packages'
[1.610s] Level 1:colcon.colcon_core.environment:checking '/home/wolfwagen/Undergrad_Minchan_Folder/ROOMBA_PROJECT_1/install/unitree_lidar_ros2/bin'
[1.611s] INFO:colcon.colcon_core.shell:Creating package script '/home/wolfwagen/Undergrad_Minchan_Folder/ROOMBA_PROJECT_1/install/unitree_lidar_ros2/share/unitree_lidar_ros2/package.ps1'
[1.612s] INFO:colcon.colcon_core.shell:Creating package descriptor '/home/wolfwagen/Undergrad_Minchan_Folder/ROOMBA_PROJECT_1/install/unitree_lidar_ros2/share/unitree_lidar_ros2/package.dsv'
[1.613s] INFO:colcon.colcon_core.shell:Creating package script '/home/wolfwagen/Undergrad_Minchan_Folder/ROOMBA_PROJECT_1/install/unitree_lidar_ros2/share/unitree_lidar_ros2/package.sh'
[1.614s] INFO:colcon.colcon_core.shell:Creating package script '/home/wolfwagen/Undergrad_Minchan_Folder/ROOMBA_PROJECT_1/install/unitree_lidar_ros2/share/unitree_lidar_ros2/package.bash'
[1.615s] INFO:colcon.colcon_core.shell:Creating package script '/home/wolfwagen/Undergrad_Minchan_Folder/ROOMBA_PROJECT_1/install/unitree_lidar_ros2/share/unitree_lidar_ros2/package.zsh'
[1.616s] Level 1:colcon.colcon_core.environment:create_file_with_runtime_dependencies(/home/wolfwagen/Undergrad_Minchan_Folder/ROOMBA_PROJECT_1/install/unitree_lidar_ros2/share/colcon-core/packages/unitree_lidar_ros2)
[1.617s] Level 1:colcon.colcon_core.environment:create_environment_scripts_only(unitree_lidar_ros2)
[1.618s] Level 1:colcon.colcon_core.environment:checking '/home/wolfwagen/Undergrad_Minchan_Folder/ROOMBA_PROJECT_1/install/unitree_lidar_ros2' for CMake module files
[1.619s] Level 1:colcon.colcon_core.environment:checking '/home/wolfwagen/Undergrad_Minchan_Folder/ROOMBA_PROJECT_1/install/unitree_lidar_ros2' for CMake config files
[1.620s] Level 1:colcon.colcon_core.shell:create_environment_hook('unitree_lidar_ros2', 'cmake_prefix_path')
[1.620s] INFO:colcon.colcon_core.shell:Creating environment hook '/home/wolfwagen/Undergrad_Minchan_Folder/ROOMBA_PROJECT_1/install/unitree_lidar_ros2/share/unitree_lidar_ros2/hook/cmake_prefix_path.ps1'
[1.621s] INFO:colcon.colcon_core.shell:Creating environment descriptor '/home/wolfwagen/Undergrad_Minchan_Folder/ROOMBA_PROJECT_1/install/unitree_lidar_ros2/share/unitree_lidar_ros2/hook/cmake_prefix_path.dsv'
[1.622s] INFO:colcon.colcon_core.shell:Creating environment hook '/home/wolfwagen/Undergrad_Minchan_Folder/ROOMBA_PROJECT_1/install/unitree_lidar_ros2/share/unitree_lidar_ros2/hook/cmake_prefix_path.sh'
[1.623s] Level 1:colcon.colcon_core.environment:checking '/home/wolfwagen/Undergrad_Minchan_Folder/ROOMBA_PROJECT_1/install/unitree_lidar_ros2/lib'
[1.623s] Level 1:colcon.colcon_core.environment:checking '/home/wolfwagen/Undergrad_Minchan_Folder/ROOMBA_PROJECT_1/install/unitree_lidar_ros2/bin'
[1.624s] Level 1:colcon.colcon_core.environment:checking '/home/wolfwagen/Undergrad_Minchan_Folder/ROOMBA_PROJECT_1/install/unitree_lidar_ros2/lib/pkgconfig/unitree_lidar_ros2.pc'
[1.624s] Level 1:colcon.colcon_core.environment:checking '/home/wolfwagen/Undergrad_Minchan_Folder/ROOMBA_PROJECT_1/install/unitree_lidar_ros2/lib/python3.10/site-packages'
[1.625s] Level 1:colcon.colcon_core.environment:checking '/home/wolfwagen/Undergrad_Minchan_Folder/ROOMBA_PROJECT_1/install/unitree_lidar_ros2/bin'
[1.625s] INFO:colcon.colcon_core.shell:Creating package script '/home/wolfwagen/Undergrad_Minchan_Folder/ROOMBA_PROJECT_1/install/unitree_lidar_ros2/share/unitree_lidar_ros2/package.ps1'
[1.627s] INFO:colcon.colcon_core.shell:Creating package descriptor '/home/wolfwagen/Undergrad_Minchan_Folder/ROOMBA_PROJECT_1/install/unitree_lidar_ros2/share/unitree_lidar_ros2/package.dsv'
[1.628s] INFO:colcon.colcon_core.shell:Creating package script '/home/wolfwagen/Undergrad_Minchan_Folder/ROOMBA_PROJECT_1/install/unitree_lidar_ros2/share/unitree_lidar_ros2/package.sh'
[1.629s] INFO:colcon.colcon_core.shell:Creating package script '/home/wolfwagen/Undergrad_Minchan_Folder/ROOMBA_PROJECT_1/install/unitree_lidar_ros2/share/unitree_lidar_ros2/package.bash'
[1.630s] INFO:colcon.colcon_core.shell:Creating package script '/home/wolfwagen/Undergrad_Minchan_Folder/ROOMBA_PROJECT_1/install/unitree_lidar_ros2/share/unitree_lidar_ros2/package.zsh'
[1.631s] Level 1:colcon.colcon_core.environment:create_file_with_runtime_dependencies(/home/wolfwagen/Undergrad_Minchan_Folder/ROOMBA_PROJECT_1/install/unitree_lidar_ros2/share/colcon-core/packages/unitree_lidar_ros2)
[1.637s] DEBUG:colcon.colcon_core.event_handler.log_command:Invoked command in '/home/wolfwagen/Undergrad_Minchan_Folder/ROOMBA_PROJECT_1/build/zed_wrapper' returned '0': CMAKE_PREFIX_PATH=/home/wolfwagen/Undergrad_Minchan_Folder/ROOMBA_PROJECT_1/install/zed_components:/home/wolfwagen/Undergrad_Minchan_Folder/ROOMBA_PROJECT_1/install/zed_ros2:/home/wolfwagen/Undergrad_Minchan_Folder/ROOMBA_PROJECT_1/install/zed_wrapper:/home/wolfwagen/Undergrad_Minchan_Folder/ROOMBA_PROJECT_1/install/unitree_lidar_ros2:/home/wolfwagen/Undergrad_Minchan_Folder/ROOMBA_PROJECT_1/install/first_roomba_pkg:/opt/ros/humble LD_LIBRARY_PATH=/home/wolfwagen/Undergrad_Minchan_Folder/ROOMBA_PROJECT_1/install/zed_components/lib:/opt/ros/humble/opt/rviz_ogre_vendor/lib:/opt/ros/humble/lib/aarch64-linux-gnu:/opt/ros/humble/lib:/usr/local/cuda-12.6/lib64 /usr/bin/cmake --build /home/wolfwagen/Undergrad_Minchan_Folder/ROOMBA_PROJECT_1/build/zed_wrapper -- -j6 -l6
[1.640s] DEBUG:colcon.colcon_core.event_handler.log_command:Invoking command in '/home/wolfwagen/Undergrad_Minchan_Folder/ROOMBA_PROJECT_1/build/zed_wrapper': CMAKE_PREFIX_PATH=/home/wolfwagen/Undergrad_Minchan_Folder/ROOMBA_PROJECT_1/install/zed_components:/home/wolfwagen/Undergrad_Minchan_Folder/ROOMBA_PROJECT_1/install/zed_ros2:/home/wolfwagen/Undergrad_Minchan_Folder/ROOMBA_PROJECT_1/install/zed_wrapper:/home/wolfwagen/Undergrad_Minchan_Folder/ROOMBA_PROJECT_1/install/unitree_lidar_ros2:/home/wolfwagen/Undergrad_Minchan_Folder/ROOMBA_PROJECT_1/install/first_roomba_pkg:/opt/ros/humble LD_LIBRARY_PATH=/home/wolfwagen/Undergrad_Minchan_Folder/ROOMBA_PROJECT_1/install/zed_components/lib:/opt/ros/humble/opt/rviz_ogre_vendor/lib:/opt/ros/humble/lib/aarch64-linux-gnu:/opt/ros/humble/lib:/usr/local/cuda-12.6/lib64 /usr/bin/cmake --install /home/wolfwagen/Undergrad_Minchan_Folder/ROOMBA_PROJECT_1/build/zed_wrapper
[1.682s] Level 1:colcon.colcon_core.environment:create_environment_scripts_only(zed_wrapper)
[1.683s] Level 1:colcon.colcon_core.environment:checking '/home/wolfwagen/Undergrad_Minchan_Folder/ROOMBA_PROJECT_1/install/zed_wrapper' for CMake module files
[1.685s] DEBUG:colcon.colcon_core.event_handler.log_command:Invoked command in '/home/wolfwagen/Undergrad_Minchan_Folder/ROOMBA_PROJECT_1/build/zed_wrapper' returned '0': CMAKE_PREFIX_PATH=/home/wolfwagen/Undergrad_Minchan_Folder/ROOMBA_PROJECT_1/install/zed_components:/home/wolfwagen/Undergrad_Minchan_Folder/ROOMBA_PROJECT_1/install/zed_ros2:/home/wolfwagen/Undergrad_Minchan_Folder/ROOMBA_PROJECT_1/install/zed_wrapper:/home/wolfwagen/Undergrad_Minchan_Folder/ROOMBA_PROJECT_1/install/unitree_lidar_ros2:/home/wolfwagen/Undergrad_Minchan_Folder/ROOMBA_PROJECT_1/install/first_roomba_pkg:/opt/ros/humble LD_LIBRARY_PATH=/home/wolfwagen/Undergrad_Minchan_Folder/ROOMBA_PROJECT_1/install/zed_components/lib:/opt/ros/humble/opt/rviz_ogre_vendor/lib:/opt/ros/humble/lib/aarch64-linux-gnu:/opt/ros/humble/lib:/usr/local/cuda-12.6/lib64 /usr/bin/cmake --install /home/wolfwagen/Undergrad_Minchan_Folder/ROOMBA_PROJECT_1/build/zed_wrapper
[1.686s] Level 1:colcon.colcon_core.environment:checking '/home/wolfwagen/Undergrad_Minchan_Folder/ROOMBA_PROJECT_1/install/zed_wrapper' for CMake config files
[1.688s] Level 1:colcon.colcon_core.shell:create_environment_hook('zed_wrapper', 'cmake_prefix_path')
[1.689s] INFO:colcon.colcon_core.shell:Creating environment hook '/home/wolfwagen/Undergrad_Minchan_Folder/ROOMBA_PROJECT_1/install/zed_wrapper/share/zed_wrapper/hook/cmake_prefix_path.ps1'
[1.691s] INFO:colcon.colcon_core.shell:Creating environment descriptor '/home/wolfwagen/Undergrad_Minchan_Folder/ROOMBA_PROJECT_1/install/zed_wrapper/share/zed_wrapper/hook/cmake_prefix_path.dsv'
[1.692s] INFO:colcon.colcon_core.shell:Creating environment hook '/home/wolfwagen/Undergrad_Minchan_Folder/ROOMBA_PROJECT_1/install/zed_wrapper/share/zed_wrapper/hook/cmake_prefix_path.sh'
[1.694s] Level 1:colcon.colcon_core.environment:checking '/home/wolfwagen/Undergrad_Minchan_Folder/ROOMBA_PROJECT_1/install/zed_wrapper/bin'
[1.695s] Level 1:colcon.colcon_core.environment:checking '/home/wolfwagen/Undergrad_Minchan_Folder/ROOMBA_PROJECT_1/install/zed_wrapper/lib/pkgconfig/zed_wrapper.pc'
[1.696s] Level 1:colcon.colcon_core.environment:checking '/home/wolfwagen/Undergrad_Minchan_Folder/ROOMBA_PROJECT_1/install/zed_wrapper/lib/python3.10/site-packages'
[1.697s] Level 1:colcon.colcon_core.environment:checking '/home/wolfwagen/Undergrad_Minchan_Folder/ROOMBA_PROJECT_1/install/zed_wrapper/bin'
[1.698s] INFO:colcon.colcon_core.shell:Creating package script '/home/wolfwagen/Undergrad_Minchan_Folder/ROOMBA_PROJECT_1/install/zed_wrapper/share/zed_wrapper/package.ps1'
[1.700s] INFO:colcon.colcon_core.shell:Creating package descriptor '/home/wolfwagen/Undergrad_Minchan_Folder/ROOMBA_PROJECT_1/install/zed_wrapper/share/zed_wrapper/package.dsv'
[1.702s] INFO:colcon.colcon_core.shell:Creating package script '/home/wolfwagen/Undergrad_Minchan_Folder/ROOMBA_PROJECT_1/install/zed_wrapper/share/zed_wrapper/package.sh'
[1.703s] INFO:colcon.colcon_core.shell:Creating package script '/home/wolfwagen/Undergrad_Minchan_Folder/ROOMBA_PROJECT_1/install/zed_wrapper/share/zed_wrapper/package.bash'
[1.705s] INFO:colcon.colcon_core.shell:Creating package script '/home/wolfwagen/Undergrad_Minchan_Folder/ROOMBA_PROJECT_1/install/zed_wrapper/share/zed_wrapper/package.zsh'
[1.706s] Level 1:colcon.colcon_core.environment:create_file_with_runtime_dependencies(/home/wolfwagen/Undergrad_Minchan_Folder/ROOMBA_PROJECT_1/install/zed_wrapper/share/colcon-core/packages/zed_wrapper)
[1.708s] Level 1:colcon.colcon_core.environment:create_environment_scripts_only(zed_wrapper)
[1.709s] Level 1:colcon.colcon_core.environment:checking '/home/wolfwagen/Undergrad_Minchan_Folder/ROOMBA_PROJECT_1/install/zed_wrapper' for CMake module files
[1.711s] Level 1:colcon.colcon_core.environment:checking '/home/wolfwagen/Undergrad_Minchan_Folder/ROOMBA_PROJECT_1/install/zed_wrapper' for CMake config files
[1.712s] Level 1:colcon.colcon_core.shell:create_environment_hook('zed_wrapper', 'cmake_prefix_path')
[1.713s] INFO:colcon.colcon_core.shell:Creating environment hook '/home/wolfwagen/Undergrad_Minchan_Folder/ROOMBA_PROJECT_1/install/zed_wrapper/share/zed_wrapper/hook/cmake_prefix_path.ps1'
[1.714s] INFO:colcon.colcon_core.shell:Creating environment descriptor '/home/wolfwagen/Undergrad_Minchan_Folder/ROOMBA_PROJECT_1/install/zed_wrapper/share/zed_wrapper/hook/cmake_prefix_path.dsv'
[1.715s] INFO:colcon.colcon_core.shell:Creating environment hook '/home/wolfwagen/Undergrad_Minchan_Folder/ROOMBA_PROJECT_1/install/zed_wrapper/share/zed_wrapper/hook/cmake_prefix_path.sh'
[1.717s] Level 1:colcon.colcon_core.environment:checking '/home/wolfwagen/Undergrad_Minchan_Folder/ROOMBA_PROJECT_1/install/zed_wrapper/bin'
[1.717s] Level 1:colcon.colcon_core.environment:checking '/home/wolfwagen/Undergrad_Minchan_Folder/ROOMBA_PROJECT_1/install/zed_wrapper/lib/pkgconfig/zed_wrapper.pc'
[1.718s] Level 1:colcon.colcon_core.environment:checking '/home/wolfwagen/Undergrad_Minchan_Folder/ROOMBA_PROJECT_1/install/zed_wrapper/lib/python3.10/site-packages'
[1.719s] Level 1:colcon.colcon_core.environment:checking '/home/wolfwagen/Undergrad_Minchan_Folder/ROOMBA_PROJECT_1/install/zed_wrapper/bin'
[1.720s] INFO:colcon.colcon_core.shell:Creating package script '/home/wolfwagen/Undergrad_Minchan_Folder/ROOMBA_PROJECT_1/install/zed_wrapper/share/zed_wrapper/package.ps1'
[1.722s] INFO:colcon.colcon_core.shell:Creating package descriptor '/home/wolfwagen/Undergrad_Minchan_Folder/ROOMBA_PROJECT_1/install/zed_wrapper/share/zed_wrapper/package.dsv'
[1.723s] INFO:colcon.colcon_core.shell:Creating package script '/home/wolfwagen/Undergrad_Minchan_Folder/ROOMBA_PROJECT_1/install/zed_wrapper/share/zed_wrapper/package.sh'
[1.725s] INFO:colcon.colcon_core.shell:Creating package script '/home/wolfwagen/Undergrad_Minchan_Folder/ROOMBA_PROJECT_1/install/zed_wrapper/share/zed_wrapper/package.bash'
[1.726s] INFO:colcon.colcon_core.shell:Creating package script '/home/wolfwagen/Undergrad_Minchan_Folder/ROOMBA_PROJECT_1/install/zed_wrapper/share/zed_wrapper/package.zsh'
[1.727s] Level 1:colcon.colcon_core.environment:create_file_with_runtime_dependencies(/home/wolfwagen/Undergrad_Minchan_Folder/ROOMBA_PROJECT_1/install/zed_wrapper/share/colcon-core/packages/zed_wrapper)
[1.728s] INFO:colcon.colcon_ros.task.ament_cmake.build:Building ROS package in '/home/wolfwagen/Undergrad_Minchan_Folder/ROOMBA_PROJECT_1/roomba_src/zed-ros2-wrapper/zed_ros2' with build type 'ament_cmake'
[1.729s] INFO:colcon.colcon_cmake.task.cmake.build:Building CMake package in '/home/wolfwagen/Undergrad_Minchan_Folder/ROOMBA_PROJECT_1/roomba_src/zed-ros2-wrapper/zed_ros2'
[1.729s] INFO:colcon.colcon_core.shell:Skip shell extension 'powershell' for command environment: Not usable outside of PowerShell
[1.729s] DEBUG:colcon.colcon_core.shell:Skip shell extension 'dsv' for command environment
[1.756s] DEBUG:colcon.colcon_core.event_handler.log_command:Invoking command in '/home/wolfwagen/Undergrad_Minchan_Folder/ROOMBA_PROJECT_1/build/zed_ros2': CMAKE_PREFIX_PATH=/home/wolfwagen/Undergrad_Minchan_Folder/ROOMBA_PROJECT_1/install/zed_wrapper:/home/wolfwagen/Undergrad_Minchan_Folder/ROOMBA_PROJECT_1/install/zed_components:/home/wolfwagen/Undergrad_Minchan_Folder/ROOMBA_PROJECT_1/install/zed_ros2:/home/wolfwagen/Undergrad_Minchan_Folder/ROOMBA_PROJECT_1/install/unitree_lidar_ros2:/home/wolfwagen/Undergrad_Minchan_Folder/ROOMBA_PROJECT_1/install/first_roomba_pkg:/opt/ros/humble LD_LIBRARY_PATH=/home/wolfwagen/Undergrad_Minchan_Folder/ROOMBA_PROJECT_1/install/zed_components/lib:/opt/ros/humble/opt/rviz_ogre_vendor/lib:/opt/ros/humble/lib/aarch64-linux-gnu:/opt/ros/humble/lib:/usr/local/cuda-12.6/lib64 /usr/bin/cmake --build /home/wolfwagen/Undergrad_Minchan_Folder/ROOMBA_PROJECT_1/build/zed_ros2 -- -j6 -l6
[1.823s] DEBUG:colcon.colcon_core.event_handler.log_command:Invoked command in '/home/wolfwagen/Undergrad_Minchan_Folder/ROOMBA_PROJECT_1/build/zed_ros2' returned '0': CMAKE_PREFIX_PATH=/home/wolfwagen/Undergrad_Minchan_Folder/ROOMBA_PROJECT_1/install/zed_wrapper:/home/wolfwagen/Undergrad_Minchan_Folder/ROOMBA_PROJECT_1/install/zed_components:/home/wolfwagen/Undergrad_Minchan_Folder/ROOMBA_PROJECT_1/install/zed_ros2:/home/wolfwagen/Undergrad_Minchan_Folder/ROOMBA_PROJECT_1/install/unitree_lidar_ros2:/home/wolfwagen/Undergrad_Minchan_Folder/ROOMBA_PROJECT_1/install/first_roomba_pkg:/opt/ros/humble LD_LIBRARY_PATH=/home/wolfwagen/Undergrad_Minchan_Folder/ROOMBA_PROJECT_1/install/zed_components/lib:/opt/ros/humble/opt/rviz_ogre_vendor/lib:/opt/ros/humble/lib/aarch64-linux-gnu:/opt/ros/humble/lib:/usr/local/cuda-12.6/lib64 /usr/bin/cmake --build /home/wolfwagen/Undergrad_Minchan_Folder/ROOMBA_PROJECT_1/build/zed_ros2 -- -j6 -l6
[1.827s] DEBUG:colcon.colcon_core.event_handler.log_command:Invoking command in '/home/wolfwagen/Undergrad_Minchan_Folder/ROOMBA_PROJECT_1/build/zed_ros2': CMAKE_PREFIX_PATH=/home/wolfwagen/Undergrad_Minchan_Folder/ROOMBA_PROJECT_1/install/zed_wrapper:/home/wolfwagen/Undergrad_Minchan_Folder/ROOMBA_PROJECT_1/install/zed_components:/home/wolfwagen/Undergrad_Minchan_Folder/ROOMBA_PROJECT_1/install/zed_ros2:/home/wolfwagen/Undergrad_Minchan_Folder/ROOMBA_PROJECT_1/install/unitree_lidar_ros2:/home/wolfwagen/Undergrad_Minchan_Folder/ROOMBA_PROJECT_1/install/first_roomba_pkg:/opt/ros/humble LD_LIBRARY_PATH=/home/wolfwagen/Undergrad_Minchan_Folder/ROOMBA_PROJECT_1/install/zed_components/lib:/opt/ros/humble/opt/rviz_ogre_vendor/lib:/opt/ros/humble/lib/aarch64-linux-gnu:/opt/ros/humble/lib:/usr/local/cuda-12.6/lib64 /usr/bin/cmake --install /home/wolfwagen/Undergrad_Minchan_Folder/ROOMBA_PROJECT_1/build/zed_ros2
[1.865s] Level 1:colcon.colcon_core.environment:create_environment_scripts_only(zed_ros2)
[1.866s] Level 1:colcon.colcon_core.environment:checking '/home/wolfwagen/Undergrad_Minchan_Folder/ROOMBA_PROJECT_1/install/zed_ros2' for CMake module files
[1.868s] DEBUG:colcon.colcon_core.event_handler.log_command:Invoked command in '/home/wolfwagen/Undergrad_Minchan_Folder/ROOMBA_PROJECT_1/build/zed_ros2' returned '0': CMAKE_PREFIX_PATH=/home/wolfwagen/Undergrad_Minchan_Folder/ROOMBA_PROJECT_1/install/zed_wrapper:/home/wolfwagen/Undergrad_Minchan_Folder/ROOMBA_PROJECT_1/install/zed_components:/home/wolfwagen/Undergrad_Minchan_Folder/ROOMBA_PROJECT_1/install/zed_ros2:/home/wolfwagen/Undergrad_Minchan_Folder/ROOMBA_PROJECT_1/install/unitree_lidar_ros2:/home/wolfwagen/Undergrad_Minchan_Folder/ROOMBA_PROJECT_1/install/first_roomba_pkg:/opt/ros/humble LD_LIBRARY_PATH=/home/wolfwagen/Undergrad_Minchan_Folder/ROOMBA_PROJECT_1/install/zed_components/lib:/opt/ros/humble/opt/rviz_ogre_vendor/lib:/opt/ros/humble/lib/aarch64-linux-gnu:/opt/ros/humble/lib:/usr/local/cuda-12.6/lib64 /usr/bin/cmake --install /home/wolfwagen/Undergrad_Minchan_Folder/ROOMBA_PROJECT_1/build/zed_ros2
[1.869s] Level 1:colcon.colcon_core.environment:checking '/home/wolfwagen/Undergrad_Minchan_Folder/ROOMBA_PROJECT_1/install/zed_ros2' for CMake config files
[1.870s] Level 1:colcon.colcon_core.shell:create_environment_hook('zed_ros2', 'cmake_prefix_path')
[1.870s] INFO:colcon.colcon_core.shell:Creating environment hook '/home/wolfwagen/Undergrad_Minchan_Folder/ROOMBA_PROJECT_1/install/zed_ros2/share/zed_ros2/hook/cmake_prefix_path.ps1'
[1.871s] INFO:colcon.colcon_core.shell:Creating environment descriptor '/home/wolfwagen/Undergrad_Minchan_Folder/ROOMBA_PROJECT_1/install/zed_ros2/share/zed_ros2/hook/cmake_prefix_path.dsv'
[1.873s] INFO:colcon.colcon_core.shell:Creating environment hook '/home/wolfwagen/Undergrad_Minchan_Folder/ROOMBA_PROJECT_1/install/zed_ros2/share/zed_ros2/hook/cmake_prefix_path.sh'
[1.874s] Level 1:colcon.colcon_core.environment:checking '/home/wolfwagen/Undergrad_Minchan_Folder/ROOMBA_PROJECT_1/install/zed_ros2/bin'
[1.875s] Level 1:colcon.colcon_core.environment:checking '/home/wolfwagen/Undergrad_Minchan_Folder/ROOMBA_PROJECT_1/install/zed_ros2/lib/pkgconfig/zed_ros2.pc'
[1.875s] Level 1:colcon.colcon_core.environment:checking '/home/wolfwagen/Undergrad_Minchan_Folder/ROOMBA_PROJECT_1/install/zed_ros2/lib/python3.10/site-packages'
[1.877s] Level 1:colcon.colcon_core.environment:checking '/home/wolfwagen/Undergrad_Minchan_Folder/ROOMBA_PROJECT_1/install/zed_ros2/bin'
[1.878s] INFO:colcon.colcon_core.shell:Creating package script '/home/wolfwagen/Undergrad_Minchan_Folder/ROOMBA_PROJECT_1/install/zed_ros2/share/zed_ros2/package.ps1'
[1.880s] INFO:colcon.colcon_core.shell:Creating package descriptor '/home/wolfwagen/Undergrad_Minchan_Folder/ROOMBA_PROJECT_1/install/zed_ros2/share/zed_ros2/package.dsv'
[1.881s] INFO:colcon.colcon_core.shell:Creating package script '/home/wolfwagen/Undergrad_Minchan_Folder/ROOMBA_PROJECT_1/install/zed_ros2/share/zed_ros2/package.sh'
[1.881s] INFO:colcon.colcon_core.shell:Creating package script '/home/wolfwagen/Undergrad_Minchan_Folder/ROOMBA_PROJECT_1/install/zed_ros2/share/zed_ros2/package.bash'
[1.882s] INFO:colcon.colcon_core.shell:Creating package script '/home/wolfwagen/Undergrad_Minchan_Folder/ROOMBA_PROJECT_1/install/zed_ros2/share/zed_ros2/package.zsh'
[1.884s] Level 1:colcon.colcon_core.environment:create_file_with_runtime_dependencies(/home/wolfwagen/Undergrad_Minchan_Folder/ROOMBA_PROJECT_1/install/zed_ros2/share/colcon-core/packages/zed_ros2)
[1.886s] Level 1:colcon.colcon_core.environment:create_environment_scripts_only(zed_ros2)
[1.886s] Level 1:colcon.colcon_core.environment:checking '/home/wolfwagen/Undergrad_Minchan_Folder/ROOMBA_PROJECT_1/install/zed_ros2' for CMake module files
[1.887s] Level 1:colcon.colcon_core.environment:checking '/home/wolfwagen/Undergrad_Minchan_Folder/ROOMBA_PROJECT_1/install/zed_ros2' for CMake config files
[1.887s] Level 1:colcon.colcon_core.shell:create_environment_hook('zed_ros2', 'cmake_prefix_path')
[1.888s] INFO:colcon.colcon_core.shell:Creating environment hook '/home/wolfwagen/Undergrad_Minchan_Folder/ROOMBA_PROJECT_1/install/zed_ros2/share/zed_ros2/hook/cmake_prefix_path.ps1'
[1.889s] INFO:colcon.colcon_core.shell:Creating environment descriptor '/home/wolfwagen/Undergrad_Minchan_Folder/ROOMBA_PROJECT_1/install/zed_ros2/share/zed_ros2/hook/cmake_prefix_path.dsv'
[1.890s] INFO:colcon.colcon_core.shell:Creating environment hook '/home/wolfwagen/Undergrad_Minchan_Folder/ROOMBA_PROJECT_1/install/zed_ros2/share/zed_ros2/hook/cmake_prefix_path.sh'
[1.892s] Level 1:colcon.colcon_core.environment:checking '/home/wolfwagen/Undergrad_Minchan_Folder/ROOMBA_PROJECT_1/install/zed_ros2/bin'
[1.893s] Level 1:colcon.colcon_core.environment:checking '/home/wolfwagen/Undergrad_Minchan_Folder/ROOMBA_PROJECT_1/install/zed_ros2/lib/pkgconfig/zed_ros2.pc'
[1.893s] Level 1:colcon.colcon_core.environment:checking '/home/wolfwagen/Undergrad_Minchan_Folder/ROOMBA_PROJECT_1/install/zed_ros2/lib/python3.10/site-packages'
[1.895s] Level 1:colcon.colcon_core.environment:checking '/home/wolfwagen/Undergrad_Minchan_Folder/ROOMBA_PROJECT_1/install/zed_ros2/bin'
[1.896s] INFO:colcon.colcon_core.shell:Creating package script '/home/wolfwagen/Undergrad_Minchan_Folder/ROOMBA_PROJECT_1/install/zed_ros2/share/zed_ros2/package.ps1'
[1.899s] INFO:colcon.colcon_core.shell:Creating package descriptor '/home/wolfwagen/Undergrad_Minchan_Folder/ROOMBA_PROJECT_1/install/zed_ros2/share/zed_ros2/package.dsv'
[1.900s] INFO:colcon.colcon_core.shell:Creating package script '/home/wolfwagen/Undergrad_Minchan_Folder/ROOMBA_PROJECT_1/install/zed_ros2/share/zed_ros2/package.sh'
[1.902s] INFO:colcon.colcon_core.shell:Creating package script '/home/wolfwagen/Undergrad_Minchan_Folder/ROOMBA_PROJECT_1/install/zed_ros2/share/zed_ros2/package.bash'
[1.903s] INFO:colcon.colcon_core.shell:Creating package script '/home/wolfwagen/Undergrad_Minchan_Folder/ROOMBA_PROJECT_1/install/zed_ros2/share/zed_ros2/package.zsh'
[1.905s] Level 1:colcon.colcon_core.environment:create_file_with_runtime_dependencies(/home/wolfwagen/Undergrad_Minchan_Folder/ROOMBA_PROJECT_1/install/zed_ros2/share/colcon-core/packages/zed_ros2)
[2.190s] DEBUG:colcon.colcon_core.event_handler.log_command:Invoking command in '/home/wolfwagen/Undergrad_Minchan_Folder/ROOMBA_PROJECT_1/roomba_src/first_roomba_pkg': PYTHONPATH=/home/wolfwagen/Undergrad_Minchan_Folder/ROOMBA_PROJECT_1/build/first_roomba_pkg/prefix_override:/usr/lib/python3/dist-packages/colcon_core/task/python/colcon_distutils_commands:/home/wolfwagen/Undergrad_Minchan_Folder/ROOMBA_PROJECT_1/install/first_roomba_pkg/lib/python3.10/site-packages:${PYTHONPATH} /usr/bin/python3 -W ignore:setup.py install is deprecated -W ignore:easy_install command is deprecated setup.py egg_info --egg-base ../../build/first_roomba_pkg build --build-base /home/wolfwagen/Undergrad_Minchan_Folder/ROOMBA_PROJECT_1/build/first_roomba_pkg/build install --record /home/wolfwagen/Undergrad_Minchan_Folder/ROOMBA_PROJECT_1/build/first_roomba_pkg/install.log --single-version-externally-managed install_data
[2.803s] Level 1:colcon.colcon_core.environment:checking '/home/wolfwagen/Undergrad_Minchan_Folder/ROOMBA_PROJECT_1/install/first_roomba_pkg' for CMake module files
[2.805s] DEBUG:colcon.colcon_core.event_handler.log_command:Invoked command in '/home/wolfwagen/Undergrad_Minchan_Folder/ROOMBA_PROJECT_1/roomba_src/first_roomba_pkg' returned '0': PYTHONPATH=/home/wolfwagen/Undergrad_Minchan_Folder/ROOMBA_PROJECT_1/build/first_roomba_pkg/prefix_override:/usr/lib/python3/dist-packages/colcon_core/task/python/colcon_distutils_commands:/home/wolfwagen/Undergrad_Minchan_Folder/ROOMBA_PROJECT_1/install/first_roomba_pkg/lib/python3.10/site-packages:${PYTHONPATH} /usr/bin/python3 -W ignore:setup.py install is deprecated -W ignore:easy_install command is deprecated setup.py egg_info --egg-base ../../build/first_roomba_pkg build --build-base /home/wolfwagen/Undergrad_Minchan_Folder/ROOMBA_PROJECT_1/build/first_roomba_pkg/build install --record /home/wolfwagen/Undergrad_Minchan_Folder/ROOMBA_PROJECT_1/build/first_roomba_pkg/install.log --single-version-externally-managed install_data
[2.806s] Level 1:colcon.colcon_core.environment:checking '/home/wolfwagen/Undergrad_Minchan_Folder/ROOMBA_PROJECT_1/install/first_roomba_pkg' for CMake config files
[2.808s] Level 1:colcon.colcon_core.environment:checking '/home/wolfwagen/Undergrad_Minchan_Folder/ROOMBA_PROJECT_1/install/first_roomba_pkg/lib'
[2.809s] Level 1:colcon.colcon_core.environment:checking '/home/wolfwagen/Undergrad_Minchan_Folder/ROOMBA_PROJECT_1/install/first_roomba_pkg/bin'
[2.809s] Level 1:colcon.colcon_core.environment:checking '/home/wolfwagen/Undergrad_Minchan_Folder/ROOMBA_PROJECT_1/install/first_roomba_pkg/lib/pkgconfig/first_roomba_pkg.pc'
[2.810s] Level 1:colcon.colcon_core.environment:checking '/home/wolfwagen/Undergrad_Minchan_Folder/ROOMBA_PROJECT_1/install/first_roomba_pkg/lib/python3.10/site-packages'
[2.810s] Level 1:colcon.colcon_core.shell:create_environment_hook('first_roomba_pkg', 'pythonpath')
[2.811s] INFO:colcon.colcon_core.shell:Creating environment hook '/home/wolfwagen/Undergrad_Minchan_Folder/ROOMBA_PROJECT_1/install/first_roomba_pkg/share/first_roomba_pkg/hook/pythonpath.ps1'
[2.812s] INFO:colcon.colcon_core.shell:Creating environment descriptor '/home/wolfwagen/Undergrad_Minchan_Folder/ROOMBA_PROJECT_1/install/first_roomba_pkg/share/first_roomba_pkg/hook/pythonpath.dsv'
[2.813s] INFO:colcon.colcon_core.shell:Creating environment hook '/home/wolfwagen/Undergrad_Minchan_Folder/ROOMBA_PROJECT_1/install/first_roomba_pkg/share/first_roomba_pkg/hook/pythonpath.sh'
[2.815s] Level 1:colcon.colcon_core.environment:checking '/home/wolfwagen/Undergrad_Minchan_Folder/ROOMBA_PROJECT_1/install/first_roomba_pkg/bin'
[2.815s] Level 1:colcon.colcon_core.environment:create_environment_scripts_only(first_roomba_pkg)
[2.817s] INFO:colcon.colcon_core.shell:Creating package script '/home/wolfwagen/Undergrad_Minchan_Folder/ROOMBA_PROJECT_1/install/first_roomba_pkg/share/first_roomba_pkg/package.ps1'
[2.819s] INFO:colcon.colcon_core.shell:Creating package descriptor '/home/wolfwagen/Undergrad_Minchan_Folder/ROOMBA_PROJECT_1/install/first_roomba_pkg/share/first_roomba_pkg/package.dsv'
[2.820s] INFO:colcon.colcon_core.shell:Creating package script '/home/wolfwagen/Undergrad_Minchan_Folder/ROOMBA_PROJECT_1/install/first_roomba_pkg/share/first_roomba_pkg/package.sh'
[2.821s] INFO:colcon.colcon_core.shell:Creating package script '/home/wolfwagen/Undergrad_Minchan_Folder/ROOMBA_PROJECT_1/install/first_roomba_pkg/share/first_roomba_pkg/package.bash'
[2.822s] INFO:colcon.colcon_core.shell:Creating package script '/home/wolfwagen/Undergrad_Minchan_Folder/ROOMBA_PROJECT_1/install/first_roomba_pkg/share/first_roomba_pkg/package.zsh'
[2.823s] Level 1:colcon.colcon_core.environment:create_file_with_runtime_dependencies(/home/wolfwagen/Undergrad_Minchan_Folder/ROOMBA_PROJECT_1/install/first_roomba_pkg/share/colcon-core/packages/first_roomba_pkg)
[2.824s] DEBUG:colcon.colcon_parallel_executor.executor.parallel:closing loop
[2.826s] DEBUG:colcon.colcon_parallel_executor.executor.parallel:loop closed
[2.826s] DEBUG:colcon.colcon_parallel_executor.executor.parallel:run_until_complete finished with '0'
[2.827s] DEBUG:colcon.colcon_core.event_reactor:joining thread
[2.842s] INFO:colcon.colcon_core.plugin_system:Skipping extension 'colcon_notification.desktop_notification.terminal_notifier': Not used on non-Darwin systems
[2.843s] INFO:colcon.colcon_core.plugin_system:Skipping extension 'colcon_notification.desktop_notification.win32': Not used on non-Windows systems
[2.843s] INFO:colcon.colcon_notification.desktop_notification:Sending desktop notification using 'notify2'
[2.888s] DEBUG:colcon.colcon_core.event_reactor:joined thread
[2.890s] INFO:colcon.colcon_core.shell:Creating prefix script '/home/wolfwagen/Undergrad_Minchan_Folder/ROOMBA_PROJECT_1/install/local_setup.ps1'
[2.892s] INFO:colcon.colcon_core.shell:Creating prefix util module '/home/wolfwagen/Undergrad_Minchan_Folder/ROOMBA_PROJECT_1/install/_local_setup_util_ps1.py'
[2.897s] INFO:colcon.colcon_core.shell:Creating prefix chain script '/home/wolfwagen/Undergrad_Minchan_Folder/ROOMBA_PROJECT_1/install/setup.ps1'
[2.900s] INFO:colcon.colcon_core.shell:Creating prefix script '/home/wolfwagen/Undergrad_Minchan_Folder/ROOMBA_PROJECT_1/install/local_setup.sh'
[2.902s] INFO:colcon.colcon_core.shell:Creating prefix util module '/home/wolfwagen/Undergrad_Minchan_Folder/ROOMBA_PROJECT_1/install/_local_setup_util_sh.py'
[2.904s] INFO:colcon.colcon_core.shell:Creating prefix chain script '/home/wolfwagen/Undergrad_Minchan_Folder/ROOMBA_PROJECT_1/install/setup.sh'
[2.907s] INFO:colcon.colcon_core.shell:Creating prefix script '/home/wolfwagen/Undergrad_Minchan_Folder/ROOMBA_PROJECT_1/install/local_setup.bash'
[2.908s] INFO:colcon.colcon_core.shell:Creating prefix chain script '/home/wolfwagen/Undergrad_Minchan_Folder/ROOMBA_PROJECT_1/install/setup.bash'
[2.912s] INFO:colcon.colcon_core.shell:Creating prefix script '/home/wolfwagen/Undergrad_Minchan_Folder/ROOMBA_PROJECT_1/install/local_setup.zsh'
[2.913s] INFO:colcon.colcon_core.shell:Creating prefix chain script '/home/wolfwagen/Undergrad_Minchan_Folder/ROOMBA_PROJECT_1/install/setup.zsh'
