[0.210s] DEBUG:colcon:Command line arguments: ['/usr/bin/colcon', 'build']
[0.211s] DEBUG:colcon:Parsed command line arguments: Namespace(log_base=None, log_level=None, verb_name='build', build_base='build', install_base='install', merge_install=False, symlink_install=False, test_result_base=None, continue_on_error=False, executor='parallel', parallel_workers=6, event_handlers=None, ignore_user_meta=False, metas=['./colcon.meta'], base_paths=['.'], packages_ignore=None, packages_ignore_regex=None, paths=None, packages_up_to=None, packages_up_to_regex=None, packages_above=None, packages_above_and_dependencies=None, packages_above_depth=None, packages_select_by_dep=None, packages_skip_by_dep=None, packages_skip_up_to=None, packages_select_build_failed=False, packages_skip_build_finished=False, packages_select_test_failures=False, packages_skip_test_passed=False, packages_select=None, packages_skip=None, packages_select_regex=None, packages_skip_regex=None, packages_start=None, packages_end=None, allow_overriding=[], cmake_args=None, cmake_target=None, cmake_target_skip_unavailable=False, cmake_clean_cache=False, cmake_clean_first=False, cmake_force_configure=False, ament_cmake_args=None, catkin_cmake_args=None, catkin_skip_building_tests=False, mixin_files=None, mixin=None, verb_parser=<colcon_mixin.mixin.mixin_argument.MixinArgumentDecorator object at 0xffff941465f0>, verb_extension=<colcon_core.verb.build.BuildVerb object at 0xffff94145c30>, main=<bound method BuildVerb.main of <colcon_core.verb.build.BuildVerb object at 0xffff94145c30>>, mixin_verb=('build',))
[0.541s] Level 1:colcon.colcon_core.package_discovery:discover_packages(colcon_meta) check parameters
[0.542s] Level 1:colcon.colcon_core.package_discovery:discover_packages(recursive) check parameters
[0.542s] Level 1:colcon.colcon_core.package_discovery:discover_packages(ignore) check parameters
[0.542s] Level 1:colcon.colcon_core.package_discovery:discover_packages(path) check parameters
[0.542s] Level 1:colcon.colcon_core.package_discovery:discover_packages(colcon_meta) discover
[0.542s] Level 1:colcon.colcon_core.package_discovery:discover_packages(recursive) discover
[0.542s] INFO:colcon.colcon_core.package_discovery:Crawling recursively for packages in '/home/wolfwagen/Undergrad_Minchan_Folder/ROOMBA_PROJECT_1'
[0.542s] Level 1:colcon.colcon_core.package_identification:_identify(.) by extensions ['ignore', 'ignore_ament_install']
[0.543s] Level 1:colcon.colcon_core.package_identification:_identify(.) by extension 'ignore'
[0.543s] Level 1:colcon.colcon_core.package_identification:_identify(.) by extension 'ignore_ament_install'
[0.543s] Level 1:colcon.colcon_core.package_identification:_identify(.) by extensions ['colcon_pkg']
[0.543s] Level 1:colcon.colcon_core.package_identification:_identify(.) by extension 'colcon_pkg'
[0.543s] Level 1:colcon.colcon_core.package_identification:_identify(.) by extensions ['colcon_meta']
[0.543s] Level 1:colcon.colcon_core.package_identification:_identify(.) by extension 'colcon_meta'
[0.543s] Level 1:colcon.colcon_core.package_identification:_identify(.) by extensions ['ros']
[0.543s] Level 1:colcon.colcon_core.package_identification:_identify(.) by extension 'ros'
[0.564s] Level 1:colcon.colcon_core.package_identification:_identify(.) by extensions ['cmake', 'python']
[0.564s] Level 1:colcon.colcon_core.package_identification:_identify(.) by extension 'cmake'
[0.564s] Level 1:colcon.colcon_core.package_identification:_identify(.) by extension 'python'
[0.564s] Level 1:colcon.colcon_core.package_identification:_identify(.) by extensions ['python_setup_py']
[0.564s] Level 1:colcon.colcon_core.package_identification:_identify(.) by extension 'python_setup_py'
[0.565s] Level 1:colcon.colcon_core.package_identification:_identify(build) by extensions ['ignore', 'ignore_ament_install']
[0.565s] Level 1:colcon.colcon_core.package_identification:_identify(build) by extension 'ignore'
[0.565s] Level 1:colcon.colcon_core.package_identification:_identify(build) ignored
[0.565s] Level 1:colcon.colcon_core.package_identification:_identify(install) by extensions ['ignore', 'ignore_ament_install']
[0.565s] Level 1:colcon.colcon_core.package_identification:_identify(install) by extension 'ignore'
[0.565s] Level 1:colcon.colcon_core.package_identification:_identify(install) ignored
[0.566s] Level 1:colcon.colcon_core.package_identification:_identify(log) by extensions ['ignore', 'ignore_ament_install']
[0.566s] Level 1:colcon.colcon_core.package_identification:_identify(log) by extension 'ignore'
[0.566s] Level 1:colcon.colcon_core.package_identification:_identify(log) ignored
[0.566s] Level 1:colcon.colcon_core.package_identification:_identify(roomba_src) by extensions ['ignore', 'ignore_ament_install']
[0.566s] Level 1:colcon.colcon_core.package_identification:_identify(roomba_src) by extension 'ignore'
[0.566s] Level 1:colcon.colcon_core.package_identification:_identify(roomba_src) by extension 'ignore_ament_install'
[0.567s] Level 1:colcon.colcon_core.package_identification:_identify(roomba_src) by extensions ['colcon_pkg']
[0.567s] Level 1:colcon.colcon_core.package_identification:_identify(roomba_src) by extension 'colcon_pkg'
[0.567s] Level 1:colcon.colcon_core.package_identification:_identify(roomba_src) by extensions ['colcon_meta']
[0.567s] Level 1:colcon.colcon_core.package_identification:_identify(roomba_src) by extension 'colcon_meta'
[0.567s] Level 1:colcon.colcon_core.package_identification:_identify(roomba_src) by extensions ['ros']
[0.567s] Level 1:colcon.colcon_core.package_identification:_identify(roomba_src) by extension 'ros'
[0.567s] Level 1:colcon.colcon_core.package_identification:_identify(roomba_src) by extensions ['cmake', 'python']
[0.567s] Level 1:colcon.colcon_core.package_identification:_identify(roomba_src) by extension 'cmake'
[0.567s] Level 1:colcon.colcon_core.package_identification:_identify(roomba_src) by extension 'python'
[0.567s] Level 1:colcon.colcon_core.package_identification:_identify(roomba_src) by extensions ['python_setup_py']
[0.567s] Level 1:colcon.colcon_core.package_identification:_identify(roomba_src) by extension 'python_setup_py'
[0.568s] Level 1:colcon.colcon_core.package_identification:_identify(roomba_src/first_roomba_pkg) by extensions ['ignore', 'ignore_ament_install']
[0.568s] Level 1:colcon.colcon_core.package_identification:_identify(roomba_src/first_roomba_pkg) by extension 'ignore'
[0.568s] Level 1:colcon.colcon_core.package_identification:_identify(roomba_src/first_roomba_pkg) by extension 'ignore_ament_install'
[0.568s] Level 1:colcon.colcon_core.package_identification:_identify(roomba_src/first_roomba_pkg) by extensions ['colcon_pkg']
[0.568s] Level 1:colcon.colcon_core.package_identification:_identify(roomba_src/first_roomba_pkg) by extension 'colcon_pkg'
[0.568s] Level 1:colcon.colcon_core.package_identification:_identify(roomba_src/first_roomba_pkg) by extensions ['colcon_meta']
[0.568s] Level 1:colcon.colcon_core.package_identification:_identify(roomba_src/first_roomba_pkg) by extension 'colcon_meta'
[0.568s] Level 1:colcon.colcon_core.package_identification:_identify(roomba_src/first_roomba_pkg) by extensions ['ros']
[0.568s] Level 1:colcon.colcon_core.package_identification:_identify(roomba_src/first_roomba_pkg) by extension 'ros'
[0.573s] DEBUG:colcon.colcon_core.package_identification:Package 'roomba_src/first_roomba_pkg' with type 'ros.ament_python' and name 'first_roomba_pkg'
[0.573s] Level 1:colcon.colcon_core.package_identification:_identify(roomba_src/unilidar_sdk2) by extensions ['ignore', 'ignore_ament_install']
[0.573s] Level 1:colcon.colcon_core.package_identification:_identify(roomba_src/unilidar_sdk2) by extension 'ignore'
[0.574s] Level 1:colcon.colcon_core.package_identification:_identify(roomba_src/unilidar_sdk2) by extension 'ignore_ament_install'
[0.574s] Level 1:colcon.colcon_core.package_identification:_identify(roomba_src/unilidar_sdk2) by extensions ['colcon_pkg']
[0.574s] Level 1:colcon.colcon_core.package_identification:_identify(roomba_src/unilidar_sdk2) by extension 'colcon_pkg'
[0.574s] Level 1:colcon.colcon_core.package_identification:_identify(roomba_src/unilidar_sdk2) by extensions ['colcon_meta']
[0.574s] Level 1:colcon.colcon_core.package_identification:_identify(roomba_src/unilidar_sdk2) by extension 'colcon_meta'
[0.574s] Level 1:colcon.colcon_core.package_identification:_identify(roomba_src/unilidar_sdk2) by extensions ['ros']
[0.574s] Level 1:colcon.colcon_core.package_identification:_identify(roomba_src/unilidar_sdk2) by extension 'ros'
[0.574s] Level 1:colcon.colcon_core.package_identification:_identify(roomba_src/unilidar_sdk2) by extensions ['cmake', 'python']
[0.574s] Level 1:colcon.colcon_core.package_identification:_identify(roomba_src/unilidar_sdk2) by extension 'cmake'
[0.574s] Level 1:colcon.colcon_core.package_identification:_identify(roomba_src/unilidar_sdk2) by extension 'python'
[0.575s] Level 1:colcon.colcon_core.package_identification:_identify(roomba_src/unilidar_sdk2) by extensions ['python_setup_py']
[0.575s] Level 1:colcon.colcon_core.package_identification:_identify(roomba_src/unilidar_sdk2) by extension 'python_setup_py'
[0.575s] Level 1:colcon.colcon_core.package_identification:_identify(roomba_src/unilidar_sdk2/docs) by extensions ['ignore', 'ignore_ament_install']
[0.575s] Level 1:colcon.colcon_core.package_identification:_identify(roomba_src/unilidar_sdk2/docs) by extension 'ignore'
[0.575s] Level 1:colcon.colcon_core.package_identification:_identify(roomba_src/unilidar_sdk2/docs) by extension 'ignore_ament_install'
[0.575s] Level 1:colcon.colcon_core.package_identification:_identify(roomba_src/unilidar_sdk2/docs) by extensions ['colcon_pkg']
[0.575s] Level 1:colcon.colcon_core.package_identification:_identify(roomba_src/unilidar_sdk2/docs) by extension 'colcon_pkg'
[0.575s] Level 1:colcon.colcon_core.package_identification:_identify(roomba_src/unilidar_sdk2/docs) by extensions ['colcon_meta']
[0.575s] Level 1:colcon.colcon_core.package_identification:_identify(roomba_src/unilidar_sdk2/docs) by extension 'colcon_meta'
[0.576s] Level 1:colcon.colcon_core.package_identification:_identify(roomba_src/unilidar_sdk2/docs) by extensions ['ros']
[0.576s] Level 1:colcon.colcon_core.package_identification:_identify(roomba_src/unilidar_sdk2/docs) by extension 'ros'
[0.576s] Level 1:colcon.colcon_core.package_identification:_identify(roomba_src/unilidar_sdk2/docs) by extensions ['cmake', 'python']
[0.576s] Level 1:colcon.colcon_core.package_identification:_identify(roomba_src/unilidar_sdk2/docs) by extension 'cmake'
[0.576s] Level 1:colcon.colcon_core.package_identification:_identify(roomba_src/unilidar_sdk2/docs) by extension 'python'
[0.576s] Level 1:colcon.colcon_core.package_identification:_identify(roomba_src/unilidar_sdk2/docs) by extensions ['python_setup_py']
[0.576s] Level 1:colcon.colcon_core.package_identification:_identify(roomba_src/unilidar_sdk2/docs) by extension 'python_setup_py'
[0.576s] Level 1:colcon.colcon_core.package_identification:_identify(roomba_src/unilidar_sdk2/unitree_lidar_ros) by extensions ['ignore', 'ignore_ament_install']
[0.576s] Level 1:colcon.colcon_core.package_identification:_identify(roomba_src/unilidar_sdk2/unitree_lidar_ros) by extension 'ignore'
[0.576s] Level 1:colcon.colcon_core.package_identification:_identify(roomba_src/unilidar_sdk2/unitree_lidar_ros) ignored
[0.577s] Level 1:colcon.colcon_core.package_identification:_identify(roomba_src/unilidar_sdk2/unitree_lidar_ros2) by extensions ['ignore', 'ignore_ament_install']
[0.577s] Level 1:colcon.colcon_core.package_identification:_identify(roomba_src/unilidar_sdk2/unitree_lidar_ros2) by extension 'ignore'
[0.577s] Level 1:colcon.colcon_core.package_identification:_identify(roomba_src/unilidar_sdk2/unitree_lidar_ros2) by extension 'ignore_ament_install'
[0.577s] Level 1:colcon.colcon_core.package_identification:_identify(roomba_src/unilidar_sdk2/unitree_lidar_ros2) by extensions ['colcon_pkg']
[0.577s] Level 1:colcon.colcon_core.package_identification:_identify(roomba_src/unilidar_sdk2/unitree_lidar_ros2) by extension 'colcon_pkg'
[0.577s] Level 1:colcon.colcon_core.package_identification:_identify(roomba_src/unilidar_sdk2/unitree_lidar_ros2) by extensions ['colcon_meta']
[0.577s] Level 1:colcon.colcon_core.package_identification:_identify(roomba_src/unilidar_sdk2/unitree_lidar_ros2) by extension 'colcon_meta'
[0.577s] Level 1:colcon.colcon_core.package_identification:_identify(roomba_src/unilidar_sdk2/unitree_lidar_ros2) by extensions ['ros']
[0.577s] Level 1:colcon.colcon_core.package_identification:_identify(roomba_src/unilidar_sdk2/unitree_lidar_ros2) by extension 'ros'
[0.578s] Level 1:colcon.colcon_core.package_identification:_identify(roomba_src/unilidar_sdk2/unitree_lidar_ros2) by extensions ['cmake', 'python']
[0.578s] Level 1:colcon.colcon_core.package_identification:_identify(roomba_src/unilidar_sdk2/unitree_lidar_ros2) by extension 'cmake'
[0.578s] Level 1:colcon.colcon_core.package_identification:_identify(roomba_src/unilidar_sdk2/unitree_lidar_ros2) by extension 'python'
[0.578s] Level 1:colcon.colcon_core.package_identification:_identify(roomba_src/unilidar_sdk2/unitree_lidar_ros2) by extensions ['python_setup_py']
[0.578s] Level 1:colcon.colcon_core.package_identification:_identify(roomba_src/unilidar_sdk2/unitree_lidar_ros2) by extension 'python_setup_py'
[0.578s] Level 1:colcon.colcon_core.package_identification:_identify(roomba_src/unilidar_sdk2/unitree_lidar_ros2/src) by extensions ['ignore', 'ignore_ament_install']
[0.578s] Level 1:colcon.colcon_core.package_identification:_identify(roomba_src/unilidar_sdk2/unitree_lidar_ros2/src) by extension 'ignore'
[0.578s] Level 1:colcon.colcon_core.package_identification:_identify(roomba_src/unilidar_sdk2/unitree_lidar_ros2/src) by extension 'ignore_ament_install'
[0.578s] Level 1:colcon.colcon_core.package_identification:_identify(roomba_src/unilidar_sdk2/unitree_lidar_ros2/src) by extensions ['colcon_pkg']
[0.578s] Level 1:colcon.colcon_core.package_identification:_identify(roomba_src/unilidar_sdk2/unitree_lidar_ros2/src) by extension 'colcon_pkg'
[0.579s] Level 1:colcon.colcon_core.package_identification:_identify(roomba_src/unilidar_sdk2/unitree_lidar_ros2/src) by extensions ['colcon_meta']
[0.579s] Level 1:colcon.colcon_core.package_identification:_identify(roomba_src/unilidar_sdk2/unitree_lidar_ros2/src) by extension 'colcon_meta'
[0.579s] Level 1:colcon.colcon_core.package_identification:_identify(roomba_src/unilidar_sdk2/unitree_lidar_ros2/src) by extensions ['ros']
[0.579s] Level 1:colcon.colcon_core.package_identification:_identify(roomba_src/unilidar_sdk2/unitree_lidar_ros2/src) by extension 'ros'
[0.579s] Level 1:colcon.colcon_core.package_identification:_identify(roomba_src/unilidar_sdk2/unitree_lidar_ros2/src) by extensions ['cmake', 'python']
[0.579s] Level 1:colcon.colcon_core.package_identification:_identify(roomba_src/unilidar_sdk2/unitree_lidar_ros2/src) by extension 'cmake'
[0.579s] Level 1:colcon.colcon_core.package_identification:_identify(roomba_src/unilidar_sdk2/unitree_lidar_ros2/src) by extension 'python'
[0.579s] Level 1:colcon.colcon_core.package_identification:_identify(roomba_src/unilidar_sdk2/unitree_lidar_ros2/src) by extensions ['python_setup_py']
[0.579s] Level 1:colcon.colcon_core.package_identification:_identify(roomba_src/unilidar_sdk2/unitree_lidar_ros2/src) by extension 'python_setup_py'
[0.579s] Level 1:colcon.colcon_core.package_identification:_identify(roomba_src/unilidar_sdk2/unitree_lidar_ros2/src/unitree_lidar_ros2) by extensions ['ignore', 'ignore_ament_install']
[0.580s] Level 1:colcon.colcon_core.package_identification:_identify(roomba_src/unilidar_sdk2/unitree_lidar_ros2/src/unitree_lidar_ros2) by extension 'ignore'
[0.580s] Level 1:colcon.colcon_core.package_identification:_identify(roomba_src/unilidar_sdk2/unitree_lidar_ros2/src/unitree_lidar_ros2) by extension 'ignore_ament_install'
[0.580s] Level 1:colcon.colcon_core.package_identification:_identify(roomba_src/unilidar_sdk2/unitree_lidar_ros2/src/unitree_lidar_ros2) by extensions ['colcon_pkg']
[0.580s] Level 1:colcon.colcon_core.package_identification:_identify(roomba_src/unilidar_sdk2/unitree_lidar_ros2/src/unitree_lidar_ros2) by extension 'colcon_pkg'
[0.580s] Level 1:colcon.colcon_core.package_identification:_identify(roomba_src/unilidar_sdk2/unitree_lidar_ros2/src/unitree_lidar_ros2) by extensions ['colcon_meta']
[0.580s] Level 1:colcon.colcon_core.package_identification:_identify(roomba_src/unilidar_sdk2/unitree_lidar_ros2/src/unitree_lidar_ros2) by extension 'colcon_meta'
[0.580s] Level 1:colcon.colcon_core.package_identification:_identify(roomba_src/unilidar_sdk2/unitree_lidar_ros2/src/unitree_lidar_ros2) by extensions ['ros']
[0.580s] Level 1:colcon.colcon_core.package_identification:_identify(roomba_src/unilidar_sdk2/unitree_lidar_ros2/src/unitree_lidar_ros2) by extension 'ros'
[0.582s] DEBUG:colcon.colcon_core.package_identification:Package 'roomba_src/unilidar_sdk2/unitree_lidar_ros2/src/unitree_lidar_ros2' with type 'ros.ament_cmake' and name 'unitree_lidar_ros2'
[0.582s] Level 1:colcon.colcon_core.package_identification:_identify(roomba_src/unilidar_sdk2/unitree_lidar_sdk) by extensions ['ignore', 'ignore_ament_install']
[0.583s] Level 1:colcon.colcon_core.package_identification:_identify(roomba_src/unilidar_sdk2/unitree_lidar_sdk) by extension 'ignore'
[0.583s] Level 1:colcon.colcon_core.package_identification:_identify(roomba_src/unilidar_sdk2/unitree_lidar_sdk) by extension 'ignore_ament_install'
[0.583s] Level 1:colcon.colcon_core.package_identification:_identify(roomba_src/unilidar_sdk2/unitree_lidar_sdk) by extensions ['colcon_pkg']
[0.583s] Level 1:colcon.colcon_core.package_identification:_identify(roomba_src/unilidar_sdk2/unitree_lidar_sdk) by extension 'colcon_pkg'
[0.583s] Level 1:colcon.colcon_core.package_identification:_identify(roomba_src/unilidar_sdk2/unitree_lidar_sdk) by extensions ['colcon_meta']
[0.583s] Level 1:colcon.colcon_core.package_identification:_identify(roomba_src/unilidar_sdk2/unitree_lidar_sdk) by extension 'colcon_meta'
[0.583s] Level 1:colcon.colcon_core.package_identification:_identify(roomba_src/unilidar_sdk2/unitree_lidar_sdk) by extensions ['ros']
[0.583s] Level 1:colcon.colcon_core.package_identification:_identify(roomba_src/unilidar_sdk2/unitree_lidar_sdk) by extension 'ros'
[0.583s] Level 1:colcon.colcon_core.package_identification:_identify(roomba_src/unilidar_sdk2/unitree_lidar_sdk) by extensions ['cmake', 'python']
[0.583s] Level 1:colcon.colcon_core.package_identification:_identify(roomba_src/unilidar_sdk2/unitree_lidar_sdk) by extension 'cmake'
[0.586s] Level 1:colcon.colcon_core.package_identification:_identify(roomba_src/unilidar_sdk2/unitree_lidar_sdk) by extension 'python'
[0.586s] DEBUG:colcon.colcon_core.package_identification:Package 'roomba_src/unilidar_sdk2/unitree_lidar_sdk' with type 'cmake' and name 'unitree_lidar_sdk'
[0.586s] Level 1:colcon.colcon_core.package_identification:_identify(roomba_src/zed-ros2-wrapper) by extensions ['ignore', 'ignore_ament_install']
[0.586s] Level 1:colcon.colcon_core.package_identification:_identify(roomba_src/zed-ros2-wrapper) by extension 'ignore'
[0.587s] Level 1:colcon.colcon_core.package_identification:_identify(roomba_src/zed-ros2-wrapper) by extension 'ignore_ament_install'
[0.587s] Level 1:colcon.colcon_core.package_identification:_identify(roomba_src/zed-ros2-wrapper) by extensions ['colcon_pkg']
[0.587s] Level 1:colcon.colcon_core.package_identification:_identify(roomba_src/zed-ros2-wrapper) by extension 'colcon_pkg'
[0.587s] Level 1:colcon.colcon_core.package_identification:_identify(roomba_src/zed-ros2-wrapper) by extensions ['colcon_meta']
[0.587s] Level 1:colcon.colcon_core.package_identification:_identify(roomba_src/zed-ros2-wrapper) by extension 'colcon_meta'
[0.587s] Level 1:colcon.colcon_core.package_identification:_identify(roomba_src/zed-ros2-wrapper) by extensions ['ros']
[0.587s] Level 1:colcon.colcon_core.package_identification:_identify(roomba_src/zed-ros2-wrapper) by extension 'ros'
[0.587s] Level 1:colcon.colcon_core.package_identification:_identify(roomba_src/zed-ros2-wrapper) by extensions ['cmake', 'python']
[0.587s] Level 1:colcon.colcon_core.package_identification:_identify(roomba_src/zed-ros2-wrapper) by extension 'cmake'
[0.587s] Level 1:colcon.colcon_core.package_identification:_identify(roomba_src/zed-ros2-wrapper) by extension 'python'
[0.587s] Level 1:colcon.colcon_core.package_identification:_identify(roomba_src/zed-ros2-wrapper) by extensions ['python_setup_py']
[0.588s] Level 1:colcon.colcon_core.package_identification:_identify(roomba_src/zed-ros2-wrapper) by extension 'python_setup_py'
[0.588s] Level 1:colcon.colcon_core.package_identification:_identify(roomba_src/zed-ros2-wrapper/docker) by extensions ['ignore', 'ignore_ament_install']
[0.588s] Level 1:colcon.colcon_core.package_identification:_identify(roomba_src/zed-ros2-wrapper/docker) by extension 'ignore'
[0.588s] Level 1:colcon.colcon_core.package_identification:_identify(roomba_src/zed-ros2-wrapper/docker) by extension 'ignore_ament_install'
[0.588s] Level 1:colcon.colcon_core.package_identification:_identify(roomba_src/zed-ros2-wrapper/docker) by extensions ['colcon_pkg']
[0.588s] Level 1:colcon.colcon_core.package_identification:_identify(roomba_src/zed-ros2-wrapper/docker) by extension 'colcon_pkg'
[0.588s] Level 1:colcon.colcon_core.package_identification:_identify(roomba_src/zed-ros2-wrapper/docker) by extensions ['colcon_meta']
[0.588s] Level 1:colcon.colcon_core.package_identification:_identify(roomba_src/zed-ros2-wrapper/docker) by extension 'colcon_meta'
[0.588s] Level 1:colcon.colcon_core.package_identification:_identify(roomba_src/zed-ros2-wrapper/docker) by extensions ['ros']
[0.588s] Level 1:colcon.colcon_core.package_identification:_identify(roomba_src/zed-ros2-wrapper/docker) by extension 'ros'
[0.589s] Level 1:colcon.colcon_core.package_identification:_identify(roomba_src/zed-ros2-wrapper/docker) by extensions ['cmake', 'python']
[0.589s] Level 1:colcon.colcon_core.package_identification:_identify(roomba_src/zed-ros2-wrapper/docker) by extension 'cmake'
[0.589s] Level 1:colcon.colcon_core.package_identification:_identify(roomba_src/zed-ros2-wrapper/docker) by extension 'python'
[0.589s] Level 1:colcon.colcon_core.package_identification:_identify(roomba_src/zed-ros2-wrapper/docker) by extensions ['python_setup_py']
[0.589s] Level 1:colcon.colcon_core.package_identification:_identify(roomba_src/zed-ros2-wrapper/docker) by extension 'python_setup_py'
[0.589s] Level 1:colcon.colcon_core.package_identification:_identify(roomba_src/zed-ros2-wrapper/images) by extensions ['ignore', 'ignore_ament_install']
[0.589s] Level 1:colcon.colcon_core.package_identification:_identify(roomba_src/zed-ros2-wrapper/images) by extension 'ignore'
[0.590s] Level 1:colcon.colcon_core.package_identification:_identify(roomba_src/zed-ros2-wrapper/images) by extension 'ignore_ament_install'
[0.590s] Level 1:colcon.colcon_core.package_identification:_identify(roomba_src/zed-ros2-wrapper/images) by extensions ['colcon_pkg']
[0.590s] Level 1:colcon.colcon_core.package_identification:_identify(roomba_src/zed-ros2-wrapper/images) by extension 'colcon_pkg'
[0.590s] Level 1:colcon.colcon_core.package_identification:_identify(roomba_src/zed-ros2-wrapper/images) by extensions ['colcon_meta']
[0.590s] Level 1:colcon.colcon_core.package_identification:_identify(roomba_src/zed-ros2-wrapper/images) by extension 'colcon_meta'
[0.590s] Level 1:colcon.colcon_core.package_identification:_identify(roomba_src/zed-ros2-wrapper/images) by extensions ['ros']
[0.590s] Level 1:colcon.colcon_core.package_identification:_identify(roomba_src/zed-ros2-wrapper/images) by extension 'ros'
[0.590s] Level 1:colcon.colcon_core.package_identification:_identify(roomba_src/zed-ros2-wrapper/images) by extensions ['cmake', 'python']
[0.590s] Level 1:colcon.colcon_core.package_identification:_identify(roomba_src/zed-ros2-wrapper/images) by extension 'cmake'
[0.590s] Level 1:colcon.colcon_core.package_identification:_identify(roomba_src/zed-ros2-wrapper/images) by extension 'python'
[0.590s] Level 1:colcon.colcon_core.package_identification:_identify(roomba_src/zed-ros2-wrapper/images) by extensions ['python_setup_py']
[0.590s] Level 1:colcon.colcon_core.package_identification:_identify(roomba_src/zed-ros2-wrapper/images) by extension 'python_setup_py'
[0.591s] Level 1:colcon.colcon_core.package_identification:_identify(roomba_src/zed-ros2-wrapper/zed_components) by extensions ['ignore', 'ignore_ament_install']
[0.591s] Level 1:colcon.colcon_core.package_identification:_identify(roomba_src/zed-ros2-wrapper/zed_components) by extension 'ignore'
[0.591s] Level 1:colcon.colcon_core.package_identification:_identify(roomba_src/zed-ros2-wrapper/zed_components) by extension 'ignore_ament_install'
[0.591s] Level 1:colcon.colcon_core.package_identification:_identify(roomba_src/zed-ros2-wrapper/zed_components) by extensions ['colcon_pkg']
[0.591s] Level 1:colcon.colcon_core.package_identification:_identify(roomba_src/zed-ros2-wrapper/zed_components) by extension 'colcon_pkg'
[0.591s] Level 1:colcon.colcon_core.package_identification:_identify(roomba_src/zed-ros2-wrapper/zed_components) by extensions ['colcon_meta']
[0.591s] Level 1:colcon.colcon_core.package_identification:_identify(roomba_src/zed-ros2-wrapper/zed_components) by extension 'colcon_meta'
[0.591s] Level 1:colcon.colcon_core.package_identification:_identify(roomba_src/zed-ros2-wrapper/zed_components) by extensions ['ros']
[0.591s] Level 1:colcon.colcon_core.package_identification:_identify(roomba_src/zed-ros2-wrapper/zed_components) by extension 'ros'
[0.593s] DEBUG:colcon.colcon_core.package_identification:Package 'roomba_src/zed-ros2-wrapper/zed_components' with type 'ros.ament_cmake' and name 'zed_components'
[0.594s] Level 1:colcon.colcon_core.package_identification:_identify(roomba_src/zed-ros2-wrapper/zed_ros2) by extensions ['ignore', 'ignore_ament_install']
[0.594s] Level 1:colcon.colcon_core.package_identification:_identify(roomba_src/zed-ros2-wrapper/zed_ros2) by extension 'ignore'
[0.594s] Level 1:colcon.colcon_core.package_identification:_identify(roomba_src/zed-ros2-wrapper/zed_ros2) by extension 'ignore_ament_install'
[0.594s] Level 1:colcon.colcon_core.package_identification:_identify(roomba_src/zed-ros2-wrapper/zed_ros2) by extensions ['colcon_pkg']
[0.594s] Level 1:colcon.colcon_core.package_identification:_identify(roomba_src/zed-ros2-wrapper/zed_ros2) by extension 'colcon_pkg'
[0.594s] Level 1:colcon.colcon_core.package_identification:_identify(roomba_src/zed-ros2-wrapper/zed_ros2) by extensions ['colcon_meta']
[0.594s] Level 1:colcon.colcon_core.package_identification:_identify(roomba_src/zed-ros2-wrapper/zed_ros2) by extension 'colcon_meta'
[0.594s] Level 1:colcon.colcon_core.package_identification:_identify(roomba_src/zed-ros2-wrapper/zed_ros2) by extensions ['ros']
[0.594s] Level 1:colcon.colcon_core.package_identification:_identify(roomba_src/zed-ros2-wrapper/zed_ros2) by extension 'ros'
[0.596s] DEBUG:colcon.colcon_core.package_identification:Package 'roomba_src/zed-ros2-wrapper/zed_ros2' with type 'ros.ament_cmake' and name 'zed_ros2'
[0.596s] Level 1:colcon.colcon_core.package_identification:_identify(roomba_src/zed-ros2-wrapper/zed_wrapper) by extensions ['ignore', 'ignore_ament_install']
[0.596s] Level 1:colcon.colcon_core.package_identification:_identify(roomba_src/zed-ros2-wrapper/zed_wrapper) by extension 'ignore'
[0.596s] Level 1:colcon.colcon_core.package_identification:_identify(roomba_src/zed-ros2-wrapper/zed_wrapper) by extension 'ignore_ament_install'
[0.596s] Level 1:colcon.colcon_core.package_identification:_identify(roomba_src/zed-ros2-wrapper/zed_wrapper) by extensions ['colcon_pkg']
[0.596s] Level 1:colcon.colcon_core.package_identification:_identify(roomba_src/zed-ros2-wrapper/zed_wrapper) by extension 'colcon_pkg'
[0.596s] Level 1:colcon.colcon_core.package_identification:_identify(roomba_src/zed-ros2-wrapper/zed_wrapper) by extensions ['colcon_meta']
[0.596s] Level 1:colcon.colcon_core.package_identification:_identify(roomba_src/zed-ros2-wrapper/zed_wrapper) by extension 'colcon_meta'
[0.597s] Level 1:colcon.colcon_core.package_identification:_identify(roomba_src/zed-ros2-wrapper/zed_wrapper) by extensions ['ros']
[0.597s] Level 1:colcon.colcon_core.package_identification:_identify(roomba_src/zed-ros2-wrapper/zed_wrapper) by extension 'ros'
[0.601s] DEBUG:colcon.colcon_core.package_identification:Package 'roomba_src/zed-ros2-wrapper/zed_wrapper' with type 'ros.ament_cmake' and name 'zed_wrapper'
[0.601s] Level 1:colcon.colcon_core.package_discovery:discover_packages(recursive) using defaults
[0.601s] Level 1:colcon.colcon_core.package_discovery:discover_packages(ignore) discover
[0.601s] Level 1:colcon.colcon_core.package_discovery:discover_packages(ignore) using defaults
[0.601s] Level 1:colcon.colcon_core.package_discovery:discover_packages(path) discover
[0.601s] Level 1:colcon.colcon_core.package_discovery:discover_packages(path) using defaults
[0.670s] Level 1:colcon.colcon_core.package_discovery:discover_packages(prefix_path) check parameters
[0.670s] Level 1:colcon.colcon_core.package_discovery:discover_packages(prefix_path) discover
[0.674s] DEBUG:colcon.colcon_installed_package_information.package_discovery:Found 7 installed packages in /home/wolfwagen/Undergrad_Minchan_Folder/ROOMBA_PROJECT_1/install
[0.677s] DEBUG:colcon.colcon_installed_package_information.package_discovery:Found 383 installed packages in /opt/ros/humble
[0.680s] Level 1:colcon.colcon_core.package_discovery:discover_packages(prefix_path) using defaults
[0.767s] Level 5:colcon.colcon_core.verb:set package 'first_roomba_pkg' build argument 'cmake_args' from command line to 'None'
[0.768s] Level 5:colcon.colcon_core.verb:set package 'first_roomba_pkg' build argument 'cmake_target' from command line to 'None'
[0.768s] Level 5:colcon.colcon_core.verb:set package 'first_roomba_pkg' build argument 'cmake_target_skip_unavailable' from command line to 'False'
[0.768s] Level 5:colcon.colcon_core.verb:set package 'first_roomba_pkg' build argument 'cmake_clean_cache' from command line to 'False'
[0.768s] Level 5:colcon.colcon_core.verb:set package 'first_roomba_pkg' build argument 'cmake_clean_first' from command line to 'False'
[0.768s] Level 5:colcon.colcon_core.verb:set package 'first_roomba_pkg' build argument 'cmake_force_configure' from command line to 'False'
[0.768s] Level 5:colcon.colcon_core.verb:set package 'first_roomba_pkg' build argument 'ament_cmake_args' from command line to 'None'
[0.768s] Level 5:colcon.colcon_core.verb:set package 'first_roomba_pkg' build argument 'catkin_cmake_args' from command line to 'None'
[0.768s] Level 5:colcon.colcon_core.verb:set package 'first_roomba_pkg' build argument 'catkin_skip_building_tests' from command line to 'False'
[0.768s] DEBUG:colcon.colcon_core.verb:Building package 'first_roomba_pkg' with the following arguments: {'ament_cmake_args': None, 'build_base': '/home/wolfwagen/Undergrad_Minchan_Folder/ROOMBA_PROJECT_1/build/first_roomba_pkg', 'catkin_cmake_args': None, 'catkin_skip_building_tests': False, 'cmake_args': None, 'cmake_clean_cache': False, 'cmake_clean_first': False, 'cmake_force_configure': False, 'cmake_target': None, 'cmake_target_skip_unavailable': False, 'install_base': '/home/wolfwagen/Undergrad_Minchan_Folder/ROOMBA_PROJECT_1/install/first_roomba_pkg', 'merge_install': False, 'path': '/home/wolfwagen/Undergrad_Minchan_Folder/ROOMBA_PROJECT_1/roomba_src/first_roomba_pkg', 'symlink_install': False, 'test_result_base': None}
[0.769s] Level 5:colcon.colcon_core.verb:set package 'unitree_lidar_ros2' build argument 'cmake_args' from command line to 'None'
[0.769s] Level 5:colcon.colcon_core.verb:set package 'unitree_lidar_ros2' build argument 'cmake_target' from command line to 'None'
[0.769s] Level 5:colcon.colcon_core.verb:set package 'unitree_lidar_ros2' build argument 'cmake_target_skip_unavailable' from command line to 'False'
[0.769s] Level 5:colcon.colcon_core.verb:set package 'unitree_lidar_ros2' build argument 'cmake_clean_cache' from command line to 'False'
[0.769s] Level 5:colcon.colcon_core.verb:set package 'unitree_lidar_ros2' build argument 'cmake_clean_first' from command line to 'False'
[0.769s] Level 5:colcon.colcon_core.verb:set package 'unitree_lidar_ros2' build argument 'cmake_force_configure' from command line to 'False'
[0.769s] Level 5:colcon.colcon_core.verb:set package 'unitree_lidar_ros2' build argument 'ament_cmake_args' from command line to 'None'
[0.769s] Level 5:colcon.colcon_core.verb:set package 'unitree_lidar_ros2' build argument 'catkin_cmake_args' from command line to 'None'
[0.769s] Level 5:colcon.colcon_core.verb:set package 'unitree_lidar_ros2' build argument 'catkin_skip_building_tests' from command line to 'False'
[0.769s] DEBUG:colcon.colcon_core.verb:Building package 'unitree_lidar_ros2' with the following arguments: {'ament_cmake_args': None, 'build_base': '/home/wolfwagen/Undergrad_Minchan_Folder/ROOMBA_PROJECT_1/build/unitree_lidar_ros2', 'catkin_cmake_args': None, 'catkin_skip_building_tests': False, 'cmake_args': None, 'cmake_clean_cache': False, 'cmake_clean_first': False, 'cmake_force_configure': False, 'cmake_target': None, 'cmake_target_skip_unavailable': False, 'install_base': '/home/wolfwagen/Undergrad_Minchan_Folder/ROOMBA_PROJECT_1/install/unitree_lidar_ros2', 'merge_install': False, 'path': '/home/wolfwagen/Undergrad_Minchan_Folder/ROOMBA_PROJECT_1/roomba_src/unilidar_sdk2/unitree_lidar_ros2/src/unitree_lidar_ros2', 'symlink_install': False, 'test_result_base': None}
[0.770s] Level 5:colcon.colcon_core.verb:set package 'unitree_lidar_sdk' build argument 'cmake_args' from command line to 'None'
[0.770s] Level 5:colcon.colcon_core.verb:set package 'unitree_lidar_sdk' build argument 'cmake_target' from command line to 'None'
[0.770s] Level 5:colcon.colcon_core.verb:set package 'unitree_lidar_sdk' build argument 'cmake_target_skip_unavailable' from command line to 'False'
[0.770s] Level 5:colcon.colcon_core.verb:set package 'unitree_lidar_sdk' build argument 'cmake_clean_cache' from command line to 'False'
[0.770s] Level 5:colcon.colcon_core.verb:set package 'unitree_lidar_sdk' build argument 'cmake_clean_first' from command line to 'False'
[0.770s] Level 5:colcon.colcon_core.verb:set package 'unitree_lidar_sdk' build argument 'cmake_force_configure' from command line to 'False'
[0.770s] Level 5:colcon.colcon_core.verb:set package 'unitree_lidar_sdk' build argument 'ament_cmake_args' from command line to 'None'
[0.770s] Level 5:colcon.colcon_core.verb:set package 'unitree_lidar_sdk' build argument 'catkin_cmake_args' from command line to 'None'
[0.770s] Level 5:colcon.colcon_core.verb:set package 'unitree_lidar_sdk' build argument 'catkin_skip_building_tests' from command line to 'False'
[0.770s] DEBUG:colcon.colcon_core.verb:Building package 'unitree_lidar_sdk' with the following arguments: {'ament_cmake_args': None, 'build_base': '/home/wolfwagen/Undergrad_Minchan_Folder/ROOMBA_PROJECT_1/build/unitree_lidar_sdk', 'catkin_cmake_args': None, 'catkin_skip_building_tests': False, 'cmake_args': None, 'cmake_clean_cache': False, 'cmake_clean_first': False, 'cmake_force_configure': False, 'cmake_target': None, 'cmake_target_skip_unavailable': False, 'install_base': '/home/wolfwagen/Undergrad_Minchan_Folder/ROOMBA_PROJECT_1/install/unitree_lidar_sdk', 'merge_install': False, 'path': '/home/wolfwagen/Undergrad_Minchan_Folder/ROOMBA_PROJECT_1/roomba_src/unilidar_sdk2/unitree_lidar_sdk', 'symlink_install': False, 'test_result_base': None}
[0.771s] Level 5:colcon.colcon_core.verb:set package 'zed_components' build argument 'cmake_args' from command line to 'None'
[0.771s] Level 5:colcon.colcon_core.verb:set package 'zed_components' build argument 'cmake_target' from command line to 'None'
[0.771s] Level 5:colcon.colcon_core.verb:set package 'zed_components' build argument 'cmake_target_skip_unavailable' from command line to 'False'
[0.771s] Level 5:colcon.colcon_core.verb:set package 'zed_components' build argument 'cmake_clean_cache' from command line to 'False'
[0.771s] Level 5:colcon.colcon_core.verb:set package 'zed_components' build argument 'cmake_clean_first' from command line to 'False'
[0.771s] Level 5:colcon.colcon_core.verb:set package 'zed_components' build argument 'cmake_force_configure' from command line to 'False'
[0.771s] Level 5:colcon.colcon_core.verb:set package 'zed_components' build argument 'ament_cmake_args' from command line to 'None'
[0.771s] Level 5:colcon.colcon_core.verb:set package 'zed_components' build argument 'catkin_cmake_args' from command line to 'None'
[0.771s] Level 5:colcon.colcon_core.verb:set package 'zed_components' build argument 'catkin_skip_building_tests' from command line to 'False'
[0.771s] DEBUG:colcon.colcon_core.verb:Building package 'zed_components' with the following arguments: {'ament_cmake_args': None, 'build_base': '/home/wolfwagen/Undergrad_Minchan_Folder/ROOMBA_PROJECT_1/build/zed_components', 'catkin_cmake_args': None, 'catkin_skip_building_tests': False, 'cmake_args': None, 'cmake_clean_cache': False, 'cmake_clean_first': False, 'cmake_force_configure': False, 'cmake_target': None, 'cmake_target_skip_unavailable': False, 'install_base': '/home/wolfwagen/Undergrad_Minchan_Folder/ROOMBA_PROJECT_1/install/zed_components', 'merge_install': False, 'path': '/home/wolfwagen/Undergrad_Minchan_Folder/ROOMBA_PROJECT_1/roomba_src/zed-ros2-wrapper/zed_components', 'symlink_install': False, 'test_result_base': None}
[0.772s] Level 5:colcon.colcon_core.verb:set package 'zed_wrapper' build argument 'cmake_args' from command line to 'None'
[0.772s] Level 5:colcon.colcon_core.verb:set package 'zed_wrapper' build argument 'cmake_target' from command line to 'None'
[0.772s] Level 5:colcon.colcon_core.verb:set package 'zed_wrapper' build argument 'cmake_target_skip_unavailable' from command line to 'False'
[0.772s] Level 5:colcon.colcon_core.verb:set package 'zed_wrapper' build argument 'cmake_clean_cache' from command line to 'False'
[0.772s] Level 5:colcon.colcon_core.verb:set package 'zed_wrapper' build argument 'cmake_clean_first' from command line to 'False'
[0.772s] Level 5:colcon.colcon_core.verb:set package 'zed_wrapper' build argument 'cmake_force_configure' from command line to 'False'
[0.772s] Level 5:colcon.colcon_core.verb:set package 'zed_wrapper' build argument 'ament_cmake_args' from command line to 'None'
[0.772s] Level 5:colcon.colcon_core.verb:set package 'zed_wrapper' build argument 'catkin_cmake_args' from command line to 'None'
[0.772s] Level 5:colcon.colcon_core.verb:set package 'zed_wrapper' build argument 'catkin_skip_building_tests' from command line to 'False'
[0.772s] DEBUG:colcon.colcon_core.verb:Building package 'zed_wrapper' with the following arguments: {'ament_cmake_args': None, 'build_base': '/home/wolfwagen/Undergrad_Minchan_Folder/ROOMBA_PROJECT_1/build/zed_wrapper', 'catkin_cmake_args': None, 'catkin_skip_building_tests': False, 'cmake_args': None, 'cmake_clean_cache': False, 'cmake_clean_first': False, 'cmake_force_configure': False, 'cmake_target': None, 'cmake_target_skip_unavailable': False, 'install_base': '/home/wolfwagen/Undergrad_Minchan_Folder/ROOMBA_PROJECT_1/install/zed_wrapper', 'merge_install': False, 'path': '/home/wolfwagen/Undergrad_Minchan_Folder/ROOMBA_PROJECT_1/roomba_src/zed-ros2-wrapper/zed_wrapper', 'symlink_install': False, 'test_result_base': None}
[0.773s] Level 5:colcon.colcon_core.verb:set package 'zed_ros2' build argument 'cmake_args' from command line to 'None'
[0.773s] Level 5:colcon.colcon_core.verb:set package 'zed_ros2' build argument 'cmake_target' from command line to 'None'
[0.773s] Level 5:colcon.colcon_core.verb:set package 'zed_ros2' build argument 'cmake_target_skip_unavailable' from command line to 'False'
[0.773s] Level 5:colcon.colcon_core.verb:set package 'zed_ros2' build argument 'cmake_clean_cache' from command line to 'False'
[0.773s] Level 5:colcon.colcon_core.verb:set package 'zed_ros2' build argument 'cmake_clean_first' from command line to 'False'
[0.773s] Level 5:colcon.colcon_core.verb:set package 'zed_ros2' build argument 'cmake_force_configure' from command line to 'False'
[0.773s] Level 5:colcon.colcon_core.verb:set package 'zed_ros2' build argument 'ament_cmake_args' from command line to 'None'
[0.773s] Level 5:colcon.colcon_core.verb:set package 'zed_ros2' build argument 'catkin_cmake_args' from command line to 'None'
[0.773s] Level 5:colcon.colcon_core.verb:set package 'zed_ros2' build argument 'catkin_skip_building_tests' from command line to 'False'
[0.773s] DEBUG:colcon.colcon_core.verb:Building package 'zed_ros2' with the following arguments: {'ament_cmake_args': None, 'build_base': '/home/wolfwagen/Undergrad_Minchan_Folder/ROOMBA_PROJECT_1/build/zed_ros2', 'catkin_cmake_args': None, 'catkin_skip_building_tests': False, 'cmake_args': None, 'cmake_clean_cache': False, 'cmake_clean_first': False, 'cmake_force_configure': False, 'cmake_target': None, 'cmake_target_skip_unavailable': False, 'install_base': '/home/wolfwagen/Undergrad_Minchan_Folder/ROOMBA_PROJECT_1/install/zed_ros2', 'merge_install': False, 'path': '/home/wolfwagen/Undergrad_Minchan_Folder/ROOMBA_PROJECT_1/roomba_src/zed-ros2-wrapper/zed_ros2', 'symlink_install': False, 'test_result_base': None}
[0.774s] INFO:colcon.colcon_core.executor:Executing jobs using 'parallel' executor
[0.776s] DEBUG:colcon.colcon_parallel_executor.executor.parallel:run_until_complete
[0.777s] INFO:colcon.colcon_ros.task.ament_cmake.build:Building ROS package in '/home/wolfwagen/Undergrad_Minchan_Folder/ROOMBA_PROJECT_1/roomba_src/zed-ros2-wrapper/zed_components' with build type 'ament_cmake'
[0.777s] INFO:colcon.colcon_cmake.task.cmake.build:Building CMake package in '/home/wolfwagen/Undergrad_Minchan_Folder/ROOMBA_PROJECT_1/roomba_src/zed-ros2-wrapper/zed_components'
[0.781s] INFO:colcon.colcon_core.plugin_system:Skipping extension 'colcon_core.shell.bat': Not used on non-Windows systems
[0.781s] INFO:colcon.colcon_core.shell:Skip shell extension 'powershell' for command environment: Not usable outside of PowerShell
[0.781s] DEBUG:colcon.colcon_core.shell:Skip shell extension 'dsv' for command environment
[0.788s] INFO:colcon.colcon_ros.task.ament_python.build:Building ROS package in '/home/wolfwagen/Undergrad_Minchan_Folder/ROOMBA_PROJECT_1/roomba_src/first_roomba_pkg' with build type 'ament_python'
[0.789s] Level 1:colcon.colcon_core.shell:create_environment_hook('first_roomba_pkg', 'ament_prefix_path')
[0.789s] INFO:colcon.colcon_core.shell:Creating environment hook '/home/wolfwagen/Undergrad_Minchan_Folder/ROOMBA_PROJECT_1/install/first_roomba_pkg/share/first_roomba_pkg/hook/ament_prefix_path.ps1'
[0.791s] INFO:colcon.colcon_core.shell:Creating environment descriptor '/home/wolfwagen/Undergrad_Minchan_Folder/ROOMBA_PROJECT_1/install/first_roomba_pkg/share/first_roomba_pkg/hook/ament_prefix_path.dsv'
[0.791s] INFO:colcon.colcon_core.shell:Creating environment hook '/home/wolfwagen/Undergrad_Minchan_Folder/ROOMBA_PROJECT_1/install/first_roomba_pkg/share/first_roomba_pkg/hook/ament_prefix_path.sh'
[0.793s] INFO:colcon.colcon_core.shell:Skip shell extension 'powershell' for command environment: Not usable outside of PowerShell
[0.793s] DEBUG:colcon.colcon_core.shell:Skip shell extension 'dsv' for command environment
[0.799s] INFO:colcon.colcon_ros.task.ament_cmake.build:Building ROS package in '/home/wolfwagen/Undergrad_Minchan_Folder/ROOMBA_PROJECT_1/roomba_src/unilidar_sdk2/unitree_lidar_ros2/src/unitree_lidar_ros2' with build type 'ament_cmake'
[0.799s] INFO:colcon.colcon_cmake.task.cmake.build:Building CMake package in '/home/wolfwagen/Undergrad_Minchan_Folder/ROOMBA_PROJECT_1/roomba_src/unilidar_sdk2/unitree_lidar_ros2/src/unitree_lidar_ros2'
[0.800s] INFO:colcon.colcon_core.shell:Skip shell extension 'powershell' for command environment: Not usable outside of PowerShell
[0.800s] DEBUG:colcon.colcon_core.shell:Skip shell extension 'dsv' for command environment
[0.807s] INFO:colcon.colcon_cmake.task.cmake.build:Building CMake package in '/home/wolfwagen/Undergrad_Minchan_Folder/ROOMBA_PROJECT_1/roomba_src/unilidar_sdk2/unitree_lidar_sdk'
[0.807s] INFO:colcon.colcon_core.shell:Skip shell extension 'powershell' for command environment: Not usable outside of PowerShell
[0.808s] DEBUG:colcon.colcon_core.shell:Skip shell extension 'dsv' for command environment
[0.823s] DEBUG:colcon.colcon_core.event_handler.log_command:Invoking command in '/home/wolfwagen/Undergrad_Minchan_Folder/ROOMBA_PROJECT_1/build/zed_components': CMAKE_PREFIX_PATH=${CMAKE_PREFIX_PATH}:/home/wolfwagen/Undergrad_Minchan_Folder/ROOMBA_PROJECT_1/install/first_roomba_pkg:/opt/ros/humble /usr/bin/cmake --build /home/wolfwagen/Undergrad_Minchan_Folder/ROOMBA_PROJECT_1/build/zed_components -- -j6 -l6
[1.349s] INFO:colcon.colcon_core.task.python.build:Building Python package in '/home/wolfwagen/Undergrad_Minchan_Folder/ROOMBA_PROJECT_1/roomba_src/first_roomba_pkg'
[1.349s] INFO:colcon.colcon_core.shell:Skip shell extension 'powershell' for command environment: Not usable outside of PowerShell
[1.350s] DEBUG:colcon.colcon_core.shell:Skip shell extension 'dsv' for command environment
[1.365s] DEBUG:colcon.colcon_core.event_handler.log_command:Invoking command in '/home/wolfwagen/Undergrad_Minchan_Folder/ROOMBA_PROJECT_1/build/unitree_lidar_ros2': CMAKE_PREFIX_PATH=${CMAKE_PREFIX_PATH}:/home/wolfwagen/Undergrad_Minchan_Folder/ROOMBA_PROJECT_1/install/first_roomba_pkg:/opt/ros/humble /usr/bin/cmake --build /home/wolfwagen/Undergrad_Minchan_Folder/ROOMBA_PROJECT_1/build/unitree_lidar_ros2 -- -j6 -l6
[1.371s] DEBUG:colcon.colcon_core.event_handler.log_command:Invoked command in '/home/wolfwagen/Undergrad_Minchan_Folder/ROOMBA_PROJECT_1/build/zed_components' returned '0': CMAKE_PREFIX_PATH=${CMAKE_PREFIX_PATH}:/home/wolfwagen/Undergrad_Minchan_Folder/ROOMBA_PROJECT_1/install/first_roomba_pkg:/opt/ros/humble /usr/bin/cmake --build /home/wolfwagen/Undergrad_Minchan_Folder/ROOMBA_PROJECT_1/build/zed_components -- -j6 -l6
[1.392s] DEBUG:colcon.colcon_core.event_handler.log_command:Invoking command in '/home/wolfwagen/Undergrad_Minchan_Folder/ROOMBA_PROJECT_1/build/zed_components': CMAKE_PREFIX_PATH=${CMAKE_PREFIX_PATH}:/home/wolfwagen/Undergrad_Minchan_Folder/ROOMBA_PROJECT_1/install/first_roomba_pkg:/opt/ros/humble /usr/bin/cmake --install /home/wolfwagen/Undergrad_Minchan_Folder/ROOMBA_PROJECT_1/build/zed_components
[1.397s] DEBUG:colcon.colcon_core.event_handler.log_command:Invoking command in '/home/wolfwagen/Undergrad_Minchan_Folder/ROOMBA_PROJECT_1/build/unitree_lidar_sdk': /usr/bin/cmake --build /home/wolfwagen/Undergrad_Minchan_Folder/ROOMBA_PROJECT_1/build/unitree_lidar_sdk -- -j6 -l6
[1.436s] Level 1:colcon.colcon_core.environment:create_environment_scripts_only(zed_components)
[1.437s] DEBUG:colcon.colcon_core.event_handler.log_command:Invoked command in '/home/wolfwagen/Undergrad_Minchan_Folder/ROOMBA_PROJECT_1/build/zed_components' returned '0': CMAKE_PREFIX_PATH=${CMAKE_PREFIX_PATH}:/home/wolfwagen/Undergrad_Minchan_Folder/ROOMBA_PROJECT_1/install/first_roomba_pkg:/opt/ros/humble /usr/bin/cmake --install /home/wolfwagen/Undergrad_Minchan_Folder/ROOMBA_PROJECT_1/build/zed_components
[1.441s] Level 1:colcon.colcon_core.environment:checking '/home/wolfwagen/Undergrad_Minchan_Folder/ROOMBA_PROJECT_1/install/zed_components' for CMake module files
[1.442s] Level 1:colcon.colcon_core.environment:checking '/home/wolfwagen/Undergrad_Minchan_Folder/ROOMBA_PROJECT_1/install/zed_components' for CMake config files
[1.443s] Level 1:colcon.colcon_core.shell:create_environment_hook('zed_components', 'cmake_prefix_path')
[1.444s] INFO:colcon.colcon_core.shell:Creating environment hook '/home/wolfwagen/Undergrad_Minchan_Folder/ROOMBA_PROJECT_1/install/zed_components/share/zed_components/hook/cmake_prefix_path.ps1'
[1.445s] INFO:colcon.colcon_core.shell:Creating environment descriptor '/home/wolfwagen/Undergrad_Minchan_Folder/ROOMBA_PROJECT_1/install/zed_components/share/zed_components/hook/cmake_prefix_path.dsv'
[1.446s] INFO:colcon.colcon_core.shell:Creating environment hook '/home/wolfwagen/Undergrad_Minchan_Folder/ROOMBA_PROJECT_1/install/zed_components/share/zed_components/hook/cmake_prefix_path.sh'
[1.447s] Level 1:colcon.colcon_core.environment:checking '/home/wolfwagen/Undergrad_Minchan_Folder/ROOMBA_PROJECT_1/install/zed_components/lib'
[1.448s] Level 1:colcon.colcon_core.shell:create_environment_hook('zed_components', 'ld_library_path_lib')
[1.448s] INFO:colcon.colcon_core.shell:Creating environment hook '/home/wolfwagen/Undergrad_Minchan_Folder/ROOMBA_PROJECT_1/install/zed_components/share/zed_components/hook/ld_library_path_lib.ps1'
[1.450s] INFO:colcon.colcon_core.shell:Creating environment descriptor '/home/wolfwagen/Undergrad_Minchan_Folder/ROOMBA_PROJECT_1/install/zed_components/share/zed_components/hook/ld_library_path_lib.dsv'
[1.450s] INFO:colcon.colcon_core.shell:Creating environment hook '/home/wolfwagen/Undergrad_Minchan_Folder/ROOMBA_PROJECT_1/install/zed_components/share/zed_components/hook/ld_library_path_lib.sh'
[1.451s] Level 1:colcon.colcon_core.environment:checking '/home/wolfwagen/Undergrad_Minchan_Folder/ROOMBA_PROJECT_1/install/zed_components/bin'
[1.452s] Level 1:colcon.colcon_core.environment:checking '/home/wolfwagen/Undergrad_Minchan_Folder/ROOMBA_PROJECT_1/install/zed_components/lib/pkgconfig/zed_components.pc'
[1.452s] Level 1:colcon.colcon_core.environment:checking '/home/wolfwagen/Undergrad_Minchan_Folder/ROOMBA_PROJECT_1/install/zed_components/lib/python3.10/site-packages'
[1.453s] Level 1:colcon.colcon_core.environment:checking '/home/wolfwagen/Undergrad_Minchan_Folder/ROOMBA_PROJECT_1/install/zed_components/bin'
[1.453s] INFO:colcon.colcon_core.shell:Creating package script '/home/wolfwagen/Undergrad_Minchan_Folder/ROOMBA_PROJECT_1/install/zed_components/share/zed_components/package.ps1'
[1.456s] INFO:colcon.colcon_core.shell:Creating package descriptor '/home/wolfwagen/Undergrad_Minchan_Folder/ROOMBA_PROJECT_1/install/zed_components/share/zed_components/package.dsv'
[1.457s] INFO:colcon.colcon_core.shell:Creating package script '/home/wolfwagen/Undergrad_Minchan_Folder/ROOMBA_PROJECT_1/install/zed_components/share/zed_components/package.sh'
[1.459s] INFO:colcon.colcon_core.shell:Creating package script '/home/wolfwagen/Undergrad_Minchan_Folder/ROOMBA_PROJECT_1/install/zed_components/share/zed_components/package.bash'
[1.460s] INFO:colcon.colcon_core.shell:Creating package script '/home/wolfwagen/Undergrad_Minchan_Folder/ROOMBA_PROJECT_1/install/zed_components/share/zed_components/package.zsh'
[1.461s] Level 1:colcon.colcon_core.environment:create_file_with_runtime_dependencies(/home/wolfwagen/Undergrad_Minchan_Folder/ROOMBA_PROJECT_1/install/zed_components/share/colcon-core/packages/zed_components)
[1.463s] Level 1:colcon.colcon_core.environment:create_environment_scripts_only(zed_components)
[1.465s] Level 1:colcon.colcon_core.environment:checking '/home/wolfwagen/Undergrad_Minchan_Folder/ROOMBA_PROJECT_1/install/zed_components' for CMake module files
[1.467s] Level 1:colcon.colcon_core.environment:checking '/home/wolfwagen/Undergrad_Minchan_Folder/ROOMBA_PROJECT_1/install/zed_components' for CMake config files
[1.467s] Level 1:colcon.colcon_core.shell:create_environment_hook('zed_components', 'cmake_prefix_path')
[1.468s] INFO:colcon.colcon_core.shell:Creating environment hook '/home/wolfwagen/Undergrad_Minchan_Folder/ROOMBA_PROJECT_1/install/zed_components/share/zed_components/hook/cmake_prefix_path.ps1'
[1.469s] INFO:colcon.colcon_core.shell:Creating environment descriptor '/home/wolfwagen/Undergrad_Minchan_Folder/ROOMBA_PROJECT_1/install/zed_components/share/zed_components/hook/cmake_prefix_path.dsv'
[1.470s] INFO:colcon.colcon_core.shell:Creating environment hook '/home/wolfwagen/Undergrad_Minchan_Folder/ROOMBA_PROJECT_1/install/zed_components/share/zed_components/hook/cmake_prefix_path.sh'
[1.471s] Level 1:colcon.colcon_core.environment:checking '/home/wolfwagen/Undergrad_Minchan_Folder/ROOMBA_PROJECT_1/install/zed_components/lib'
[1.471s] Level 1:colcon.colcon_core.shell:create_environment_hook('zed_components', 'ld_library_path_lib')
[1.472s] INFO:colcon.colcon_core.shell:Creating environment hook '/home/wolfwagen/Undergrad_Minchan_Folder/ROOMBA_PROJECT_1/install/zed_components/share/zed_components/hook/ld_library_path_lib.ps1'
[1.473s] INFO:colcon.colcon_core.shell:Creating environment descriptor '/home/wolfwagen/Undergrad_Minchan_Folder/ROOMBA_PROJECT_1/install/zed_components/share/zed_components/hook/ld_library_path_lib.dsv'
[1.474s] INFO:colcon.colcon_core.shell:Creating environment hook '/home/wolfwagen/Undergrad_Minchan_Folder/ROOMBA_PROJECT_1/install/zed_components/share/zed_components/hook/ld_library_path_lib.sh'
[1.474s] Level 1:colcon.colcon_core.environment:checking '/home/wolfwagen/Undergrad_Minchan_Folder/ROOMBA_PROJECT_1/install/zed_components/bin'
[1.475s] Level 1:colcon.colcon_core.environment:checking '/home/wolfwagen/Undergrad_Minchan_Folder/ROOMBA_PROJECT_1/install/zed_components/lib/pkgconfig/zed_components.pc'
[1.475s] Level 1:colcon.colcon_core.environment:checking '/home/wolfwagen/Undergrad_Minchan_Folder/ROOMBA_PROJECT_1/install/zed_components/lib/python3.10/site-packages'
[1.476s] Level 1:colcon.colcon_core.environment:checking '/home/wolfwagen/Undergrad_Minchan_Folder/ROOMBA_PROJECT_1/install/zed_components/bin'
[1.476s] INFO:colcon.colcon_core.shell:Creating package script '/home/wolfwagen/Undergrad_Minchan_Folder/ROOMBA_PROJECT_1/install/zed_components/share/zed_components/package.ps1'
[1.478s] INFO:colcon.colcon_core.shell:Creating package descriptor '/home/wolfwagen/Undergrad_Minchan_Folder/ROOMBA_PROJECT_1/install/zed_components/share/zed_components/package.dsv'
[1.480s] INFO:colcon.colcon_core.shell:Creating package script '/home/wolfwagen/Undergrad_Minchan_Folder/ROOMBA_PROJECT_1/install/zed_components/share/zed_components/package.sh'
[1.481s] INFO:colcon.colcon_core.shell:Creating package script '/home/wolfwagen/Undergrad_Minchan_Folder/ROOMBA_PROJECT_1/install/zed_components/share/zed_components/package.bash'
[1.482s] INFO:colcon.colcon_core.shell:Creating package script '/home/wolfwagen/Undergrad_Minchan_Folder/ROOMBA_PROJECT_1/install/zed_components/share/zed_components/package.zsh'
[1.483s] Level 1:colcon.colcon_core.environment:create_file_with_runtime_dependencies(/home/wolfwagen/Undergrad_Minchan_Folder/ROOMBA_PROJECT_1/install/zed_components/share/colcon-core/packages/zed_components)
[1.485s] INFO:colcon.colcon_ros.task.ament_cmake.build:Building ROS package in '/home/wolfwagen/Undergrad_Minchan_Folder/ROOMBA_PROJECT_1/roomba_src/zed-ros2-wrapper/zed_wrapper' with build type 'ament_cmake'
[1.485s] INFO:colcon.colcon_cmake.task.cmake.build:Building CMake package in '/home/wolfwagen/Undergrad_Minchan_Folder/ROOMBA_PROJECT_1/roomba_src/zed-ros2-wrapper/zed_wrapper'
[1.486s] INFO:colcon.colcon_core.shell:Skip shell extension 'powershell' for command environment: Not usable outside of PowerShell
[1.486s] DEBUG:colcon.colcon_core.shell:Skip shell extension 'dsv' for command environment
[1.507s] DEBUG:colcon.colcon_core.event_handler.log_command:Invoking command in '/home/wolfwagen/Undergrad_Minchan_Folder/ROOMBA_PROJECT_1/build/zed_wrapper': CMAKE_PREFIX_PATH=/home/wolfwagen/Undergrad_Minchan_Folder/ROOMBA_PROJECT_1/install/zed_components:/home/wolfwagen/Undergrad_Minchan_Folder/ROOMBA_PROJECT_1/install/zed_ros2:/home/wolfwagen/Undergrad_Minchan_Folder/ROOMBA_PROJECT_1/install/zed_wrapper:/home/wolfwagen/Undergrad_Minchan_Folder/ROOMBA_PROJECT_1/install/unitree_lidar_ros2:/home/wolfwagen/Undergrad_Minchan_Folder/ROOMBA_PROJECT_1/install/first_roomba_pkg:/opt/ros/humble LD_LIBRARY_PATH=/home/wolfwagen/Undergrad_Minchan_Folder/ROOMBA_PROJECT_1/install/zed_components/lib:/opt/ros/humble/opt/rviz_ogre_vendor/lib:/opt/ros/humble/lib/aarch64-linux-gnu:/opt/ros/humble/lib:/usr/local/cuda-12.6/lib64 /usr/bin/cmake --build /home/wolfwagen/Undergrad_Minchan_Folder/ROOMBA_PROJECT_1/build/zed_wrapper -- -j6 -l6
[1.535s] DEBUG:colcon.colcon_core.event_handler.log_command:Invoked command in '/home/wolfwagen/Undergrad_Minchan_Folder/ROOMBA_PROJECT_1/build/unitree_lidar_ros2' returned '0': CMAKE_PREFIX_PATH=${CMAKE_PREFIX_PATH}:/home/wolfwagen/Undergrad_Minchan_Folder/ROOMBA_PROJECT_1/install/first_roomba_pkg:/opt/ros/humble /usr/bin/cmake --build /home/wolfwagen/Undergrad_Minchan_Folder/ROOMBA_PROJECT_1/build/unitree_lidar_ros2 -- -j6 -l6
[1.540s] DEBUG:colcon.colcon_core.event_handler.log_command:Invoking command in '/home/wolfwagen/Undergrad_Minchan_Folder/ROOMBA_PROJECT_1/build/unitree_lidar_ros2': CMAKE_PREFIX_PATH=${CMAKE_PREFIX_PATH}:/home/wolfwagen/Undergrad_Minchan_Folder/ROOMBA_PROJECT_1/install/first_roomba_pkg:/opt/ros/humble /usr/bin/cmake --install /home/wolfwagen/Undergrad_Minchan_Folder/ROOMBA_PROJECT_1/build/unitree_lidar_ros2
[1.560s] WARNING:colcon.colcon_cmake.task.cmake.build:Could not run installation step for package 'unitree_lidar_sdk' because it has no 'install' target
[1.561s] Level 1:colcon.colcon_core.environment:create_environment_scripts_only(unitree_lidar_sdk)
[1.561s] Level 1:colcon.colcon_core.environment:checking '/home/wolfwagen/Undergrad_Minchan_Folder/ROOMBA_PROJECT_1/install/unitree_lidar_sdk' for CMake module files
[1.562s] DEBUG:colcon.colcon_core.event_handler.log_command:Invoked command in '/home/wolfwagen/Undergrad_Minchan_Folder/ROOMBA_PROJECT_1/build/unitree_lidar_sdk' returned '0': /usr/bin/cmake --build /home/wolfwagen/Undergrad_Minchan_Folder/ROOMBA_PROJECT_1/build/unitree_lidar_sdk -- -j6 -l6
[1.563s] Level 1:colcon.colcon_core.environment:checking '/home/wolfwagen/Undergrad_Minchan_Folder/ROOMBA_PROJECT_1/install/unitree_lidar_sdk' for CMake config files
[1.564s] Level 1:colcon.colcon_core.environment:checking '/home/wolfwagen/Undergrad_Minchan_Folder/ROOMBA_PROJECT_1/install/unitree_lidar_sdk/bin'
[1.564s] Level 1:colcon.colcon_core.environment:checking '/home/wolfwagen/Undergrad_Minchan_Folder/ROOMBA_PROJECT_1/install/unitree_lidar_sdk/lib/pkgconfig/unitree_lidar_sdk.pc'
[1.565s] Level 1:colcon.colcon_core.environment:checking '/home/wolfwagen/Undergrad_Minchan_Folder/ROOMBA_PROJECT_1/install/unitree_lidar_sdk/lib/python3.10/site-packages'
[1.565s] Level 1:colcon.colcon_core.environment:checking '/home/wolfwagen/Undergrad_Minchan_Folder/ROOMBA_PROJECT_1/install/unitree_lidar_sdk/bin'
[1.566s] INFO:colcon.colcon_core.shell:Creating package script '/home/wolfwagen/Undergrad_Minchan_Folder/ROOMBA_PROJECT_1/install/unitree_lidar_sdk/share/unitree_lidar_sdk/package.ps1'
[1.568s] INFO:colcon.colcon_core.shell:Creating package descriptor '/home/wolfwagen/Undergrad_Minchan_Folder/ROOMBA_PROJECT_1/install/unitree_lidar_sdk/share/unitree_lidar_sdk/package.dsv'
[1.568s] INFO:colcon.colcon_core.shell:Creating package script '/home/wolfwagen/Undergrad_Minchan_Folder/ROOMBA_PROJECT_1/install/unitree_lidar_sdk/share/unitree_lidar_sdk/package.sh'
[1.569s] INFO:colcon.colcon_core.shell:Creating package script '/home/wolfwagen/Undergrad_Minchan_Folder/ROOMBA_PROJECT_1/install/unitree_lidar_sdk/share/unitree_lidar_sdk/package.bash'
[1.570s] INFO:colcon.colcon_core.shell:Creating package script '/home/wolfwagen/Undergrad_Minchan_Folder/ROOMBA_PROJECT_1/install/unitree_lidar_sdk/share/unitree_lidar_sdk/package.zsh'
[1.570s] Level 1:colcon.colcon_core.environment:create_file_with_runtime_dependencies(/home/wolfwagen/Undergrad_Minchan_Folder/ROOMBA_PROJECT_1/install/unitree_lidar_sdk/share/colcon-core/packages/unitree_lidar_sdk)
[1.583s] Level 1:colcon.colcon_core.environment:create_environment_scripts_only(unitree_lidar_ros2)
[1.584s] Level 1:colcon.colcon_core.environment:checking '/home/wolfwagen/Undergrad_Minchan_Folder/ROOMBA_PROJECT_1/install/unitree_lidar_ros2' for CMake module files
[1.585s] Level 1:colcon.colcon_core.environment:checking '/home/wolfwagen/Undergrad_Minchan_Folder/ROOMBA_PROJECT_1/install/unitree_lidar_ros2' for CMake config files
[1.586s] Level 1:colcon.colcon_core.shell:create_environment_hook('unitree_lidar_ros2', 'cmake_prefix_path')
[1.587s] INFO:colcon.colcon_core.shell:Creating environment hook '/home/wolfwagen/Undergrad_Minchan_Folder/ROOMBA_PROJECT_1/install/unitree_lidar_ros2/share/unitree_lidar_ros2/hook/cmake_prefix_path.ps1'
[1.588s] DEBUG:colcon.colcon_core.event_handler.log_command:Invoked command in '/home/wolfwagen/Undergrad_Minchan_Folder/ROOMBA_PROJECT_1/build/unitree_lidar_ros2' returned '0': CMAKE_PREFIX_PATH=${CMAKE_PREFIX_PATH}:/home/wolfwagen/Undergrad_Minchan_Folder/ROOMBA_PROJECT_1/install/first_roomba_pkg:/opt/ros/humble /usr/bin/cmake --install /home/wolfwagen/Undergrad_Minchan_Folder/ROOMBA_PROJECT_1/build/unitree_lidar_ros2
[1.590s] INFO:colcon.colcon_core.shell:Creating environment descriptor '/home/wolfwagen/Undergrad_Minchan_Folder/ROOMBA_PROJECT_1/install/unitree_lidar_ros2/share/unitree_lidar_ros2/hook/cmake_prefix_path.dsv'
[1.591s] INFO:colcon.colcon_core.shell:Creating environment hook '/home/wolfwagen/Undergrad_Minchan_Folder/ROOMBA_PROJECT_1/install/unitree_lidar_ros2/share/unitree_lidar_ros2/hook/cmake_prefix_path.sh'
[1.592s] Level 1:colcon.colcon_core.environment:checking '/home/wolfwagen/Undergrad_Minchan_Folder/ROOMBA_PROJECT_1/install/unitree_lidar_ros2/lib'
[1.592s] Level 1:colcon.colcon_core.environment:checking '/home/wolfwagen/Undergrad_Minchan_Folder/ROOMBA_PROJECT_1/install/unitree_lidar_ros2/bin'
[1.593s] Level 1:colcon.colcon_core.environment:checking '/home/wolfwagen/Undergrad_Minchan_Folder/ROOMBA_PROJECT_1/install/unitree_lidar_ros2/lib/pkgconfig/unitree_lidar_ros2.pc'
[1.593s] Level 1:colcon.colcon_core.environment:checking '/home/wolfwagen/Undergrad_Minchan_Folder/ROOMBA_PROJECT_1/install/unitree_lidar_ros2/lib/python3.10/site-packages'
[1.594s] Level 1:colcon.colcon_core.environment:checking '/home/wolfwagen/Undergrad_Minchan_Folder/ROOMBA_PROJECT_1/install/unitree_lidar_ros2/bin'
[1.595s] INFO:colcon.colcon_core.shell:Creating package script '/home/wolfwagen/Undergrad_Minchan_Folder/ROOMBA_PROJECT_1/install/unitree_lidar_ros2/share/unitree_lidar_ros2/package.ps1'
[1.596s] INFO:colcon.colcon_core.shell:Creating package descriptor '/home/wolfwagen/Undergrad_Minchan_Folder/ROOMBA_PROJECT_1/install/unitree_lidar_ros2/share/unitree_lidar_ros2/package.dsv'
[1.598s] INFO:colcon.colcon_core.shell:Creating package script '/home/wolfwagen/Undergrad_Minchan_Folder/ROOMBA_PROJECT_1/install/unitree_lidar_ros2/share/unitree_lidar_ros2/package.sh'
[1.599s] INFO:colcon.colcon_core.shell:Creating package script '/home/wolfwagen/Undergrad_Minchan_Folder/ROOMBA_PROJECT_1/install/unitree_lidar_ros2/share/unitree_lidar_ros2/package.bash'
[1.600s] INFO:colcon.colcon_core.shell:Creating package script '/home/wolfwagen/Undergrad_Minchan_Folder/ROOMBA_PROJECT_1/install/unitree_lidar_ros2/share/unitree_lidar_ros2/package.zsh'
[1.601s] Level 1:colcon.colcon_core.environment:create_file_with_runtime_dependencies(/home/wolfwagen/Undergrad_Minchan_Folder/ROOMBA_PROJECT_1/install/unitree_lidar_ros2/share/colcon-core/packages/unitree_lidar_ros2)
[1.602s] Level 1:colcon.colcon_core.environment:create_environment_scripts_only(unitree_lidar_ros2)
[1.603s] Level 1:colcon.colcon_core.environment:checking '/home/wolfwagen/Undergrad_Minchan_Folder/ROOMBA_PROJECT_1/install/unitree_lidar_ros2' for CMake module files
[1.604s] Level 1:colcon.colcon_core.environment:checking '/home/wolfwagen/Undergrad_Minchan_Folder/ROOMBA_PROJECT_1/install/unitree_lidar_ros2' for CMake config files
[1.605s] Level 1:colcon.colcon_core.shell:create_environment_hook('unitree_lidar_ros2', 'cmake_prefix_path')
[1.606s] INFO:colcon.colcon_core.shell:Creating environment hook '/home/wolfwagen/Undergrad_Minchan_Folder/ROOMBA_PROJECT_1/install/unitree_lidar_ros2/share/unitree_lidar_ros2/hook/cmake_prefix_path.ps1'
[1.607s] INFO:colcon.colcon_core.shell:Creating environment descriptor '/home/wolfwagen/Undergrad_Minchan_Folder/ROOMBA_PROJECT_1/install/unitree_lidar_ros2/share/unitree_lidar_ros2/hook/cmake_prefix_path.dsv'
[1.608s] INFO:colcon.colcon_core.shell:Creating environment hook '/home/wolfwagen/Undergrad_Minchan_Folder/ROOMBA_PROJECT_1/install/unitree_lidar_ros2/share/unitree_lidar_ros2/hook/cmake_prefix_path.sh'
[1.609s] Level 1:colcon.colcon_core.environment:checking '/home/wolfwagen/Undergrad_Minchan_Folder/ROOMBA_PROJECT_1/install/unitree_lidar_ros2/lib'
[1.609s] Level 1:colcon.colcon_core.environment:checking '/home/wolfwagen/Undergrad_Minchan_Folder/ROOMBA_PROJECT_1/install/unitree_lidar_ros2/bin'
[1.609s] Level 1:colcon.colcon_core.environment:checking '/home/wolfwagen/Undergrad_Minchan_Folder/ROOMBA_PROJECT_1/install/unitree_lidar_ros2/lib/pkgconfig/unitree_lidar_ros2.pc'
[1.610s] Level 1:colcon.colcon_core.environment:checking '/home/wolfwagen/Undergrad_Minchan_Folder/ROOMBA_PROJECT_1/install/unitree_lidar_ros2/lib/python3.10/site-packages'
[1.611s] Level 1:colcon.colcon_core.environment:checking '/home/wolfwagen/Undergrad_Minchan_Folder/ROOMBA_PROJECT_1/install/unitree_lidar_ros2/bin'
[1.611s] INFO:colcon.colcon_core.shell:Creating package script '/home/wolfwagen/Undergrad_Minchan_Folder/ROOMBA_PROJECT_1/install/unitree_lidar_ros2/share/unitree_lidar_ros2/package.ps1'
[1.613s] INFO:colcon.colcon_core.shell:Creating package descriptor '/home/wolfwagen/Undergrad_Minchan_Folder/ROOMBA_PROJECT_1/install/unitree_lidar_ros2/share/unitree_lidar_ros2/package.dsv'
[1.614s] INFO:colcon.colcon_core.shell:Creating package script '/home/wolfwagen/Undergrad_Minchan_Folder/ROOMBA_PROJECT_1/install/unitree_lidar_ros2/share/unitree_lidar_ros2/package.sh'
[1.615s] INFO:colcon.colcon_core.shell:Creating package script '/home/wolfwagen/Undergrad_Minchan_Folder/ROOMBA_PROJECT_1/install/unitree_lidar_ros2/share/unitree_lidar_ros2/package.bash'
[1.616s] INFO:colcon.colcon_core.shell:Creating package script '/home/wolfwagen/Undergrad_Minchan_Folder/ROOMBA_PROJECT_1/install/unitree_lidar_ros2/share/unitree_lidar_ros2/package.zsh'
[1.617s] Level 1:colcon.colcon_core.environment:create_file_with_runtime_dependencies(/home/wolfwagen/Undergrad_Minchan_Folder/ROOMBA_PROJECT_1/install/unitree_lidar_ros2/share/colcon-core/packages/unitree_lidar_ros2)
[1.621s] DEBUG:colcon.colcon_core.event_handler.log_command:Invoked command in '/home/wolfwagen/Undergrad_Minchan_Folder/ROOMBA_PROJECT_1/build/zed_wrapper' returned '0': CMAKE_PREFIX_PATH=/home/wolfwagen/Undergrad_Minchan_Folder/ROOMBA_PROJECT_1/install/zed_components:/home/wolfwagen/Undergrad_Minchan_Folder/ROOMBA_PROJECT_1/install/zed_ros2:/home/wolfwagen/Undergrad_Minchan_Folder/ROOMBA_PROJECT_1/install/zed_wrapper:/home/wolfwagen/Undergrad_Minchan_Folder/ROOMBA_PROJECT_1/install/unitree_lidar_ros2:/home/wolfwagen/Undergrad_Minchan_Folder/ROOMBA_PROJECT_1/install/first_roomba_pkg:/opt/ros/humble LD_LIBRARY_PATH=/home/wolfwagen/Undergrad_Minchan_Folder/ROOMBA_PROJECT_1/install/zed_components/lib:/opt/ros/humble/opt/rviz_ogre_vendor/lib:/opt/ros/humble/lib/aarch64-linux-gnu:/opt/ros/humble/lib:/usr/local/cuda-12.6/lib64 /usr/bin/cmake --build /home/wolfwagen/Undergrad_Minchan_Folder/ROOMBA_PROJECT_1/build/zed_wrapper -- -j6 -l6
[1.623s] DEBUG:colcon.colcon_core.event_handler.log_command:Invoking command in '/home/wolfwagen/Undergrad_Minchan_Folder/ROOMBA_PROJECT_1/build/zed_wrapper': CMAKE_PREFIX_PATH=/home/wolfwagen/Undergrad_Minchan_Folder/ROOMBA_PROJECT_1/install/zed_components:/home/wolfwagen/Undergrad_Minchan_Folder/ROOMBA_PROJECT_1/install/zed_ros2:/home/wolfwagen/Undergrad_Minchan_Folder/ROOMBA_PROJECT_1/install/zed_wrapper:/home/wolfwagen/Undergrad_Minchan_Folder/ROOMBA_PROJECT_1/install/unitree_lidar_ros2:/home/wolfwagen/Undergrad_Minchan_Folder/ROOMBA_PROJECT_1/install/first_roomba_pkg:/opt/ros/humble LD_LIBRARY_PATH=/home/wolfwagen/Undergrad_Minchan_Folder/ROOMBA_PROJECT_1/install/zed_components/lib:/opt/ros/humble/opt/rviz_ogre_vendor/lib:/opt/ros/humble/lib/aarch64-linux-gnu:/opt/ros/humble/lib:/usr/local/cuda-12.6/lib64 /usr/bin/cmake --install /home/wolfwagen/Undergrad_Minchan_Folder/ROOMBA_PROJECT_1/build/zed_wrapper
[1.670s] Level 1:colcon.colcon_core.environment:create_environment_scripts_only(zed_wrapper)
[1.671s] Level 1:colcon.colcon_core.environment:checking '/home/wolfwagen/Undergrad_Minchan_Folder/ROOMBA_PROJECT_1/install/zed_wrapper' for CMake module files
[1.672s] DEBUG:colcon.colcon_core.event_handler.log_command:Invoked command in '/home/wolfwagen/Undergrad_Minchan_Folder/ROOMBA_PROJECT_1/build/zed_wrapper' returned '0': CMAKE_PREFIX_PATH=/home/wolfwagen/Undergrad_Minchan_Folder/ROOMBA_PROJECT_1/install/zed_components:/home/wolfwagen/Undergrad_Minchan_Folder/ROOMBA_PROJECT_1/install/zed_ros2:/home/wolfwagen/Undergrad_Minchan_Folder/ROOMBA_PROJECT_1/install/zed_wrapper:/home/wolfwagen/Undergrad_Minchan_Folder/ROOMBA_PROJECT_1/install/unitree_lidar_ros2:/home/wolfwagen/Undergrad_Minchan_Folder/ROOMBA_PROJECT_1/install/first_roomba_pkg:/opt/ros/humble LD_LIBRARY_PATH=/home/wolfwagen/Undergrad_Minchan_Folder/ROOMBA_PROJECT_1/install/zed_components/lib:/opt/ros/humble/opt/rviz_ogre_vendor/lib:/opt/ros/humble/lib/aarch64-linux-gnu:/opt/ros/humble/lib:/usr/local/cuda-12.6/lib64 /usr/bin/cmake --install /home/wolfwagen/Undergrad_Minchan_Folder/ROOMBA_PROJECT_1/build/zed_wrapper
[1.673s] Level 1:colcon.colcon_core.environment:checking '/home/wolfwagen/Undergrad_Minchan_Folder/ROOMBA_PROJECT_1/install/zed_wrapper' for CMake config files
[1.675s] Level 1:colcon.colcon_core.shell:create_environment_hook('zed_wrapper', 'cmake_prefix_path')
[1.676s] INFO:colcon.colcon_core.shell:Creating environment hook '/home/wolfwagen/Undergrad_Minchan_Folder/ROOMBA_PROJECT_1/install/zed_wrapper/share/zed_wrapper/hook/cmake_prefix_path.ps1'
[1.678s] INFO:colcon.colcon_core.shell:Creating environment descriptor '/home/wolfwagen/Undergrad_Minchan_Folder/ROOMBA_PROJECT_1/install/zed_wrapper/share/zed_wrapper/hook/cmake_prefix_path.dsv'
[1.679s] INFO:colcon.colcon_core.shell:Creating environment hook '/home/wolfwagen/Undergrad_Minchan_Folder/ROOMBA_PROJECT_1/install/zed_wrapper/share/zed_wrapper/hook/cmake_prefix_path.sh'
[1.681s] Level 1:colcon.colcon_core.environment:checking '/home/wolfwagen/Undergrad_Minchan_Folder/ROOMBA_PROJECT_1/install/zed_wrapper/bin'
[1.682s] Level 1:colcon.colcon_core.environment:checking '/home/wolfwagen/Undergrad_Minchan_Folder/ROOMBA_PROJECT_1/install/zed_wrapper/lib/pkgconfig/zed_wrapper.pc'
[1.683s] Level 1:colcon.colcon_core.environment:checking '/home/wolfwagen/Undergrad_Minchan_Folder/ROOMBA_PROJECT_1/install/zed_wrapper/lib/python3.10/site-packages'
[1.684s] Level 1:colcon.colcon_core.environment:checking '/home/wolfwagen/Undergrad_Minchan_Folder/ROOMBA_PROJECT_1/install/zed_wrapper/bin'
[1.685s] INFO:colcon.colcon_core.shell:Creating package script '/home/wolfwagen/Undergrad_Minchan_Folder/ROOMBA_PROJECT_1/install/zed_wrapper/share/zed_wrapper/package.ps1'
[1.687s] INFO:colcon.colcon_core.shell:Creating package descriptor '/home/wolfwagen/Undergrad_Minchan_Folder/ROOMBA_PROJECT_1/install/zed_wrapper/share/zed_wrapper/package.dsv'
[1.689s] INFO:colcon.colcon_core.shell:Creating package script '/home/wolfwagen/Undergrad_Minchan_Folder/ROOMBA_PROJECT_1/install/zed_wrapper/share/zed_wrapper/package.sh'
[1.690s] INFO:colcon.colcon_core.shell:Creating package script '/home/wolfwagen/Undergrad_Minchan_Folder/ROOMBA_PROJECT_1/install/zed_wrapper/share/zed_wrapper/package.bash'
[1.692s] INFO:colcon.colcon_core.shell:Creating package script '/home/wolfwagen/Undergrad_Minchan_Folder/ROOMBA_PROJECT_1/install/zed_wrapper/share/zed_wrapper/package.zsh'
[1.693s] Level 1:colcon.colcon_core.environment:create_file_with_runtime_dependencies(/home/wolfwagen/Undergrad_Minchan_Folder/ROOMBA_PROJECT_1/install/zed_wrapper/share/colcon-core/packages/zed_wrapper)
[1.695s] Level 1:colcon.colcon_core.environment:create_environment_scripts_only(zed_wrapper)
[1.696s] Level 1:colcon.colcon_core.environment:checking '/home/wolfwagen/Undergrad_Minchan_Folder/ROOMBA_PROJECT_1/install/zed_wrapper' for CMake module files
[1.697s] Level 1:colcon.colcon_core.environment:checking '/home/wolfwagen/Undergrad_Minchan_Folder/ROOMBA_PROJECT_1/install/zed_wrapper' for CMake config files
[1.699s] Level 1:colcon.colcon_core.shell:create_environment_hook('zed_wrapper', 'cmake_prefix_path')
[1.700s] INFO:colcon.colcon_core.shell:Creating environment hook '/home/wolfwagen/Undergrad_Minchan_Folder/ROOMBA_PROJECT_1/install/zed_wrapper/share/zed_wrapper/hook/cmake_prefix_path.ps1'
[1.701s] INFO:colcon.colcon_core.shell:Creating environment descriptor '/home/wolfwagen/Undergrad_Minchan_Folder/ROOMBA_PROJECT_1/install/zed_wrapper/share/zed_wrapper/hook/cmake_prefix_path.dsv'
[1.702s] INFO:colcon.colcon_core.shell:Creating environment hook '/home/wolfwagen/Undergrad_Minchan_Folder/ROOMBA_PROJECT_1/install/zed_wrapper/share/zed_wrapper/hook/cmake_prefix_path.sh'
[1.704s] Level 1:colcon.colcon_core.environment:checking '/home/wolfwagen/Undergrad_Minchan_Folder/ROOMBA_PROJECT_1/install/zed_wrapper/bin'
[1.704s] Level 1:colcon.colcon_core.environment:checking '/home/wolfwagen/Undergrad_Minchan_Folder/ROOMBA_PROJECT_1/install/zed_wrapper/lib/pkgconfig/zed_wrapper.pc'
[1.705s] Level 1:colcon.colcon_core.environment:checking '/home/wolfwagen/Undergrad_Minchan_Folder/ROOMBA_PROJECT_1/install/zed_wrapper/lib/python3.10/site-packages'
[1.706s] Level 1:colcon.colcon_core.environment:checking '/home/wolfwagen/Undergrad_Minchan_Folder/ROOMBA_PROJECT_1/install/zed_wrapper/bin'
[1.707s] INFO:colcon.colcon_core.shell:Creating package script '/home/wolfwagen/Undergrad_Minchan_Folder/ROOMBA_PROJECT_1/install/zed_wrapper/share/zed_wrapper/package.ps1'
[1.709s] INFO:colcon.colcon_core.shell:Creating package descriptor '/home/wolfwagen/Undergrad_Minchan_Folder/ROOMBA_PROJECT_1/install/zed_wrapper/share/zed_wrapper/package.dsv'
[1.710s] INFO:colcon.colcon_core.shell:Creating package script '/home/wolfwagen/Undergrad_Minchan_Folder/ROOMBA_PROJECT_1/install/zed_wrapper/share/zed_wrapper/package.sh'
[1.712s] INFO:colcon.colcon_core.shell:Creating package script '/home/wolfwagen/Undergrad_Minchan_Folder/ROOMBA_PROJECT_1/install/zed_wrapper/share/zed_wrapper/package.bash'
[1.713s] INFO:colcon.colcon_core.shell:Creating package script '/home/wolfwagen/Undergrad_Minchan_Folder/ROOMBA_PROJECT_1/install/zed_wrapper/share/zed_wrapper/package.zsh'
[1.714s] Level 1:colcon.colcon_core.environment:create_file_with_runtime_dependencies(/home/wolfwagen/Undergrad_Minchan_Folder/ROOMBA_PROJECT_1/install/zed_wrapper/share/colcon-core/packages/zed_wrapper)
[1.715s] INFO:colcon.colcon_ros.task.ament_cmake.build:Building ROS package in '/home/wolfwagen/Undergrad_Minchan_Folder/ROOMBA_PROJECT_1/roomba_src/zed-ros2-wrapper/zed_ros2' with build type 'ament_cmake'
[1.716s] INFO:colcon.colcon_cmake.task.cmake.build:Building CMake package in '/home/wolfwagen/Undergrad_Minchan_Folder/ROOMBA_PROJECT_1/roomba_src/zed-ros2-wrapper/zed_ros2'
[1.716s] INFO:colcon.colcon_core.shell:Skip shell extension 'powershell' for command environment: Not usable outside of PowerShell
[1.717s] DEBUG:colcon.colcon_core.shell:Skip shell extension 'dsv' for command environment
[1.742s] DEBUG:colcon.colcon_core.event_handler.log_command:Invoking command in '/home/wolfwagen/Undergrad_Minchan_Folder/ROOMBA_PROJECT_1/build/zed_ros2': CMAKE_PREFIX_PATH=/home/wolfwagen/Undergrad_Minchan_Folder/ROOMBA_PROJECT_1/install/zed_wrapper:/home/wolfwagen/Undergrad_Minchan_Folder/ROOMBA_PROJECT_1/install/zed_components:/home/wolfwagen/Undergrad_Minchan_Folder/ROOMBA_PROJECT_1/install/zed_ros2:/home/wolfwagen/Undergrad_Minchan_Folder/ROOMBA_PROJECT_1/install/unitree_lidar_ros2:/home/wolfwagen/Undergrad_Minchan_Folder/ROOMBA_PROJECT_1/install/first_roomba_pkg:/opt/ros/humble LD_LIBRARY_PATH=/home/wolfwagen/Undergrad_Minchan_Folder/ROOMBA_PROJECT_1/install/zed_components/lib:/opt/ros/humble/opt/rviz_ogre_vendor/lib:/opt/ros/humble/lib/aarch64-linux-gnu:/opt/ros/humble/lib:/usr/local/cuda-12.6/lib64 /usr/bin/cmake --build /home/wolfwagen/Undergrad_Minchan_Folder/ROOMBA_PROJECT_1/build/zed_ros2 -- -j6 -l6
[1.818s] DEBUG:colcon.colcon_core.event_handler.log_command:Invoked command in '/home/wolfwagen/Undergrad_Minchan_Folder/ROOMBA_PROJECT_1/build/zed_ros2' returned '0': CMAKE_PREFIX_PATH=/home/wolfwagen/Undergrad_Minchan_Folder/ROOMBA_PROJECT_1/install/zed_wrapper:/home/wolfwagen/Undergrad_Minchan_Folder/ROOMBA_PROJECT_1/install/zed_components:/home/wolfwagen/Undergrad_Minchan_Folder/ROOMBA_PROJECT_1/install/zed_ros2:/home/wolfwagen/Undergrad_Minchan_Folder/ROOMBA_PROJECT_1/install/unitree_lidar_ros2:/home/wolfwagen/Undergrad_Minchan_Folder/ROOMBA_PROJECT_1/install/first_roomba_pkg:/opt/ros/humble LD_LIBRARY_PATH=/home/wolfwagen/Undergrad_Minchan_Folder/ROOMBA_PROJECT_1/install/zed_components/lib:/opt/ros/humble/opt/rviz_ogre_vendor/lib:/opt/ros/humble/lib/aarch64-linux-gnu:/opt/ros/humble/lib:/usr/local/cuda-12.6/lib64 /usr/bin/cmake --build /home/wolfwagen/Undergrad_Minchan_Folder/ROOMBA_PROJECT_1/build/zed_ros2 -- -j6 -l6
[1.820s] DEBUG:colcon.colcon_core.event_handler.log_command:Invoking command in '/home/wolfwagen/Undergrad_Minchan_Folder/ROOMBA_PROJECT_1/build/zed_ros2': CMAKE_PREFIX_PATH=/home/wolfwagen/Undergrad_Minchan_Folder/ROOMBA_PROJECT_1/install/zed_wrapper:/home/wolfwagen/Undergrad_Minchan_Folder/ROOMBA_PROJECT_1/install/zed_components:/home/wolfwagen/Undergrad_Minchan_Folder/ROOMBA_PROJECT_1/install/zed_ros2:/home/wolfwagen/Undergrad_Minchan_Folder/ROOMBA_PROJECT_1/install/unitree_lidar_ros2:/home/wolfwagen/Undergrad_Minchan_Folder/ROOMBA_PROJECT_1/install/first_roomba_pkg:/opt/ros/humble LD_LIBRARY_PATH=/home/wolfwagen/Undergrad_Minchan_Folder/ROOMBA_PROJECT_1/install/zed_components/lib:/opt/ros/humble/opt/rviz_ogre_vendor/lib:/opt/ros/humble/lib/aarch64-linux-gnu:/opt/ros/humble/lib:/usr/local/cuda-12.6/lib64 /usr/bin/cmake --install /home/wolfwagen/Undergrad_Minchan_Folder/ROOMBA_PROJECT_1/build/zed_ros2
[1.857s] Level 1:colcon.colcon_core.environment:create_environment_scripts_only(zed_ros2)
[1.858s] Level 1:colcon.colcon_core.environment:checking '/home/wolfwagen/Undergrad_Minchan_Folder/ROOMBA_PROJECT_1/install/zed_ros2' for CMake module files
[1.859s] DEBUG:colcon.colcon_core.event_handler.log_command:Invoked command in '/home/wolfwagen/Undergrad_Minchan_Folder/ROOMBA_PROJECT_1/build/zed_ros2' returned '0': CMAKE_PREFIX_PATH=/home/wolfwagen/Undergrad_Minchan_Folder/ROOMBA_PROJECT_1/install/zed_wrapper:/home/wolfwagen/Undergrad_Minchan_Folder/ROOMBA_PROJECT_1/install/zed_components:/home/wolfwagen/Undergrad_Minchan_Folder/ROOMBA_PROJECT_1/install/zed_ros2:/home/wolfwagen/Undergrad_Minchan_Folder/ROOMBA_PROJECT_1/install/unitree_lidar_ros2:/home/wolfwagen/Undergrad_Minchan_Folder/ROOMBA_PROJECT_1/install/first_roomba_pkg:/opt/ros/humble LD_LIBRARY_PATH=/home/wolfwagen/Undergrad_Minchan_Folder/ROOMBA_PROJECT_1/install/zed_components/lib:/opt/ros/humble/opt/rviz_ogre_vendor/lib:/opt/ros/humble/lib/aarch64-linux-gnu:/opt/ros/humble/lib:/usr/local/cuda-12.6/lib64 /usr/bin/cmake --install /home/wolfwagen/Undergrad_Minchan_Folder/ROOMBA_PROJECT_1/build/zed_ros2
[1.860s] Level 1:colcon.colcon_core.environment:checking '/home/wolfwagen/Undergrad_Minchan_Folder/ROOMBA_PROJECT_1/install/zed_ros2' for CMake config files
[1.860s] Level 1:colcon.colcon_core.shell:create_environment_hook('zed_ros2', 'cmake_prefix_path')
[1.861s] INFO:colcon.colcon_core.shell:Creating environment hook '/home/wolfwagen/Undergrad_Minchan_Folder/ROOMBA_PROJECT_1/install/zed_ros2/share/zed_ros2/hook/cmake_prefix_path.ps1'
[1.862s] INFO:colcon.colcon_core.shell:Creating environment descriptor '/home/wolfwagen/Undergrad_Minchan_Folder/ROOMBA_PROJECT_1/install/zed_ros2/share/zed_ros2/hook/cmake_prefix_path.dsv'
[1.862s] INFO:colcon.colcon_core.shell:Creating environment hook '/home/wolfwagen/Undergrad_Minchan_Folder/ROOMBA_PROJECT_1/install/zed_ros2/share/zed_ros2/hook/cmake_prefix_path.sh'
[1.863s] Level 1:colcon.colcon_core.environment:checking '/home/wolfwagen/Undergrad_Minchan_Folder/ROOMBA_PROJECT_1/install/zed_ros2/bin'
[1.863s] Level 1:colcon.colcon_core.environment:checking '/home/wolfwagen/Undergrad_Minchan_Folder/ROOMBA_PROJECT_1/install/zed_ros2/lib/pkgconfig/zed_ros2.pc'
[1.864s] Level 1:colcon.colcon_core.environment:checking '/home/wolfwagen/Undergrad_Minchan_Folder/ROOMBA_PROJECT_1/install/zed_ros2/lib/python3.10/site-packages'
[1.865s] Level 1:colcon.colcon_core.environment:checking '/home/wolfwagen/Undergrad_Minchan_Folder/ROOMBA_PROJECT_1/install/zed_ros2/bin'
[1.865s] INFO:colcon.colcon_core.shell:Creating package script '/home/wolfwagen/Undergrad_Minchan_Folder/ROOMBA_PROJECT_1/install/zed_ros2/share/zed_ros2/package.ps1'
[1.866s] INFO:colcon.colcon_core.shell:Creating package descriptor '/home/wolfwagen/Undergrad_Minchan_Folder/ROOMBA_PROJECT_1/install/zed_ros2/share/zed_ros2/package.dsv'
[1.867s] INFO:colcon.colcon_core.shell:Creating package script '/home/wolfwagen/Undergrad_Minchan_Folder/ROOMBA_PROJECT_1/install/zed_ros2/share/zed_ros2/package.sh'
[1.868s] INFO:colcon.colcon_core.shell:Creating package script '/home/wolfwagen/Undergrad_Minchan_Folder/ROOMBA_PROJECT_1/install/zed_ros2/share/zed_ros2/package.bash'
[1.869s] INFO:colcon.colcon_core.shell:Creating package script '/home/wolfwagen/Undergrad_Minchan_Folder/ROOMBA_PROJECT_1/install/zed_ros2/share/zed_ros2/package.zsh'
[1.869s] Level 1:colcon.colcon_core.environment:create_file_with_runtime_dependencies(/home/wolfwagen/Undergrad_Minchan_Folder/ROOMBA_PROJECT_1/install/zed_ros2/share/colcon-core/packages/zed_ros2)
[1.870s] Level 1:colcon.colcon_core.environment:create_environment_scripts_only(zed_ros2)
[1.871s] Level 1:colcon.colcon_core.environment:checking '/home/wolfwagen/Undergrad_Minchan_Folder/ROOMBA_PROJECT_1/install/zed_ros2' for CMake module files
[1.872s] Level 1:colcon.colcon_core.environment:checking '/home/wolfwagen/Undergrad_Minchan_Folder/ROOMBA_PROJECT_1/install/zed_ros2' for CMake config files
[1.872s] Level 1:colcon.colcon_core.shell:create_environment_hook('zed_ros2', 'cmake_prefix_path')
[1.872s] INFO:colcon.colcon_core.shell:Creating environment hook '/home/wolfwagen/Undergrad_Minchan_Folder/ROOMBA_PROJECT_1/install/zed_ros2/share/zed_ros2/hook/cmake_prefix_path.ps1'
[1.873s] INFO:colcon.colcon_core.shell:Creating environment descriptor '/home/wolfwagen/Undergrad_Minchan_Folder/ROOMBA_PROJECT_1/install/zed_ros2/share/zed_ros2/hook/cmake_prefix_path.dsv'
[1.874s] INFO:colcon.colcon_core.shell:Creating environment hook '/home/wolfwagen/Undergrad_Minchan_Folder/ROOMBA_PROJECT_1/install/zed_ros2/share/zed_ros2/hook/cmake_prefix_path.sh'
[1.875s] Level 1:colcon.colcon_core.environment:checking '/home/wolfwagen/Undergrad_Minchan_Folder/ROOMBA_PROJECT_1/install/zed_ros2/bin'
[1.875s] Level 1:colcon.colcon_core.environment:checking '/home/wolfwagen/Undergrad_Minchan_Folder/ROOMBA_PROJECT_1/install/zed_ros2/lib/pkgconfig/zed_ros2.pc'
[1.875s] Level 1:colcon.colcon_core.environment:checking '/home/wolfwagen/Undergrad_Minchan_Folder/ROOMBA_PROJECT_1/install/zed_ros2/lib/python3.10/site-packages'
[1.876s] Level 1:colcon.colcon_core.environment:checking '/home/wolfwagen/Undergrad_Minchan_Folder/ROOMBA_PROJECT_1/install/zed_ros2/bin'
[1.876s] INFO:colcon.colcon_core.shell:Creating package script '/home/wolfwagen/Undergrad_Minchan_Folder/ROOMBA_PROJECT_1/install/zed_ros2/share/zed_ros2/package.ps1'
[1.877s] INFO:colcon.colcon_core.shell:Creating package descriptor '/home/wolfwagen/Undergrad_Minchan_Folder/ROOMBA_PROJECT_1/install/zed_ros2/share/zed_ros2/package.dsv'
[1.878s] INFO:colcon.colcon_core.shell:Creating package script '/home/wolfwagen/Undergrad_Minchan_Folder/ROOMBA_PROJECT_1/install/zed_ros2/share/zed_ros2/package.sh'
[1.880s] INFO:colcon.colcon_core.shell:Creating package script '/home/wolfwagen/Undergrad_Minchan_Folder/ROOMBA_PROJECT_1/install/zed_ros2/share/zed_ros2/package.bash'
[1.881s] INFO:colcon.colcon_core.shell:Creating package script '/home/wolfwagen/Undergrad_Minchan_Folder/ROOMBA_PROJECT_1/install/zed_ros2/share/zed_ros2/package.zsh'
[1.882s] Level 1:colcon.colcon_core.environment:create_file_with_runtime_dependencies(/home/wolfwagen/Undergrad_Minchan_Folder/ROOMBA_PROJECT_1/install/zed_ros2/share/colcon-core/packages/zed_ros2)
[2.194s] DEBUG:colcon.colcon_core.event_handler.log_command:Invoking command in '/home/wolfwagen/Undergrad_Minchan_Folder/ROOMBA_PROJECT_1/roomba_src/first_roomba_pkg': PYTHONPATH=/home/wolfwagen/Undergrad_Minchan_Folder/ROOMBA_PROJECT_1/build/first_roomba_pkg/prefix_override:/usr/lib/python3/dist-packages/colcon_core/task/python/colcon_distutils_commands:/home/wolfwagen/Undergrad_Minchan_Folder/ROOMBA_PROJECT_1/install/first_roomba_pkg/lib/python3.10/site-packages:${PYTHONPATH} /usr/bin/python3 -W ignore:setup.py install is deprecated -W ignore:easy_install command is deprecated setup.py egg_info --egg-base ../../build/first_roomba_pkg build --build-base /home/wolfwagen/Undergrad_Minchan_Folder/ROOMBA_PROJECT_1/build/first_roomba_pkg/build install --record /home/wolfwagen/Undergrad_Minchan_Folder/ROOMBA_PROJECT_1/build/first_roomba_pkg/install.log --single-version-externally-managed install_data
[2.776s] Level 1:colcon.colcon_core.environment:checking '/home/wolfwagen/Undergrad_Minchan_Folder/ROOMBA_PROJECT_1/install/first_roomba_pkg' for CMake module files
[2.778s] DEBUG:colcon.colcon_core.event_handler.log_command:Invoked command in '/home/wolfwagen/Undergrad_Minchan_Folder/ROOMBA_PROJECT_1/roomba_src/first_roomba_pkg' returned '0': PYTHONPATH=/home/wolfwagen/Undergrad_Minchan_Folder/ROOMBA_PROJECT_1/build/first_roomba_pkg/prefix_override:/usr/lib/python3/dist-packages/colcon_core/task/python/colcon_distutils_commands:/home/wolfwagen/Undergrad_Minchan_Folder/ROOMBA_PROJECT_1/install/first_roomba_pkg/lib/python3.10/site-packages:${PYTHONPATH} /usr/bin/python3 -W ignore:setup.py install is deprecated -W ignore:easy_install command is deprecated setup.py egg_info --egg-base ../../build/first_roomba_pkg build --build-base /home/wolfwagen/Undergrad_Minchan_Folder/ROOMBA_PROJECT_1/build/first_roomba_pkg/build install --record /home/wolfwagen/Undergrad_Minchan_Folder/ROOMBA_PROJECT_1/build/first_roomba_pkg/install.log --single-version-externally-managed install_data
[2.779s] Level 1:colcon.colcon_core.environment:checking '/home/wolfwagen/Undergrad_Minchan_Folder/ROOMBA_PROJECT_1/install/first_roomba_pkg' for CMake config files
[2.780s] Level 1:colcon.colcon_core.environment:checking '/home/wolfwagen/Undergrad_Minchan_Folder/ROOMBA_PROJECT_1/install/first_roomba_pkg/lib'
[2.780s] Level 1:colcon.colcon_core.environment:checking '/home/wolfwagen/Undergrad_Minchan_Folder/ROOMBA_PROJECT_1/install/first_roomba_pkg/bin'
[2.780s] Level 1:colcon.colcon_core.environment:checking '/home/wolfwagen/Undergrad_Minchan_Folder/ROOMBA_PROJECT_1/install/first_roomba_pkg/lib/pkgconfig/first_roomba_pkg.pc'
[2.781s] Level 1:colcon.colcon_core.environment:checking '/home/wolfwagen/Undergrad_Minchan_Folder/ROOMBA_PROJECT_1/install/first_roomba_pkg/lib/python3.10/site-packages'
[2.781s] Level 1:colcon.colcon_core.shell:create_environment_hook('first_roomba_pkg', 'pythonpath')
[2.781s] INFO:colcon.colcon_core.shell:Creating environment hook '/home/wolfwagen/Undergrad_Minchan_Folder/ROOMBA_PROJECT_1/install/first_roomba_pkg/share/first_roomba_pkg/hook/pythonpath.ps1'
[2.783s] INFO:colcon.colcon_core.shell:Creating environment descriptor '/home/wolfwagen/Undergrad_Minchan_Folder/ROOMBA_PROJECT_1/install/first_roomba_pkg/share/first_roomba_pkg/hook/pythonpath.dsv'
[2.785s] INFO:colcon.colcon_core.shell:Creating environment hook '/home/wolfwagen/Undergrad_Minchan_Folder/ROOMBA_PROJECT_1/install/first_roomba_pkg/share/first_roomba_pkg/hook/pythonpath.sh'
[2.787s] Level 1:colcon.colcon_core.environment:checking '/home/wolfwagen/Undergrad_Minchan_Folder/ROOMBA_PROJECT_1/install/first_roomba_pkg/bin'
[2.788s] Level 1:colcon.colcon_core.environment:create_environment_scripts_only(first_roomba_pkg)
[2.788s] INFO:colcon.colcon_core.shell:Creating package script '/home/wolfwagen/Undergrad_Minchan_Folder/ROOMBA_PROJECT_1/install/first_roomba_pkg/share/first_roomba_pkg/package.ps1'
[2.790s] INFO:colcon.colcon_core.shell:Creating package descriptor '/home/wolfwagen/Undergrad_Minchan_Folder/ROOMBA_PROJECT_1/install/first_roomba_pkg/share/first_roomba_pkg/package.dsv'
[2.791s] INFO:colcon.colcon_core.shell:Creating package script '/home/wolfwagen/Undergrad_Minchan_Folder/ROOMBA_PROJECT_1/install/first_roomba_pkg/share/first_roomba_pkg/package.sh'
[2.792s] INFO:colcon.colcon_core.shell:Creating package script '/home/wolfwagen/Undergrad_Minchan_Folder/ROOMBA_PROJECT_1/install/first_roomba_pkg/share/first_roomba_pkg/package.bash'
[2.794s] INFO:colcon.colcon_core.shell:Creating package script '/home/wolfwagen/Undergrad_Minchan_Folder/ROOMBA_PROJECT_1/install/first_roomba_pkg/share/first_roomba_pkg/package.zsh'
[2.795s] Level 1:colcon.colcon_core.environment:create_file_with_runtime_dependencies(/home/wolfwagen/Undergrad_Minchan_Folder/ROOMBA_PROJECT_1/install/first_roomba_pkg/share/colcon-core/packages/first_roomba_pkg)
[2.795s] DEBUG:colcon.colcon_parallel_executor.executor.parallel:closing loop
[2.796s] DEBUG:colcon.colcon_parallel_executor.executor.parallel:loop closed
[2.796s] DEBUG:colcon.colcon_parallel_executor.executor.parallel:run_until_complete finished with '0'
[2.796s] DEBUG:colcon.colcon_core.event_reactor:joining thread
[2.812s] INFO:colcon.colcon_core.plugin_system:Skipping extension 'colcon_notification.desktop_notification.terminal_notifier': Not used on non-Darwin systems
[2.813s] INFO:colcon.colcon_core.plugin_system:Skipping extension 'colcon_notification.desktop_notification.win32': Not used on non-Windows systems
[2.813s] INFO:colcon.colcon_notification.desktop_notification:Sending desktop notification using 'notify2'
[2.856s] DEBUG:colcon.colcon_core.event_reactor:joined thread
[2.857s] INFO:colcon.colcon_core.shell:Creating prefix script '/home/wolfwagen/Undergrad_Minchan_Folder/ROOMBA_PROJECT_1/install/local_setup.ps1'
[2.861s] INFO:colcon.colcon_core.shell:Creating prefix util module '/home/wolfwagen/Undergrad_Minchan_Folder/ROOMBA_PROJECT_1/install/_local_setup_util_ps1.py'
[2.866s] INFO:colcon.colcon_core.shell:Creating prefix chain script '/home/wolfwagen/Undergrad_Minchan_Folder/ROOMBA_PROJECT_1/install/setup.ps1'
[2.870s] INFO:colcon.colcon_core.shell:Creating prefix script '/home/wolfwagen/Undergrad_Minchan_Folder/ROOMBA_PROJECT_1/install/local_setup.sh'
[2.872s] INFO:colcon.colcon_core.shell:Creating prefix util module '/home/wolfwagen/Undergrad_Minchan_Folder/ROOMBA_PROJECT_1/install/_local_setup_util_sh.py'
[2.874s] INFO:colcon.colcon_core.shell:Creating prefix chain script '/home/wolfwagen/Undergrad_Minchan_Folder/ROOMBA_PROJECT_1/install/setup.sh'
[2.878s] INFO:colcon.colcon_core.shell:Creating prefix script '/home/wolfwagen/Undergrad_Minchan_Folder/ROOMBA_PROJECT_1/install/local_setup.bash'
[2.879s] INFO:colcon.colcon_core.shell:Creating prefix chain script '/home/wolfwagen/Undergrad_Minchan_Folder/ROOMBA_PROJECT_1/install/setup.bash'
[2.882s] INFO:colcon.colcon_core.shell:Creating prefix script '/home/wolfwagen/Undergrad_Minchan_Folder/ROOMBA_PROJECT_1/install/local_setup.zsh'
[2.884s] INFO:colcon.colcon_core.shell:Creating prefix chain script '/home/wolfwagen/Undergrad_Minchan_Folder/ROOMBA_PROJECT_1/install/setup.zsh'
