[0.024s] Invoking command in '/home/wolfwagen/Undergrad_Minchan_Folder/ROOMBA_PROJECT_1/build/zed_components': CMAKE_PREFIX_PATH=/home/wolfwagen/Undergrad_Minchan_Folder/ROOMBA_PROJECT_1/install/first_roomba_pkg:/opt/ros/humble /usr/bin/cmake /home/wolfwagen/Undergrad_Minchan_Folder/ROOMBA_PROJECT_1/roomba_src/zed-ros2-wrapper/zed_components -DCMAKE_BUILD_TYPE=Release -DAMENT_CMAKE_SYMLINK_INSTALL=1 -DCMAKE_INSTALL_PREFIX=/home/wolfwagen/Undergrad_Minchan_Folder/ROOMBA_PROJECT_1/install/zed_components
[0.061s] -- Looking for sgemm_
[0.213s] -- Looking for sgemm_ - not found
[0.218s] -- Looking for pthread.h
[0.364s] -- Looking for pthread.h - found
[0.366s] -- Performing Test CMAKE_HAVE_LIBC_PTHREAD
[0.534s] -- Performing Test CMAKE_HAVE_LIBC_PTHREAD - Success
[0.536s] -- Found Threads: TRUE  
[0.597s] -- Looking for sgemm_
[0.779s] -- Looking for sgemm_ - found
[0.779s] -- Found BLAS: /usr/lib/aarch64-linux-gnu/libopenblas.so  
[0.834s] -- Found CUDA: /usr/local/cuda-12.6 (found suitable version "12.6", minimum required is "12.6") 
[0.869s] -- Found CUDA: /usr/local/cuda-12.6 (found version "12.6") 
[0.872s] -- Found ament_cmake_auto: 1.3.14 (/opt/ros/humble/share/ament_cmake_auto/cmake)
[1.171s] -- Found Python3: /usr/bin/python3 (found version "3.10.12") found components: Interpreter 
[1.312s] -- Override CMake install command with custom implementation using symlinks instead of copying resources
[1.569s] -- Found rosidl_generator_c: 3.1.8 (/opt/ros/humble/share/rosidl_generator_c/cmake)
[1.577s] -- Found rosidl_adapter: 3.1.8 (/opt/ros/humble/share/rosidl_adapter/cmake)
[1.593s] -- Found rosidl_generator_cpp: 3.1.8 (/opt/ros/humble/share/rosidl_generator_cpp/cmake)
[1.616s] -- Using all available rosidl_typesupport_c: rosidl_typesupport_fastrtps_c;rosidl_typesupport_introspection_c
[1.644s] -- Using all available rosidl_typesupport_cpp: rosidl_typesupport_fastrtps_cpp;rosidl_typesupport_introspection_cpp
[1.842s] -- Found rmw_implementation_cmake: 6.1.2 (/opt/ros/humble/share/rmw_implementation_cmake/cmake)
[1.846s] -- Found rmw_fastrtps_cpp: 6.2.10 (/opt/ros/humble/share/rmw_fastrtps_cpp/cmake)
[1.995s] -- Found OpenSSL: /usr/lib/aarch64-linux-gnu/libcrypto.so (found version "3.0.2")  
[2.046s] -- Found FastRTPS: /opt/ros/humble/include  
[2.120s] -- Using RMW implementation 'rmw_fastrtps_cpp' as default
[2.588s] -- Found eigen3_cmake_module: 0.1.1 (/opt/ros/humble/share/eigen3_cmake_module/cmake)
[2.590s] -- Found Eigen3: TRUE (found version "3.4.0") 
[2.590s] -- Ensuring Eigen3 include directory is part of orocos-kdl CMake target
[2.809s] -- Found ament_lint_auto: 0.12.15 (/opt/ros/humble/share/ament_lint_auto/cmake)
[2.874s] -- Added test 'copyright' to check source files copyright and LICENSE
[2.878s] -- Added test 'cppcheck' to perform static code analysis on C / C++ code
[2.879s] -- Configured cppcheck include dirs: /home/wolfwagen/Undergrad_Minchan_Folder/ROOMBA_PROJECT_1/roomba_src/zed-ros2-wrapper/zed_components/src/include;/home/wolfwagen/Undergrad_Minchan_Folder/ROOMBA_PROJECT_1/roomba_src/zed-ros2-wrapper/zed_components/src/zed_camera/include;/home/wolfwagen/Undergrad_Minchan_Folder/ROOMBA_PROJECT_1/roomba_src/zed-ros2-wrapper/zed_components/src/tools/include;/home/wolfwagen/Undergrad_Minchan_Folder/ROOMBA_PROJECT_1/roomba_src/zed-ros2-wrapper/zed_components/src/zed_camera_one/include
[2.879s] -- Configured cppcheck exclude dirs and/or files: 
[2.880s] -- Added test 'lint_cmake' to check CMake code style
[2.884s] -- Added test 'uncrustify' to check C / C++ code style
[2.884s] -- Configured uncrustify additional arguments: 
[2.885s] -- Added test 'xmllint' to check XML markup files
[2.893s] -- Configuring done
[2.959s] -- Generating done
[2.978s] -- Build files have been written to: /home/wolfwagen/Undergrad_Minchan_Folder/ROOMBA_PROJECT_1/build/zed_components
[3.007s] Invoked command in '/home/wolfwagen/Undergrad_Minchan_Folder/ROOMBA_PROJECT_1/build/zed_components' returned '0': CMAKE_PREFIX_PATH=/home/wolfwagen/Undergrad_Minchan_Folder/ROOMBA_PROJECT_1/install/first_roomba_pkg:/opt/ros/humble /usr/bin/cmake /home/wolfwagen/Undergrad_Minchan_Folder/ROOMBA_PROJECT_1/roomba_src/zed-ros2-wrapper/zed_components -DCMAKE_BUILD_TYPE=Release -DAMENT_CMAKE_SYMLINK_INSTALL=1 -DCMAKE_INSTALL_PREFIX=/home/wolfwagen/Undergrad_Minchan_Folder/ROOMBA_PROJECT_1/install/zed_components
[3.014s] Invoking command in '/home/wolfwagen/Undergrad_Minchan_Folder/ROOMBA_PROJECT_1/build/zed_components': CMAKE_PREFIX_PATH=/home/wolfwagen/Undergrad_Minchan_Folder/ROOMBA_PROJECT_1/install/first_roomba_pkg:/opt/ros/humble /usr/bin/cmake --build /home/wolfwagen/Undergrad_Minchan_Folder/ROOMBA_PROJECT_1/build/zed_components -- -j6 -l6
[3.122s] [ 23%] [32mBuilding CXX object CMakeFiles/zed_camera_component.dir/src/tools/src/sl_tools.cpp.o[0m
[3.123s] [ 23%] [32mBuilding CXX object CMakeFiles/zed_camera_one_component.dir/src/tools/src/sl_tools.cpp.o[0m
[3.123s] [ 23%] [32mBuilding CXX object CMakeFiles/zed_camera_component.dir/src/tools/src/sl_win_avg.cpp.o[0m
[3.124s] [ 23%] [32mBuilding CXX object CMakeFiles/zed_camera_component.dir/src/tools/src/gnss_replay.cpp.o[0m
[3.128s] [ 29%] [32mBuilding CXX object CMakeFiles/zed_camera_one_component.dir/src/tools/src/sl_win_avg.cpp.o[0m
[3.129s] [ 35%] [32mBuilding CXX object CMakeFiles/zed_camera_component.dir/src/tools/src/sl_types.cpp.o[0m
[4.047s] [ 41%] [32mBuilding CXX object CMakeFiles/zed_camera_component.dir/src/zed_camera/src/zed_camera_component_main.cpp.o[0m
[4.075s] [ 47%] [32mBuilding CXX object CMakeFiles/zed_camera_one_component.dir/src/tools/src/gnss_replay.cpp.o[0m
[14.412s] [ 52%] [32mBuilding CXX object CMakeFiles/zed_camera_component.dir/src/zed_camera/src/zed_camera_component_video_depth.cpp.o[0m
[15.555s] [01m[K/home/wolfwagen/Undergrad_Minchan_Folder/ROOMBA_PROJECT_1/roomba_src/zed-ros2-wrapper/zed_components/src/zed_camera/src/zed_camera_component_main.cpp:[m[K In member function ‘[01m[Kvoid stereolabs::ZedCamera::getGeneralParams()[m[K’:
[15.555s] [01m[K/home/wolfwagen/Undergrad_Minchan_Folder/ROOMBA_PROJECT_1/roomba_src/zed-ros2-wrapper/zed_components/src/zed_camera/src/zed_camera_component_main.cpp:1235:37:[m[K [01;31m[Kerror: [m[K‘[01m[KHD1536[m[K’ is not a member of ‘[01m[Ksl::RESOLUTION[m[K’
[15.555s]  1235 |         mCamResol = sl::RESOLUTION::[01;31m[KHD1536[m[K;
[15.555s]       |                                     [01;31m[K^~~~~~[m[K
[15.820s] [ 58%] [32mBuilding CXX object CMakeFiles/zed_camera_one_component.dir/src/tools/src/sl_types.cpp.o[0m
[15.843s] [01m[K/home/wolfwagen/Undergrad_Minchan_Folder/ROOMBA_PROJECT_1/roomba_src/zed-ros2-wrapper/zed_components/src/zed_camera/src/zed_camera_component_main.cpp:[m[K In member function ‘[01m[Kbool stereolabs::ZedCamera::startCamera()[m[K’:
[15.843s] [01m[K/home/wolfwagen/Undergrad_Minchan_Folder/ROOMBA_PROJECT_1/roomba_src/zed-ros2-wrapper/zed_components/src/zed_camera/src/zed_camera_component_main.cpp:2735:15:[m[K [01;31m[Kerror: [m[K‘[01m[KgenerateVirtualStereoSerialNumber[m[K’ is not a member of ‘[01m[Ksl[m[K’
[15.844s]  2735 |           sl::[01;31m[KgenerateVirtualStereoSerialNumber[m[K(
[15.844s]       |               [01;31m[K^~~~~~~~~~~~~~~~~~~~~~~~~~~~~~~~~[m[K
[15.844s] [01m[K/home/wolfwagen/Undergrad_Minchan_Folder/ROOMBA_PROJECT_1/roomba_src/zed-ros2-wrapper/zed_components/src/zed_camera/src/zed_camera_component_main.cpp:2738:27:[m[K [01;31m[Kerror: [m[K‘[01m[Kclass sl::InputType[m[K’ has no member named ‘[01m[KsetVirtualStereoFromSerialNumbers[m[K’
[15.844s]  2738 |         mInitParams.input.[01;31m[KsetVirtualStereoFromSerialNumbers[m[K(
[15.844s]       |                           [01;31m[K^~~~~~~~~~~~~~~~~~~~~~~~~~~~~~~~~[m[K
[15.858s] [01m[K/home/wolfwagen/Undergrad_Minchan_Folder/ROOMBA_PROJECT_1/roomba_src/zed-ros2-wrapper/zed_components/src/zed_camera/src/zed_camera_component_main.cpp:2762:31:[m[K [01;31m[Kerror: [m[K‘[01m[KgenerateVirtualStereoSerialNumber[m[K’ is not a member of ‘[01m[Ksl[m[K’
[15.858s]  2762 |         auto virtual_sn = sl::[01;31m[KgenerateVirtualStereoSerialNumber[m[K(serials[0], serials[1]);
[15.858s]       |                               [01;31m[K^~~~~~~~~~~~~~~~~~~~~~~~~~~~~~~~~[m[K
[15.859s] [01m[K/home/wolfwagen/Undergrad_Minchan_Folder/ROOMBA_PROJECT_1/roomba_src/zed-ros2-wrapper/zed_components/src/zed_camera/src/zed_camera_component_main.cpp:2764:27:[m[K [01;31m[Kerror: [m[K‘[01m[Kclass sl::InputType[m[K’ has no member named ‘[01m[KsetVirtualStereoFromCameraIDs[m[K’
[15.859s]  2764 |         mInitParams.input.[01;31m[KsetVirtualStereoFromCameraIDs[m[K(
[15.859s]       |                           [01;31m[K^~~~~~~~~~~~~~~~~~~~~~~~~~~~~[m[K
[15.865s] [01m[K/home/wolfwagen/Undergrad_Minchan_Folder/ROOMBA_PROJECT_1/roomba_src/zed-ros2-wrapper/zed_components/src/zed_camera/src/zed_camera_component_main.cpp:2832:17:[m[K [01;31m[Kerror: [m[K‘[01m[Kstruct sl::InitParameters[m[K’ has no member named ‘[01m[Kmaximum_working_resolution[m[K’
[15.865s]  2832 |     mInitParams.[01;31m[Kmaximum_working_resolution[m[K = mMatResol;
[15.865s]       |                 [01;31m[K^~~~~~~~~~~~~~~~~~~~~~~~~~[m[K
[15.865s] [01m[K/home/wolfwagen/Undergrad_Minchan_Folder/ROOMBA_PROJECT_1/roomba_src/zed-ros2-wrapper/zed_components/src/zed_camera/src/zed_camera_component_main.cpp:2834:17:[m[K [01;31m[Kerror: [m[K‘[01m[Kstruct sl::InitParameters[m[K’ has no member named ‘[01m[Kmaximum_working_resolution[m[K’
[15.866s]  2834 |     mInitParams.[01;31m[Kmaximum_working_resolution[m[K = mPcResol;
[15.866s]       |                 [01;31m[K^~~~~~~~~~~~~~~~~~~~~~~~~~[m[K
[15.884s] [01m[K/home/wolfwagen/Undergrad_Minchan_Folder/ROOMBA_PROJECT_1/roomba_src/zed-ros2-wrapper/zed_components/src/zed_camera/src/zed_camera_component_main.cpp:2961:50:[m[K [01;31m[Kerror: [m[K‘[01m[KGEN_3[m[K’ is not a member of ‘[01m[Ksl::POSITIONAL_TRACKING_MODE[m[K’; did you mean ‘[01m[KGEN_1[m[K’?
[15.884s]  2961 |     mPosTrkMode == sl::POSITIONAL_TRACKING_MODE::[01;31m[KGEN_3[m[K)
[15.884s]       |                                                  [01;31m[K^~~~~[m[K
[15.885s]       |                                                  [32m[KGEN_1[m[K
[15.896s] [ 64%] [32mBuilding CXX object CMakeFiles/zed_camera_one_component.dir/src/zed_camera_one/src/zed_camera_one_component_main.cpp.o[0m
[15.898s] [01m[K/home/wolfwagen/Undergrad_Minchan_Folder/ROOMBA_PROJECT_1/roomba_src/zed-ros2-wrapper/zed_components/src/zed_camera/src/zed_camera_component_main.cpp:3060:42:[m[K [01;31m[Kerror: [m[K‘[01m[KZED_X_HDR[m[K’ is not a member of ‘[01m[Ksl::MODEL[m[K’
[15.898s]  3060 |   } else if (mCamRealModel == sl::MODEL::[01;31m[KZED_X_HDR[m[K) {
[15.898s]       |                                          [01;31m[K^~~~~~~~~[m[K
[15.898s] [01m[K/home/wolfwagen/Undergrad_Minchan_Folder/ROOMBA_PROJECT_1/roomba_src/zed-ros2-wrapper/zed_components/src/zed_camera/src/zed_camera_component_main.cpp:3061:37:[m[K [01;31m[Kerror: [m[K‘[01m[KZED_X_HDR[m[K’ is not a member of ‘[01m[Ksl::MODEL[m[K’
[15.899s]  3061 |     if (mCamUserModel != sl::MODEL::[01;31m[KZED_X_HDR[m[K) {
[15.899s]       |                                     [01;31m[K^~~~~~~~~[m[K
[15.899s] [01m[K/home/wolfwagen/Undergrad_Minchan_Folder/ROOMBA_PROJECT_1/roomba_src/zed-ros2-wrapper/zed_components/src/zed_camera/src/zed_camera_component_main.cpp:3067:42:[m[K [01;31m[Kerror: [m[K‘[01m[KZED_X_HDR_MINI[m[K’ is not a member of ‘[01m[Ksl::MODEL[m[K’
[15.899s]  3067 |   } else if (mCamRealModel == sl::MODEL::[01;31m[KZED_X_HDR_MINI[m[K) {
[15.899s]       |                                          [01;31m[K^~~~~~~~~~~~~~[m[K
[15.899s] [01m[K/home/wolfwagen/Undergrad_Minchan_Folder/ROOMBA_PROJECT_1/roomba_src/zed-ros2-wrapper/zed_components/src/zed_camera/src/zed_camera_component_main.cpp:3068:37:[m[K [01;31m[Kerror: [m[K‘[01m[KZED_X_HDR_MINI[m[K’ is not a member of ‘[01m[Ksl::MODEL[m[K’
[15.899s]  3068 |     if (mCamUserModel != sl::MODEL::[01;31m[KZED_X_HDR_MINI[m[K) {
[15.900s]       |                                     [01;31m[K^~~~~~~~~~~~~~[m[K
[15.900s] [01m[K/home/wolfwagen/Undergrad_Minchan_Folder/ROOMBA_PROJECT_1/roomba_src/zed-ros2-wrapper/zed_components/src/zed_camera/src/zed_camera_component_main.cpp:3074:42:[m[K [01;31m[Kerror: [m[K‘[01m[KZED_X_HDR_MAX[m[K’ is not a member of ‘[01m[Ksl::MODEL[m[K’
[15.900s]  3074 |   } else if (mCamRealModel == sl::MODEL::[01;31m[KZED_X_HDR_MAX[m[K) {
[15.900s]       |                                          [01;31m[K^~~~~~~~~~~~~[m[K
[15.900s] [01m[K/home/wolfwagen/Undergrad_Minchan_Folder/ROOMBA_PROJECT_1/roomba_src/zed-ros2-wrapper/zed_components/src/zed_camera/src/zed_camera_component_main.cpp:3075:37:[m[K [01;31m[Kerror: [m[K‘[01m[KZED_X_HDR_MAX[m[K’ is not a member of ‘[01m[Ksl::MODEL[m[K’
[15.900s]  3075 |     if (mCamUserModel != sl::MODEL::[01;31m[KZED_X_HDR_MAX[m[K) {
[15.900s]       |                                     [01;31m[K^~~~~~~~~~~~~[m[K
[16.126s] [01m[K/home/wolfwagen/Undergrad_Minchan_Folder/ROOMBA_PROJECT_1/roomba_src/zed-ros2-wrapper/zed_components/src/zed_camera/src/zed_camera_component_main.cpp:[m[K In member function ‘[01m[Kbool stereolabs::ZedCamera::startPosTracking()[m[K’:
[16.126s] [01m[K/home/wolfwagen/Undergrad_Minchan_Folder/ROOMBA_PROJECT_1/roomba_src/zed-ros2-wrapper/zed_components/src/zed_camera/src/zed_camera_component_main.cpp:3930:12:[m[K [01;31m[Kerror: [m[K‘[01m[Kstruct sl::PositionalTrackingParameters[m[K’ has no member named ‘[01m[Kenable_localization_only[m[K’
[16.127s]  3930 |   ptParams.[01;31m[Kenable_localization_only[m[K = mLocalizationOnly;
[16.127s]       |            [01;31m[K^~~~~~~~~~~~~~~~~~~~~~~~[m[K
[16.305s] [ 70%] [32mBuilding CXX object CMakeFiles/zed_camera_component.dir/src/zed_camera/src/zed_camera_component_objdet.cpp.o[0m
[16.330s] [01m[K/home/wolfwagen/Undergrad_Minchan_Folder/ROOMBA_PROJECT_1/roomba_src/zed-ros2-wrapper/zed_components/src/zed_camera/src/zed_camera_component_main.cpp:[m[K In member function ‘[01m[Kvoid stereolabs::ZedCamera::threadFunc_zedGrab()[m[K’:
[16.331s] [01m[K/home/wolfwagen/Undergrad_Minchan_Folder/ROOMBA_PROJECT_1/roomba_src/zed-ros2-wrapper/zed_components/src/zed_camera/src/zed_camera_component_main.cpp:4965:29:[m[K [01;31m[Kerror: [m[K‘[01m[Kusing element_type = class sl::Camera[m[K’ {aka ‘[01m[Kclass sl::Camera[m[K’} has no member named ‘[01m[Kread[m[K’
[16.331s]  4965 |         mGrabStatus = mZed->[01;31m[Kread[m[K();  // Image and sensor data reading with no depth processing
[16.331s]       |                             [01;31m[K^~~~[m[K
[16.398s] [ 76%] [32mBuilding CXX object CMakeFiles/zed_camera_one_component.dir/src/zed_camera_one/src/zed_camera_one_component_sensors.cpp.o[0m
[16.517s] [01m[K/home/wolfwagen/Undergrad_Minchan_Folder/ROOMBA_PROJECT_1/roomba_src/zed-ros2-wrapper/zed_components/src/zed_camera/src/zed_camera_component_main.cpp:[m[K In member function ‘[01m[Kvoid stereolabs::ZedCamera::publishCameraTFs(rclcpp::Time)[m[K’:
[16.518s] [01m[K/home/wolfwagen/Undergrad_Minchan_Folder/ROOMBA_PROJECT_1/roomba_src/zed-ros2-wrapper/zed_components/src/zed_camera/src/zed_camera_component_main.cpp:5767:21:[m[K [01;31m[Kerror: [m[K‘[01m[KZED_X_HDR[m[K’ is not a member of ‘[01m[Ksl::MODEL[m[K’
[16.518s]  5767 |     case sl::MODEL::[01;31m[KZED_X_HDR[m[K:
[16.518s]       |                     [01;31m[K^~~~~~~~~[m[K
[16.518s] [01m[K/home/wolfwagen/Undergrad_Minchan_Folder/ROOMBA_PROJECT_1/roomba_src/zed-ros2-wrapper/zed_components/src/zed_camera/src/zed_camera_component_main.cpp:5768:21:[m[K [01;31m[Kerror: [m[K‘[01m[KZED_X_HDR_MAX[m[K’ is not a member of ‘[01m[Ksl::MODEL[m[K’
[16.518s]  5768 |     case sl::MODEL::[01;31m[KZED_X_HDR_MAX[m[K:
[16.519s]       |                     [01;31m[K^~~~~~~~~~~~~[m[K
[16.519s] [01m[K/home/wolfwagen/Undergrad_Minchan_Folder/ROOMBA_PROJECT_1/roomba_src/zed-ros2-wrapper/zed_components/src/zed_camera/src/zed_camera_component_main.cpp:5769:21:[m[K [01;31m[Kerror: [m[K‘[01m[KZED_X_HDR_MINI[m[K’ is not a member of ‘[01m[Ksl::MODEL[m[K’
[16.519s]  5769 |     case sl::MODEL::[01;31m[KZED_X_HDR_MINI[m[K:
[16.519s]       |                     [01;31m[K^~~~~~~~~~~~~~[m[K
[16.700s] [01m[K/home/wolfwagen/Undergrad_Minchan_Folder/ROOMBA_PROJECT_1/roomba_src/zed-ros2-wrapper/zed_components/src/zed_camera/src/zed_camera_component_main.cpp:[m[K In member function ‘[01m[Kvoid stereolabs::ZedCamera::publishPoseLandmarks()[m[K’:
[16.700s] [01m[K/home/wolfwagen/Undergrad_Minchan_Folder/ROOMBA_PROJECT_1/roomba_src/zed-ros2-wrapper/zed_components/src/zed_camera/src/zed_camera_component_main.cpp:6694:28:[m[K [01;31m[Kerror: [m[K‘[01m[KLandmark[m[K’ is not a member of ‘[01m[Ksl[m[K’
[16.700s]  6694 |     std::map<uint64_t, sl::[01;31m[KLandmark[m[K> map_lm3d;
[16.700s]       |                            [01;31m[K^~~~~~~~[m[K
[16.700s] [01m[K/home/wolfwagen/Undergrad_Minchan_Folder/ROOMBA_PROJECT_1/roomba_src/zed-ros2-wrapper/zed_components/src/zed_camera/src/zed_camera_component_main.cpp:6694:36:[m[K [01;31m[Kerror: [m[Ktemplate argument 2 is invalid
[16.700s]  6694 |     std::map<uint64_t, sl::Landmark[01;31m[K>[m[K map_lm3d;
[16.700s]       |                                    [01;31m[K^[m[K
[16.701s] [01m[K/home/wolfwagen/Undergrad_Minchan_Folder/ROOMBA_PROJECT_1/roomba_src/zed-ros2-wrapper/zed_components/src/zed_camera/src/zed_camera_component_main.cpp:6694:36:[m[K [01;31m[Kerror: [m[Ktemplate argument 4 is invalid
[16.704s] [01m[K/home/wolfwagen/Undergrad_Minchan_Folder/ROOMBA_PROJECT_1/roomba_src/zed-ros2-wrapper/zed_components/src/zed_camera/src/zed_camera_component_main.cpp:6695:21:[m[K [01;31m[Kerror: [m[K‘[01m[KLandmark2D[m[K’ is not a member of ‘[01m[Ksl[m[K’
[16.705s]  6695 |     std::vector<sl::[01;31m[KLandmark2D[m[K> map_lm2d;
[16.705s]       |                     [01;31m[K^~~~~~~~~~[m[K
[16.705s] [01m[K/home/wolfwagen/Undergrad_Minchan_Folder/ROOMBA_PROJECT_1/roomba_src/zed-ros2-wrapper/zed_components/src/zed_camera/src/zed_camera_component_main.cpp:6695:31:[m[K [01;31m[Kerror: [m[Ktemplate argument 1 is invalid
[16.705s]  6695 |     std::vector<sl::Landmark2D[01;31m[K>[m[K map_lm2d;
[16.705s]       |                               [01;31m[K^[m[K
[16.705s] [01m[K/home/wolfwagen/Undergrad_Minchan_Folder/ROOMBA_PROJECT_1/roomba_src/zed-ros2-wrapper/zed_components/src/zed_camera/src/zed_camera_component_main.cpp:6695:31:[m[K [01;31m[Kerror: [m[Ktemplate argument 2 is invalid
[16.709s] [01m[K/home/wolfwagen/Undergrad_Minchan_Folder/ROOMBA_PROJECT_1/roomba_src/zed-ros2-wrapper/zed_components/src/zed_camera/src/zed_camera_component_main.cpp:6696:23:[m[K [01;31m[Kerror: [m[K‘[01m[Kusing element_type = class sl::Camera[m[K’ {aka ‘[01m[Kclass sl::Camera[m[K’} has no member named ‘[01m[KgetPositionalTrackingLandmarks[m[K’; did you mean ‘[01m[KgetPositionalTrackingStatus[m[K’?
[16.709s]  6696 |     auto res1 = mZed->[01;31m[KgetPositionalTrackingLandmarks[m[K(map_lm3d); // 3D landmarks (all the landmarks in world coords)
[16.710s]       |                       [01;31m[K^~~~~~~~~~~~~~~~~~~~~~~~~~~~~~[m[K
[16.710s]       |                       [32m[KgetPositionalTrackingStatus[m[K
[16.710s] [01m[K/home/wolfwagen/Undergrad_Minchan_Folder/ROOMBA_PROJECT_1/roomba_src/zed-ros2-wrapper/zed_components/src/zed_camera/src/zed_camera_component_main.cpp:6697:23:[m[K [01;31m[Kerror: [m[K‘[01m[Kusing element_type = class sl::Camera[m[K’ {aka ‘[01m[Kclass sl::Camera[m[K’} has no member named ‘[01m[KgetPositionalTrackingLandmarks2D[m[K’; did you mean ‘[01m[KgetPositionalTrackingStatus[m[K’?
[16.710s]  6697 |     auto res2 = mZed->[01;31m[KgetPositionalTrackingLandmarks2D[m[K(map_lm2d); // 2D landmarks (currently tracked in image)
[16.710s]       |                       [01;31m[K^~~~~~~~~~~~~~~~~~~~~~~~~~~~~~~~[m[K
[16.711s]       |                       [32m[KgetPositionalTrackingStatus[m[K
[16.732s] [01m[K/home/wolfwagen/Undergrad_Minchan_Folder/ROOMBA_PROJECT_1/roomba_src/zed-ros2-wrapper/zed_components/src/zed_camera/src/zed_camera_component_main.cpp:6719:29:[m[K [01;31m[Kerror: [m[Krequest for member ‘[01m[Ksize[m[K’ in ‘[01m[Kmap_lm3d[m[K’, which is of non-class type ‘[01m[Kint[m[K’
[16.733s]  6719 |     int ptsCount = map_lm3d.[01;31m[Ksize[m[K();
[16.733s]       |                             [01;31m[K^~~~[m[K
[16.746s] [01m[K/home/wolfwagen/Undergrad_Minchan_Folder/ROOMBA_PROJECT_1/roomba_src/zed-ros2-wrapper/zed_components/src/zed_camera/src/zed_camera_component_main.cpp:6774:34:[m[K [01;31m[Kerror: [m[K‘[01m[Kbegin[m[K’ was not declared in this scope
[16.746s]  6774 |     for (const auto & landmark : [01;31m[Kmap_lm3d[m[K) {
[16.747s]       |                                  [01;31m[K^~~~~~~~[m[K
[16.748s] [01m[K/home/wolfwagen/Undergrad_Minchan_Folder/ROOMBA_PROJECT_1/roomba_src/zed-ros2-wrapper/zed_components/src/zed_camera/src/zed_camera_component_main.cpp:6774:34:[m[K [01;36m[Knote: [m[Ksuggested alternatives:
[16.748s] In file included from [01m[K/usr/include/nlohmann/detail/conversions/from_json.hpp:13[m[K,
[16.748s]                  from [01m[K/usr/include/nlohmann/adl_serializer.hpp:6[m[K,
[16.748s]                  from [01m[K/usr/include/nlohmann/json.hpp:60[m[K,
[16.748s]                  from [01m[K/home/wolfwagen/Undergrad_Minchan_Folder/ROOMBA_PROJECT_1/roomba_src/zed-ros2-wrapper/zed_components/src/tools/include/gnss_replay.hpp:5[m[K,
[16.749s]                  from [01m[K/home/wolfwagen/Undergrad_Minchan_Folder/ROOMBA_PROJECT_1/roomba_src/zed-ros2-wrapper/zed_components/src/tools/include/sl_tools.hpp:30[m[K,
[16.749s]                  from [01m[K/home/wolfwagen/Undergrad_Minchan_Folder/ROOMBA_PROJECT_1/roomba_src/zed-ros2-wrapper/zed_components/src/zed_camera/include/zed_camera_component.hpp:27[m[K,
[16.749s]                  from [01m[K/home/wolfwagen/Undergrad_Minchan_Folder/ROOMBA_PROJECT_1/roomba_src/zed-ros2-wrapper/zed_components/src/zed_camera/src/zed_camera_component_main.cpp:15[m[K:
[16.749s] [01m[K/usr/include/c++/11/valarray:1228:5:[m[K [01;36m[Knote: [m[K  ‘[01m[Kstd::begin[m[K’
[16.749s]  1228 |     [01;36m[Kbegin[m[K(const valarray<_Tp>& __va) noexcept
[16.749s]       |     [01;36m[K^~~~~[m[K
[16.749s] In file included from [01m[K/usr/include/c++/11/filesystem:46[m[K,
[16.749s]                  from [01m[K/usr/include/nlohmann/detail/conversions/from_json.hpp:29[m[K,
[16.749s]                  from [01m[K/usr/include/nlohmann/adl_serializer.hpp:6[m[K,
[16.750s]                  from [01m[K/usr/include/nlohmann/json.hpp:60[m[K,
[16.750s]                  from [01m[K/home/wolfwagen/Undergrad_Minchan_Folder/ROOMBA_PROJECT_1/roomba_src/zed-ros2-wrapper/zed_components/src/tools/include/gnss_replay.hpp:5[m[K,
[16.750s]                  from [01m[K/home/wolfwagen/Undergrad_Minchan_Folder/ROOMBA_PROJECT_1/roomba_src/zed-ros2-wrapper/zed_components/src/tools/include/sl_tools.hpp:30[m[K,
[16.750s]                  from [01m[K/home/wolfwagen/Undergrad_Minchan_Folder/ROOMBA_PROJECT_1/roomba_src/zed-ros2-wrapper/zed_components/src/zed_camera/include/zed_camera_component.hpp:27[m[K,
[16.750s]                  from [01m[K/home/wolfwagen/Undergrad_Minchan_Folder/ROOMBA_PROJECT_1/roomba_src/zed-ros2-wrapper/zed_components/src/zed_camera/src/zed_camera_component_main.cpp:15[m[K:
[16.750s] [01m[K/usr/include/c++/11/bits/fs_dir.h:549:3:[m[K [01;36m[Knote: [m[K  ‘[01m[Kstd::filesystem::__cxx11::begin[m[K’
[16.756s]   549 |   [01;36m[Kbegin[m[K(recursive_directory_iterator __iter) noexcept
[16.757s]       |   [01;36m[K^~~~~[m[K
[16.757s] In file included from [01m[K/usr/include/c++/11/utility:76[m[K,
[16.757s]                  from [01m[K/usr/include/c++/11/algorithm:60[m[K,
[16.757s]                  from [01m[K/usr/local/zed/include/sl/Camera.hpp:66[m[K,
[16.757s]                  from [01m[K/home/wolfwagen/Undergrad_Minchan_Folder/ROOMBA_PROJECT_1/roomba_src/zed-ros2-wrapper/zed_components/src/zed_camera/include/zed_camera_component.hpp:20[m[K,
[16.757s]                  from [01m[K/home/wolfwagen/Undergrad_Minchan_Folder/ROOMBA_PROJECT_1/roomba_src/zed-ros2-wrapper/zed_components/src/zed_camera/src/zed_camera_component_main.cpp:15[m[K:
[16.757s] [01m[K/usr/include/c++/11/initializer_list:90:5:[m[K [01;36m[Knote: [m[K  ‘[01m[Kstd::begin[m[K’
[16.758s]    90 |     [01;36m[Kbegin[m[K(initializer_list<_Tp> __ils) noexcept
[16.758s]       |     [01;36m[K^~~~~[m[K
[16.758s] In file included from [01m[K/usr/include/nlohmann/detail/string_escape.hpp:4[m[K,
[16.758s]                  from [01m[K/usr/include/nlohmann/detail/exceptions.hpp:9[m[K,
[16.758s]                  from [01m[K/usr/include/nlohmann/detail/conversions/from_json.hpp:15[m[K,
[16.758s]                  from [01m[K/usr/include/nlohmann/adl_serializer.hpp:6[m[K,
[16.758s]                  from [01m[K/usr/include/nlohmann/json.hpp:60[m[K,
[16.758s]                  from [01m[K/home/wolfwagen/Undergrad_Minchan_Folder/ROOMBA_PROJECT_1/roomba_src/zed-ros2-wrapper/zed_components/src/tools/include/gnss_replay.hpp:5[m[K,
[16.759s]                  from [01m[K/home/wolfwagen/Undergrad_Minchan_Folder/ROOMBA_PROJECT_1/roomba_src/zed-ros2-wrapper/zed_components/src/tools/include/sl_tools.hpp:30[m[K,
[16.759s]                  from [01m[K/home/wolfwagen/Undergrad_Minchan_Folder/ROOMBA_PROJECT_1/roomba_src/zed-ros2-wrapper/zed_components/src/zed_camera/include/zed_camera_component.hpp:27[m[K,
[16.759s]                  from [01m[K/home/wolfwagen/Undergrad_Minchan_Folder/ROOMBA_PROJECT_1/roomba_src/zed-ros2-wrapper/zed_components/src/zed_camera/src/zed_camera_component_main.cpp:15[m[K:
[16.759s] [01m[K/usr/include/nlohmann/detail/meta/call_std/begin.hpp:7:1:[m[K [01;36m[Knote: [m[K  ‘[01m[Knlohmann::detail2::begin[m[K’
[16.759s]     7 | [01;36m[KNLOHMANN_CAN_CALL_STD_FUNC_IMPL[m[K(begin);
[16.759s]       | [01;36m[K^~~~~~~~~~~~~~~~~~~~~~~~~~~~~~~[m[K
[16.759s] In file included from [01m[K/usr/include/c++/11/utility:76[m[K,
[16.759s]                  from [01m[K/usr/include/c++/11/algorithm:60[m[K,
[16.759s]                  from [01m[K/usr/local/zed/include/sl/Camera.hpp:66[m[K,
[16.760s]                  from [01m[K/home/wolfwagen/Undergrad_Minchan_Folder/ROOMBA_PROJECT_1/roomba_src/zed-ros2-wrapper/zed_components/src/zed_camera/include/zed_camera_component.hpp:20[m[K,
[16.760s]                  from [01m[K/home/wolfwagen/Undergrad_Minchan_Folder/ROOMBA_PROJECT_1/roomba_src/zed-ros2-wrapper/zed_components/src/zed_camera/src/zed_camera_component_main.cpp:15[m[K:
[16.760s] [01m[K/usr/include/c++/11/initializer_list:90:5:[m[K [01;36m[Knote: [m[K  ‘[01m[Kstd::begin[m[K’
[16.760s]    90 |     [01;36m[Kbegin[m[K(initializer_list<_Tp> __ils) noexcept
[16.760s]       |     [01;36m[K^~~~~[m[K
[16.760s] [01m[K/home/wolfwagen/Undergrad_Minchan_Folder/ROOMBA_PROJECT_1/roomba_src/zed-ros2-wrapper/zed_components/src/zed_camera/src/zed_camera_component_main.cpp:6774:34:[m[K [01;31m[Kerror: [m[K‘[01m[Kend[m[K’ was not declared in this scope
[16.760s]  6774 |     for (const auto & landmark : [01;31m[Kmap_lm3d[m[K) {
[16.760s]       |                                  [01;31m[K^~~~~~~~[m[K
[16.760s] [01m[K/home/wolfwagen/Undergrad_Minchan_Folder/ROOMBA_PROJECT_1/roomba_src/zed-ros2-wrapper/zed_components/src/zed_camera/src/zed_camera_component_main.cpp:6774:34:[m[K [01;36m[Knote: [m[Ksuggested alternatives:
[16.761s] In file included from [01m[K/usr/include/nlohmann/detail/conversions/from_json.hpp:13[m[K,
[16.761s]                  from [01m[K/usr/include/nlohmann/adl_serializer.hpp:6[m[K,
[16.761s]                  from [01m[K/usr/include/nlohmann/json.hpp:60[m[K,
[16.761s]                  from [01m[K/home/wolfwagen/Undergrad_Minchan_Folder/ROOMBA_PROJECT_1/roomba_src/zed-ros2-wrapper/zed_components/src/tools/include/gnss_replay.hpp:5[m[K,
[16.761s]                  from [01m[K/home/wolfwagen/Undergrad_Minchan_Folder/ROOMBA_PROJECT_1/roomba_src/zed-ros2-wrapper/zed_components/src/tools/include/sl_tools.hpp:30[m[K,
[16.761s]                  from [01m[K/home/wolfwagen/Undergrad_Minchan_Folder/ROOMBA_PROJECT_1/roomba_src/zed-ros2-wrapper/zed_components/src/zed_camera/include/zed_camera_component.hpp:27[m[K,
[16.761s]                  from [01m[K/home/wolfwagen/Undergrad_Minchan_Folder/ROOMBA_PROJECT_1/roomba_src/zed-ros2-wrapper/zed_components/src/zed_camera/src/zed_camera_component_main.cpp:15[m[K:
[16.761s] [01m[K/usr/include/c++/11/valarray:1255:5:[m[K [01;36m[Knote: [m[K  ‘[01m[Kstd::end[m[K’
[16.761s]  1255 |     [01;36m[Kend[m[K(const valarray<_Tp>& __va) noexcept
[16.762s]       |     [01;36m[K^~~[m[K
[16.762s] In file included from [01m[K/usr/include/c++/11/filesystem:46[m[K,
[16.762s]                  from [01m[K/usr/include/nlohmann/detail/conversions/from_json.hpp:29[m[K,
[16.762s]                  from [01m[K/usr/include/nlohmann/adl_serializer.hpp:6[m[K,
[16.762s]                  from [01m[K/usr/include/nlohmann/json.hpp:60[m[K,
[16.762s]                  from [01m[K/home/wolfwagen/Undergrad_Minchan_Folder/ROOMBA_PROJECT_1/roomba_src/zed-ros2-wrapper/zed_components/src/tools/include/gnss_replay.hpp:5[m[K,
[16.762s]                  from [01m[K/home/wolfwagen/Undergrad_Minchan_Folder/ROOMBA_PROJECT_1/roomba_src/zed-ros2-wrapper/zed_components/src/tools/include/sl_tools.hpp:30[m[K,
[16.775s]                  from [01m[K/home/wolfwagen/Undergrad_Minchan_Folder/ROOMBA_PROJECT_1/roomba_src/zed-ros2-wrapper/zed_components/src/zed_camera/include/zed_camera_component.hpp:27[m[K,
[16.775s]                  from [01m[K/home/wolfwagen/Undergrad_Minchan_Folder/ROOMBA_PROJECT_1/roomba_src/zed-ros2-wrapper/zed_components/src/zed_camera/src/zed_camera_component_main.cpp:15[m[K:
[16.775s] [01m[K/usr/include/c++/11/bits/fs_dir.h:554:3:[m[K [01;36m[Knote: [m[K  ‘[01m[Kstd::filesystem::__cxx11::end[m[K’
[16.775s]   554 |   [01;36m[Kend[m[K(recursive_directory_iterator) noexcept
[16.776s]       |   [01;36m[K^~~[m[K
[16.776s] In file included from [01m[K/usr/include/c++/11/utility:76[m[K,
[16.776s]                  from [01m[K/usr/include/c++/11/algorithm:60[m[K,
[16.776s]                  from [01m[K/usr/local/zed/include/sl/Camera.hpp:66[m[K,
[16.776s]                  from [01m[K/home/wolfwagen/Undergrad_Minchan_Folder/ROOMBA_PROJECT_1/roomba_src/zed-ros2-wrapper/zed_components/src/zed_camera/include/zed_camera_component.hpp:20[m[K,
[16.776s]                  from [01m[K/home/wolfwagen/Undergrad_Minchan_Folder/ROOMBA_PROJECT_1/roomba_src/zed-ros2-wrapper/zed_components/src/zed_camera/src/zed_camera_component_main.cpp:15[m[K:
[16.776s] [01m[K/usr/include/c++/11/initializer_list:101:5:[m[K [01;36m[Knote: [m[K  ‘[01m[Kstd::end[m[K’
[16.776s]   101 |     [01;36m[Kend[m[K(initializer_list<_Tp> __ils) noexcept
[16.777s]       |     [01;36m[K^~~[m[K
[16.777s] In file included from [01m[K/usr/include/nlohmann/detail/string_escape.hpp:4[m[K,
[16.777s]                  from [01m[K/usr/include/nlohmann/detail/exceptions.hpp:9[m[K,
[16.777s]                  from [01m[K/usr/include/nlohmann/detail/conversions/from_json.hpp:15[m[K,
[16.777s]                  from [01m[K/usr/include/nlohmann/adl_serializer.hpp:6[m[K,
[16.777s]                  from [01m[K/usr/include/nlohmann/json.hpp:60[m[K,
[16.777s]                  from [01m[K/home/wolfwagen/Undergrad_Minchan_Folder/ROOMBA_PROJECT_1/roomba_src/zed-ros2-wrapper/zed_components/src/tools/include/gnss_replay.hpp:5[m[K,
[16.777s]                  from [01m[K/home/wolfwagen/Undergrad_Minchan_Folder/ROOMBA_PROJECT_1/roomba_src/zed-ros2-wrapper/zed_components/src/tools/include/sl_tools.hpp:30[m[K,
[16.777s]                  from [01m[K/home/wolfwagen/Undergrad_Minchan_Folder/ROOMBA_PROJECT_1/roomba_src/zed-ros2-wrapper/zed_components/src/zed_camera/include/zed_camera_component.hpp:27[m[K,
[16.778s]                  from [01m[K/home/wolfwagen/Undergrad_Minchan_Folder/ROOMBA_PROJECT_1/roomba_src/zed-ros2-wrapper/zed_components/src/zed_camera/src/zed_camera_component_main.cpp:15[m[K:
[16.778s] [01m[K/usr/include/nlohmann/detail/meta/call_std/end.hpp:7:1:[m[K [01;36m[Knote: [m[K  ‘[01m[Knlohmann::detail2::end[m[K’
[16.778s]     7 | [01;36m[KNLOHMANN_CAN_CALL_STD_FUNC_IMPL[m[K(end);
[16.778s]       | [01;36m[K^~~~~~~~~~~~~~~~~~~~~~~~~~~~~~~[m[K
[16.778s] In file included from [01m[K/usr/include/c++/11/utility:76[m[K,
[16.778s]                  from [01m[K/usr/include/c++/11/algorithm:60[m[K,
[16.778s]                  from [01m[K/usr/local/zed/include/sl/Camera.hpp:66[m[K,
[16.778s]                  from [01m[K/home/wolfwagen/Undergrad_Minchan_Folder/ROOMBA_PROJECT_1/roomba_src/zed-ros2-wrapper/zed_components/src/zed_camera/include/zed_camera_component.hpp:20[m[K,
[16.778s]                  from [01m[K/home/wolfwagen/Undergrad_Minchan_Folder/ROOMBA_PROJECT_1/roomba_src/zed-ros2-wrapper/zed_components/src/zed_camera/src/zed_camera_component_main.cpp:15[m[K:
[16.779s] [01m[K/usr/include/c++/11/initializer_list:101:5:[m[K [01;36m[Knote: [m[K  ‘[01m[Kstd::end[m[K’
[16.779s]   101 |     [01;36m[Kend[m[K(initializer_list<_Tp> __ils) noexcept
[16.779s]       |     [01;36m[K^~~[m[K
[16.779s] [01m[K/home/wolfwagen/Undergrad_Minchan_Folder/ROOMBA_PROJECT_1/roomba_src/zed-ros2-wrapper/zed_components/src/zed_camera/src/zed_camera_component_main.cpp:6783:20:[m[K [01;31m[Kerror: [m[Krequest for member ‘[01m[Kbegin[m[K’ in ‘[01m[Kmap_lm2d[m[K’, which is of non-class type ‘[01m[Kint[m[K’
[16.779s]  6783 |           map_lm2d.[01;31m[Kbegin[m[K(), map_lm2d.end(),
[16.779s]       |                    [01;31m[K^~~~~[m[K
[16.779s] [01m[K/home/wolfwagen/Undergrad_Minchan_Folder/ROOMBA_PROJECT_1/roomba_src/zed-ros2-wrapper/zed_components/src/zed_camera/src/zed_camera_component_main.cpp:6783:38:[m[K [01;31m[Kerror: [m[Krequest for member ‘[01m[Kend[m[K’ in ‘[01m[Kmap_lm2d[m[K’, which is of non-class type ‘[01m[Kint[m[K’
[16.779s]  6783 |           map_lm2d.begin(), map_lm2d.[01;31m[Kend[m[K(),
[16.779s]       |                                      [01;31m[K^~~[m[K
[16.780s] [01m[K/home/wolfwagen/Undergrad_Minchan_Folder/ROOMBA_PROJECT_1/roomba_src/zed-ros2-wrapper/zed_components/src/zed_camera/src/zed_camera_component_main.cpp:6784:33:[m[K [01;31m[Kerror: [m[K‘[01m[KLandmark2D[m[K’ in namespace ‘[01m[Ksl[m[K’ does not name a type
[16.780s]  6784 |           [&landmark](const sl::[01;31m[KLandmark2D[m[K & lm2d) {return lm2d.id == landmark.first;}))
[16.780s]       |                                 [01;31m[K^~~~~~~~~~[m[K
[16.780s] [01m[K/home/wolfwagen/Undergrad_Minchan_Folder/ROOMBA_PROJECT_1/roomba_src/zed-ros2-wrapper/zed_components/src/zed_camera/src/zed_camera_component_main.cpp:[m[K In lambda function:
[16.780s] [01m[K/home/wolfwagen/Undergrad_Minchan_Folder/ROOMBA_PROJECT_1/roomba_src/zed-ros2-wrapper/zed_components/src/zed_camera/src/zed_camera_component_main.cpp:6784:88:[m[K [01;31m[Kerror: [m[Kexpected ‘[01m[K{[m[K’ before ‘[01m[K)[m[K’ token
[16.780s]  6784 |           [&landmark](const sl::Landmark2D & lm2d) {return lm2d.id == landmark.first;})[01;31m[K)[m[K
[16.780s]       |                                                                                        [01;31m[K^[m[K
[16.780s] [01m[K/home/wolfwagen/Undergrad_Minchan_Folder/ROOMBA_PROJECT_1/roomba_src/zed-ros2-wrapper/zed_components/src/zed_camera/src/zed_camera_component_main.cpp:[m[K In member function ‘[01m[Kvoid stereolabs::ZedCamera::publishPoseLandmarks()[m[K’:
[16.780s] [01m[K/home/wolfwagen/Undergrad_Minchan_Folder/ROOMBA_PROJECT_1/roomba_src/zed-ros2-wrapper/zed_components/src/zed_camera/src/zed_camera_component_main.cpp:6784:89:[m[K [01;31m[Kerror: [m[Kexpected ‘[01m[K)[m[K’ before ‘[01m[K{[m[K’ token
[16.781s]  6784 |           [&landmark](const sl::Landmark2D & lm2d) {return lm2d.id == landmark.first;}))
[16.781s]       |                                                                                         [01;31m[K^[m[K
[16.781s]       |                                                                                         [32m[K)[m[K
[16.781s]  6785 |       [32m[K{[m[K
[16.781s]       |       [32m[K~[m[K                                                                                  
[16.781s] [01m[K/home/wolfwagen/Undergrad_Minchan_Folder/ROOMBA_PROJECT_1/roomba_src/zed-ros2-wrapper/zed_components/src/zed_camera/src/zed_camera_component_main.cpp:6782:10:[m[K [01;36m[Knote: [m[Kto match this ‘[01m[K([m[K’
[16.781s]  6782 |       if [01;36m[K([m[Kstd::any_of(
[16.781s]       |          [01;36m[K^[m[K
[17.460s] [01m[K/home/wolfwagen/Undergrad_Minchan_Folder/ROOMBA_PROJECT_1/roomba_src/zed-ros2-wrapper/zed_components/src/zed_camera/src/zed_camera_component_main.cpp:[m[K In member function ‘[01m[Kvoid stereolabs::ZedCamera::publishHealthStatus()[m[K’:
[17.460s] [01m[K/home/wolfwagen/Undergrad_Minchan_Folder/ROOMBA_PROJECT_1/roomba_src/zed-ros2-wrapper/zed_components/src/zed_camera/src/zed_camera_component_main.cpp:9896:35:[m[K [01;31m[Kerror: [m[K‘[01m[Kstruct sl::HealthStatus[m[K’ has no member named ‘[01m[Klow_image_quality[m[K’
[17.461s]  9896 |   msg->low_image_quality = status.[01;31m[Klow_image_quality[m[K;
[17.461s]       |                                   [01;31m[K^~~~~~~~~~~~~~~~~[m[K
[17.461s] [01m[K/home/wolfwagen/Undergrad_Minchan_Folder/ROOMBA_PROJECT_1/roomba_src/zed-ros2-wrapper/zed_components/src/zed_camera/src/zed_camera_component_main.cpp:9897:30:[m[K [01;31m[Kerror: [m[K‘[01m[Kstruct sl::HealthStatus[m[K’ has no member named ‘[01m[Klow_lighting[m[K’
[17.461s]  9897 |   msg->low_lighting = status.[01;31m[Klow_lighting[m[K;
[17.461s]       |                              [01;31m[K^~~~~~~~~~~~[m[K
[17.461s] [01m[K/home/wolfwagen/Undergrad_Minchan_Folder/ROOMBA_PROJECT_1/roomba_src/zed-ros2-wrapper/zed_components/src/zed_camera/src/zed_camera_component_main.cpp:9898:39:[m[K [01;31m[Kerror: [m[K‘[01m[Kstruct sl::HealthStatus[m[K’ has no member named ‘[01m[Klow_depth_reliability[m[K’
[17.461s]  9898 |   msg->low_depth_reliability = status.[01;31m[Klow_depth_reliability[m[K;
[17.461s]       |                                       [01;31m[K^~~~~~~~~~~~~~~~~~~~~[m[K
[17.461s] [01m[K/home/wolfwagen/Undergrad_Minchan_Folder/ROOMBA_PROJECT_1/roomba_src/zed-ros2-wrapper/zed_components/src/zed_camera/src/zed_camera_component_main.cpp:9900:12:[m[K [01;31m[Kerror: [m[K‘[01m[Kstruct sl::HealthStatus[m[K’ has no member named ‘[01m[Klow_motion_sensors_reliability[m[K’
[17.462s]  9900 |     status.[01;31m[Klow_motion_sensors_reliability[m[K;
[17.462s]       |            [01;31m[K^~~~~~~~~~~~~~~~~~~~~~~~~~~~~~[m[K
[27.368s] [01m[K/home/wolfwagen/Undergrad_Minchan_Folder/ROOMBA_PROJECT_1/roomba_src/zed-ros2-wrapper/zed_components/src/zed_camera/src/zed_camera_component_objdet.cpp:[m[K In member function ‘[01m[Kvoid stereolabs::ZedCamera::getCustomOdParams()[m[K’:
[27.369s] [01m[K/home/wolfwagen/Undergrad_Minchan_Folder/ROOMBA_PROJECT_1/roomba_src/zed-ros2-wrapper/zed_components/src/zed_camera/src/zed_camera_component_objdet.cpp:285:26:[m[K [01;31m[Kerror: [m[K‘[01m[Kstruct sl::CustomObjectDetectionProperties[m[K’ has no member named ‘[01m[Kmax_box_width_meters[m[K’
[27.369s]   285 |       customOdProperties.[01;31m[Kmax_box_width_meters[m[K, customOdProperties.max_box_width_meters,
[27.370s]       |                          [01;31m[K^~~~~~~~~~~~~~~~~~~~[m[K
[27.370s] [01m[K/home/wolfwagen/Undergrad_Minchan_Folder/ROOMBA_PROJECT_1/roomba_src/zed-ros2-wrapper/zed_components/src/zed_camera/src/zed_camera_component_objdet.cpp:285:67:[m[K [01;31m[Kerror: [m[K‘[01m[Kstruct sl::CustomObjectDetectionProperties[m[K’ has no member named ‘[01m[Kmax_box_width_meters[m[K’
[27.371s]   285 |       customOdProperties.max_box_width_meters, customOdProperties.[01;31m[Kmax_box_width_meters[m[K,
[27.372s]       |                                                                   [01;31m[K^~~~~~~~~~~~~~~~~~~~[m[K
[27.372s] [01m[K/home/wolfwagen/Undergrad_Minchan_Folder/ROOMBA_PROJECT_1/roomba_src/zed-ros2-wrapper/zed_components/src/zed_camera/src/zed_camera_component_objdet.cpp:291:26:[m[K [01;31m[Kerror: [m[K‘[01m[Kstruct sl::CustomObjectDetectionProperties[m[K’ has no member named ‘[01m[Kmin_box_width_meters[m[K’
[27.372s]   291 |       customOdProperties.[01;31m[Kmin_box_width_meters[m[K, customOdProperties.min_box_width_meters,
[27.372s]       |                          [01;31m[K^~~~~~~~~~~~~~~~~~~~[m[K
[27.372s] [01m[K/home/wolfwagen/Undergrad_Minchan_Folder/ROOMBA_PROJECT_1/roomba_src/zed-ros2-wrapper/zed_components/src/zed_camera/src/zed_camera_component_objdet.cpp:291:67:[m[K [01;31m[Kerror: [m[K‘[01m[Kstruct sl::CustomObjectDetectionProperties[m[K’ has no member named ‘[01m[Kmin_box_width_meters[m[K’
[27.374s]   291 |       customOdProperties.min_box_width_meters, customOdProperties.[01;31m[Kmin_box_width_meters[m[K,
[27.374s]       |                                                                   [01;31m[K^~~~~~~~~~~~~~~~~~~~[m[K
[27.374s] [01m[K/home/wolfwagen/Undergrad_Minchan_Folder/ROOMBA_PROJECT_1/roomba_src/zed-ros2-wrapper/zed_components/src/zed_camera/src/zed_camera_component_objdet.cpp:297:26:[m[K [01;31m[Kerror: [m[K‘[01m[Kstruct sl::CustomObjectDetectionProperties[m[K’ has no member named ‘[01m[Kmax_box_height_meters[m[K’; did you mean ‘[01m[Kmax_box_height_normalized[m[K’?
[27.374s]   297 |       customOdProperties.[01;31m[Kmax_box_height_meters[m[K, customOdProperties.max_box_height_meters, std::string(
[27.375s]       |                          [01;31m[K^~~~~~~~~~~~~~~~~~~~~[m[K
[27.376s]       |                          [32m[Kmax_box_height_normalized[m[K
[27.377s] [01m[K/home/wolfwagen/Undergrad_Minchan_Folder/ROOMBA_PROJECT_1/roomba_src/zed-ros2-wrapper/zed_components/src/zed_camera/src/zed_camera_component_objdet.cpp:297:68:[m[K [01;31m[Kerror: [m[K‘[01m[Kstruct sl::CustomObjectDetectionProperties[m[K’ has no member named ‘[01m[Kmax_box_height_meters[m[K’; did you mean ‘[01m[Kmax_box_height_normalized[m[K’?
[27.377s]   297 |       customOdProperties.max_box_height_meters, customOdProperties.[01;31m[Kmax_box_height_meters[m[K, std::string(
[27.377s]       |                                                                    [01;31m[K^~~~~~~~~~~~~~~~~~~~~[m[K
[27.377s]       |                                                                    [32m[Kmax_box_height_normalized[m[K
[27.378s] [01m[K/home/wolfwagen/Undergrad_Minchan_Folder/ROOMBA_PROJECT_1/roomba_src/zed-ros2-wrapper/zed_components/src/zed_camera/src/zed_camera_component_objdet.cpp:303:26:[m[K [01;31m[Kerror: [m[K‘[01m[Kstruct sl::CustomObjectDetectionProperties[m[K’ has no member named ‘[01m[Kmax_allowed_acceleration[m[K’
[27.379s]   303 |       customOdProperties.[01;31m[Kmax_allowed_acceleration[m[K, customOdProperties.max_allowed_acceleration, std::string(
[27.379s]       |                          [01;31m[K^~~~~~~~~~~~~~~~~~~~~~~~[m[K
[27.379s] [01m[K/home/wolfwagen/Undergrad_Minchan_Folder/ROOMBA_PROJECT_1/roomba_src/zed-ros2-wrapper/zed_components/src/zed_camera/src/zed_camera_component_objdet.cpp:303:71:[m[K [01;31m[Kerror: [m[K‘[01m[Kstruct sl::CustomObjectDetectionProperties[m[K’ has no member named ‘[01m[Kmax_allowed_acceleration[m[K’
[27.379s]   303 |       customOdProperties.max_allowed_acceleration, customOdProperties.[01;31m[Kmax_allowed_acceleration[m[K, std::string(
[27.379s]       |                                                                       [01;31m[K^~~~~~~~~~~~~~~~~~~~~~~~[m[K
[27.379s] [01m[K/home/wolfwagen/Undergrad_Minchan_Folder/ROOMBA_PROJECT_1/roomba_src/zed-ros2-wrapper/zed_components/src/zed_camera/src/zed_camera_component_objdet.cpp:309:26:[m[K [01;31m[Kerror: [m[K‘[01m[Kstruct sl::CustomObjectDetectionProperties[m[K’ has no member named ‘[01m[Kobject_tracking_parameters[m[K’
[27.379s]   309 |       customOdProperties.[01;31m[Kobject_tracking_parameters[m[K.velocity_smoothing_factor, customOdProperties.object_tracking_parameters.velocity_smoothing_factor, std::string(
[27.380s]       |                          [01;31m[K^~~~~~~~~~~~~~~~~~~~~~~~~~[m[K
[27.380s] [01m[K/home/wolfwagen/Undergrad_Minchan_Folder/ROOMBA_PROJECT_1/roomba_src/zed-ros2-wrapper/zed_components/src/zed_camera/src/zed_camera_component_objdet.cpp:309:99:[m[K [01;31m[Kerror: [m[K‘[01m[Kstruct sl::CustomObjectDetectionProperties[m[K’ has no member named ‘[01m[Kobject_tracking_parameters[m[K’
[27.380s]   309 |       customOdProperties.object_tracking_parameters.velocity_smoothing_factor, customOdProperties.[01;31m[Kobject_tracking_parameters[m[K.velocity_smoothing_factor, std::string(
[27.380s]       |                                                                                                   [01;31m[K^~~~~~~~~~~~~~~~~~~~~~~~~~[m[K
[27.380s] [01m[K/home/wolfwagen/Undergrad_Minchan_Folder/ROOMBA_PROJECT_1/roomba_src/zed-ros2-wrapper/zed_components/src/zed_camera/src/zed_camera_component_objdet.cpp:315:26:[m[K [01;31m[Kerror: [m[K‘[01m[Kstruct sl::CustomObjectDetectionProperties[m[K’ has no member named ‘[01m[Kobject_tracking_parameters[m[K’
[27.380s]   315 |       customOdProperties.[01;31m[Kobject_tracking_parameters[m[K.min_velocity_threshold, customOdProperties.object_tracking_parameters.min_velocity_threshold, std::string(
[27.380s]       |                          [01;31m[K^~~~~~~~~~~~~~~~~~~~~~~~~~[m[K
[27.380s] [01m[K/home/wolfwagen/Undergrad_Minchan_Folder/ROOMBA_PROJECT_1/roomba_src/zed-ros2-wrapper/zed_components/src/zed_camera/src/zed_camera_component_objdet.cpp:315:96:[m[K [01;31m[Kerror: [m[K‘[01m[Kstruct sl::CustomObjectDetectionProperties[m[K’ has no member named ‘[01m[Kobject_tracking_parameters[m[K’
[27.380s]   315 |       customOdProperties.object_tracking_parameters.min_velocity_threshold, customOdProperties.[01;31m[Kobject_tracking_parameters[m[K.min_velocity_threshold, std::string(
[27.381s]       |                                                                                                [01;31m[K^~~~~~~~~~~~~~~~~~~~~~~~~~[m[K
[27.381s] [01m[K/home/wolfwagen/Undergrad_Minchan_Folder/ROOMBA_PROJECT_1/roomba_src/zed-ros2-wrapper/zed_components/src/zed_camera/src/zed_camera_component_objdet.cpp:321:26:[m[K [01;31m[Kerror: [m[K‘[01m[Kstruct sl::CustomObjectDetectionProperties[m[K’ has no member named ‘[01m[Kobject_tracking_parameters[m[K’
[27.381s]   321 |       customOdProperties.[01;31m[Kobject_tracking_parameters[m[K.prediction_timeout_s, customOdProperties.object_tracking_parameters.prediction_timeout_s, std::string(
[27.381s]       |                          [01;31m[K^~~~~~~~~~~~~~~~~~~~~~~~~~[m[K
[27.381s] [01m[K/home/wolfwagen/Undergrad_Minchan_Folder/ROOMBA_PROJECT_1/roomba_src/zed-ros2-wrapper/zed_components/src/zed_camera/src/zed_camera_component_objdet.cpp:321:94:[m[K [01;31m[Kerror: [m[K‘[01m[Kstruct sl::CustomObjectDetectionProperties[m[K’ has no member named ‘[01m[Kobject_tracking_parameters[m[K’
[27.381s]   321 |       customOdProperties.object_tracking_parameters.prediction_timeout_s, customOdProperties.[01;31m[Kobject_tracking_parameters[m[K.prediction_timeout_s, std::string(
[27.381s]       |                                                                                              [01;31m[K^~~~~~~~~~~~~~~~~~~~~~~~~~[m[K
[27.381s] [01m[K/home/wolfwagen/Undergrad_Minchan_Folder/ROOMBA_PROJECT_1/roomba_src/zed-ros2-wrapper/zed_components/src/zed_camera/src/zed_camera_component_objdet.cpp:327:26:[m[K [01;31m[Kerror: [m[K‘[01m[Kstruct sl::CustomObjectDetectionProperties[m[K’ has no member named ‘[01m[Kobject_tracking_parameters[m[K’
[27.382s]   327 |       customOdProperties.[01;31m[Kobject_tracking_parameters[m[K.min_confirmation_time_s, customOdProperties.object_tracking_parameters.min_confirmation_time_s, std::string(
[27.382s]       |                          [01;31m[K^~~~~~~~~~~~~~~~~~~~~~~~~~[m[K
[27.382s] [01m[K/home/wolfwagen/Undergrad_Minchan_Folder/ROOMBA_PROJECT_1/roomba_src/zed-ros2-wrapper/zed_components/src/zed_camera/src/zed_camera_component_objdet.cpp:327:97:[m[K [01;31m[Kerror: [m[K‘[01m[Kstruct sl::CustomObjectDetectionProperties[m[K’ has no member named ‘[01m[Kobject_tracking_parameters[m[K’
[27.382s]   327 |       customOdProperties.object_tracking_parameters.min_confirmation_time_s, customOdProperties.[01;31m[Kobject_tracking_parameters[m[K.min_confirmation_time_s, std::string(
[27.382s]       |                                                                                                 [01;31m[K^~~~~~~~~~~~~~~~~~~~~~~~~~[m[K
[27.382s] [01m[K/home/wolfwagen/Undergrad_Minchan_Folder/ROOMBA_PROJECT_1/roomba_src/zed-ros2-wrapper/zed_components/src/zed_camera/src/zed_camera_component_objdet.cpp:334:11:[m[K [01;31m[Kerror: [m[K‘[01m[Ksl::OBJECT_ACCELERATION_PRESET[m[K’ has not been declared
[27.382s]   334 |       sl::[01;31m[KOBJECT_ACCELERATION_PRESET[m[K::DEFAULT,
[27.382s]       |           [01;31m[K^~~~~~~~~~~~~~~~~~~~~~~~~~[m[K
[27.383s] [01m[K/home/wolfwagen/Undergrad_Minchan_Folder/ROOMBA_PROJECT_1/roomba_src/zed-ros2-wrapper/zed_components/src/zed_camera/src/zed_camera_component_objdet.cpp:335:11:[m[K [01;31m[Kerror: [m[K‘[01m[Ksl::OBJECT_ACCELERATION_PRESET[m[K’ has not been declared
[27.383s]   335 |       sl::[01;31m[KOBJECT_ACCELERATION_PRESET[m[K::LAST,
[27.383s]       |           [01;31m[K^~~~~~~~~~~~~~~~~~~~~~~~~~[m[K
[27.383s] [01m[K/home/wolfwagen/Undergrad_Minchan_Folder/ROOMBA_PROJECT_1/roomba_src/zed-ros2-wrapper/zed_components/src/zed_camera/src/zed_camera_component_objdet.cpp:336:26:[m[K [01;31m[Kerror: [m[K‘[01m[Kstruct sl::CustomObjectDetectionProperties[m[K’ has no member named ‘[01m[Kobject_tracking_parameters[m[K’
[27.383s]   336 |       customOdProperties.[01;31m[Kobject_tracking_parameters[m[K.object_acceleration_preset,
[27.383s]       |                          [01;31m[K^~~~~~~~~~~~~~~~~~~~~~~~~~[m[K
[27.554s] [01m[K/home/wolfwagen/Undergrad_Minchan_Folder/ROOMBA_PROJECT_1/roomba_src/zed-ros2-wrapper/zed_components/src/zed_camera/src/zed_camera_component_objdet.cpp:[m[K In member function ‘[01m[Kbool stereolabs::ZedCamera::handleCustomOdDynamicParams(const rclcpp::Parameter&, rcl_interfaces::msg::SetParametersResult&)[m[K’:
[27.555s] [01m[K/home/wolfwagen/Undergrad_Minchan_Folder/ROOMBA_PROJECT_1/roomba_src/zed-ros2-wrapper/zed_components/src/zed_camera/src/zed_camera_component_objdet.cpp:803:35:[m[K [01;31m[Kerror: [m[K‘[01m[Kstd::unordered_map<int, sl::CustomObjectDetectionProperties>::mapped_type[m[K’ {aka ‘[01m[Kstruct sl::CustomObjectDetectionProperties[m[K’} has no member named ‘[01m[Kmax_box_width_meters[m[K’
[27.555s]   803 |     mCustomOdProperties[class_id].[01;31m[Kmax_box_width_meters[m[K = param.as_double();
[27.555s]       |                                   [01;31m[K^~~~~~~~~~~~~~~~~~~~[m[K
[27.558s] In file included from [01m[K/opt/ros/humble/include/rclcpp/rclcpp/client.hpp:40[m[K,
[27.559s]                  from [01m[K/opt/ros/humble/include/rclcpp/rclcpp/callback_group.hpp:24[m[K,
[27.559s]                  from [01m[K/opt/ros/humble/include/rclcpp/rclcpp/any_executable.hpp:20[m[K,
[27.559s]                  from [01m[K/opt/ros/humble/include/rclcpp/rclcpp/memory_strategy.hpp:25[m[K,
[27.559s]                  from [01m[K/opt/ros/humble/include/rclcpp/rclcpp/memory_strategies.hpp:18[m[K,
[27.559s]                  from [01m[K/opt/ros/humble/include/rclcpp/rclcpp/executor_options.hpp:20[m[K,
[27.559s]                  from [01m[K/opt/ros/humble/include/rclcpp/rclcpp/executor.hpp:37[m[K,
[27.559s]                  from [01m[K/opt/ros/humble/include/rclcpp/rclcpp/executors/multi_threaded_executor.hpp:25[m[K,
[27.560s]                  from [01m[K/opt/ros/humble/include/rclcpp/rclcpp/executors.hpp:21[m[K,
[27.560s]                  from [01m[K/opt/ros/humble/include/rclcpp/rclcpp/rclcpp.hpp:155[m[K,
[27.560s]                  from [01m[K/home/wolfwagen/Undergrad_Minchan_Folder/ROOMBA_PROJECT_1/roomba_src/zed-ros2-wrapper/zed_components/src/tools/include/sl_tools.hpp:22[m[K,
[27.560s]                  from [01m[K/home/wolfwagen/Undergrad_Minchan_Folder/ROOMBA_PROJECT_1/roomba_src/zed-ros2-wrapper/zed_components/src/zed_camera/include/zed_camera_component.hpp:27[m[K,
[27.560s]                  from [01m[K/home/wolfwagen/Undergrad_Minchan_Folder/ROOMBA_PROJECT_1/roomba_src/zed-ros2-wrapper/zed_components/src/zed_camera/src/zed_camera_component_objdet.cpp:15[m[K:
[27.560s] [01m[K/home/wolfwagen/Undergrad_Minchan_Folder/ROOMBA_PROJECT_1/roomba_src/zed-ros2-wrapper/zed_components/src/zed_camera/src/zed_camera_component_objdet.cpp:808:42:[m[K [01;31m[Kerror: [m[K‘[01m[Kstd::unordered_map<int, sl::CustomObjectDetectionProperties>::mapped_type[m[K’ {aka ‘[01m[Kstruct sl::CustomObjectDetectionProperties[m[K’} has no member named ‘[01m[Kmax_box_width_meters[m[K’
[27.560s]   808 |         << mCustomOdProperties[class_id].[01;31m[Kmax_box_width_meters[m[K);
[27.560s]       |                                          [01;31m[K^~~~~~~~~~~~~~~~~~~~[m[K
[27.561s] [01m[K/home/wolfwagen/Undergrad_Minchan_Folder/ROOMBA_PROJECT_1/roomba_src/zed-ros2-wrapper/zed_components/src/zed_camera/src/zed_camera_component_objdet.cpp:805:5:[m[K [01;36m[Knote: [m[Kin expansion of macro ‘[01m[KDEBUG_STREAM_DYN_PARAMS[m[K’
[27.561s]   805 |     [01;36m[KDEBUG_STREAM_DYN_PARAMS[m[K(
[27.561s]       |     [01;36m[K^~~~~~~~~~~~~~~~~~~~~~~[m[K
[27.571s] [01m[K/home/wolfwagen/Undergrad_Minchan_Folder/ROOMBA_PROJECT_1/roomba_src/zed-ros2-wrapper/zed_components/src/zed_camera/src/zed_camera_component_objdet.cpp:819:35:[m[K [01;31m[Kerror: [m[K‘[01m[Kstd::unordered_map<int, sl::CustomObjectDetectionProperties>::mapped_type[m[K’ {aka ‘[01m[Kstruct sl::CustomObjectDetectionProperties[m[K’} has no member named ‘[01m[Kmin_box_width_meters[m[K’
[27.571s]   819 |     mCustomOdProperties[class_id].[01;31m[Kmin_box_width_meters[m[K = param.as_double();
[27.571s]       |                                   [01;31m[K^~~~~~~~~~~~~~~~~~~~[m[K
[27.585s] In file included from [01m[K/opt/ros/humble/include/rclcpp/rclcpp/client.hpp:40[m[K,
[27.585s]                  from [01m[K/opt/ros/humble/include/rclcpp/rclcpp/callback_group.hpp:24[m[K,
[27.585s]                  from [01m[K/opt/ros/humble/include/rclcpp/rclcpp/any_executable.hpp:20[m[K,
[27.585s]                  from [01m[K/opt/ros/humble/include/rclcpp/rclcpp/memory_strategy.hpp:25[m[K,
[27.585s]                  from [01m[K/opt/ros/humble/include/rclcpp/rclcpp/memory_strategies.hpp:18[m[K,
[27.586s]                  from [01m[K/opt/ros/humble/include/rclcpp/rclcpp/executor_options.hpp:20[m[K,
[27.586s]                  from [01m[K/opt/ros/humble/include/rclcpp/rclcpp/executor.hpp:37[m[K,
[27.586s]                  from [01m[K/opt/ros/humble/include/rclcpp/rclcpp/executors/multi_threaded_executor.hpp:25[m[K,
[27.586s]                  from [01m[K/opt/ros/humble/include/rclcpp/rclcpp/executors.hpp:21[m[K,
[27.586s]                  from [01m[K/opt/ros/humble/include/rclcpp/rclcpp/rclcpp.hpp:155[m[K,
[27.586s]                  from [01m[K/home/wolfwagen/Undergrad_Minchan_Folder/ROOMBA_PROJECT_1/roomba_src/zed-ros2-wrapper/zed_components/src/tools/include/sl_tools.hpp:22[m[K,
[27.586s]                  from [01m[K/home/wolfwagen/Undergrad_Minchan_Folder/ROOMBA_PROJECT_1/roomba_src/zed-ros2-wrapper/zed_components/src/zed_camera/include/zed_camera_component.hpp:27[m[K,
[27.586s]                  from [01m[K/home/wolfwagen/Undergrad_Minchan_Folder/ROOMBA_PROJECT_1/roomba_src/zed-ros2-wrapper/zed_components/src/zed_camera/src/zed_camera_component_objdet.cpp:15[m[K:
[27.586s] [01m[K/home/wolfwagen/Undergrad_Minchan_Folder/ROOMBA_PROJECT_1/roomba_src/zed-ros2-wrapper/zed_components/src/zed_camera/src/zed_camera_component_objdet.cpp:824:42:[m[K [01;31m[Kerror: [m[K‘[01m[Kstd::unordered_map<int, sl::CustomObjectDetectionProperties>::mapped_type[m[K’ {aka ‘[01m[Kstruct sl::CustomObjectDetectionProperties[m[K’} has no member named ‘[01m[Kmin_box_width_meters[m[K’
[27.587s]   824 |         << mCustomOdProperties[class_id].[01;31m[Kmin_box_width_meters[m[K);
[27.587s]       |                                          [01;31m[K^~~~~~~~~~~~~~~~~~~~[m[K
[27.587s] [01m[K/home/wolfwagen/Undergrad_Minchan_Folder/ROOMBA_PROJECT_1/roomba_src/zed-ros2-wrapper/zed_components/src/zed_camera/src/zed_camera_component_objdet.cpp:821:5:[m[K [01;36m[Knote: [m[Kin expansion of macro ‘[01m[KDEBUG_STREAM_DYN_PARAMS[m[K’
[27.587s]   821 |     [01;36m[KDEBUG_STREAM_DYN_PARAMS[m[K(
[27.587s]       |     [01;36m[K^~~~~~~~~~~~~~~~~~~~~~~[m[K
[27.592s] [01m[K/home/wolfwagen/Undergrad_Minchan_Folder/ROOMBA_PROJECT_1/roomba_src/zed-ros2-wrapper/zed_components/src/zed_camera/src/zed_camera_component_objdet.cpp:834:35:[m[K [01;31m[Kerror: [m[K‘[01m[Kstd::unordered_map<int, sl::CustomObjectDetectionProperties>::mapped_type[m[K’ {aka ‘[01m[Kstruct sl::CustomObjectDetectionProperties[m[K’} has no member named ‘[01m[Kmax_box_height_meters[m[K’; did you mean ‘[01m[Kmax_box_height_normalized[m[K’?
[27.592s]   834 |     mCustomOdProperties[class_id].[01;31m[Kmax_box_height_meters[m[K = param.as_double();
[27.592s]       |                                   [01;31m[K^~~~~~~~~~~~~~~~~~~~~[m[K
[27.592s]       |                                   [32m[Kmax_box_height_normalized[m[K
[27.594s] In file included from [01m[K/opt/ros/humble/include/rclcpp/rclcpp/client.hpp:40[m[K,
[27.594s]                  from [01m[K/opt/ros/humble/include/rclcpp/rclcpp/callback_group.hpp:24[m[K,
[27.594s]                  from [01m[K/opt/ros/humble/include/rclcpp/rclcpp/any_executable.hpp:20[m[K,
[27.595s]                  from [01m[K/opt/ros/humble/include/rclcpp/rclcpp/memory_strategy.hpp:25[m[K,
[27.595s]                  from [01m[K/opt/ros/humble/include/rclcpp/rclcpp/memory_strategies.hpp:18[m[K,
[27.595s]                  from [01m[K/opt/ros/humble/include/rclcpp/rclcpp/executor_options.hpp:20[m[K,
[27.595s]                  from [01m[K/opt/ros/humble/include/rclcpp/rclcpp/executor.hpp:37[m[K,
[27.595s]                  from [01m[K/opt/ros/humble/include/rclcpp/rclcpp/executors/multi_threaded_executor.hpp:25[m[K,
[27.595s]                  from [01m[K/opt/ros/humble/include/rclcpp/rclcpp/executors.hpp:21[m[K,
[27.596s]                  from [01m[K/opt/ros/humble/include/rclcpp/rclcpp/rclcpp.hpp:155[m[K,
[27.596s]                  from [01m[K/home/wolfwagen/Undergrad_Minchan_Folder/ROOMBA_PROJECT_1/roomba_src/zed-ros2-wrapper/zed_components/src/tools/include/sl_tools.hpp:22[m[K,
[27.596s]                  from [01m[K/home/wolfwagen/Undergrad_Minchan_Folder/ROOMBA_PROJECT_1/roomba_src/zed-ros2-wrapper/zed_components/src/zed_camera/include/zed_camera_component.hpp:27[m[K,
[27.596s]                  from [01m[K/home/wolfwagen/Undergrad_Minchan_Folder/ROOMBA_PROJECT_1/roomba_src/zed-ros2-wrapper/zed_components/src/zed_camera/src/zed_camera_component_objdet.cpp:15[m[K:
[27.596s] [01m[K/home/wolfwagen/Undergrad_Minchan_Folder/ROOMBA_PROJECT_1/roomba_src/zed-ros2-wrapper/zed_components/src/zed_camera/src/zed_camera_component_objdet.cpp:838:42:[m[K [01;31m[Kerror: [m[K‘[01m[Kstd::unordered_map<int, sl::CustomObjectDetectionProperties>::mapped_type[m[K’ {aka ‘[01m[Kstruct sl::CustomObjectDetectionProperties[m[K’} has no member named ‘[01m[Kmax_box_height_meters[m[K’; did you mean ‘[01m[Kmax_box_height_normalized[m[K’?
[27.596s]   838 |         << mCustomOdProperties[class_id].[01;31m[Kmax_box_height_meters[m[K);
[27.596s]       |                                          [01;31m[K^~~~~~~~~~~~~~~~~~~~~[m[K
[27.596s] [01m[K/home/wolfwagen/Undergrad_Minchan_Folder/ROOMBA_PROJECT_1/roomba_src/zed-ros2-wrapper/zed_components/src/zed_camera/src/zed_camera_component_objdet.cpp:835:5:[m[K [01;36m[Knote: [m[Kin expansion of macro ‘[01m[KDEBUG_STREAM_DYN_PARAMS[m[K’
[27.597s]   835 |     [01;36m[KDEBUG_STREAM_DYN_PARAMS[m[K(
[27.597s]       |     [01;36m[K^~~~~~~~~~~~~~~~~~~~~~~[m[K
[27.601s] [01m[K/home/wolfwagen/Undergrad_Minchan_Folder/ROOMBA_PROJECT_1/roomba_src/zed-ros2-wrapper/zed_components/src/zed_camera/src/zed_camera_component_objdet.cpp:849:35:[m[K [01;31m[Kerror: [m[K‘[01m[Kstd::unordered_map<int, sl::CustomObjectDetectionProperties>::mapped_type[m[K’ {aka ‘[01m[Kstruct sl::CustomObjectDetectionProperties[m[K’} has no member named ‘[01m[Kmax_allowed_acceleration[m[K’
[27.614s]   849 |     mCustomOdProperties[class_id].[01;31m[Kmax_allowed_acceleration[m[K = param.as_double();
[27.614s]       |                                   [01;31m[K^~~~~~~~~~~~~~~~~~~~~~~~[m[K
[27.616s] In file included from [01m[K/opt/ros/humble/include/rclcpp/rclcpp/client.hpp:40[m[K,
[27.616s]                  from [01m[K/opt/ros/humble/include/rclcpp/rclcpp/callback_group.hpp:24[m[K,
[27.616s]                  from [01m[K/opt/ros/humble/include/rclcpp/rclcpp/any_executable.hpp:20[m[K,
[27.616s]                  from [01m[K/opt/ros/humble/include/rclcpp/rclcpp/memory_strategy.hpp:25[m[K,
[27.616s]                  from [01m[K/opt/ros/humble/include/rclcpp/rclcpp/memory_strategies.hpp:18[m[K,
[27.617s]                  from [01m[K/opt/ros/humble/include/rclcpp/rclcpp/executor_options.hpp:20[m[K,
[27.617s]                  from [01m[K/opt/ros/humble/include/rclcpp/rclcpp/executor.hpp:37[m[K,
[27.617s]                  from [01m[K/opt/ros/humble/include/rclcpp/rclcpp/executors/multi_threaded_executor.hpp:25[m[K,
[27.617s]                  from [01m[K/opt/ros/humble/include/rclcpp/rclcpp/executors.hpp:21[m[K,
[27.617s]                  from [01m[K/opt/ros/humble/include/rclcpp/rclcpp/rclcpp.hpp:155[m[K,
[27.617s]                  from [01m[K/home/wolfwagen/Undergrad_Minchan_Folder/ROOMBA_PROJECT_1/roomba_src/zed-ros2-wrapper/zed_components/src/tools/include/sl_tools.hpp:22[m[K,
[27.617s]                  from [01m[K/home/wolfwagen/Undergrad_Minchan_Folder/ROOMBA_PROJECT_1/roomba_src/zed-ros2-wrapper/zed_components/src/zed_camera/include/zed_camera_component.hpp:27[m[K,
[27.617s]                  from [01m[K/home/wolfwagen/Undergrad_Minchan_Folder/ROOMBA_PROJECT_1/roomba_src/zed-ros2-wrapper/zed_components/src/zed_camera/src/zed_camera_component_objdet.cpp:15[m[K:
[27.617s] [01m[K/home/wolfwagen/Undergrad_Minchan_Folder/ROOMBA_PROJECT_1/roomba_src/zed-ros2-wrapper/zed_components/src/zed_camera/src/zed_camera_component_objdet.cpp:853:42:[m[K [01;31m[Kerror: [m[K‘[01m[Kstd::unordered_map<int, sl::CustomObjectDetectionProperties>::mapped_type[m[K’ {aka ‘[01m[Kstruct sl::CustomObjectDetectionProperties[m[K’} has no member named ‘[01m[Kmax_allowed_acceleration[m[K’
[27.618s]   853 |         << mCustomOdProperties[class_id].[01;31m[Kmax_allowed_acceleration[m[K);
[27.618s]       |                                          [01;31m[K^~~~~~~~~~~~~~~~~~~~~~~~[m[K
[27.618s] [01m[K/home/wolfwagen/Undergrad_Minchan_Folder/ROOMBA_PROJECT_1/roomba_src/zed-ros2-wrapper/zed_components/src/zed_camera/src/zed_camera_component_objdet.cpp:850:5:[m[K [01;36m[Knote: [m[Kin expansion of macro ‘[01m[KDEBUG_STREAM_DYN_PARAMS[m[K’
[27.618s]   850 |     [01;36m[KDEBUG_STREAM_DYN_PARAMS[m[K(
[27.618s]       |     [01;36m[K^~~~~~~~~~~~~~~~~~~~~~~[m[K
[27.622s] [01m[K/home/wolfwagen/Undergrad_Minchan_Folder/ROOMBA_PROJECT_1/roomba_src/zed-ros2-wrapper/zed_components/src/zed_camera/src/zed_camera_component_objdet.cpp:864:35:[m[K [01;31m[Kerror: [m[K‘[01m[Kstd::unordered_map<int, sl::CustomObjectDetectionProperties>::mapped_type[m[K’ {aka ‘[01m[Kstruct sl::CustomObjectDetectionProperties[m[K’} has no member named ‘[01m[Kobject_tracking_parameters[m[K’
[27.622s]   864 |     mCustomOdProperties[class_id].[01;31m[Kobject_tracking_parameters[m[K.velocity_smoothing_factor =
[27.623s]       |                                   [01;31m[K^~~~~~~~~~~~~~~~~~~~~~~~~~[m[K
[27.624s] In file included from [01m[K/opt/ros/humble/include/rclcpp/rclcpp/client.hpp:40[m[K,
[27.624s]                  from [01m[K/opt/ros/humble/include/rclcpp/rclcpp/callback_group.hpp:24[m[K,
[27.625s]                  from [01m[K/opt/ros/humble/include/rclcpp/rclcpp/any_executable.hpp:20[m[K,
[27.625s]                  from [01m[K/opt/ros/humble/include/rclcpp/rclcpp/memory_strategy.hpp:25[m[K,
[27.625s]                  from [01m[K/opt/ros/humble/include/rclcpp/rclcpp/memory_strategies.hpp:18[m[K,
[27.625s]                  from [01m[K/opt/ros/humble/include/rclcpp/rclcpp/executor_options.hpp:20[m[K,
[27.625s]                  from [01m[K/opt/ros/humble/include/rclcpp/rclcpp/executor.hpp:37[m[K,
[27.625s]                  from [01m[K/opt/ros/humble/include/rclcpp/rclcpp/executors/multi_threaded_executor.hpp:25[m[K,
[27.625s]                  from [01m[K/opt/ros/humble/include/rclcpp/rclcpp/executors.hpp:21[m[K,
[27.625s]                  from [01m[K/opt/ros/humble/include/rclcpp/rclcpp/rclcpp.hpp:155[m[K,
[27.626s]                  from [01m[K/home/wolfwagen/Undergrad_Minchan_Folder/ROOMBA_PROJECT_1/roomba_src/zed-ros2-wrapper/zed_components/src/tools/include/sl_tools.hpp:22[m[K,
[27.626s]                  from [01m[K/home/wolfwagen/Undergrad_Minchan_Folder/ROOMBA_PROJECT_1/roomba_src/zed-ros2-wrapper/zed_components/src/zed_camera/include/zed_camera_component.hpp:27[m[K,
[27.626s]                  from [01m[K/home/wolfwagen/Undergrad_Minchan_Folder/ROOMBA_PROJECT_1/roomba_src/zed-ros2-wrapper/zed_components/src/zed_camera/src/zed_camera_component_objdet.cpp:15[m[K:
[27.626s] [01m[K/home/wolfwagen/Undergrad_Minchan_Folder/ROOMBA_PROJECT_1/roomba_src/zed-ros2-wrapper/zed_components/src/zed_camera/src/zed_camera_component_objdet.cpp:869:42:[m[K [01;31m[Kerror: [m[K‘[01m[Kstd::unordered_map<int, sl::CustomObjectDetectionProperties>::mapped_type[m[K’ {aka ‘[01m[Kstruct sl::CustomObjectDetectionProperties[m[K’} has no member named ‘[01m[Kobject_tracking_parameters[m[K’
[27.626s]   869 |         << mCustomOdProperties[class_id].[01;31m[Kobject_tracking_parameters[m[K.velocity_smoothing_factor);
[27.626s]       |                                          [01;31m[K^~~~~~~~~~~~~~~~~~~~~~~~~~[m[K
[27.627s] [01m[K/home/wolfwagen/Undergrad_Minchan_Folder/ROOMBA_PROJECT_1/roomba_src/zed-ros2-wrapper/zed_components/src/zed_camera/src/zed_camera_component_objdet.cpp:866:5:[m[K [01;36m[Knote: [m[Kin expansion of macro ‘[01m[KDEBUG_STREAM_DYN_PARAMS[m[K’
[27.627s]   866 |     [01;36m[KDEBUG_STREAM_DYN_PARAMS[m[K(
[27.627s]       |     [01;36m[K^~~~~~~~~~~~~~~~~~~~~~~[m[K
[27.631s] [01m[K/home/wolfwagen/Undergrad_Minchan_Folder/ROOMBA_PROJECT_1/roomba_src/zed-ros2-wrapper/zed_components/src/zed_camera/src/zed_camera_component_objdet.cpp:880:35:[m[K [01;31m[Kerror: [m[K‘[01m[Kstd::unordered_map<int, sl::CustomObjectDetectionProperties>::mapped_type[m[K’ {aka ‘[01m[Kstruct sl::CustomObjectDetectionProperties[m[K’} has no member named ‘[01m[Kobject_tracking_parameters[m[K’
[27.631s]   880 |     mCustomOdProperties[class_id].[01;31m[Kobject_tracking_parameters[m[K.min_velocity_threshold =
[27.631s]       |                                   [01;31m[K^~~~~~~~~~~~~~~~~~~~~~~~~~[m[K
[27.645s] In file included from [01m[K/opt/ros/humble/include/rclcpp/rclcpp/client.hpp:40[m[K,
[27.645s]                  from [01m[K/opt/ros/humble/include/rclcpp/rclcpp/callback_group.hpp:24[m[K,
[27.645s]                  from [01m[K/opt/ros/humble/include/rclcpp/rclcpp/any_executable.hpp:20[m[K,
[27.645s]                  from [01m[K/opt/ros/humble/include/rclcpp/rclcpp/memory_strategy.hpp:25[m[K,
[27.645s]                  from [01m[K/opt/ros/humble/include/rclcpp/rclcpp/memory_strategies.hpp:18[m[K,
[27.645s]                  from [01m[K/opt/ros/humble/include/rclcpp/rclcpp/executor_options.hpp:20[m[K,
[27.645s]                  from [01m[K/opt/ros/humble/include/rclcpp/rclcpp/executor.hpp:37[m[K,
[27.645s]                  from [01m[K/opt/ros/humble/include/rclcpp/rclcpp/executors/multi_threaded_executor.hpp:25[m[K,
[27.646s]                  from [01m[K/opt/ros/humble/include/rclcpp/rclcpp/executors.hpp:21[m[K,
[27.646s]                  from [01m[K/opt/ros/humble/include/rclcpp/rclcpp/rclcpp.hpp:155[m[K,
[27.646s]                  from [01m[K/home/wolfwagen/Undergrad_Minchan_Folder/ROOMBA_PROJECT_1/roomba_src/zed-ros2-wrapper/zed_components/src/tools/include/sl_tools.hpp:22[m[K,
[27.646s]                  from [01m[K/home/wolfwagen/Undergrad_Minchan_Folder/ROOMBA_PROJECT_1/roomba_src/zed-ros2-wrapper/zed_components/src/zed_camera/include/zed_camera_component.hpp:27[m[K,
[27.646s]                  from [01m[K/home/wolfwagen/Undergrad_Minchan_Folder/ROOMBA_PROJECT_1/roomba_src/zed-ros2-wrapper/zed_components/src/zed_camera/src/zed_camera_component_objdet.cpp:15[m[K:
[27.646s] [01m[K/home/wolfwagen/Undergrad_Minchan_Folder/ROOMBA_PROJECT_1/roomba_src/zed-ros2-wrapper/zed_components/src/zed_camera/src/zed_camera_component_objdet.cpp:885:42:[m[K [01;31m[Kerror: [m[K‘[01m[Kstd::unordered_map<int, sl::CustomObjectDetectionProperties>::mapped_type[m[K’ {aka ‘[01m[Kstruct sl::CustomObjectDetectionProperties[m[K’} has no member named ‘[01m[Kobject_tracking_parameters[m[K’
[27.646s]   885 |         << mCustomOdProperties[class_id].[01;31m[Kobject_tracking_parameters[m[K.min_velocity_threshold);
[27.647s]       |                                          [01;31m[K^~~~~~~~~~~~~~~~~~~~~~~~~~[m[K
[27.647s] [01m[K/home/wolfwagen/Undergrad_Minchan_Folder/ROOMBA_PROJECT_1/roomba_src/zed-ros2-wrapper/zed_components/src/zed_camera/src/zed_camera_component_objdet.cpp:882:5:[m[K [01;36m[Knote: [m[Kin expansion of macro ‘[01m[KDEBUG_STREAM_DYN_PARAMS[m[K’
[27.647s]   882 |     [01;36m[KDEBUG_STREAM_DYN_PARAMS[m[K(
[27.647s]       |     [01;36m[K^~~~~~~~~~~~~~~~~~~~~~~[m[K
[27.651s] [01m[K/home/wolfwagen/Undergrad_Minchan_Folder/ROOMBA_PROJECT_1/roomba_src/zed-ros2-wrapper/zed_components/src/zed_camera/src/zed_camera_component_objdet.cpp:896:35:[m[K [01;31m[Kerror: [m[K‘[01m[Kstd::unordered_map<int, sl::CustomObjectDetectionProperties>::mapped_type[m[K’ {aka ‘[01m[Kstruct sl::CustomObjectDetectionProperties[m[K’} has no member named ‘[01m[Kobject_tracking_parameters[m[K’
[27.652s]   896 |     mCustomOdProperties[class_id].[01;31m[Kobject_tracking_parameters[m[K.prediction_timeout_s =
[27.652s]       |                                   [01;31m[K^~~~~~~~~~~~~~~~~~~~~~~~~~[m[K
[27.654s] In file included from [01m[K/opt/ros/humble/include/rclcpp/rclcpp/client.hpp:40[m[K,
[27.654s]                  from [01m[K/opt/ros/humble/include/rclcpp/rclcpp/callback_group.hpp:24[m[K,
[27.654s]                  from [01m[K/opt/ros/humble/include/rclcpp/rclcpp/any_executable.hpp:20[m[K,
[27.654s]                  from [01m[K/opt/ros/humble/include/rclcpp/rclcpp/memory_strategy.hpp:25[m[K,
[27.654s]                  from [01m[K/opt/ros/humble/include/rclcpp/rclcpp/memory_strategies.hpp:18[m[K,
[27.654s]                  from [01m[K/opt/ros/humble/include/rclcpp/rclcpp/executor_options.hpp:20[m[K,
[27.655s]                  from [01m[K/opt/ros/humble/include/rclcpp/rclcpp/executor.hpp:37[m[K,
[27.655s]                  from [01m[K/opt/ros/humble/include/rclcpp/rclcpp/executors/multi_threaded_executor.hpp:25[m[K,
[27.655s]                  from [01m[K/opt/ros/humble/include/rclcpp/rclcpp/executors.hpp:21[m[K,
[27.655s]                  from [01m[K/opt/ros/humble/include/rclcpp/rclcpp/rclcpp.hpp:155[m[K,
[27.655s]                  from [01m[K/home/wolfwagen/Undergrad_Minchan_Folder/ROOMBA_PROJECT_1/roomba_src/zed-ros2-wrapper/zed_components/src/tools/include/sl_tools.hpp:22[m[K,
[27.655s]                  from [01m[K/home/wolfwagen/Undergrad_Minchan_Folder/ROOMBA_PROJECT_1/roomba_src/zed-ros2-wrapper/zed_components/src/zed_camera/include/zed_camera_component.hpp:27[m[K,
[27.655s]                  from [01m[K/home/wolfwagen/Undergrad_Minchan_Folder/ROOMBA_PROJECT_1/roomba_src/zed-ros2-wrapper/zed_components/src/zed_camera/src/zed_camera_component_objdet.cpp:15[m[K:
[27.655s] [01m[K/home/wolfwagen/Undergrad_Minchan_Folder/ROOMBA_PROJECT_1/roomba_src/zed-ros2-wrapper/zed_components/src/zed_camera/src/zed_camera_component_objdet.cpp:901:42:[m[K [01;31m[Kerror: [m[K‘[01m[Kstd::unordered_map<int, sl::CustomObjectDetectionProperties>::mapped_type[m[K’ {aka ‘[01m[Kstruct sl::CustomObjectDetectionProperties[m[K’} has no member named ‘[01m[Kobject_tracking_parameters[m[K’
[27.655s]   901 |         << mCustomOdProperties[class_id].[01;31m[Kobject_tracking_parameters[m[K.prediction_timeout_s);
[27.656s]       |                                          [01;31m[K^~~~~~~~~~~~~~~~~~~~~~~~~~[m[K
[27.656s] [01m[K/home/wolfwagen/Undergrad_Minchan_Folder/ROOMBA_PROJECT_1/roomba_src/zed-ros2-wrapper/zed_components/src/zed_camera/src/zed_camera_component_objdet.cpp:898:5:[m[K [01;36m[Knote: [m[Kin expansion of macro ‘[01m[KDEBUG_STREAM_DYN_PARAMS[m[K’
[27.656s]   898 |     [01;36m[KDEBUG_STREAM_DYN_PARAMS[m[K(
[27.656s]       |     [01;36m[K^~~~~~~~~~~~~~~~~~~~~~~[m[K
[27.660s] [01m[K/home/wolfwagen/Undergrad_Minchan_Folder/ROOMBA_PROJECT_1/roomba_src/zed-ros2-wrapper/zed_components/src/zed_camera/src/zed_camera_component_objdet.cpp:912:35:[m[K [01;31m[Kerror: [m[K‘[01m[Kstd::unordered_map<int, sl::CustomObjectDetectionProperties>::mapped_type[m[K’ {aka ‘[01m[Kstruct sl::CustomObjectDetectionProperties[m[K’} has no member named ‘[01m[Kobject_tracking_parameters[m[K’
[27.661s]   912 |     mCustomOdProperties[class_id].[01;31m[Kobject_tracking_parameters[m[K.min_confirmation_time_s =
[27.661s]       |                                   [01;31m[K^~~~~~~~~~~~~~~~~~~~~~~~~~[m[K
[27.666s] In file included from [01m[K/opt/ros/humble/include/rclcpp/rclcpp/client.hpp:40[m[K,
[27.667s]                  from [01m[K/opt/ros/humble/include/rclcpp/rclcpp/callback_group.hpp:24[m[K,
[27.667s]                  from [01m[K/opt/ros/humble/include/rclcpp/rclcpp/any_executable.hpp:20[m[K,
[27.667s]                  from [01m[K/opt/ros/humble/include/rclcpp/rclcpp/memory_strategy.hpp:25[m[K,
[27.667s]                  from [01m[K/opt/ros/humble/include/rclcpp/rclcpp/memory_strategies.hpp:18[m[K,
[27.667s]                  from [01m[K/opt/ros/humble/include/rclcpp/rclcpp/executor_options.hpp:20[m[K,
[27.667s]                  from [01m[K/opt/ros/humble/include/rclcpp/rclcpp/executor.hpp:37[m[K,
[27.667s]                  from [01m[K/opt/ros/humble/include/rclcpp/rclcpp/executors/multi_threaded_executor.hpp:25[m[K,
[27.667s]                  from [01m[K/opt/ros/humble/include/rclcpp/rclcpp/executors.hpp:21[m[K,
[27.668s]                  from [01m[K/opt/ros/humble/include/rclcpp/rclcpp/rclcpp.hpp:155[m[K,
[27.668s]                  from [01m[K/home/wolfwagen/Undergrad_Minchan_Folder/ROOMBA_PROJECT_1/roomba_src/zed-ros2-wrapper/zed_components/src/tools/include/sl_tools.hpp:22[m[K,
[27.668s]                  from [01m[K/home/wolfwagen/Undergrad_Minchan_Folder/ROOMBA_PROJECT_1/roomba_src/zed-ros2-wrapper/zed_components/src/zed_camera/include/zed_camera_component.hpp:27[m[K,
[27.668s]                  from [01m[K/home/wolfwagen/Undergrad_Minchan_Folder/ROOMBA_PROJECT_1/roomba_src/zed-ros2-wrapper/zed_components/src/zed_camera/src/zed_camera_component_objdet.cpp:15[m[K:
[27.668s] [01m[K/home/wolfwagen/Undergrad_Minchan_Folder/ROOMBA_PROJECT_1/roomba_src/zed-ros2-wrapper/zed_components/src/zed_camera/src/zed_camera_component_objdet.cpp:917:42:[m[K [01;31m[Kerror: [m[K‘[01m[Kstd::unordered_map<int, sl::CustomObjectDetectionProperties>::mapped_type[m[K’ {aka ‘[01m[Kstruct sl::CustomObjectDetectionProperties[m[K’} has no member named ‘[01m[Kobject_tracking_parameters[m[K’
[27.668s]   917 |         << mCustomOdProperties[class_id].[01;31m[Kobject_tracking_parameters[m[K.min_confirmation_time_s);
[27.668s]       |                                          [01;31m[K^~~~~~~~~~~~~~~~~~~~~~~~~~[m[K
[27.668s] [01m[K/home/wolfwagen/Undergrad_Minchan_Folder/ROOMBA_PROJECT_1/roomba_src/zed-ros2-wrapper/zed_components/src/zed_camera/src/zed_camera_component_objdet.cpp:914:5:[m[K [01;36m[Knote: [m[Kin expansion of macro ‘[01m[KDEBUG_STREAM_DYN_PARAMS[m[K’
[27.668s]   914 |     [01;36m[KDEBUG_STREAM_DYN_PARAMS[m[K(
[27.669s]       |     [01;36m[K^~~~~~~~~~~~~~~~~~~~~~~[m[K
[27.703s] [01m[K/home/wolfwagen/Undergrad_Minchan_Folder/ROOMBA_PROJECT_1/roomba_src/zed-ros2-wrapper/zed_components/src/zed_camera/src/zed_camera_component_objdet.cpp:[m[K In member function ‘[01m[Kbool stereolabs::ZedCamera::startObjDetect()[m[K’:
[27.704s] [01m[K/home/wolfwagen/Undergrad_Minchan_Folder/ROOMBA_PROJECT_1/roomba_src/zed-ros2-wrapper/zed_components/src/zed_camera/src/zed_camera_component_objdet.cpp:965:29:[m[K [01;31m[Kerror: [m[Kno match for ‘[01m[Koperator=[m[K’ (operand types are ‘[01m[Ksl::String[m[K’ and ‘[01m[Kstd::string[m[K’ {aka ‘[01m[Kstd::__cxx11::basic_string<char>[m[K’})
[27.704s]   965 |     od_p.custom_onnx_file = [01;31m[KmYoloOnnxPath[m[K;
[27.704s]       |                             [01;31m[K^~~~~~~~~~~~~[m[K
[27.715s] In file included from [01m[K/home/wolfwagen/Undergrad_Minchan_Folder/ROOMBA_PROJECT_1/roomba_src/zed-ros2-wrapper/zed_components/src/zed_camera/include/zed_camera_component.hpp:20[m[K,
[27.715s]                  from [01m[K/home/wolfwagen/Undergrad_Minchan_Folder/ROOMBA_PROJECT_1/roomba_src/zed-ros2-wrapper/zed_components/src/zed_camera/src/zed_camera_component_objdet.cpp:15[m[K:
[27.716s] [01m[K/usr/local/zed/include/sl/Camera.hpp:182:17:[m[K [01;36m[Knote: [m[Kcandidate: ‘[01m[Ksl::String& sl::String::operator=(const sl::String&)[m[K’
[27.716s]   182 |         String &[01;36m[Koperator[m[K=(const String &str1);
[27.716s]       |                 [01;36m[K^~~~~~~~[m[K
[27.716s] [01m[K/usr/local/zed/include/sl/Camera.hpp:182:41:[m[K [01;36m[Knote: [m[K  no known conversion for argument 1 from ‘[01m[Kstd::string[m[K’ {aka ‘[01m[Kstd::__cxx11::basic_string<char>[m[K’} to ‘[01m[Kconst sl::String&[m[K’
[27.716s]   182 |         String &operator=([01;36m[Kconst String &str1[m[K);
[27.717s]       |                           [01;36m[K~~~~~~~~~~~~~~^~~~[m[K
[27.717s] [01m[K/usr/local/zed/include/sl/Camera.hpp:186:17:[m[K [01;36m[Knote: [m[Kcandidate: ‘[01m[Ksl::String& sl::String::operator=(const char*)[m[K’
[27.717s]   186 |         String &[01;36m[Koperator[m[K=(const char *data);
[27.717s]       |                 [01;36m[K^~~~~~~~[m[K
[27.717s] [01m[K/usr/local/zed/include/sl/Camera.hpp:186:39:[m[K [01;36m[Knote: [m[K  no known conversion for argument 1 from ‘[01m[Kstd::string[m[K’ {aka ‘[01m[Kstd::__cxx11::basic_string<char>[m[K’} to ‘[01m[Kconst char*[m[K’
[27.717s]   186 |         String &operator=([01;36m[Kconst char *data[m[K);
[27.717s]       |                           [01;36m[K~~~~~~~~~~~~^~~~[m[K
[27.721s] [01m[K/home/wolfwagen/Undergrad_Minchan_Folder/ROOMBA_PROJECT_1/roomba_src/zed-ros2-wrapper/zed_components/src/zed_camera_one/src/zed_camera_one_component_main.cpp:[m[K In member function ‘[01m[Kvoid stereolabs::ZedCameraOne::getCameraModelParams()[m[K’:
[27.722s] [01m[K/home/wolfwagen/Undergrad_Minchan_Folder/ROOMBA_PROJECT_1/roomba_src/zed-ros2-wrapper/zed_components/src/zed_camera_one/src/zed_camera_one_component_main.cpp:378:32:[m[K [01;31m[Kerror: [m[K‘[01m[KZED_XONE_HDR[m[K’ is not a member of ‘[01m[Ksl::MODEL[m[K’; did you mean ‘[01m[KZED_XONE_UHD[m[K’?
[27.722s]   378 |     _camUserModel = sl::MODEL::[01;31m[KZED_XONE_HDR[m[K;
[27.722s]       |                                [01;31m[K^~~~~~~~~~~~[m[K
[27.722s]       |                                [32m[KZED_XONE_UHD[m[K
[27.736s] [01m[K/home/wolfwagen/Undergrad_Minchan_Folder/ROOMBA_PROJECT_1/roomba_src/zed-ros2-wrapper/zed_components/src/zed_camera_one/src/zed_camera_one_component_main.cpp:[m[K In member function ‘[01m[Kvoid stereolabs::ZedCameraOne::getResolutionParams()[m[K’:
[27.737s] [01m[K/home/wolfwagen/Undergrad_Minchan_Folder/ROOMBA_PROJECT_1/roomba_src/zed-ros2-wrapper/zed_components/src/zed_camera_one/src/zed_camera_one_component_main.cpp:432:65:[m[K [01;31m[Kerror: [m[K‘[01m[KZED_XONE_HDR[m[K’ is not a member of ‘[01m[Ksl::MODEL[m[K’; did you mean ‘[01m[KZED_XONE_UHD[m[K’?
[27.737s]   432 |     } else if (resol == "HD1536" && _camUserModel == sl::MODEL::[01;31m[KZED_XONE_HDR[m[K) {
[27.737s]       |                                                                 [01;31m[K^~~~~~~~~~~~[m[K
[27.737s]       |                                                                 [32m[KZED_XONE_UHD[m[K
[27.737s] [01m[K/home/wolfwagen/Undergrad_Minchan_Folder/ROOMBA_PROJECT_1/roomba_src/zed-ros2-wrapper/zed_components/src/zed_camera_one/src/zed_camera_one_component_main.cpp:433:35:[m[K [01;31m[Kerror: [m[K‘[01m[KHD1536[m[K’ is not a member of ‘[01m[Ksl::RESOLUTION[m[K’
[27.737s]   433 |       _camResol = sl::RESOLUTION::[01;31m[KHD1536[m[K;
[27.738s]       |                                   [01;31m[K^~~~~~[m[K
[27.738s] [01m[K/home/wolfwagen/Undergrad_Minchan_Folder/ROOMBA_PROJECT_1/roomba_src/zed-ros2-wrapper/zed_components/src/zed_camera_one/src/zed_camera_one_component_main.cpp:438:65:[m[K [01;31m[Kerror: [m[K‘[01m[KZED_XONE_HDR[m[K’ is not a member of ‘[01m[Ksl::MODEL[m[K’; did you mean ‘[01m[KZED_XONE_UHD[m[K’?
[27.738s]   438 |     } else if (resol == "HD1200" && _camUserModel != sl::MODEL::[01;31m[KZED_XONE_HDR[m[K) {
[27.738s]       |                                                                 [01;31m[K^~~~~~~~~~~~[m[K
[27.738s]       |                                                                 [32m[KZED_XONE_UHD[m[K
[27.739s] [01m[K/home/wolfwagen/Undergrad_Minchan_Folder/ROOMBA_PROJECT_1/roomba_src/zed-ros2-wrapper/zed_components/src/zed_camera_one/src/zed_camera_one_component_main.cpp:440:65:[m[K [01;31m[Kerror: [m[K‘[01m[KZED_XONE_HDR[m[K’ is not a member of ‘[01m[Ksl::MODEL[m[K’; did you mean ‘[01m[KZED_XONE_UHD[m[K’?
[27.739s]   440 |     } else if (resol == "HD1080" && _camUserModel != sl::MODEL::[01;31m[KZED_XONE_HDR[m[K) {
[27.739s]       |                                                                 [01;31m[K^~~~~~~~~~~~[m[K
[27.739s]       |                                                                 [32m[KZED_XONE_UHD[m[K
[27.739s] [01m[K/home/wolfwagen/Undergrad_Minchan_Folder/ROOMBA_PROJECT_1/roomba_src/zed-ros2-wrapper/zed_components/src/zed_camera_one/src/zed_camera_one_component_main.cpp:442:63:[m[K [01;31m[Kerror: [m[K‘[01m[KZED_XONE_HDR[m[K’ is not a member of ‘[01m[Ksl::MODEL[m[K’; did you mean ‘[01m[KZED_XONE_UHD[m[K’?
[27.739s]   442 |     } else if (resol == "SVGA" && _camUserModel != sl::MODEL::[01;31m[KZED_XONE_HDR[m[K) {
[27.739s]       |                                                               [01;31m[K^~~~~~~~~~~~[m[K
[27.740s]       |                                                               [32m[KZED_XONE_UHD[m[K
[27.765s] [01m[K/home/wolfwagen/Undergrad_Minchan_Folder/ROOMBA_PROJECT_1/roomba_src/zed-ros2-wrapper/zed_components/src/zed_camera/src/zed_camera_component_objdet.cpp:[m[K In member function ‘[01m[Kvoid stereolabs::ZedCamera::processDetectedObjects(rclcpp::Time)[m[K’:
[27.766s] [01m[K/home/wolfwagen/Undergrad_Minchan_Folder/ROOMBA_PROJECT_1/roomba_src/zed-ros2-wrapper/zed_components/src/zed_camera/src/zed_camera_component_objdet.cpp:1086:13:[m[K [01;31m[Kerror: [m[K‘[01m[Kusing element_type = class sl::Camera[m[K’ {aka ‘[01m[Kclass sl::Camera[m[K’} has no member named ‘[01m[KsetObjectDetectionRuntimeParameters[m[K’; did you mean ‘[01m[KgetObjectDetectionParameters[m[K’?
[27.766s]  1086 |       mZed->[01;31m[KsetObjectDetectionRuntimeParameters[m[K(objectTracker_parameters_rt);
[27.766s]       |             [01;31m[K^~~~~~~~~~~~~~~~~~~~~~~~~~~~~~~~~~~[m[K
[27.766s]       |             [32m[KgetObjectDetectionParameters[m[K
[27.879s] [01m[K/home/wolfwagen/Undergrad_Minchan_Folder/ROOMBA_PROJECT_1/roomba_src/zed-ros2-wrapper/zed_components/src/zed_camera_one/src/zed_camera_one_component_main.cpp:[m[K In member function ‘[01m[Kvoid stereolabs::ZedCameraOne::processCameraInformation()[m[K’:
[27.879s] [01m[K/home/wolfwagen/Undergrad_Minchan_Folder/ROOMBA_PROJECT_1/roomba_src/zed-ros2-wrapper/zed_components/src/zed_camera_one/src/zed_camera_one_component_main.cpp:1025:44:[m[K [01;31m[Kerror: [m[K‘[01m[KZED_XONE_HDR[m[K’ is not a member of ‘[01m[Ksl::MODEL[m[K’; did you mean ‘[01m[KZED_XONE_UHD[m[K’?
[27.879s]  1025 |     } else if (_camRealModel == sl::MODEL::[01;31m[KZED_XONE_HDR[m[K) {
[27.879s]       |                                            [01;31m[K^~~~~~~~~~~~[m[K
[27.879s]       |                                            [32m[KZED_XONE_UHD[m[K
[27.891s] In file included from [01m[K/opt/ros/humble/include/rclcpp/rclcpp/logging.hpp:24[m[K,
[27.892s]                  from [01m[K/opt/ros/humble/include/rclcpp/rclcpp/client.hpp:40[m[K,
[27.892s]                  from [01m[K/opt/ros/humble/include/rclcpp/rclcpp/callback_group.hpp:24[m[K,
[27.892s]                  from [01m[K/opt/ros/humble/include/rclcpp/rclcpp/any_executable.hpp:20[m[K,
[27.892s]                  from [01m[K/opt/ros/humble/include/rclcpp/rclcpp/memory_strategy.hpp:25[m[K,
[27.892s]                  from [01m[K/opt/ros/humble/include/rclcpp/rclcpp/memory_strategies.hpp:18[m[K,
[27.892s]                  from [01m[K/opt/ros/humble/include/rclcpp/rclcpp/executor_options.hpp:20[m[K,
[27.893s]                  from [01m[K/opt/ros/humble/include/rclcpp/rclcpp/executor.hpp:37[m[K,
[27.893s]                  from [01m[K/opt/ros/humble/include/rclcpp/rclcpp/executors/multi_threaded_executor.hpp:25[m[K,
[27.893s]                  from [01m[K/opt/ros/humble/include/rclcpp/rclcpp/executors.hpp:21[m[K,
[27.893s]                  from [01m[K/opt/ros/humble/include/rclcpp/rclcpp/rclcpp.hpp:155[m[K,
[27.893s]                  from [01m[K/home/wolfwagen/Undergrad_Minchan_Folder/ROOMBA_PROJECT_1/roomba_src/zed-ros2-wrapper/zed_components/src/tools/include/sl_tools.hpp:22[m[K,
[27.893s]                  from [01m[K/home/wolfwagen/Undergrad_Minchan_Folder/ROOMBA_PROJECT_1/roomba_src/zed-ros2-wrapper/zed_components/src/zed_camera_one/include/zed_camera_one_component.hpp:24[m[K,
[27.893s]                  from [01m[K/home/wolfwagen/Undergrad_Minchan_Folder/ROOMBA_PROJECT_1/roomba_src/zed-ros2-wrapper/zed_components/src/zed_camera_one/src/zed_camera_one_component_main.cpp:15[m[K:
[27.893s] [01m[K/home/wolfwagen/Undergrad_Minchan_Folder/ROOMBA_PROJECT_1/roomba_src/zed-ros2-wrapper/zed_components/src/zed_camera_one/src/zed_camera_one_component_main.cpp:1057:21:[m[K [01;35m[Kwarning: [m[Kformat ‘[01m[K%d[m[K’ expects argument of type ‘[01m[Kint[m[K’, but argument 5 has type ‘[01m[Ksize_t[m[K’ {aka ‘[01m[Klong unsigned int[m[K’} [[01;35m[K]8;;https://gcc.gnu.org/onlinedocs/gcc/Warning-Options.html#index-Wformat=-Wformat=]8;;[m[K]
[27.894s]  1057 |       get_logger(), [01;35m[K" * SVO resolution\t-> %dx%d"[m[K,
[27.894s]       |                     [01;35m[K^~~~~~~~~~~~~~~~~~~~~~~~~~~~~[m[K
[27.894s]  1058 |       [32m[KcamInfo.camera_configuration.resolution.width[m[K,
[27.894s]       |       [32m[K~~~~~~~~~~~~~~~~~~~~~~~~~~~~~~~~~~~~~~~~~~~~~[m[K
[27.894s]       |                                               [32m[K|[m[K
[27.894s]       |                                               [32m[Ksize_t {aka long unsigned int}[m[K
[27.894s] [01m[K/home/wolfwagen/Undergrad_Minchan_Folder/ROOMBA_PROJECT_1/roomba_src/zed-ros2-wrapper/zed_components/src/zed_camera_one/src/zed_camera_one_component_main.cpp:1057:45:[m[K [01;36m[Knote: [m[Kformat string is defined here
[27.894s]  1057 |       get_logger(), " * SVO resolution\t-> [01;36m[K%d[m[Kx%d",
[27.895s]       |                                            [01;36m[K~^[m[K
[27.895s]       |                                             [01;36m[K|[m[K
[27.895s]       |                                             [01;36m[Kint[m[K
[27.895s]       |                                            [32m[K%ld[m[K
[27.895s] In file included from [01m[K/opt/ros/humble/include/rclcpp/rclcpp/logging.hpp:24[m[K,
[27.895s]                  from [01m[K/opt/ros/humble/include/rclcpp/rclcpp/client.hpp:40[m[K,
[27.895s]                  from [01m[K/opt/ros/humble/include/rclcpp/rclcpp/callback_group.hpp:24[m[K,
[27.895s]                  from [01m[K/opt/ros/humble/include/rclcpp/rclcpp/any_executable.hpp:20[m[K,
[27.895s]                  from [01m[K/opt/ros/humble/include/rclcpp/rclcpp/memory_strategy.hpp:25[m[K,
[27.895s]                  from [01m[K/opt/ros/humble/include/rclcpp/rclcpp/memory_strategies.hpp:18[m[K,
[27.896s]                  from [01m[K/opt/ros/humble/include/rclcpp/rclcpp/executor_options.hpp:20[m[K,
[27.896s]                  from [01m[K/opt/ros/humble/include/rclcpp/rclcpp/executor.hpp:37[m[K,
[27.896s]                  from [01m[K/opt/ros/humble/include/rclcpp/rclcpp/executors/multi_threaded_executor.hpp:25[m[K,
[27.896s]                  from [01m[K/opt/ros/humble/include/rclcpp/rclcpp/executors.hpp:21[m[K,
[27.896s]                  from [01m[K/opt/ros/humble/include/rclcpp/rclcpp/rclcpp.hpp:155[m[K,
[27.896s]                  from [01m[K/home/wolfwagen/Undergrad_Minchan_Folder/ROOMBA_PROJECT_1/roomba_src/zed-ros2-wrapper/zed_components/src/tools/include/sl_tools.hpp:22[m[K,
[27.896s]                  from [01m[K/home/wolfwagen/Undergrad_Minchan_Folder/ROOMBA_PROJECT_1/roomba_src/zed-ros2-wrapper/zed_components/src/zed_camera_one/include/zed_camera_one_component.hpp:24[m[K,
[27.896s]                  from [01m[K/home/wolfwagen/Undergrad_Minchan_Folder/ROOMBA_PROJECT_1/roomba_src/zed-ros2-wrapper/zed_components/src/zed_camera_one/src/zed_camera_one_component_main.cpp:15[m[K:
[27.897s] [01m[K/home/wolfwagen/Undergrad_Minchan_Folder/ROOMBA_PROJECT_1/roomba_src/zed-ros2-wrapper/zed_components/src/zed_camera_one/src/zed_camera_one_component_main.cpp:1057:21:[m[K [01;35m[Kwarning: [m[Kformat ‘[01m[K%d[m[K’ expects argument of type ‘[01m[Kint[m[K’, but argument 6 has type ‘[01m[Ksize_t[m[K’ {aka ‘[01m[Klong unsigned int[m[K’} [[01;35m[K]8;;https://gcc.gnu.org/onlinedocs/gcc/Warning-Options.html#index-Wformat=-Wformat=]8;;[m[K]
[27.897s]  1057 |       get_logger(), [01;35m[K" * SVO resolution\t-> %dx%d"[m[K,
[27.897s]       |                     [01;35m[K^~~~~~~~~~~~~~~~~~~~~~~~~~~~~[m[K
[27.897s]  1058 |       camInfo.camera_configuration.resolution.width,
[27.897s]  1059 |       [32m[KcamInfo.camera_configuration.resolution.height[m[K);
[27.897s]       |       [32m[K~~~~~~~~~~~~~~~~~~~~~~~~~~~~~~~~~~~~~~~~~~~~~~[m[K
[27.897s]       |                                               [32m[K|[m[K
[27.897s]       |                                               [32m[Ksize_t {aka long unsigned int}[m[K
[27.897s] [01m[K/home/wolfwagen/Undergrad_Minchan_Folder/ROOMBA_PROJECT_1/roomba_src/zed-ros2-wrapper/zed_components/src/zed_camera_one/src/zed_camera_one_component_main.cpp:1057:48:[m[K [01;36m[Knote: [m[Kformat string is defined here
[27.898s]  1057 |       get_logger(), " * SVO resolution\t-> %dx[01;36m[K%d[m[K",
[27.898s]       |                                               [01;36m[K~^[m[K
[27.898s]       |                                                [01;36m[K|[m[K
[27.898s]       |                                                [01;36m[Kint[m[K
[27.898s]       |                                               [32m[K%ld[m[K
[28.815s] [ 82%] [32mBuilding CXX object CMakeFiles/zed_camera_one_component.dir/src/zed_camera_one/src/zed_camera_one_component_video.cpp.o[0m
[33.944s] gmake[2]: *** [CMakeFiles/zed_camera_component.dir/build.make:160: CMakeFiles/zed_camera_component.dir/src/zed_camera/src/zed_camera_component_objdet.cpp.o] Error 1
[33.945s] gmake[2]: *** Waiting for unfinished jobs....
[37.136s] gmake[2]: *** [CMakeFiles/zed_camera_one_component.dir/build.make:132: CMakeFiles/zed_camera_one_component.dir/src/zed_camera_one/src/zed_camera_one_component_main.cpp.o] Error 1
[37.137s] gmake[2]: *** Waiting for unfinished jobs....
[44.945s] gmake[2]: *** [CMakeFiles/zed_camera_component.dir/build.make:132: CMakeFiles/zed_camera_component.dir/src/zed_camera/src/zed_camera_component_main.cpp.o] Error 1
[53.059s] gmake[1]: *** [CMakeFiles/Makefile2:166: CMakeFiles/zed_camera_component.dir/all] Error 2
[53.059s] gmake[1]: *** Waiting for unfinished jobs....
[53.353s] gmake[1]: *** [CMakeFiles/Makefile2:192: CMakeFiles/zed_camera_one_component.dir/all] Error 2
[53.354s] gmake: *** [Makefile:146: all] Error 2
[53.370s] Invoked command in '/home/wolfwagen/Undergrad_Minchan_Folder/ROOMBA_PROJECT_1/build/zed_components' returned '2': CMAKE_PREFIX_PATH=/home/wolfwagen/Undergrad_Minchan_Folder/ROOMBA_PROJECT_1/install/first_roomba_pkg:/opt/ros/humble /usr/bin/cmake --build /home/wolfwagen/Undergrad_Minchan_Folder/ROOMBA_PROJECT_1/build/zed_components -- -j6 -l6
