[0.029s] Invoking command in '/home/wolfwagen/Undergrad_Minchan_Folder/ROOMBA_PROJECT_1/build/zed_components': CMAKE_PREFIX_PATH=/home/wolfwagen/Undergrad_Minchan_Folder/ROOMBA_PROJECT_1/install/first_roomba_pkg:/opt/ros/humble /usr/bin/cmake --build /home/wolfwagen/Undergrad_Minchan_Folder/ROOMBA_PROJECT_1/build/zed_components -- -j6 -l6
[0.151s] [35m[1mConsolidate compiler generated dependencies of target zed_camera_one_component[0m
[0.153s] [35m[1mConsolidate compiler generated dependencies of target zed_camera_component[0m
[0.229s] [ 17%] [32mBuilding CXX object CMakeFiles/zed_camera_component.dir/src/zed_camera/src/zed_camera_component_bodytrk.cpp.o[0m
[0.230s] [ 17%] [32mBuilding CXX object CMakeFiles/zed_camera_one_component.dir/src/zed_camera_one/src/zed_camera_one_component_main.cpp.o[0m
[0.230s] [ 17%] [32mBuilding CXX object CMakeFiles/zed_camera_component.dir/src/zed_camera/src/zed_camera_component_main.cpp.o[0m
[0.230s] [ 23%] [32mBuilding CXX object CMakeFiles/zed_camera_component.dir/src/zed_camera/src/zed_camera_component_objdet.cpp.o[0m
[10.110s] [01m[K/home/wolfwagen/Undergrad_Minchan_Folder/ROOMBA_PROJECT_1/roomba_src/zed-ros2-wrapper/zed_components/src/zed_camera/src/zed_camera_component_objdet.cpp:[m[K In member function ‘[01m[Kvoid stereolabs::ZedCamera::getCustomOdParams()[m[K’:
[10.111s] [01m[K/home/wolfwagen/Undergrad_Minchan_Folder/ROOMBA_PROJECT_1/roomba_src/zed-ros2-wrapper/zed_components/src/zed_camera/src/zed_camera_component_objdet.cpp:285:26:[m[K [01;31m[Kerror: [m[K‘[01m[Kstruct sl::CustomObjectDetectionProperties[m[K’ has no member named ‘[01m[Kmax_box_width_meters[m[K’
[10.111s]   285 |       customOdProperties.[01;31m[Kmax_box_width_meters[m[K, customOdProperties.max_box_width_meters,
[10.112s]       |                          [01;31m[K^~~~~~~~~~~~~~~~~~~~[m[K
[10.112s] [01m[K/home/wolfwagen/Undergrad_Minchan_Folder/ROOMBA_PROJECT_1/roomba_src/zed-ros2-wrapper/zed_components/src/zed_camera/src/zed_camera_component_objdet.cpp:285:67:[m[K [01;31m[Kerror: [m[K‘[01m[Kstruct sl::CustomObjectDetectionProperties[m[K’ has no member named ‘[01m[Kmax_box_width_meters[m[K’
[10.113s]   285 |       customOdProperties.max_box_width_meters, customOdProperties.[01;31m[Kmax_box_width_meters[m[K,
[10.113s]       |                                                                   [01;31m[K^~~~~~~~~~~~~~~~~~~~[m[K
[10.113s] [01m[K/home/wolfwagen/Undergrad_Minchan_Folder/ROOMBA_PROJECT_1/roomba_src/zed-ros2-wrapper/zed_components/src/zed_camera/src/zed_camera_component_objdet.cpp:291:26:[m[K [01;31m[Kerror: [m[K‘[01m[Kstruct sl::CustomObjectDetectionProperties[m[K’ has no member named ‘[01m[Kmin_box_width_meters[m[K’
[10.114s]   291 |       customOdProperties.[01;31m[Kmin_box_width_meters[m[K, customOdProperties.min_box_width_meters,
[10.114s]       |                          [01;31m[K^~~~~~~~~~~~~~~~~~~~[m[K
[10.115s] [01m[K/home/wolfwagen/Undergrad_Minchan_Folder/ROOMBA_PROJECT_1/roomba_src/zed-ros2-wrapper/zed_components/src/zed_camera/src/zed_camera_component_objdet.cpp:291:67:[m[K [01;31m[Kerror: [m[K‘[01m[Kstruct sl::CustomObjectDetectionProperties[m[K’ has no member named ‘[01m[Kmin_box_width_meters[m[K’
[10.115s]   291 |       customOdProperties.min_box_width_meters, customOdProperties.[01;31m[Kmin_box_width_meters[m[K,
[10.115s]       |                                                                   [01;31m[K^~~~~~~~~~~~~~~~~~~~[m[K
[10.115s] [01m[K/home/wolfwagen/Undergrad_Minchan_Folder/ROOMBA_PROJECT_1/roomba_src/zed-ros2-wrapper/zed_components/src/zed_camera/src/zed_camera_component_objdet.cpp:297:26:[m[K [01;31m[Kerror: [m[K‘[01m[Kstruct sl::CustomObjectDetectionProperties[m[K’ has no member named ‘[01m[Kmax_box_height_meters[m[K’; did you mean ‘[01m[Kmax_box_height_normalized[m[K’?
[10.115s]   297 |       customOdProperties.[01;31m[Kmax_box_height_meters[m[K, customOdProperties.max_box_height_meters, std::string(
[10.115s]       |                          [01;31m[K^~~~~~~~~~~~~~~~~~~~~[m[K
[10.115s]       |                          [32m[Kmax_box_height_normalized[m[K
[10.115s] [01m[K/home/wolfwagen/Undergrad_Minchan_Folder/ROOMBA_PROJECT_1/roomba_src/zed-ros2-wrapper/zed_components/src/zed_camera/src/zed_camera_component_objdet.cpp:297:68:[m[K [01;31m[Kerror: [m[K‘[01m[Kstruct sl::CustomObjectDetectionProperties[m[K’ has no member named ‘[01m[Kmax_box_height_meters[m[K’; did you mean ‘[01m[Kmax_box_height_normalized[m[K’?
[10.115s]   297 |       customOdProperties.max_box_height_meters, customOdProperties.[01;31m[Kmax_box_height_meters[m[K, std::string(
[10.116s]       |                                                                    [01;31m[K^~~~~~~~~~~~~~~~~~~~~[m[K
[10.116s]       |                                                                    [32m[Kmax_box_height_normalized[m[K
[10.116s] [01m[K/home/wolfwagen/Undergrad_Minchan_Folder/ROOMBA_PROJECT_1/roomba_src/zed-ros2-wrapper/zed_components/src/zed_camera/src/zed_camera_component_objdet.cpp:303:26:[m[K [01;31m[Kerror: [m[K‘[01m[Kstruct sl::CustomObjectDetectionProperties[m[K’ has no member named ‘[01m[Kmax_allowed_acceleration[m[K’
[10.116s]   303 |       customOdProperties.[01;31m[Kmax_allowed_acceleration[m[K, customOdProperties.max_allowed_acceleration, std::string(
[10.116s]       |                          [01;31m[K^~~~~~~~~~~~~~~~~~~~~~~~[m[K
[10.116s] [01m[K/home/wolfwagen/Undergrad_Minchan_Folder/ROOMBA_PROJECT_1/roomba_src/zed-ros2-wrapper/zed_components/src/zed_camera/src/zed_camera_component_objdet.cpp:303:71:[m[K [01;31m[Kerror: [m[K‘[01m[Kstruct sl::CustomObjectDetectionProperties[m[K’ has no member named ‘[01m[Kmax_allowed_acceleration[m[K’
[10.116s]   303 |       customOdProperties.max_allowed_acceleration, customOdProperties.[01;31m[Kmax_allowed_acceleration[m[K, std::string(
[10.116s]       |                                                                       [01;31m[K^~~~~~~~~~~~~~~~~~~~~~~~[m[K
[10.117s] [01m[K/home/wolfwagen/Undergrad_Minchan_Folder/ROOMBA_PROJECT_1/roomba_src/zed-ros2-wrapper/zed_components/src/zed_camera/src/zed_camera_component_objdet.cpp:309:26:[m[K [01;31m[Kerror: [m[K‘[01m[Kstruct sl::CustomObjectDetectionProperties[m[K’ has no member named ‘[01m[Kobject_tracking_parameters[m[K’
[10.117s]   309 |       customOdProperties.[01;31m[Kobject_tracking_parameters[m[K.velocity_smoothing_factor, customOdProperties.object_tracking_parameters.velocity_smoothing_factor, std::string(
[10.117s]       |                          [01;31m[K^~~~~~~~~~~~~~~~~~~~~~~~~~[m[K
[10.117s] [01m[K/home/wolfwagen/Undergrad_Minchan_Folder/ROOMBA_PROJECT_1/roomba_src/zed-ros2-wrapper/zed_components/src/zed_camera/src/zed_camera_component_objdet.cpp:309:99:[m[K [01;31m[Kerror: [m[K‘[01m[Kstruct sl::CustomObjectDetectionProperties[m[K’ has no member named ‘[01m[Kobject_tracking_parameters[m[K’
[10.117s]   309 |       customOdProperties.object_tracking_parameters.velocity_smoothing_factor, customOdProperties.[01;31m[Kobject_tracking_parameters[m[K.velocity_smoothing_factor, std::string(
[10.117s]       |                                                                                                   [01;31m[K^~~~~~~~~~~~~~~~~~~~~~~~~~[m[K
[10.117s] [01m[K/home/wolfwagen/Undergrad_Minchan_Folder/ROOMBA_PROJECT_1/roomba_src/zed-ros2-wrapper/zed_components/src/zed_camera/src/zed_camera_component_objdet.cpp:315:26:[m[K [01;31m[Kerror: [m[K‘[01m[Kstruct sl::CustomObjectDetectionProperties[m[K’ has no member named ‘[01m[Kobject_tracking_parameters[m[K’
[10.117s]   315 |       customOdProperties.[01;31m[Kobject_tracking_parameters[m[K.min_velocity_threshold, customOdProperties.object_tracking_parameters.min_velocity_threshold, std::string(
[10.117s]       |                          [01;31m[K^~~~~~~~~~~~~~~~~~~~~~~~~~[m[K
[10.118s] [01m[K/home/wolfwagen/Undergrad_Minchan_Folder/ROOMBA_PROJECT_1/roomba_src/zed-ros2-wrapper/zed_components/src/zed_camera/src/zed_camera_component_objdet.cpp:315:96:[m[K [01;31m[Kerror: [m[K‘[01m[Kstruct sl::CustomObjectDetectionProperties[m[K’ has no member named ‘[01m[Kobject_tracking_parameters[m[K’
[10.118s]   315 |       customOdProperties.object_tracking_parameters.min_velocity_threshold, customOdProperties.[01;31m[Kobject_tracking_parameters[m[K.min_velocity_threshold, std::string(
[10.118s]       |                                                                                                [01;31m[K^~~~~~~~~~~~~~~~~~~~~~~~~~[m[K
[10.118s] [01m[K/home/wolfwagen/Undergrad_Minchan_Folder/ROOMBA_PROJECT_1/roomba_src/zed-ros2-wrapper/zed_components/src/zed_camera/src/zed_camera_component_objdet.cpp:321:26:[m[K [01;31m[Kerror: [m[K‘[01m[Kstruct sl::CustomObjectDetectionProperties[m[K’ has no member named ‘[01m[Kobject_tracking_parameters[m[K’
[10.118s]   321 |       customOdProperties.[01;31m[Kobject_tracking_parameters[m[K.prediction_timeout_s, customOdProperties.object_tracking_parameters.prediction_timeout_s, std::string(
[10.118s]       |                          [01;31m[K^~~~~~~~~~~~~~~~~~~~~~~~~~[m[K
[10.118s] [01m[K/home/wolfwagen/Undergrad_Minchan_Folder/ROOMBA_PROJECT_1/roomba_src/zed-ros2-wrapper/zed_components/src/zed_camera/src/zed_camera_component_objdet.cpp:321:94:[m[K [01;31m[Kerror: [m[K‘[01m[Kstruct sl::CustomObjectDetectionProperties[m[K’ has no member named ‘[01m[Kobject_tracking_parameters[m[K’
[10.118s]   321 |       customOdProperties.object_tracking_parameters.prediction_timeout_s, customOdProperties.[01;31m[Kobject_tracking_parameters[m[K.prediction_timeout_s, std::string(
[10.118s]       |                                                                                              [01;31m[K^~~~~~~~~~~~~~~~~~~~~~~~~~[m[K
[10.119s] [01m[K/home/wolfwagen/Undergrad_Minchan_Folder/ROOMBA_PROJECT_1/roomba_src/zed-ros2-wrapper/zed_components/src/zed_camera/src/zed_camera_component_objdet.cpp:327:26:[m[K [01;31m[Kerror: [m[K‘[01m[Kstruct sl::CustomObjectDetectionProperties[m[K’ has no member named ‘[01m[Kobject_tracking_parameters[m[K’
[10.119s]   327 |       customOdProperties.[01;31m[Kobject_tracking_parameters[m[K.min_confirmation_time_s, customOdProperties.object_tracking_parameters.min_confirmation_time_s, std::string(
[10.119s]       |                          [01;31m[K^~~~~~~~~~~~~~~~~~~~~~~~~~[m[K
[10.119s] [01m[K/home/wolfwagen/Undergrad_Minchan_Folder/ROOMBA_PROJECT_1/roomba_src/zed-ros2-wrapper/zed_components/src/zed_camera/src/zed_camera_component_objdet.cpp:327:97:[m[K [01;31m[Kerror: [m[K‘[01m[Kstruct sl::CustomObjectDetectionProperties[m[K’ has no member named ‘[01m[Kobject_tracking_parameters[m[K’
[10.119s]   327 |       customOdProperties.object_tracking_parameters.min_confirmation_time_s, customOdProperties.[01;31m[Kobject_tracking_parameters[m[K.min_confirmation_time_s, std::string(
[10.119s]       |                                                                                                 [01;31m[K^~~~~~~~~~~~~~~~~~~~~~~~~~[m[K
[10.119s] [01m[K/home/wolfwagen/Undergrad_Minchan_Folder/ROOMBA_PROJECT_1/roomba_src/zed-ros2-wrapper/zed_components/src/zed_camera/src/zed_camera_component_objdet.cpp:334:11:[m[K [01;31m[Kerror: [m[K‘[01m[Ksl::OBJECT_ACCELERATION_PRESET[m[K’ has not been declared
[10.119s]   334 |       sl::[01;31m[KOBJECT_ACCELERATION_PRESET[m[K::DEFAULT,
[10.119s]       |           [01;31m[K^~~~~~~~~~~~~~~~~~~~~~~~~~[m[K
[10.120s] [01m[K/home/wolfwagen/Undergrad_Minchan_Folder/ROOMBA_PROJECT_1/roomba_src/zed-ros2-wrapper/zed_components/src/zed_camera/src/zed_camera_component_objdet.cpp:335:11:[m[K [01;31m[Kerror: [m[K‘[01m[Ksl::OBJECT_ACCELERATION_PRESET[m[K’ has not been declared
[10.120s]   335 |       sl::[01;31m[KOBJECT_ACCELERATION_PRESET[m[K::LAST,
[10.120s]       |           [01;31m[K^~~~~~~~~~~~~~~~~~~~~~~~~~[m[K
[10.120s] [01m[K/home/wolfwagen/Undergrad_Minchan_Folder/ROOMBA_PROJECT_1/roomba_src/zed-ros2-wrapper/zed_components/src/zed_camera/src/zed_camera_component_objdet.cpp:336:26:[m[K [01;31m[Kerror: [m[K‘[01m[Kstruct sl::CustomObjectDetectionProperties[m[K’ has no member named ‘[01m[Kobject_tracking_parameters[m[K’
[10.120s]   336 |       customOdProperties.[01;31m[Kobject_tracking_parameters[m[K.object_acceleration_preset,
[10.120s]       |                          [01;31m[K^~~~~~~~~~~~~~~~~~~~~~~~~~[m[K
[10.209s] [01m[K/home/wolfwagen/Undergrad_Minchan_Folder/ROOMBA_PROJECT_1/roomba_src/zed-ros2-wrapper/zed_components/src/zed_camera/src/zed_camera_component_objdet.cpp:[m[K In member function ‘[01m[Kbool stereolabs::ZedCamera::handleCustomOdDynamicParams(const rclcpp::Parameter&, rcl_interfaces::msg::SetParametersResult&)[m[K’:
[10.209s] [01m[K/home/wolfwagen/Undergrad_Minchan_Folder/ROOMBA_PROJECT_1/roomba_src/zed-ros2-wrapper/zed_components/src/zed_camera/src/zed_camera_component_objdet.cpp:803:35:[m[K [01;31m[Kerror: [m[K‘[01m[Kstd::unordered_map<int, sl::CustomObjectDetectionProperties>::mapped_type[m[K’ {aka ‘[01m[Kstruct sl::CustomObjectDetectionProperties[m[K’} has no member named ‘[01m[Kmax_box_width_meters[m[K’
[10.209s]   803 |     mCustomOdProperties[class_id].[01;31m[Kmax_box_width_meters[m[K = param.as_double();
[10.210s]       |                                   [01;31m[K^~~~~~~~~~~~~~~~~~~~[m[K
[10.210s] In file included from [01m[K/opt/ros/humble/include/rclcpp/rclcpp/client.hpp:40[m[K,
[10.210s]                  from [01m[K/opt/ros/humble/include/rclcpp/rclcpp/callback_group.hpp:24[m[K,
[10.210s]                  from [01m[K/opt/ros/humble/include/rclcpp/rclcpp/any_executable.hpp:20[m[K,
[10.210s]                  from [01m[K/opt/ros/humble/include/rclcpp/rclcpp/memory_strategy.hpp:25[m[K,
[10.210s]                  from [01m[K/opt/ros/humble/include/rclcpp/rclcpp/memory_strategies.hpp:18[m[K,
[10.211s]                  from [01m[K/opt/ros/humble/include/rclcpp/rclcpp/executor_options.hpp:20[m[K,
[10.211s]                  from [01m[K/opt/ros/humble/include/rclcpp/rclcpp/executor.hpp:37[m[K,
[10.211s]                  from [01m[K/opt/ros/humble/include/rclcpp/rclcpp/executors/multi_threaded_executor.hpp:25[m[K,
[10.211s]                  from [01m[K/opt/ros/humble/include/rclcpp/rclcpp/executors.hpp:21[m[K,
[10.211s]                  from [01m[K/opt/ros/humble/include/rclcpp/rclcpp/rclcpp.hpp:155[m[K,
[10.211s]                  from [01m[K/home/wolfwagen/Undergrad_Minchan_Folder/ROOMBA_PROJECT_1/roomba_src/zed-ros2-wrapper/zed_components/src/tools/include/sl_tools.hpp:22[m[K,
[10.211s]                  from [01m[K/home/wolfwagen/Undergrad_Minchan_Folder/ROOMBA_PROJECT_1/roomba_src/zed-ros2-wrapper/zed_components/src/zed_camera/include/zed_camera_component.hpp:27[m[K,
[10.211s]                  from [01m[K/home/wolfwagen/Undergrad_Minchan_Folder/ROOMBA_PROJECT_1/roomba_src/zed-ros2-wrapper/zed_components/src/zed_camera/src/zed_camera_component_objdet.cpp:15[m[K:
[10.211s] [01m[K/home/wolfwagen/Undergrad_Minchan_Folder/ROOMBA_PROJECT_1/roomba_src/zed-ros2-wrapper/zed_components/src/zed_camera/src/zed_camera_component_objdet.cpp:808:42:[m[K [01;31m[Kerror: [m[K‘[01m[Kstd::unordered_map<int, sl::CustomObjectDetectionProperties>::mapped_type[m[K’ {aka ‘[01m[Kstruct sl::CustomObjectDetectionProperties[m[K’} has no member named ‘[01m[Kmax_box_width_meters[m[K’
[10.212s]   808 |         << mCustomOdProperties[class_id].[01;31m[Kmax_box_width_meters[m[K);
[10.212s]       |                                          [01;31m[K^~~~~~~~~~~~~~~~~~~~[m[K
[10.212s] [01m[K/home/wolfwagen/Undergrad_Minchan_Folder/ROOMBA_PROJECT_1/roomba_src/zed-ros2-wrapper/zed_components/src/zed_camera/src/zed_camera_component_objdet.cpp:805:5:[m[K [01;36m[Knote: [m[Kin expansion of macro ‘[01m[KDEBUG_STREAM_DYN_PARAMS[m[K’
[10.212s]   805 |     [01;36m[KDEBUG_STREAM_DYN_PARAMS[m[K(
[10.212s]       |     [01;36m[K^~~~~~~~~~~~~~~~~~~~~~~[m[K
[10.212s] [01m[K/home/wolfwagen/Undergrad_Minchan_Folder/ROOMBA_PROJECT_1/roomba_src/zed-ros2-wrapper/zed_components/src/zed_camera/src/zed_camera_component_objdet.cpp:819:35:[m[K [01;31m[Kerror: [m[K‘[01m[Kstd::unordered_map<int, sl::CustomObjectDetectionProperties>::mapped_type[m[K’ {aka ‘[01m[Kstruct sl::CustomObjectDetectionProperties[m[K’} has no member named ‘[01m[Kmin_box_width_meters[m[K’
[10.212s]   819 |     mCustomOdProperties[class_id].[01;31m[Kmin_box_width_meters[m[K = param.as_double();
[10.213s]       |                                   [01;31m[K^~~~~~~~~~~~~~~~~~~~[m[K
[10.213s] In file included from [01m[K/opt/ros/humble/include/rclcpp/rclcpp/client.hpp:40[m[K,
[10.213s]                  from [01m[K/opt/ros/humble/include/rclcpp/rclcpp/callback_group.hpp:24[m[K,
[10.213s]                  from [01m[K/opt/ros/humble/include/rclcpp/rclcpp/any_executable.hpp:20[m[K,
[10.213s]                  from [01m[K/opt/ros/humble/include/rclcpp/rclcpp/memory_strategy.hpp:25[m[K,
[10.213s]                  from [01m[K/opt/ros/humble/include/rclcpp/rclcpp/memory_strategies.hpp:18[m[K,
[10.214s]                  from [01m[K/opt/ros/humble/include/rclcpp/rclcpp/executor_options.hpp:20[m[K,
[10.214s]                  from [01m[K/opt/ros/humble/include/rclcpp/rclcpp/executor.hpp:37[m[K,
[10.214s]                  from [01m[K/opt/ros/humble/include/rclcpp/rclcpp/executors/multi_threaded_executor.hpp:25[m[K,
[10.214s]                  from [01m[K/opt/ros/humble/include/rclcpp/rclcpp/executors.hpp:21[m[K,
[10.214s]                  from [01m[K/opt/ros/humble/include/rclcpp/rclcpp/rclcpp.hpp:155[m[K,
[10.214s]                  from [01m[K/home/wolfwagen/Undergrad_Minchan_Folder/ROOMBA_PROJECT_1/roomba_src/zed-ros2-wrapper/zed_components/src/tools/include/sl_tools.hpp:22[m[K,
[10.214s]                  from [01m[K/home/wolfwagen/Undergrad_Minchan_Folder/ROOMBA_PROJECT_1/roomba_src/zed-ros2-wrapper/zed_components/src/zed_camera/include/zed_camera_component.hpp:27[m[K,
[10.214s]                  from [01m[K/home/wolfwagen/Undergrad_Minchan_Folder/ROOMBA_PROJECT_1/roomba_src/zed-ros2-wrapper/zed_components/src/zed_camera/src/zed_camera_component_objdet.cpp:15[m[K:
[10.214s] [01m[K/home/wolfwagen/Undergrad_Minchan_Folder/ROOMBA_PROJECT_1/roomba_src/zed-ros2-wrapper/zed_components/src/zed_camera/src/zed_camera_component_objdet.cpp:824:42:[m[K [01;31m[Kerror: [m[K‘[01m[Kstd::unordered_map<int, sl::CustomObjectDetectionProperties>::mapped_type[m[K’ {aka ‘[01m[Kstruct sl::CustomObjectDetectionProperties[m[K’} has no member named ‘[01m[Kmin_box_width_meters[m[K’
[10.215s]   824 |         << mCustomOdProperties[class_id].[01;31m[Kmin_box_width_meters[m[K);
[10.215s]       |                                          [01;31m[K^~~~~~~~~~~~~~~~~~~~[m[K
[10.215s] [01m[K/home/wolfwagen/Undergrad_Minchan_Folder/ROOMBA_PROJECT_1/roomba_src/zed-ros2-wrapper/zed_components/src/zed_camera/src/zed_camera_component_objdet.cpp:821:5:[m[K [01;36m[Knote: [m[Kin expansion of macro ‘[01m[KDEBUG_STREAM_DYN_PARAMS[m[K’
[10.215s]   821 |     [01;36m[KDEBUG_STREAM_DYN_PARAMS[m[K(
[10.215s]       |     [01;36m[K^~~~~~~~~~~~~~~~~~~~~~~[m[K
[10.215s] [01m[K/home/wolfwagen/Undergrad_Minchan_Folder/ROOMBA_PROJECT_1/roomba_src/zed-ros2-wrapper/zed_components/src/zed_camera/src/zed_camera_component_objdet.cpp:834:35:[m[K [01;31m[Kerror: [m[K‘[01m[Kstd::unordered_map<int, sl::CustomObjectDetectionProperties>::mapped_type[m[K’ {aka ‘[01m[Kstruct sl::CustomObjectDetectionProperties[m[K’} has no member named ‘[01m[Kmax_box_height_meters[m[K’; did you mean ‘[01m[Kmax_box_height_normalized[m[K’?
[10.215s]   834 |     mCustomOdProperties[class_id].[01;31m[Kmax_box_height_meters[m[K = param.as_double();
[10.216s]       |                                   [01;31m[K^~~~~~~~~~~~~~~~~~~~~[m[K
[10.216s]       |                                   [32m[Kmax_box_height_normalized[m[K
[10.216s] In file included from [01m[K/opt/ros/humble/include/rclcpp/rclcpp/client.hpp:40[m[K,
[10.216s]                  from [01m[K/opt/ros/humble/include/rclcpp/rclcpp/callback_group.hpp:24[m[K,
[10.216s]                  from [01m[K/opt/ros/humble/include/rclcpp/rclcpp/any_executable.hpp:20[m[K,
[10.216s]                  from [01m[K/opt/ros/humble/include/rclcpp/rclcpp/memory_strategy.hpp:25[m[K,
[10.217s]                  from [01m[K/opt/ros/humble/include/rclcpp/rclcpp/memory_strategies.hpp:18[m[K,
[10.217s]                  from [01m[K/opt/ros/humble/include/rclcpp/rclcpp/executor_options.hpp:20[m[K,
[10.217s]                  from [01m[K/opt/ros/humble/include/rclcpp/rclcpp/executor.hpp:37[m[K,
[10.217s]                  from [01m[K/opt/ros/humble/include/rclcpp/rclcpp/executors/multi_threaded_executor.hpp:25[m[K,
[10.217s]                  from [01m[K/opt/ros/humble/include/rclcpp/rclcpp/executors.hpp:21[m[K,
[10.217s]                  from [01m[K/opt/ros/humble/include/rclcpp/rclcpp/rclcpp.hpp:155[m[K,
[10.217s]                  from [01m[K/home/wolfwagen/Undergrad_Minchan_Folder/ROOMBA_PROJECT_1/roomba_src/zed-ros2-wrapper/zed_components/src/tools/include/sl_tools.hpp:22[m[K,
[10.217s]                  from [01m[K/home/wolfwagen/Undergrad_Minchan_Folder/ROOMBA_PROJECT_1/roomba_src/zed-ros2-wrapper/zed_components/src/zed_camera/include/zed_camera_component.hpp:27[m[K,
[10.217s]                  from [01m[K/home/wolfwagen/Undergrad_Minchan_Folder/ROOMBA_PROJECT_1/roomba_src/zed-ros2-wrapper/zed_components/src/zed_camera/src/zed_camera_component_objdet.cpp:15[m[K:
[10.218s] [01m[K/home/wolfwagen/Undergrad_Minchan_Folder/ROOMBA_PROJECT_1/roomba_src/zed-ros2-wrapper/zed_components/src/zed_camera/src/zed_camera_component_objdet.cpp:838:42:[m[K [01;31m[Kerror: [m[K‘[01m[Kstd::unordered_map<int, sl::CustomObjectDetectionProperties>::mapped_type[m[K’ {aka ‘[01m[Kstruct sl::CustomObjectDetectionProperties[m[K’} has no member named ‘[01m[Kmax_box_height_meters[m[K’; did you mean ‘[01m[Kmax_box_height_normalized[m[K’?
[10.218s]   838 |         << mCustomOdProperties[class_id].[01;31m[Kmax_box_height_meters[m[K);
[10.218s]       |                                          [01;31m[K^~~~~~~~~~~~~~~~~~~~~[m[K
[10.218s] [01m[K/home/wolfwagen/Undergrad_Minchan_Folder/ROOMBA_PROJECT_1/roomba_src/zed-ros2-wrapper/zed_components/src/zed_camera/src/zed_camera_component_objdet.cpp:835:5:[m[K [01;36m[Knote: [m[Kin expansion of macro ‘[01m[KDEBUG_STREAM_DYN_PARAMS[m[K’
[10.218s]   835 |     [01;36m[KDEBUG_STREAM_DYN_PARAMS[m[K(
[10.218s]       |     [01;36m[K^~~~~~~~~~~~~~~~~~~~~~~[m[K
[10.218s] [01m[K/home/wolfwagen/Undergrad_Minchan_Folder/ROOMBA_PROJECT_1/roomba_src/zed-ros2-wrapper/zed_components/src/zed_camera/src/zed_camera_component_objdet.cpp:849:35:[m[K [01;31m[Kerror: [m[K‘[01m[Kstd::unordered_map<int, sl::CustomObjectDetectionProperties>::mapped_type[m[K’ {aka ‘[01m[Kstruct sl::CustomObjectDetectionProperties[m[K’} has no member named ‘[01m[Kmax_allowed_acceleration[m[K’
[10.219s]   849 |     mCustomOdProperties[class_id].[01;31m[Kmax_allowed_acceleration[m[K = param.as_double();
[10.219s]       |                                   [01;31m[K^~~~~~~~~~~~~~~~~~~~~~~~[m[K
[10.219s] In file included from [01m[K/opt/ros/humble/include/rclcpp/rclcpp/client.hpp:40[m[K,
[10.219s]                  from [01m[K/opt/ros/humble/include/rclcpp/rclcpp/callback_group.hpp:24[m[K,
[10.221s]                  from [01m[K/opt/ros/humble/include/rclcpp/rclcpp/any_executable.hpp:20[m[K,
[10.221s]                  from [01m[K/opt/ros/humble/include/rclcpp/rclcpp/memory_strategy.hpp:25[m[K,
[10.221s]                  from [01m[K/opt/ros/humble/include/rclcpp/rclcpp/memory_strategies.hpp:18[m[K,
[10.221s]                  from [01m[K/opt/ros/humble/include/rclcpp/rclcpp/executor_options.hpp:20[m[K,
[10.222s]                  from [01m[K/opt/ros/humble/include/rclcpp/rclcpp/executor.hpp:37[m[K,
[10.223s]                  from [01m[K/opt/ros/humble/include/rclcpp/rclcpp/executors/multi_threaded_executor.hpp:25[m[K,
[10.223s]                  from [01m[K/opt/ros/humble/include/rclcpp/rclcpp/executors.hpp:21[m[K,
[10.223s]                  from [01m[K/opt/ros/humble/include/rclcpp/rclcpp/rclcpp.hpp:155[m[K,
[10.224s]                  from [01m[K/home/wolfwagen/Undergrad_Minchan_Folder/ROOMBA_PROJECT_1/roomba_src/zed-ros2-wrapper/zed_components/src/tools/include/sl_tools.hpp:22[m[K,
[10.224s]                  from [01m[K/home/wolfwagen/Undergrad_Minchan_Folder/ROOMBA_PROJECT_1/roomba_src/zed-ros2-wrapper/zed_components/src/zed_camera/include/zed_camera_component.hpp:27[m[K,
[10.224s]                  from [01m[K/home/wolfwagen/Undergrad_Minchan_Folder/ROOMBA_PROJECT_1/roomba_src/zed-ros2-wrapper/zed_components/src/zed_camera/src/zed_camera_component_objdet.cpp:15[m[K:
[10.224s] [01m[K/home/wolfwagen/Undergrad_Minchan_Folder/ROOMBA_PROJECT_1/roomba_src/zed-ros2-wrapper/zed_components/src/zed_camera/src/zed_camera_component_objdet.cpp:853:42:[m[K [01;31m[Kerror: [m[K‘[01m[Kstd::unordered_map<int, sl::CustomObjectDetectionProperties>::mapped_type[m[K’ {aka ‘[01m[Kstruct sl::CustomObjectDetectionProperties[m[K’} has no member named ‘[01m[Kmax_allowed_acceleration[m[K’
[10.224s]   853 |         << mCustomOdProperties[class_id].[01;31m[Kmax_allowed_acceleration[m[K);
[10.224s]       |                                          [01;31m[K^~~~~~~~~~~~~~~~~~~~~~~~[m[K
[10.224s] [01m[K/home/wolfwagen/Undergrad_Minchan_Folder/ROOMBA_PROJECT_1/roomba_src/zed-ros2-wrapper/zed_components/src/zed_camera/src/zed_camera_component_objdet.cpp:850:5:[m[K [01;36m[Knote: [m[Kin expansion of macro ‘[01m[KDEBUG_STREAM_DYN_PARAMS[m[K’
[10.225s]   850 |     [01;36m[KDEBUG_STREAM_DYN_PARAMS[m[K(
[10.225s]       |     [01;36m[K^~~~~~~~~~~~~~~~~~~~~~~[m[K
[10.225s] [01m[K/home/wolfwagen/Undergrad_Minchan_Folder/ROOMBA_PROJECT_1/roomba_src/zed-ros2-wrapper/zed_components/src/zed_camera/src/zed_camera_component_objdet.cpp:864:35:[m[K [01;31m[Kerror: [m[K‘[01m[Kstd::unordered_map<int, sl::CustomObjectDetectionProperties>::mapped_type[m[K’ {aka ‘[01m[Kstruct sl::CustomObjectDetectionProperties[m[K’} has no member named ‘[01m[Kobject_tracking_parameters[m[K’
[10.225s]   864 |     mCustomOdProperties[class_id].[01;31m[Kobject_tracking_parameters[m[K.velocity_smoothing_factor =
[10.225s]       |                                   [01;31m[K^~~~~~~~~~~~~~~~~~~~~~~~~~[m[K
[10.225s] In file included from [01m[K/opt/ros/humble/include/rclcpp/rclcpp/client.hpp:40[m[K,
[10.225s]                  from [01m[K/opt/ros/humble/include/rclcpp/rclcpp/callback_group.hpp:24[m[K,
[10.227s]                  from [01m[K/opt/ros/humble/include/rclcpp/rclcpp/any_executable.hpp:20[m[K,
[10.228s]                  from [01m[K/opt/ros/humble/include/rclcpp/rclcpp/memory_strategy.hpp:25[m[K,
[10.228s]                  from [01m[K/opt/ros/humble/include/rclcpp/rclcpp/memory_strategies.hpp:18[m[K,
[10.229s]                  from [01m[K/opt/ros/humble/include/rclcpp/rclcpp/executor_options.hpp:20[m[K,
[10.229s]                  from [01m[K/opt/ros/humble/include/rclcpp/rclcpp/executor.hpp:37[m[K,
[10.229s]                  from [01m[K/opt/ros/humble/include/rclcpp/rclcpp/executors/multi_threaded_executor.hpp:25[m[K,
[10.229s]                  from [01m[K/opt/ros/humble/include/rclcpp/rclcpp/executors.hpp:21[m[K,
[10.230s]                  from [01m[K/opt/ros/humble/include/rclcpp/rclcpp/rclcpp.hpp:155[m[K,
[10.230s]                  from [01m[K/home/wolfwagen/Undergrad_Minchan_Folder/ROOMBA_PROJECT_1/roomba_src/zed-ros2-wrapper/zed_components/src/tools/include/sl_tools.hpp:22[m[K,
[10.230s]                  from [01m[K/home/wolfwagen/Undergrad_Minchan_Folder/ROOMBA_PROJECT_1/roomba_src/zed-ros2-wrapper/zed_components/src/zed_camera/include/zed_camera_component.hpp:27[m[K,
[10.230s]                  from [01m[K/home/wolfwagen/Undergrad_Minchan_Folder/ROOMBA_PROJECT_1/roomba_src/zed-ros2-wrapper/zed_components/src/zed_camera/src/zed_camera_component_objdet.cpp:15[m[K:
[10.230s] [01m[K/home/wolfwagen/Undergrad_Minchan_Folder/ROOMBA_PROJECT_1/roomba_src/zed-ros2-wrapper/zed_components/src/zed_camera/src/zed_camera_component_objdet.cpp:869:42:[m[K [01;31m[Kerror: [m[K‘[01m[Kstd::unordered_map<int, sl::CustomObjectDetectionProperties>::mapped_type[m[K’ {aka ‘[01m[Kstruct sl::CustomObjectDetectionProperties[m[K’} has no member named ‘[01m[Kobject_tracking_parameters[m[K’
[10.230s]   869 |         << mCustomOdProperties[class_id].[01;31m[Kobject_tracking_parameters[m[K.velocity_smoothing_factor);
[10.230s]       |                                          [01;31m[K^~~~~~~~~~~~~~~~~~~~~~~~~~[m[K
[10.230s] [01m[K/home/wolfwagen/Undergrad_Minchan_Folder/ROOMBA_PROJECT_1/roomba_src/zed-ros2-wrapper/zed_components/src/zed_camera/src/zed_camera_component_objdet.cpp:866:5:[m[K [01;36m[Knote: [m[Kin expansion of macro ‘[01m[KDEBUG_STREAM_DYN_PARAMS[m[K’
[10.230s]   866 |     [01;36m[KDEBUG_STREAM_DYN_PARAMS[m[K(
[10.231s]       |     [01;36m[K^~~~~~~~~~~~~~~~~~~~~~~[m[K
[10.231s] [01m[K/home/wolfwagen/Undergrad_Minchan_Folder/ROOMBA_PROJECT_1/roomba_src/zed-ros2-wrapper/zed_components/src/zed_camera/src/zed_camera_component_objdet.cpp:880:35:[m[K [01;31m[Kerror: [m[K‘[01m[Kstd::unordered_map<int, sl::CustomObjectDetectionProperties>::mapped_type[m[K’ {aka ‘[01m[Kstruct sl::CustomObjectDetectionProperties[m[K’} has no member named ‘[01m[Kobject_tracking_parameters[m[K’
[10.231s]   880 |     mCustomOdProperties[class_id].[01;31m[Kobject_tracking_parameters[m[K.min_velocity_threshold =
[10.231s]       |                                   [01;31m[K^~~~~~~~~~~~~~~~~~~~~~~~~~[m[K
[10.231s] In file included from [01m[K/opt/ros/humble/include/rclcpp/rclcpp/client.hpp:40[m[K,
[10.231s]                  from [01m[K/opt/ros/humble/include/rclcpp/rclcpp/callback_group.hpp:24[m[K,
[10.231s]                  from [01m[K/opt/ros/humble/include/rclcpp/rclcpp/any_executable.hpp:20[m[K,
[10.231s]                  from [01m[K/opt/ros/humble/include/rclcpp/rclcpp/memory_strategy.hpp:25[m[K,
[10.232s]                  from [01m[K/opt/ros/humble/include/rclcpp/rclcpp/memory_strategies.hpp:18[m[K,
[10.232s]                  from [01m[K/opt/ros/humble/include/rclcpp/rclcpp/executor_options.hpp:20[m[K,
[10.232s]                  from [01m[K/opt/ros/humble/include/rclcpp/rclcpp/executor.hpp:37[m[K,
[10.232s]                  from [01m[K/opt/ros/humble/include/rclcpp/rclcpp/executors/multi_threaded_executor.hpp:25[m[K,
[10.232s]                  from [01m[K/opt/ros/humble/include/rclcpp/rclcpp/executors.hpp:21[m[K,
[10.232s]                  from [01m[K/opt/ros/humble/include/rclcpp/rclcpp/rclcpp.hpp:155[m[K,
[10.232s]                  from [01m[K/home/wolfwagen/Undergrad_Minchan_Folder/ROOMBA_PROJECT_1/roomba_src/zed-ros2-wrapper/zed_components/src/tools/include/sl_tools.hpp:22[m[K,
[10.233s]                  from [01m[K/home/wolfwagen/Undergrad_Minchan_Folder/ROOMBA_PROJECT_1/roomba_src/zed-ros2-wrapper/zed_components/src/zed_camera/include/zed_camera_component.hpp:27[m[K,
[10.233s]                  from [01m[K/home/wolfwagen/Undergrad_Minchan_Folder/ROOMBA_PROJECT_1/roomba_src/zed-ros2-wrapper/zed_components/src/zed_camera/src/zed_camera_component_objdet.cpp:15[m[K:
[10.233s] [01m[K/home/wolfwagen/Undergrad_Minchan_Folder/ROOMBA_PROJECT_1/roomba_src/zed-ros2-wrapper/zed_components/src/zed_camera/src/zed_camera_component_objdet.cpp:885:42:[m[K [01;31m[Kerror: [m[K‘[01m[Kstd::unordered_map<int, sl::CustomObjectDetectionProperties>::mapped_type[m[K’ {aka ‘[01m[Kstruct sl::CustomObjectDetectionProperties[m[K’} has no member named ‘[01m[Kobject_tracking_parameters[m[K’
[10.233s]   885 |         << mCustomOdProperties[class_id].[01;31m[Kobject_tracking_parameters[m[K.min_velocity_threshold);
[10.233s]       |                                          [01;31m[K^~~~~~~~~~~~~~~~~~~~~~~~~~[m[K
[10.234s] [01m[K/home/wolfwagen/Undergrad_Minchan_Folder/ROOMBA_PROJECT_1/roomba_src/zed-ros2-wrapper/zed_components/src/zed_camera/src/zed_camera_component_objdet.cpp:882:5:[m[K [01;36m[Knote: [m[Kin expansion of macro ‘[01m[KDEBUG_STREAM_DYN_PARAMS[m[K’
[10.235s]   882 |     [01;36m[KDEBUG_STREAM_DYN_PARAMS[m[K(
[10.235s]       |     [01;36m[K^~~~~~~~~~~~~~~~~~~~~~~[m[K
[10.235s] [01m[K/home/wolfwagen/Undergrad_Minchan_Folder/ROOMBA_PROJECT_1/roomba_src/zed-ros2-wrapper/zed_components/src/zed_camera/src/zed_camera_component_objdet.cpp:896:35:[m[K [01;31m[Kerror: [m[K‘[01m[Kstd::unordered_map<int, sl::CustomObjectDetectionProperties>::mapped_type[m[K’ {aka ‘[01m[Kstruct sl::CustomObjectDetectionProperties[m[K’} has no member named ‘[01m[Kobject_tracking_parameters[m[K’
[10.235s]   896 |     mCustomOdProperties[class_id].[01;31m[Kobject_tracking_parameters[m[K.prediction_timeout_s =
[10.236s]       |                                   [01;31m[K^~~~~~~~~~~~~~~~~~~~~~~~~~[m[K
[10.236s] In file included from [01m[K/opt/ros/humble/include/rclcpp/rclcpp/client.hpp:40[m[K,
[10.236s]                  from [01m[K/opt/ros/humble/include/rclcpp/rclcpp/callback_group.hpp:24[m[K,
[10.237s]                  from [01m[K/opt/ros/humble/include/rclcpp/rclcpp/any_executable.hpp:20[m[K,
[10.237s]                  from [01m[K/opt/ros/humble/include/rclcpp/rclcpp/memory_strategy.hpp:25[m[K,
[10.237s]                  from [01m[K/opt/ros/humble/include/rclcpp/rclcpp/memory_strategies.hpp:18[m[K,
[10.237s]                  from [01m[K/opt/ros/humble/include/rclcpp/rclcpp/executor_options.hpp:20[m[K,
[10.237s]                  from [01m[K/opt/ros/humble/include/rclcpp/rclcpp/executor.hpp:37[m[K,
[10.237s]                  from [01m[K/opt/ros/humble/include/rclcpp/rclcpp/executors/multi_threaded_executor.hpp:25[m[K,
[10.237s]                  from [01m[K/opt/ros/humble/include/rclcpp/rclcpp/executors.hpp:21[m[K,
[10.237s]                  from [01m[K/opt/ros/humble/include/rclcpp/rclcpp/rclcpp.hpp:155[m[K,
[10.237s]                  from [01m[K/home/wolfwagen/Undergrad_Minchan_Folder/ROOMBA_PROJECT_1/roomba_src/zed-ros2-wrapper/zed_components/src/tools/include/sl_tools.hpp:22[m[K,
[10.238s]                  from [01m[K/home/wolfwagen/Undergrad_Minchan_Folder/ROOMBA_PROJECT_1/roomba_src/zed-ros2-wrapper/zed_components/src/zed_camera/include/zed_camera_component.hpp:27[m[K,
[10.238s]                  from [01m[K/home/wolfwagen/Undergrad_Minchan_Folder/ROOMBA_PROJECT_1/roomba_src/zed-ros2-wrapper/zed_components/src/zed_camera/src/zed_camera_component_objdet.cpp:15[m[K:
[10.238s] [01m[K/home/wolfwagen/Undergrad_Minchan_Folder/ROOMBA_PROJECT_1/roomba_src/zed-ros2-wrapper/zed_components/src/zed_camera/src/zed_camera_component_objdet.cpp:901:42:[m[K [01;31m[Kerror: [m[K‘[01m[Kstd::unordered_map<int, sl::CustomObjectDetectionProperties>::mapped_type[m[K’ {aka ‘[01m[Kstruct sl::CustomObjectDetectionProperties[m[K’} has no member named ‘[01m[Kobject_tracking_parameters[m[K’
[10.238s]   901 |         << mCustomOdProperties[class_id].[01;31m[Kobject_tracking_parameters[m[K.prediction_timeout_s);
[10.238s]       |                                          [01;31m[K^~~~~~~~~~~~~~~~~~~~~~~~~~[m[K
[10.238s] [01m[K/home/wolfwagen/Undergrad_Minchan_Folder/ROOMBA_PROJECT_1/roomba_src/zed-ros2-wrapper/zed_components/src/zed_camera/src/zed_camera_component_objdet.cpp:898:5:[m[K [01;36m[Knote: [m[Kin expansion of macro ‘[01m[KDEBUG_STREAM_DYN_PARAMS[m[K’
[10.238s]   898 |     [01;36m[KDEBUG_STREAM_DYN_PARAMS[m[K(
[10.238s]       |     [01;36m[K^~~~~~~~~~~~~~~~~~~~~~~[m[K
[10.238s] [01m[K/home/wolfwagen/Undergrad_Minchan_Folder/ROOMBA_PROJECT_1/roomba_src/zed-ros2-wrapper/zed_components/src/zed_camera/src/zed_camera_component_objdet.cpp:912:35:[m[K [01;31m[Kerror: [m[K‘[01m[Kstd::unordered_map<int, sl::CustomObjectDetectionProperties>::mapped_type[m[K’ {aka ‘[01m[Kstruct sl::CustomObjectDetectionProperties[m[K’} has no member named ‘[01m[Kobject_tracking_parameters[m[K’
[10.239s]   912 |     mCustomOdProperties[class_id].[01;31m[Kobject_tracking_parameters[m[K.min_confirmation_time_s =
[10.239s]       |                                   [01;31m[K^~~~~~~~~~~~~~~~~~~~~~~~~~[m[K
[10.239s] In file included from [01m[K/opt/ros/humble/include/rclcpp/rclcpp/client.hpp:40[m[K,
[10.239s]                  from [01m[K/opt/ros/humble/include/rclcpp/rclcpp/callback_group.hpp:24[m[K,
[10.239s]                  from [01m[K/opt/ros/humble/include/rclcpp/rclcpp/any_executable.hpp:20[m[K,
[10.239s]                  from [01m[K/opt/ros/humble/include/rclcpp/rclcpp/memory_strategy.hpp:25[m[K,
[10.239s]                  from [01m[K/opt/ros/humble/include/rclcpp/rclcpp/memory_strategies.hpp:18[m[K,
[10.239s]                  from [01m[K/opt/ros/humble/include/rclcpp/rclcpp/executor_options.hpp:20[m[K,
[10.239s]                  from [01m[K/opt/ros/humble/include/rclcpp/rclcpp/executor.hpp:37[m[K,
[10.240s]                  from [01m[K/opt/ros/humble/include/rclcpp/rclcpp/executors/multi_threaded_executor.hpp:25[m[K,
[10.240s]                  from [01m[K/opt/ros/humble/include/rclcpp/rclcpp/executors.hpp:21[m[K,
[10.240s]                  from [01m[K/opt/ros/humble/include/rclcpp/rclcpp/rclcpp.hpp:155[m[K,
[10.240s]                  from [01m[K/home/wolfwagen/Undergrad_Minchan_Folder/ROOMBA_PROJECT_1/roomba_src/zed-ros2-wrapper/zed_components/src/tools/include/sl_tools.hpp:22[m[K,
[10.240s]                  from [01m[K/home/wolfwagen/Undergrad_Minchan_Folder/ROOMBA_PROJECT_1/roomba_src/zed-ros2-wrapper/zed_components/src/zed_camera/include/zed_camera_component.hpp:27[m[K,
[10.240s]                  from [01m[K/home/wolfwagen/Undergrad_Minchan_Folder/ROOMBA_PROJECT_1/roomba_src/zed-ros2-wrapper/zed_components/src/zed_camera/src/zed_camera_component_objdet.cpp:15[m[K:
[10.240s] [01m[K/home/wolfwagen/Undergrad_Minchan_Folder/ROOMBA_PROJECT_1/roomba_src/zed-ros2-wrapper/zed_components/src/zed_camera/src/zed_camera_component_objdet.cpp:917:42:[m[K [01;31m[Kerror: [m[K‘[01m[Kstd::unordered_map<int, sl::CustomObjectDetectionProperties>::mapped_type[m[K’ {aka ‘[01m[Kstruct sl::CustomObjectDetectionProperties[m[K’} has no member named ‘[01m[Kobject_tracking_parameters[m[K’
[10.240s]   917 |         << mCustomOdProperties[class_id].[01;31m[Kobject_tracking_parameters[m[K.min_confirmation_time_s);
[10.241s]       |                                          [01;31m[K^~~~~~~~~~~~~~~~~~~~~~~~~~[m[K
[10.241s] [01m[K/home/wolfwagen/Undergrad_Minchan_Folder/ROOMBA_PROJECT_1/roomba_src/zed-ros2-wrapper/zed_components/src/zed_camera/src/zed_camera_component_objdet.cpp:914:5:[m[K [01;36m[Knote: [m[Kin expansion of macro ‘[01m[KDEBUG_STREAM_DYN_PARAMS[m[K’
[10.241s]   914 |     [01;36m[KDEBUG_STREAM_DYN_PARAMS[m[K(
[10.241s]       |     [01;36m[K^~~~~~~~~~~~~~~~~~~~~~~[m[K
[10.241s] [01m[K/home/wolfwagen/Undergrad_Minchan_Folder/ROOMBA_PROJECT_1/roomba_src/zed-ros2-wrapper/zed_components/src/zed_camera_one/src/zed_camera_one_component_main.cpp:[m[K In member function ‘[01m[Kvoid stereolabs::ZedCameraOne::getCameraModelParams()[m[K’:
[10.241s] [01m[K/home/wolfwagen/Undergrad_Minchan_Folder/ROOMBA_PROJECT_1/roomba_src/zed-ros2-wrapper/zed_components/src/zed_camera_one/src/zed_camera_one_component_main.cpp:378:32:[m[K [01;31m[Kerror: [m[K‘[01m[KZED_XONE_HDR[m[K’ is not a member of ‘[01m[Ksl::MODEL[m[K’; did you mean ‘[01m[KZED_XONE_UHD[m[K’?
[10.241s]   378 |     _camUserModel = sl::MODEL::[01;31m[KZED_XONE_HDR[m[K;
[10.241s]       |                                [01;31m[K^~~~~~~~~~~~[m[K
[10.241s]       |                                [32m[KZED_XONE_UHD[m[K
[10.244s] [01m[K/home/wolfwagen/Undergrad_Minchan_Folder/ROOMBA_PROJECT_1/roomba_src/zed-ros2-wrapper/zed_components/src/zed_camera/src/zed_camera_component_objdet.cpp:[m[K In member function ‘[01m[Kbool stereolabs::ZedCamera::startObjDetect()[m[K’:
[10.244s] [01m[K/home/wolfwagen/Undergrad_Minchan_Folder/ROOMBA_PROJECT_1/roomba_src/zed-ros2-wrapper/zed_components/src/zed_camera/src/zed_camera_component_objdet.cpp:965:29:[m[K [01;31m[Kerror: [m[Kno match for ‘[01m[Koperator=[m[K’ (operand types are ‘[01m[Ksl::String[m[K’ and ‘[01m[Kstd::string[m[K’ {aka ‘[01m[Kstd::__cxx11::basic_string<char>[m[K’})
[10.245s]   965 |     od_p.custom_onnx_file = [01;31m[KmYoloOnnxPath[m[K;
[10.245s]       |                             [01;31m[K^~~~~~~~~~~~~[m[K
[10.245s] In file included from [01m[K/home/wolfwagen/Undergrad_Minchan_Folder/ROOMBA_PROJECT_1/roomba_src/zed-ros2-wrapper/zed_components/src/zed_camera/include/zed_camera_component.hpp:20[m[K,
[10.245s]                  from [01m[K/home/wolfwagen/Undergrad_Minchan_Folder/ROOMBA_PROJECT_1/roomba_src/zed-ros2-wrapper/zed_components/src/zed_camera/src/zed_camera_component_objdet.cpp:15[m[K:
[10.245s] [01m[K/usr/local/zed/include/sl/Camera.hpp:182:17:[m[K [01;36m[Knote: [m[Kcandidate: ‘[01m[Ksl::String& sl::String::operator=(const sl::String&)[m[K’
[10.245s]   182 |         String &[01;36m[Koperator[m[K=(const String &str1);
[10.245s]       |                 [01;36m[K^~~~~~~~[m[K
[10.245s] [01m[K/usr/local/zed/include/sl/Camera.hpp:182:41:[m[K [01;36m[Knote: [m[K  no known conversion for argument 1 from ‘[01m[Kstd::string[m[K’ {aka ‘[01m[Kstd::__cxx11::basic_string<char>[m[K’} to ‘[01m[Kconst sl::String&[m[K’
[10.245s]   182 |         String &operator=([01;36m[Kconst String &str1[m[K);
[10.246s]       |                           [01;36m[K~~~~~~~~~~~~~~^~~~[m[K
[10.246s] [01m[K/usr/local/zed/include/sl/Camera.hpp:186:17:[m[K [01;36m[Knote: [m[Kcandidate: ‘[01m[Ksl::String& sl::String::operator=(const char*)[m[K’
[10.246s]   186 |         String &[01;36m[Koperator[m[K=(const char *data);
[10.246s]       |                 [01;36m[K^~~~~~~~[m[K
[10.246s] [01m[K/usr/local/zed/include/sl/Camera.hpp:186:39:[m[K [01;36m[Knote: [m[K  no known conversion for argument 1 from ‘[01m[Kstd::string[m[K’ {aka ‘[01m[Kstd::__cxx11::basic_string<char>[m[K’} to ‘[01m[Kconst char*[m[K’
[10.246s]   186 |         String &operator=([01;36m[Kconst char *data[m[K);
[10.246s]       |                           [01;36m[K~~~~~~~~~~~~^~~~[m[K
[10.248s] [01m[K/home/wolfwagen/Undergrad_Minchan_Folder/ROOMBA_PROJECT_1/roomba_src/zed-ros2-wrapper/zed_components/src/zed_camera_one/src/zed_camera_one_component_main.cpp:[m[K In member function ‘[01m[Kvoid stereolabs::ZedCameraOne::getResolutionParams()[m[K’:
[10.248s] [01m[K/home/wolfwagen/Undergrad_Minchan_Folder/ROOMBA_PROJECT_1/roomba_src/zed-ros2-wrapper/zed_components/src/zed_camera_one/src/zed_camera_one_component_main.cpp:432:65:[m[K [01;31m[Kerror: [m[K‘[01m[KZED_XONE_HDR[m[K’ is not a member of ‘[01m[Ksl::MODEL[m[K’; did you mean ‘[01m[KZED_XONE_UHD[m[K’?
[10.248s]   432 |     } else if (resol == "HD1536" && _camUserModel == sl::MODEL::[01;31m[KZED_XONE_HDR[m[K) {
[10.248s]       |                                                                 [01;31m[K^~~~~~~~~~~~[m[K
[10.249s]       |                                                                 [32m[KZED_XONE_UHD[m[K
[10.249s] [01m[K/home/wolfwagen/Undergrad_Minchan_Folder/ROOMBA_PROJECT_1/roomba_src/zed-ros2-wrapper/zed_components/src/zed_camera_one/src/zed_camera_one_component_main.cpp:433:35:[m[K [01;31m[Kerror: [m[K‘[01m[KHD1536[m[K’ is not a member of ‘[01m[Ksl::RESOLUTION[m[K’
[10.249s]   433 |       _camResol = sl::RESOLUTION::[01;31m[KHD1536[m[K;
[10.249s]       |                                   [01;31m[K^~~~~~[m[K
[10.249s] [01m[K/home/wolfwagen/Undergrad_Minchan_Folder/ROOMBA_PROJECT_1/roomba_src/zed-ros2-wrapper/zed_components/src/zed_camera_one/src/zed_camera_one_component_main.cpp:438:65:[m[K [01;31m[Kerror: [m[K‘[01m[KZED_XONE_HDR[m[K’ is not a member of ‘[01m[Ksl::MODEL[m[K’; did you mean ‘[01m[KZED_XONE_UHD[m[K’?
[10.249s]   438 |     } else if (resol == "HD1200" && _camUserModel != sl::MODEL::[01;31m[KZED_XONE_HDR[m[K) {
[10.249s]       |                                                                 [01;31m[K^~~~~~~~~~~~[m[K
[10.249s]       |                                                                 [32m[KZED_XONE_UHD[m[K
[10.250s] [01m[K/home/wolfwagen/Undergrad_Minchan_Folder/ROOMBA_PROJECT_1/roomba_src/zed-ros2-wrapper/zed_components/src/zed_camera_one/src/zed_camera_one_component_main.cpp:440:65:[m[K [01;31m[Kerror: [m[K‘[01m[KZED_XONE_HDR[m[K’ is not a member of ‘[01m[Ksl::MODEL[m[K’; did you mean ‘[01m[KZED_XONE_UHD[m[K’?
[10.250s]   440 |     } else if (resol == "HD1080" && _camUserModel != sl::MODEL::[01;31m[KZED_XONE_HDR[m[K) {
[10.250s]       |                                                                 [01;31m[K^~~~~~~~~~~~[m[K
[10.250s]       |                                                                 [32m[KZED_XONE_UHD[m[K
[10.250s] [01m[K/home/wolfwagen/Undergrad_Minchan_Folder/ROOMBA_PROJECT_1/roomba_src/zed-ros2-wrapper/zed_components/src/zed_camera_one/src/zed_camera_one_component_main.cpp:442:63:[m[K [01;31m[Kerror: [m[K‘[01m[KZED_XONE_HDR[m[K’ is not a member of ‘[01m[Ksl::MODEL[m[K’; did you mean ‘[01m[KZED_XONE_UHD[m[K’?
[10.250s]   442 |     } else if (resol == "SVGA" && _camUserModel != sl::MODEL::[01;31m[KZED_XONE_HDR[m[K) {
[10.250s]       |                                                               [01;31m[K^~~~~~~~~~~~[m[K
[10.250s]       |                                                               [32m[KZED_XONE_UHD[m[K
[10.280s] [01m[K/home/wolfwagen/Undergrad_Minchan_Folder/ROOMBA_PROJECT_1/roomba_src/zed-ros2-wrapper/zed_components/src/zed_camera/src/zed_camera_component_objdet.cpp:[m[K In member function ‘[01m[Kvoid stereolabs::ZedCamera::processDetectedObjects(rclcpp::Time)[m[K’:
[10.280s] [01m[K/home/wolfwagen/Undergrad_Minchan_Folder/ROOMBA_PROJECT_1/roomba_src/zed-ros2-wrapper/zed_components/src/zed_camera/src/zed_camera_component_objdet.cpp:1086:13:[m[K [01;31m[Kerror: [m[K‘[01m[Kusing element_type = class sl::Camera[m[K’ {aka ‘[01m[Kclass sl::Camera[m[K’} has no member named ‘[01m[KsetObjectDetectionRuntimeParameters[m[K’; did you mean ‘[01m[KgetObjectDetectionParameters[m[K’?
[10.280s]  1086 |       mZed->[01;31m[KsetObjectDetectionRuntimeParameters[m[K(objectTracker_parameters_rt);
[10.280s]       |             [01;31m[K^~~~~~~~~~~~~~~~~~~~~~~~~~~~~~~~~~~[m[K
[10.282s]       |             [32m[KgetObjectDetectionParameters[m[K
[10.293s] [01m[K/home/wolfwagen/Undergrad_Minchan_Folder/ROOMBA_PROJECT_1/roomba_src/zed-ros2-wrapper/zed_components/src/zed_camera/src/zed_camera_component_bodytrk.cpp:[m[K In member function ‘[01m[Kvoid stereolabs::ZedCamera::processBodies(rclcpp::Time)[m[K’:
[10.293s] [01m[K/home/wolfwagen/Undergrad_Minchan_Folder/ROOMBA_PROJECT_1/roomba_src/zed-ros2-wrapper/zed_components/src/zed_camera/src/zed_camera_component_bodytrk.cpp:290:11:[m[K [01;31m[Kerror: [m[K‘[01m[Kusing element_type = class sl::Camera[m[K’ {aka ‘[01m[Kclass sl::Camera[m[K’} has no member named ‘[01m[KsetBodyTrackingRuntimeParameters[m[K’; did you mean ‘[01m[KgetBodyTrackingParameters[m[K’?
[10.293s]   290 |     mZed->[01;31m[KsetBodyTrackingRuntimeParameters[m[K(bt_params_rt);
[10.293s]       |           [01;31m[K^~~~~~~~~~~~~~~~~~~~~~~~~~~~~~~~[m[K
[10.293s]       |           [32m[KgetBodyTrackingParameters[m[K
[10.364s] [01m[K/home/wolfwagen/Undergrad_Minchan_Folder/ROOMBA_PROJECT_1/roomba_src/zed-ros2-wrapper/zed_components/src/zed_camera_one/src/zed_camera_one_component_main.cpp:[m[K In member function ‘[01m[Kvoid stereolabs::ZedCameraOne::processCameraInformation()[m[K’:
[10.364s] [01m[K/home/wolfwagen/Undergrad_Minchan_Folder/ROOMBA_PROJECT_1/roomba_src/zed-ros2-wrapper/zed_components/src/zed_camera_one/src/zed_camera_one_component_main.cpp:1025:44:[m[K [01;31m[Kerror: [m[K‘[01m[KZED_XONE_HDR[m[K’ is not a member of ‘[01m[Ksl::MODEL[m[K’; did you mean ‘[01m[KZED_XONE_UHD[m[K’?
[10.364s]  1025 |     } else if (_camRealModel == sl::MODEL::[01;31m[KZED_XONE_HDR[m[K) {
[10.365s]       |                                            [01;31m[K^~~~~~~~~~~~[m[K
[10.365s]       |                                            [32m[KZED_XONE_UHD[m[K
[10.373s] In file included from [01m[K/opt/ros/humble/include/rclcpp/rclcpp/logging.hpp:24[m[K,
[10.373s]                  from [01m[K/opt/ros/humble/include/rclcpp/rclcpp/client.hpp:40[m[K,
[10.373s]                  from [01m[K/opt/ros/humble/include/rclcpp/rclcpp/callback_group.hpp:24[m[K,
[10.373s]                  from [01m[K/opt/ros/humble/include/rclcpp/rclcpp/any_executable.hpp:20[m[K,
[10.373s]                  from [01m[K/opt/ros/humble/include/rclcpp/rclcpp/memory_strategy.hpp:25[m[K,
[10.374s]                  from [01m[K/opt/ros/humble/include/rclcpp/rclcpp/memory_strategies.hpp:18[m[K,
[10.374s]                  from [01m[K/opt/ros/humble/include/rclcpp/rclcpp/executor_options.hpp:20[m[K,
[10.374s]                  from [01m[K/opt/ros/humble/include/rclcpp/rclcpp/executor.hpp:37[m[K,
[10.374s]                  from [01m[K/opt/ros/humble/include/rclcpp/rclcpp/executors/multi_threaded_executor.hpp:25[m[K,
[10.374s]                  from [01m[K/opt/ros/humble/include/rclcpp/rclcpp/executors.hpp:21[m[K,
[10.374s]                  from [01m[K/opt/ros/humble/include/rclcpp/rclcpp/rclcpp.hpp:155[m[K,
[10.374s]                  from [01m[K/home/wolfwagen/Undergrad_Minchan_Folder/ROOMBA_PROJECT_1/roomba_src/zed-ros2-wrapper/zed_components/src/tools/include/sl_tools.hpp:22[m[K,
[10.374s]                  from [01m[K/home/wolfwagen/Undergrad_Minchan_Folder/ROOMBA_PROJECT_1/roomba_src/zed-ros2-wrapper/zed_components/src/zed_camera_one/include/zed_camera_one_component.hpp:24[m[K,
[10.374s]                  from [01m[K/home/wolfwagen/Undergrad_Minchan_Folder/ROOMBA_PROJECT_1/roomba_src/zed-ros2-wrapper/zed_components/src/zed_camera_one/src/zed_camera_one_component_main.cpp:15[m[K:
[10.375s] [01m[K/home/wolfwagen/Undergrad_Minchan_Folder/ROOMBA_PROJECT_1/roomba_src/zed-ros2-wrapper/zed_components/src/zed_camera_one/src/zed_camera_one_component_main.cpp:1057:21:[m[K [01;35m[Kwarning: [m[Kformat ‘[01m[K%d[m[K’ expects argument of type ‘[01m[Kint[m[K’, but argument 5 has type ‘[01m[Ksize_t[m[K’ {aka ‘[01m[Klong unsigned int[m[K’} [[01;35m[K]8;;https://gcc.gnu.org/onlinedocs/gcc/Warning-Options.html#index-Wformat=-Wformat=]8;;[m[K]
[10.375s]  1057 |       get_logger(), [01;35m[K" * SVO resolution\t-> %dx%d"[m[K,
[10.375s]       |                     [01;35m[K^~~~~~~~~~~~~~~~~~~~~~~~~~~~~[m[K
[10.375s]  1058 |       [32m[KcamInfo.camera_configuration.resolution.width[m[K,
[10.375s]       |       [32m[K~~~~~~~~~~~~~~~~~~~~~~~~~~~~~~~~~~~~~~~~~~~~~[m[K
[10.375s]       |                                               [32m[K|[m[K
[10.375s]       |                                               [32m[Ksize_t {aka long unsigned int}[m[K
[10.375s] [01m[K/home/wolfwagen/Undergrad_Minchan_Folder/ROOMBA_PROJECT_1/roomba_src/zed-ros2-wrapper/zed_components/src/zed_camera_one/src/zed_camera_one_component_main.cpp:1057:45:[m[K [01;36m[Knote: [m[Kformat string is defined here
[10.375s]  1057 |       get_logger(), " * SVO resolution\t-> [01;36m[K%d[m[Kx%d",
[10.376s]       |                                            [01;36m[K~^[m[K
[10.376s]       |                                             [01;36m[K|[m[K
[10.376s]       |                                             [01;36m[Kint[m[K
[10.376s]       |                                            [32m[K%ld[m[K
[10.376s] In file included from [01m[K/opt/ros/humble/include/rclcpp/rclcpp/logging.hpp:24[m[K,
[10.376s]                  from [01m[K/opt/ros/humble/include/rclcpp/rclcpp/client.hpp:40[m[K,
[10.376s]                  from [01m[K/opt/ros/humble/include/rclcpp/rclcpp/callback_group.hpp:24[m[K,
[10.376s]                  from [01m[K/opt/ros/humble/include/rclcpp/rclcpp/any_executable.hpp:20[m[K,
[10.377s]                  from [01m[K/opt/ros/humble/include/rclcpp/rclcpp/memory_strategy.hpp:25[m[K,
[10.377s]                  from [01m[K/opt/ros/humble/include/rclcpp/rclcpp/memory_strategies.hpp:18[m[K,
[10.377s]                  from [01m[K/opt/ros/humble/include/rclcpp/rclcpp/executor_options.hpp:20[m[K,
[10.377s]                  from [01m[K/opt/ros/humble/include/rclcpp/rclcpp/executor.hpp:37[m[K,
[10.377s]                  from [01m[K/opt/ros/humble/include/rclcpp/rclcpp/executors/multi_threaded_executor.hpp:25[m[K,
[10.377s]                  from [01m[K/opt/ros/humble/include/rclcpp/rclcpp/executors.hpp:21[m[K,
[10.378s]                  from [01m[K/opt/ros/humble/include/rclcpp/rclcpp/rclcpp.hpp:155[m[K,
[10.378s]                  from [01m[K/home/wolfwagen/Undergrad_Minchan_Folder/ROOMBA_PROJECT_1/roomba_src/zed-ros2-wrapper/zed_components/src/tools/include/sl_tools.hpp:22[m[K,
[10.378s]                  from [01m[K/home/wolfwagen/Undergrad_Minchan_Folder/ROOMBA_PROJECT_1/roomba_src/zed-ros2-wrapper/zed_components/src/zed_camera_one/include/zed_camera_one_component.hpp:24[m[K,
[10.379s]                  from [01m[K/home/wolfwagen/Undergrad_Minchan_Folder/ROOMBA_PROJECT_1/roomba_src/zed-ros2-wrapper/zed_components/src/zed_camera_one/src/zed_camera_one_component_main.cpp:15[m[K:
[10.379s] [01m[K/home/wolfwagen/Undergrad_Minchan_Folder/ROOMBA_PROJECT_1/roomba_src/zed-ros2-wrapper/zed_components/src/zed_camera_one/src/zed_camera_one_component_main.cpp:1057:21:[m[K [01;35m[Kwarning: [m[Kformat ‘[01m[K%d[m[K’ expects argument of type ‘[01m[Kint[m[K’, but argument 6 has type ‘[01m[Ksize_t[m[K’ {aka ‘[01m[Klong unsigned int[m[K’} [[01;35m[K]8;;https://gcc.gnu.org/onlinedocs/gcc/Warning-Options.html#index-Wformat=-Wformat=]8;;[m[K]
[10.379s]  1057 |       get_logger(), [01;35m[K" * SVO resolution\t-> %dx%d"[m[K,
[10.379s]       |                     [01;35m[K^~~~~~~~~~~~~~~~~~~~~~~~~~~~~[m[K
[10.379s]  1058 |       camInfo.camera_configuration.resolution.width,
[10.379s]  1059 |       [32m[KcamInfo.camera_configuration.resolution.height[m[K);
[10.379s]       |       [32m[K~~~~~~~~~~~~~~~~~~~~~~~~~~~~~~~~~~~~~~~~~~~~~~[m[K
[10.379s]       |                                               [32m[K|[m[K
[10.379s]       |                                               [32m[Ksize_t {aka long unsigned int}[m[K
[10.380s] [01m[K/home/wolfwagen/Undergrad_Minchan_Folder/ROOMBA_PROJECT_1/roomba_src/zed-ros2-wrapper/zed_components/src/zed_camera_one/src/zed_camera_one_component_main.cpp:1057:48:[m[K [01;36m[Knote: [m[Kformat string is defined here
[10.380s]  1057 |       get_logger(), " * SVO resolution\t-> %dx[01;36m[K%d[m[K",
[10.380s]       |                                               [01;36m[K~^[m[K
[10.380s]       |                                                [01;36m[K|[m[K
[10.380s]       |                                                [01;36m[Kint[m[K
[10.380s]       |                                               [32m[K%ld[m[K
[10.787s] [01m[K/home/wolfwagen/Undergrad_Minchan_Folder/ROOMBA_PROJECT_1/roomba_src/zed-ros2-wrapper/zed_components/src/zed_camera/src/zed_camera_component_main.cpp:[m[K In member function ‘[01m[Kvoid stereolabs::ZedCamera::getGeneralParams()[m[K’:
[10.787s] [01m[K/home/wolfwagen/Undergrad_Minchan_Folder/ROOMBA_PROJECT_1/roomba_src/zed-ros2-wrapper/zed_components/src/zed_camera/src/zed_camera_component_main.cpp:1235:37:[m[K [01;31m[Kerror: [m[K‘[01m[KHD1536[m[K’ is not a member of ‘[01m[Ksl::RESOLUTION[m[K’
[10.787s]  1235 |         mCamResol = sl::RESOLUTION::[01;31m[KHD1536[m[K;
[10.787s]       |                                     [01;31m[K^~~~~~[m[K
[10.998s] [01m[K/home/wolfwagen/Undergrad_Minchan_Folder/ROOMBA_PROJECT_1/roomba_src/zed-ros2-wrapper/zed_components/src/zed_camera/src/zed_camera_component_main.cpp:[m[K In member function ‘[01m[Kbool stereolabs::ZedCamera::startCamera()[m[K’:
[10.998s] [01m[K/home/wolfwagen/Undergrad_Minchan_Folder/ROOMBA_PROJECT_1/roomba_src/zed-ros2-wrapper/zed_components/src/zed_camera/src/zed_camera_component_main.cpp:2735:15:[m[K [01;31m[Kerror: [m[K‘[01m[KgenerateVirtualStereoSerialNumber[m[K’ is not a member of ‘[01m[Ksl[m[K’
[10.999s]  2735 |           sl::[01;31m[KgenerateVirtualStereoSerialNumber[m[K(
[10.999s]       |               [01;31m[K^~~~~~~~~~~~~~~~~~~~~~~~~~~~~~~~~[m[K
[10.999s] [01m[K/home/wolfwagen/Undergrad_Minchan_Folder/ROOMBA_PROJECT_1/roomba_src/zed-ros2-wrapper/zed_components/src/zed_camera/src/zed_camera_component_main.cpp:2738:27:[m[K [01;31m[Kerror: [m[K‘[01m[Kclass sl::InputType[m[K’ has no member named ‘[01m[KsetVirtualStereoFromSerialNumbers[m[K’
[10.999s]  2738 |         mInitParams.input.[01;31m[KsetVirtualStereoFromSerialNumbers[m[K(
[10.999s]       |                           [01;31m[K^~~~~~~~~~~~~~~~~~~~~~~~~~~~~~~~~[m[K
[11.011s] [01m[K/home/wolfwagen/Undergrad_Minchan_Folder/ROOMBA_PROJECT_1/roomba_src/zed-ros2-wrapper/zed_components/src/zed_camera/src/zed_camera_component_main.cpp:2762:31:[m[K [01;31m[Kerror: [m[K‘[01m[KgenerateVirtualStereoSerialNumber[m[K’ is not a member of ‘[01m[Ksl[m[K’
[11.011s]  2762 |         auto virtual_sn = sl::[01;31m[KgenerateVirtualStereoSerialNumber[m[K(serials[0], serials[1]);
[11.011s]       |                               [01;31m[K^~~~~~~~~~~~~~~~~~~~~~~~~~~~~~~~~[m[K
[11.011s] [01m[K/home/wolfwagen/Undergrad_Minchan_Folder/ROOMBA_PROJECT_1/roomba_src/zed-ros2-wrapper/zed_components/src/zed_camera/src/zed_camera_component_main.cpp:2764:27:[m[K [01;31m[Kerror: [m[K‘[01m[Kclass sl::InputType[m[K’ has no member named ‘[01m[KsetVirtualStereoFromCameraIDs[m[K’
[11.012s]  2764 |         mInitParams.input.[01;31m[KsetVirtualStereoFromCameraIDs[m[K(
[11.012s]       |                           [01;31m[K^~~~~~~~~~~~~~~~~~~~~~~~~~~~~[m[K
[11.017s] [01m[K/home/wolfwagen/Undergrad_Minchan_Folder/ROOMBA_PROJECT_1/roomba_src/zed-ros2-wrapper/zed_components/src/zed_camera/src/zed_camera_component_main.cpp:2832:17:[m[K [01;31m[Kerror: [m[K‘[01m[Kstruct sl::InitParameters[m[K’ has no member named ‘[01m[Kmaximum_working_resolution[m[K’
[11.017s]  2832 |     mInitParams.[01;31m[Kmaximum_working_resolution[m[K = mMatResol;
[11.017s]       |                 [01;31m[K^~~~~~~~~~~~~~~~~~~~~~~~~~[m[K
[11.017s] [01m[K/home/wolfwagen/Undergrad_Minchan_Folder/ROOMBA_PROJECT_1/roomba_src/zed-ros2-wrapper/zed_components/src/zed_camera/src/zed_camera_component_main.cpp:2834:17:[m[K [01;31m[Kerror: [m[K‘[01m[Kstruct sl::InitParameters[m[K’ has no member named ‘[01m[Kmaximum_working_resolution[m[K’
[11.017s]  2834 |     mInitParams.[01;31m[Kmaximum_working_resolution[m[K = mPcResol;
[11.018s]       |                 [01;31m[K^~~~~~~~~~~~~~~~~~~~~~~~~~[m[K
[11.033s] [01m[K/home/wolfwagen/Undergrad_Minchan_Folder/ROOMBA_PROJECT_1/roomba_src/zed-ros2-wrapper/zed_components/src/zed_camera/src/zed_camera_component_main.cpp:2961:50:[m[K [01;31m[Kerror: [m[K‘[01m[KGEN_3[m[K’ is not a member of ‘[01m[Ksl::POSITIONAL_TRACKING_MODE[m[K’; did you mean ‘[01m[KGEN_1[m[K’?
[11.033s]  2961 |     mPosTrkMode == sl::POSITIONAL_TRACKING_MODE::[01;31m[KGEN_3[m[K)
[11.033s]       |                                                  [01;31m[K^~~~~[m[K
[11.033s]       |                                                  [32m[KGEN_1[m[K
[11.043s] [01m[K/home/wolfwagen/Undergrad_Minchan_Folder/ROOMBA_PROJECT_1/roomba_src/zed-ros2-wrapper/zed_components/src/zed_camera/src/zed_camera_component_main.cpp:3060:42:[m[K [01;31m[Kerror: [m[K‘[01m[KZED_X_HDR[m[K’ is not a member of ‘[01m[Ksl::MODEL[m[K’
[11.043s]  3060 |   } else if (mCamRealModel == sl::MODEL::[01;31m[KZED_X_HDR[m[K) {
[11.044s]       |                                          [01;31m[K^~~~~~~~~[m[K
[11.044s] [01m[K/home/wolfwagen/Undergrad_Minchan_Folder/ROOMBA_PROJECT_1/roomba_src/zed-ros2-wrapper/zed_components/src/zed_camera/src/zed_camera_component_main.cpp:3061:37:[m[K [01;31m[Kerror: [m[K‘[01m[KZED_X_HDR[m[K’ is not a member of ‘[01m[Ksl::MODEL[m[K’
[11.044s]  3061 |     if (mCamUserModel != sl::MODEL::[01;31m[KZED_X_HDR[m[K) {
[11.044s]       |                                     [01;31m[K^~~~~~~~~[m[K
[11.044s] [01m[K/home/wolfwagen/Undergrad_Minchan_Folder/ROOMBA_PROJECT_1/roomba_src/zed-ros2-wrapper/zed_components/src/zed_camera/src/zed_camera_component_main.cpp:3067:42:[m[K [01;31m[Kerror: [m[K‘[01m[KZED_X_HDR_MINI[m[K’ is not a member of ‘[01m[Ksl::MODEL[m[K’
[11.044s]  3067 |   } else if (mCamRealModel == sl::MODEL::[01;31m[KZED_X_HDR_MINI[m[K) {
[11.045s]       |                                          [01;31m[K^~~~~~~~~~~~~~[m[K
[11.045s] [01m[K/home/wolfwagen/Undergrad_Minchan_Folder/ROOMBA_PROJECT_1/roomba_src/zed-ros2-wrapper/zed_components/src/zed_camera/src/zed_camera_component_main.cpp:3068:37:[m[K [01;31m[Kerror: [m[K‘[01m[KZED_X_HDR_MINI[m[K’ is not a member of ‘[01m[Ksl::MODEL[m[K’
[11.045s]  3068 |     if (mCamUserModel != sl::MODEL::[01;31m[KZED_X_HDR_MINI[m[K) {
[11.045s]       |                                     [01;31m[K^~~~~~~~~~~~~~[m[K
[11.045s] [01m[K/home/wolfwagen/Undergrad_Minchan_Folder/ROOMBA_PROJECT_1/roomba_src/zed-ros2-wrapper/zed_components/src/zed_camera/src/zed_camera_component_main.cpp:3074:42:[m[K [01;31m[Kerror: [m[K‘[01m[KZED_X_HDR_MAX[m[K’ is not a member of ‘[01m[Ksl::MODEL[m[K’
[11.045s]  3074 |   } else if (mCamRealModel == sl::MODEL::[01;31m[KZED_X_HDR_MAX[m[K) {
[11.045s]       |                                          [01;31m[K^~~~~~~~~~~~~[m[K
[11.045s] [01m[K/home/wolfwagen/Undergrad_Minchan_Folder/ROOMBA_PROJECT_1/roomba_src/zed-ros2-wrapper/zed_components/src/zed_camera/src/zed_camera_component_main.cpp:3075:37:[m[K [01;31m[Kerror: [m[K‘[01m[KZED_X_HDR_MAX[m[K’ is not a member of ‘[01m[Ksl::MODEL[m[K’
[11.045s]  3075 |     if (mCamUserModel != sl::MODEL::[01;31m[KZED_X_HDR_MAX[m[K) {
[11.046s]       |                                     [01;31m[K^~~~~~~~~~~~~[m[K
[11.192s] [01m[K/home/wolfwagen/Undergrad_Minchan_Folder/ROOMBA_PROJECT_1/roomba_src/zed-ros2-wrapper/zed_components/src/zed_camera/src/zed_camera_component_main.cpp:[m[K In member function ‘[01m[Kbool stereolabs::ZedCamera::startPosTracking()[m[K’:
[11.192s] [01m[K/home/wolfwagen/Undergrad_Minchan_Folder/ROOMBA_PROJECT_1/roomba_src/zed-ros2-wrapper/zed_components/src/zed_camera/src/zed_camera_component_main.cpp:3930:12:[m[K [01;31m[Kerror: [m[K‘[01m[Kstruct sl::PositionalTrackingParameters[m[K’ has no member named ‘[01m[Kenable_localization_only[m[K’
[11.193s]  3930 |   ptParams.[01;31m[Kenable_localization_only[m[K = mLocalizationOnly;
[11.193s]       |            [01;31m[K^~~~~~~~~~~~~~~~~~~~~~~~[m[K
[11.343s] [01m[K/home/wolfwagen/Undergrad_Minchan_Folder/ROOMBA_PROJECT_1/roomba_src/zed-ros2-wrapper/zed_components/src/zed_camera/src/zed_camera_component_main.cpp:[m[K In member function ‘[01m[Kvoid stereolabs::ZedCamera::threadFunc_zedGrab()[m[K’:
[11.343s] [01m[K/home/wolfwagen/Undergrad_Minchan_Folder/ROOMBA_PROJECT_1/roomba_src/zed-ros2-wrapper/zed_components/src/zed_camera/src/zed_camera_component_main.cpp:4965:29:[m[K [01;31m[Kerror: [m[K‘[01m[Kusing element_type = class sl::Camera[m[K’ {aka ‘[01m[Kclass sl::Camera[m[K’} has no member named ‘[01m[Kread[m[K’
[11.343s]  4965 |         mGrabStatus = mZed->[01;31m[Kread[m[K();  // Image and sensor data reading with no depth processing
[11.343s]       |                             [01;31m[K^~~~[m[K
[11.505s] [01m[K/home/wolfwagen/Undergrad_Minchan_Folder/ROOMBA_PROJECT_1/roomba_src/zed-ros2-wrapper/zed_components/src/zed_camera/src/zed_camera_component_main.cpp:[m[K In member function ‘[01m[Kvoid stereolabs::ZedCamera::publishCameraTFs(rclcpp::Time)[m[K’:
[11.506s] [01m[K/home/wolfwagen/Undergrad_Minchan_Folder/ROOMBA_PROJECT_1/roomba_src/zed-ros2-wrapper/zed_components/src/zed_camera/src/zed_camera_component_main.cpp:5767:21:[m[K [01;31m[Kerror: [m[K‘[01m[KZED_X_HDR[m[K’ is not a member of ‘[01m[Ksl::MODEL[m[K’
[11.506s]  5767 |     case sl::MODEL::[01;31m[KZED_X_HDR[m[K:
[11.506s]       |                     [01;31m[K^~~~~~~~~[m[K
[11.506s] [01m[K/home/wolfwagen/Undergrad_Minchan_Folder/ROOMBA_PROJECT_1/roomba_src/zed-ros2-wrapper/zed_components/src/zed_camera/src/zed_camera_component_main.cpp:5768:21:[m[K [01;31m[Kerror: [m[K‘[01m[KZED_X_HDR_MAX[m[K’ is not a member of ‘[01m[Ksl::MODEL[m[K’
[11.506s]  5768 |     case sl::MODEL::[01;31m[KZED_X_HDR_MAX[m[K:
[11.506s]       |                     [01;31m[K^~~~~~~~~~~~~[m[K
[11.506s] [01m[K/home/wolfwagen/Undergrad_Minchan_Folder/ROOMBA_PROJECT_1/roomba_src/zed-ros2-wrapper/zed_components/src/zed_camera/src/zed_camera_component_main.cpp:5769:21:[m[K [01;31m[Kerror: [m[K‘[01m[KZED_X_HDR_MINI[m[K’ is not a member of ‘[01m[Ksl::MODEL[m[K’
[11.506s]  5769 |     case sl::MODEL::[01;31m[KZED_X_HDR_MINI[m[K:
[11.507s]       |                     [01;31m[K^~~~~~~~~~~~~~[m[K
[11.657s] [01m[K/home/wolfwagen/Undergrad_Minchan_Folder/ROOMBA_PROJECT_1/roomba_src/zed-ros2-wrapper/zed_components/src/zed_camera/src/zed_camera_component_main.cpp:[m[K In member function ‘[01m[Kvoid stereolabs::ZedCamera::publishPoseLandmarks()[m[K’:
[11.657s] [01m[K/home/wolfwagen/Undergrad_Minchan_Folder/ROOMBA_PROJECT_1/roomba_src/zed-ros2-wrapper/zed_components/src/zed_camera/src/zed_camera_component_main.cpp:6694:28:[m[K [01;31m[Kerror: [m[K‘[01m[KLandmark[m[K’ is not a member of ‘[01m[Ksl[m[K’
[11.657s]  6694 |     std::map<uint64_t, sl::[01;31m[KLandmark[m[K> map_lm3d;
[11.658s]       |                            [01;31m[K^~~~~~~~[m[K
[11.658s] [01m[K/home/wolfwagen/Undergrad_Minchan_Folder/ROOMBA_PROJECT_1/roomba_src/zed-ros2-wrapper/zed_components/src/zed_camera/src/zed_camera_component_main.cpp:6694:36:[m[K [01;31m[Kerror: [m[Ktemplate argument 2 is invalid
[11.658s]  6694 |     std::map<uint64_t, sl::Landmark[01;31m[K>[m[K map_lm3d;
[11.658s]       |                                    [01;31m[K^[m[K
[11.658s] [01m[K/home/wolfwagen/Undergrad_Minchan_Folder/ROOMBA_PROJECT_1/roomba_src/zed-ros2-wrapper/zed_components/src/zed_camera/src/zed_camera_component_main.cpp:6694:36:[m[K [01;31m[Kerror: [m[Ktemplate argument 4 is invalid
[11.661s] [01m[K/home/wolfwagen/Undergrad_Minchan_Folder/ROOMBA_PROJECT_1/roomba_src/zed-ros2-wrapper/zed_components/src/zed_camera/src/zed_camera_component_main.cpp:6695:21:[m[K [01;31m[Kerror: [m[K‘[01m[KLandmark2D[m[K’ is not a member of ‘[01m[Ksl[m[K’
[11.661s]  6695 |     std::vector<sl::[01;31m[KLandmark2D[m[K> map_lm2d;
[11.661s]       |                     [01;31m[K^~~~~~~~~~[m[K
[11.661s] [01m[K/home/wolfwagen/Undergrad_Minchan_Folder/ROOMBA_PROJECT_1/roomba_src/zed-ros2-wrapper/zed_components/src/zed_camera/src/zed_camera_component_main.cpp:6695:31:[m[K [01;31m[Kerror: [m[Ktemplate argument 1 is invalid
[11.661s]  6695 |     std::vector<sl::Landmark2D[01;31m[K>[m[K map_lm2d;
[11.662s]       |                               [01;31m[K^[m[K
[11.662s] [01m[K/home/wolfwagen/Undergrad_Minchan_Folder/ROOMBA_PROJECT_1/roomba_src/zed-ros2-wrapper/zed_components/src/zed_camera/src/zed_camera_component_main.cpp:6695:31:[m[K [01;31m[Kerror: [m[Ktemplate argument 2 is invalid
[11.662s] [01m[K/home/wolfwagen/Undergrad_Minchan_Folder/ROOMBA_PROJECT_1/roomba_src/zed-ros2-wrapper/zed_components/src/zed_camera/src/zed_camera_component_main.cpp:6696:23:[m[K [01;31m[Kerror: [m[K‘[01m[Kusing element_type = class sl::Camera[m[K’ {aka ‘[01m[Kclass sl::Camera[m[K’} has no member named ‘[01m[KgetPositionalTrackingLandmarks[m[K’; did you mean ‘[01m[KgetPositionalTrackingStatus[m[K’?
[11.662s]  6696 |     auto res1 = mZed->[01;31m[KgetPositionalTrackingLandmarks[m[K(map_lm3d); // 3D landmarks (all the landmarks in world coords)
[11.662s]       |                       [01;31m[K^~~~~~~~~~~~~~~~~~~~~~~~~~~~~~[m[K
[11.662s]       |                       [32m[KgetPositionalTrackingStatus[m[K
[11.662s] [01m[K/home/wolfwagen/Undergrad_Minchan_Folder/ROOMBA_PROJECT_1/roomba_src/zed-ros2-wrapper/zed_components/src/zed_camera/src/zed_camera_component_main.cpp:6697:23:[m[K [01;31m[Kerror: [m[K‘[01m[Kusing element_type = class sl::Camera[m[K’ {aka ‘[01m[Kclass sl::Camera[m[K’} has no member named ‘[01m[KgetPositionalTrackingLandmarks2D[m[K’; did you mean ‘[01m[KgetPositionalTrackingStatus[m[K’?
[11.662s]  6697 |     auto res2 = mZed->[01;31m[KgetPositionalTrackingLandmarks2D[m[K(map_lm2d); // 2D landmarks (currently tracked in image)
[11.662s]       |                       [01;31m[K^~~~~~~~~~~~~~~~~~~~~~~~~~~~~~~~[m[K
[11.663s]       |                       [32m[KgetPositionalTrackingStatus[m[K
[11.679s] [01m[K/home/wolfwagen/Undergrad_Minchan_Folder/ROOMBA_PROJECT_1/roomba_src/zed-ros2-wrapper/zed_components/src/zed_camera/src/zed_camera_component_main.cpp:6719:29:[m[K [01;31m[Kerror: [m[Krequest for member ‘[01m[Ksize[m[K’ in ‘[01m[Kmap_lm3d[m[K’, which is of non-class type ‘[01m[Kint[m[K’
[11.679s]  6719 |     int ptsCount = map_lm3d.[01;31m[Ksize[m[K();
[11.679s]       |                             [01;31m[K^~~~[m[K
[11.691s] [01m[K/home/wolfwagen/Undergrad_Minchan_Folder/ROOMBA_PROJECT_1/roomba_src/zed-ros2-wrapper/zed_components/src/zed_camera/src/zed_camera_component_main.cpp:6774:34:[m[K [01;31m[Kerror: [m[K‘[01m[Kbegin[m[K’ was not declared in this scope
[11.691s]  6774 |     for (const auto & landmark : [01;31m[Kmap_lm3d[m[K) {
[11.691s]       |                                  [01;31m[K^~~~~~~~[m[K
[11.691s] [01m[K/home/wolfwagen/Undergrad_Minchan_Folder/ROOMBA_PROJECT_1/roomba_src/zed-ros2-wrapper/zed_components/src/zed_camera/src/zed_camera_component_main.cpp:6774:34:[m[K [01;36m[Knote: [m[Ksuggested alternatives:
[11.692s] In file included from [01m[K/usr/include/nlohmann/detail/conversions/from_json.hpp:13[m[K,
[11.692s]                  from [01m[K/usr/include/nlohmann/adl_serializer.hpp:6[m[K,
[11.692s]                  from [01m[K/usr/include/nlohmann/json.hpp:60[m[K,
[11.692s]                  from [01m[K/home/wolfwagen/Undergrad_Minchan_Folder/ROOMBA_PROJECT_1/roomba_src/zed-ros2-wrapper/zed_components/src/tools/include/gnss_replay.hpp:5[m[K,
[11.692s]                  from [01m[K/home/wolfwagen/Undergrad_Minchan_Folder/ROOMBA_PROJECT_1/roomba_src/zed-ros2-wrapper/zed_components/src/tools/include/sl_tools.hpp:30[m[K,
[11.692s]                  from [01m[K/home/wolfwagen/Undergrad_Minchan_Folder/ROOMBA_PROJECT_1/roomba_src/zed-ros2-wrapper/zed_components/src/zed_camera/include/zed_camera_component.hpp:27[m[K,
[11.692s]                  from [01m[K/home/wolfwagen/Undergrad_Minchan_Folder/ROOMBA_PROJECT_1/roomba_src/zed-ros2-wrapper/zed_components/src/zed_camera/src/zed_camera_component_main.cpp:15[m[K:
[11.693s] [01m[K/usr/include/c++/11/valarray:1228:5:[m[K [01;36m[Knote: [m[K  ‘[01m[Kstd::begin[m[K’
[11.693s]  1228 |     [01;36m[Kbegin[m[K(const valarray<_Tp>& __va) noexcept
[11.693s]       |     [01;36m[K^~~~~[m[K
[11.693s] In file included from [01m[K/usr/include/c++/11/filesystem:46[m[K,
[11.698s]                  from [01m[K/usr/include/nlohmann/detail/conversions/from_json.hpp:29[m[K,
[11.698s]                  from [01m[K/usr/include/nlohmann/adl_serializer.hpp:6[m[K,
[11.698s]                  from [01m[K/usr/include/nlohmann/json.hpp:60[m[K,
[11.698s]                  from [01m[K/home/wolfwagen/Undergrad_Minchan_Folder/ROOMBA_PROJECT_1/roomba_src/zed-ros2-wrapper/zed_components/src/tools/include/gnss_replay.hpp:5[m[K,
[11.698s]                  from [01m[K/home/wolfwagen/Undergrad_Minchan_Folder/ROOMBA_PROJECT_1/roomba_src/zed-ros2-wrapper/zed_components/src/tools/include/sl_tools.hpp:30[m[K,
[11.698s]                  from [01m[K/home/wolfwagen/Undergrad_Minchan_Folder/ROOMBA_PROJECT_1/roomba_src/zed-ros2-wrapper/zed_components/src/zed_camera/include/zed_camera_component.hpp:27[m[K,
[11.699s]                  from [01m[K/home/wolfwagen/Undergrad_Minchan_Folder/ROOMBA_PROJECT_1/roomba_src/zed-ros2-wrapper/zed_components/src/zed_camera/src/zed_camera_component_main.cpp:15[m[K:
[11.699s] [01m[K/usr/include/c++/11/bits/fs_dir.h:549:3:[m[K [01;36m[Knote: [m[K  ‘[01m[Kstd::filesystem::__cxx11::begin[m[K’
[11.699s]   549 |   [01;36m[Kbegin[m[K(recursive_directory_iterator __iter) noexcept
[11.699s]       |   [01;36m[K^~~~~[m[K
[11.699s] In file included from [01m[K/usr/include/c++/11/utility:76[m[K,
[11.699s]                  from [01m[K/usr/include/c++/11/algorithm:60[m[K,
[11.699s]                  from [01m[K/usr/local/zed/include/sl/Camera.hpp:66[m[K,
[11.699s]                  from [01m[K/home/wolfwagen/Undergrad_Minchan_Folder/ROOMBA_PROJECT_1/roomba_src/zed-ros2-wrapper/zed_components/src/zed_camera/include/zed_camera_component.hpp:20[m[K,
[11.699s]                  from [01m[K/home/wolfwagen/Undergrad_Minchan_Folder/ROOMBA_PROJECT_1/roomba_src/zed-ros2-wrapper/zed_components/src/zed_camera/src/zed_camera_component_main.cpp:15[m[K:
[11.700s] [01m[K/usr/include/c++/11/initializer_list:90:5:[m[K [01;36m[Knote: [m[K  ‘[01m[Kstd::begin[m[K’
[11.700s]    90 |     [01;36m[Kbegin[m[K(initializer_list<_Tp> __ils) noexcept
[11.700s]       |     [01;36m[K^~~~~[m[K
[11.700s] In file included from [01m[K/usr/include/nlohmann/detail/string_escape.hpp:4[m[K,
[11.700s]                  from [01m[K/usr/include/nlohmann/detail/exceptions.hpp:9[m[K,
[11.700s]                  from [01m[K/usr/include/nlohmann/detail/conversions/from_json.hpp:15[m[K,
[11.700s]                  from [01m[K/usr/include/nlohmann/adl_serializer.hpp:6[m[K,
[11.700s]                  from [01m[K/usr/include/nlohmann/json.hpp:60[m[K,
[11.700s]                  from [01m[K/home/wolfwagen/Undergrad_Minchan_Folder/ROOMBA_PROJECT_1/roomba_src/zed-ros2-wrapper/zed_components/src/tools/include/gnss_replay.hpp:5[m[K,
[11.701s]                  from [01m[K/home/wolfwagen/Undergrad_Minchan_Folder/ROOMBA_PROJECT_1/roomba_src/zed-ros2-wrapper/zed_components/src/tools/include/sl_tools.hpp:30[m[K,
[11.701s]                  from [01m[K/home/wolfwagen/Undergrad_Minchan_Folder/ROOMBA_PROJECT_1/roomba_src/zed-ros2-wrapper/zed_components/src/zed_camera/include/zed_camera_component.hpp:27[m[K,
[11.701s]                  from [01m[K/home/wolfwagen/Undergrad_Minchan_Folder/ROOMBA_PROJECT_1/roomba_src/zed-ros2-wrapper/zed_components/src/zed_camera/src/zed_camera_component_main.cpp:15[m[K:
[11.701s] [01m[K/usr/include/nlohmann/detail/meta/call_std/begin.hpp:7:1:[m[K [01;36m[Knote: [m[K  ‘[01m[Knlohmann::detail2::begin[m[K’
[11.701s]     7 | [01;36m[KNLOHMANN_CAN_CALL_STD_FUNC_IMPL[m[K(begin);
[11.701s]       | [01;36m[K^~~~~~~~~~~~~~~~~~~~~~~~~~~~~~~[m[K
[11.701s] In file included from [01m[K/usr/include/c++/11/utility:76[m[K,
[11.701s]                  from [01m[K/usr/include/c++/11/algorithm:60[m[K,
[11.701s]                  from [01m[K/usr/local/zed/include/sl/Camera.hpp:66[m[K,
[11.702s]                  from [01m[K/home/wolfwagen/Undergrad_Minchan_Folder/ROOMBA_PROJECT_1/roomba_src/zed-ros2-wrapper/zed_components/src/zed_camera/include/zed_camera_component.hpp:20[m[K,
[11.702s]                  from [01m[K/home/wolfwagen/Undergrad_Minchan_Folder/ROOMBA_PROJECT_1/roomba_src/zed-ros2-wrapper/zed_components/src/zed_camera/src/zed_camera_component_main.cpp:15[m[K:
[11.702s] [01m[K/usr/include/c++/11/initializer_list:90:5:[m[K [01;36m[Knote: [m[K  ‘[01m[Kstd::begin[m[K’
[11.702s]    90 |     [01;36m[Kbegin[m[K(initializer_list<_Tp> __ils) noexcept
[11.702s]       |     [01;36m[K^~~~~[m[K
[11.702s] [01m[K/home/wolfwagen/Undergrad_Minchan_Folder/ROOMBA_PROJECT_1/roomba_src/zed-ros2-wrapper/zed_components/src/zed_camera/src/zed_camera_component_main.cpp:6774:34:[m[K [01;31m[Kerror: [m[K‘[01m[Kend[m[K’ was not declared in this scope
[11.702s]  6774 |     for (const auto & landmark : [01;31m[Kmap_lm3d[m[K) {
[11.702s]       |                                  [01;31m[K^~~~~~~~[m[K
[11.702s] [01m[K/home/wolfwagen/Undergrad_Minchan_Folder/ROOMBA_PROJECT_1/roomba_src/zed-ros2-wrapper/zed_components/src/zed_camera/src/zed_camera_component_main.cpp:6774:34:[m[K [01;36m[Knote: [m[Ksuggested alternatives:
[11.703s] In file included from [01m[K/usr/include/nlohmann/detail/conversions/from_json.hpp:13[m[K,
[11.703s]                  from [01m[K/usr/include/nlohmann/adl_serializer.hpp:6[m[K,
[11.703s]                  from [01m[K/usr/include/nlohmann/json.hpp:60[m[K,
[11.703s]                  from [01m[K/home/wolfwagen/Undergrad_Minchan_Folder/ROOMBA_PROJECT_1/roomba_src/zed-ros2-wrapper/zed_components/src/tools/include/gnss_replay.hpp:5[m[K,
[11.703s]                  from [01m[K/home/wolfwagen/Undergrad_Minchan_Folder/ROOMBA_PROJECT_1/roomba_src/zed-ros2-wrapper/zed_components/src/tools/include/sl_tools.hpp:30[m[K,
[11.703s]                  from [01m[K/home/wolfwagen/Undergrad_Minchan_Folder/ROOMBA_PROJECT_1/roomba_src/zed-ros2-wrapper/zed_components/src/zed_camera/include/zed_camera_component.hpp:27[m[K,
[11.703s]                  from [01m[K/home/wolfwagen/Undergrad_Minchan_Folder/ROOMBA_PROJECT_1/roomba_src/zed-ros2-wrapper/zed_components/src/zed_camera/src/zed_camera_component_main.cpp:15[m[K:
[11.703s] [01m[K/usr/include/c++/11/valarray:1255:5:[m[K [01;36m[Knote: [m[K  ‘[01m[Kstd::end[m[K’
[11.703s]  1255 |     [01;36m[Kend[m[K(const valarray<_Tp>& __va) noexcept
[11.704s]       |     [01;36m[K^~~[m[K
[11.704s] In file included from [01m[K/usr/include/c++/11/filesystem:46[m[K,
[11.704s]                  from [01m[K/usr/include/nlohmann/detail/conversions/from_json.hpp:29[m[K,
[11.704s]                  from [01m[K/usr/include/nlohmann/adl_serializer.hpp:6[m[K,
[11.704s]                  from [01m[K/usr/include/nlohmann/json.hpp:60[m[K,
[11.704s]                  from [01m[K/home/wolfwagen/Undergrad_Minchan_Folder/ROOMBA_PROJECT_1/roomba_src/zed-ros2-wrapper/zed_components/src/tools/include/gnss_replay.hpp:5[m[K,
[11.704s]                  from [01m[K/home/wolfwagen/Undergrad_Minchan_Folder/ROOMBA_PROJECT_1/roomba_src/zed-ros2-wrapper/zed_components/src/tools/include/sl_tools.hpp:30[m[K,
[11.704s]                  from [01m[K/home/wolfwagen/Undergrad_Minchan_Folder/ROOMBA_PROJECT_1/roomba_src/zed-ros2-wrapper/zed_components/src/zed_camera/include/zed_camera_component.hpp:27[m[K,
[11.704s]                  from [01m[K/home/wolfwagen/Undergrad_Minchan_Folder/ROOMBA_PROJECT_1/roomba_src/zed-ros2-wrapper/zed_components/src/zed_camera/src/zed_camera_component_main.cpp:15[m[K:
[11.705s] [01m[K/usr/include/c++/11/bits/fs_dir.h:554:3:[m[K [01;36m[Knote: [m[K  ‘[01m[Kstd::filesystem::__cxx11::end[m[K’
[11.705s]   554 |   [01;36m[Kend[m[K(recursive_directory_iterator) noexcept
[11.705s]       |   [01;36m[K^~~[m[K
[11.705s] In file included from [01m[K/usr/include/c++/11/utility:76[m[K,
[11.705s]                  from [01m[K/usr/include/c++/11/algorithm:60[m[K,
[11.705s]                  from [01m[K/usr/local/zed/include/sl/Camera.hpp:66[m[K,
[11.705s]                  from [01m[K/home/wolfwagen/Undergrad_Minchan_Folder/ROOMBA_PROJECT_1/roomba_src/zed-ros2-wrapper/zed_components/src/zed_camera/include/zed_camera_component.hpp:20[m[K,
[11.705s]                  from [01m[K/home/wolfwagen/Undergrad_Minchan_Folder/ROOMBA_PROJECT_1/roomba_src/zed-ros2-wrapper/zed_components/src/zed_camera/src/zed_camera_component_main.cpp:15[m[K:
[11.705s] [01m[K/usr/include/c++/11/initializer_list:101:5:[m[K [01;36m[Knote: [m[K  ‘[01m[Kstd::end[m[K’
[11.706s]   101 |     [01;36m[Kend[m[K(initializer_list<_Tp> __ils) noexcept
[11.706s]       |     [01;36m[K^~~[m[K
[11.706s] In file included from [01m[K/usr/include/nlohmann/detail/string_escape.hpp:4[m[K,
[11.706s]                  from [01m[K/usr/include/nlohmann/detail/exceptions.hpp:9[m[K,
[11.706s]                  from [01m[K/usr/include/nlohmann/detail/conversions/from_json.hpp:15[m[K,
[11.706s]                  from [01m[K/usr/include/nlohmann/adl_serializer.hpp:6[m[K,
[11.706s]                  from [01m[K/usr/include/nlohmann/json.hpp:60[m[K,
[11.706s]                  from [01m[K/home/wolfwagen/Undergrad_Minchan_Folder/ROOMBA_PROJECT_1/roomba_src/zed-ros2-wrapper/zed_components/src/tools/include/gnss_replay.hpp:5[m[K,
[11.706s]                  from [01m[K/home/wolfwagen/Undergrad_Minchan_Folder/ROOMBA_PROJECT_1/roomba_src/zed-ros2-wrapper/zed_components/src/tools/include/sl_tools.hpp:30[m[K,
[11.707s]                  from [01m[K/home/wolfwagen/Undergrad_Minchan_Folder/ROOMBA_PROJECT_1/roomba_src/zed-ros2-wrapper/zed_components/src/zed_camera/include/zed_camera_component.hpp:27[m[K,
[11.707s]                  from [01m[K/home/wolfwagen/Undergrad_Minchan_Folder/ROOMBA_PROJECT_1/roomba_src/zed-ros2-wrapper/zed_components/src/zed_camera/src/zed_camera_component_main.cpp:15[m[K:
[11.707s] [01m[K/usr/include/nlohmann/detail/meta/call_std/end.hpp:7:1:[m[K [01;36m[Knote: [m[K  ‘[01m[Knlohmann::detail2::end[m[K’
[11.707s]     7 | [01;36m[KNLOHMANN_CAN_CALL_STD_FUNC_IMPL[m[K(end);
[11.707s]       | [01;36m[K^~~~~~~~~~~~~~~~~~~~~~~~~~~~~~~[m[K
[11.707s] In file included from [01m[K/usr/include/c++/11/utility:76[m[K,
[11.707s]                  from [01m[K/usr/include/c++/11/algorithm:60[m[K,
[11.707s]                  from [01m[K/usr/local/zed/include/sl/Camera.hpp:66[m[K,
[11.707s]                  from [01m[K/home/wolfwagen/Undergrad_Minchan_Folder/ROOMBA_PROJECT_1/roomba_src/zed-ros2-wrapper/zed_components/src/zed_camera/include/zed_camera_component.hpp:20[m[K,
[11.708s]                  from [01m[K/home/wolfwagen/Undergrad_Minchan_Folder/ROOMBA_PROJECT_1/roomba_src/zed-ros2-wrapper/zed_components/src/zed_camera/src/zed_camera_component_main.cpp:15[m[K:
[11.708s] [01m[K/usr/include/c++/11/initializer_list:101:5:[m[K [01;36m[Knote: [m[K  ‘[01m[Kstd::end[m[K’
[11.708s]   101 |     [01;36m[Kend[m[K(initializer_list<_Tp> __ils) noexcept
[11.720s]       |     [01;36m[K^~~[m[K
[11.720s] [01m[K/home/wolfwagen/Undergrad_Minchan_Folder/ROOMBA_PROJECT_1/roomba_src/zed-ros2-wrapper/zed_components/src/zed_camera/src/zed_camera_component_main.cpp:6783:20:[m[K [01;31m[Kerror: [m[Krequest for member ‘[01m[Kbegin[m[K’ in ‘[01m[Kmap_lm2d[m[K’, which is of non-class type ‘[01m[Kint[m[K’
[11.721s]  6783 |           map_lm2d.[01;31m[Kbegin[m[K(), map_lm2d.end(),
[11.721s]       |                    [01;31m[K^~~~~[m[K
[11.721s] [01m[K/home/wolfwagen/Undergrad_Minchan_Folder/ROOMBA_PROJECT_1/roomba_src/zed-ros2-wrapper/zed_components/src/zed_camera/src/zed_camera_component_main.cpp:6783:38:[m[K [01;31m[Kerror: [m[Krequest for member ‘[01m[Kend[m[K’ in ‘[01m[Kmap_lm2d[m[K’, which is of non-class type ‘[01m[Kint[m[K’
[11.721s]  6783 |           map_lm2d.begin(), map_lm2d.[01;31m[Kend[m[K(),
[11.721s]       |                                      [01;31m[K^~~[m[K
[11.721s] [01m[K/home/wolfwagen/Undergrad_Minchan_Folder/ROOMBA_PROJECT_1/roomba_src/zed-ros2-wrapper/zed_components/src/zed_camera/src/zed_camera_component_main.cpp:6784:33:[m[K [01;31m[Kerror: [m[K‘[01m[KLandmark2D[m[K’ in namespace ‘[01m[Ksl[m[K’ does not name a type
[11.721s]  6784 |           [&landmark](const sl::[01;31m[KLandmark2D[m[K & lm2d) {return lm2d.id == landmark.first;}))
[11.721s]       |                                 [01;31m[K^~~~~~~~~~[m[K
[11.721s] [01m[K/home/wolfwagen/Undergrad_Minchan_Folder/ROOMBA_PROJECT_1/roomba_src/zed-ros2-wrapper/zed_components/src/zed_camera/src/zed_camera_component_main.cpp:[m[K In lambda function:
[11.722s] [01m[K/home/wolfwagen/Undergrad_Minchan_Folder/ROOMBA_PROJECT_1/roomba_src/zed-ros2-wrapper/zed_components/src/zed_camera/src/zed_camera_component_main.cpp:6784:88:[m[K [01;31m[Kerror: [m[Kexpected ‘[01m[K{[m[K’ before ‘[01m[K)[m[K’ token
[11.722s]  6784 |           [&landmark](const sl::Landmark2D & lm2d) {return lm2d.id == landmark.first;})[01;31m[K)[m[K
[11.722s]       |                                                                                        [01;31m[K^[m[K
[11.722s] [01m[K/home/wolfwagen/Undergrad_Minchan_Folder/ROOMBA_PROJECT_1/roomba_src/zed-ros2-wrapper/zed_components/src/zed_camera/src/zed_camera_component_main.cpp:[m[K In member function ‘[01m[Kvoid stereolabs::ZedCamera::publishPoseLandmarks()[m[K’:
[11.722s] [01m[K/home/wolfwagen/Undergrad_Minchan_Folder/ROOMBA_PROJECT_1/roomba_src/zed-ros2-wrapper/zed_components/src/zed_camera/src/zed_camera_component_main.cpp:6784:89:[m[K [01;31m[Kerror: [m[Kexpected ‘[01m[K)[m[K’ before ‘[01m[K{[m[K’ token
[11.722s]  6784 |           [&landmark](const sl::Landmark2D & lm2d) {return lm2d.id == landmark.first;}))
[11.722s]       |                                                                                         [01;31m[K^[m[K
[11.722s]       |                                                                                         [32m[K)[m[K
[11.722s]  6785 |       [32m[K{[m[K
[11.723s]       |       [32m[K~[m[K                                                                                  
[11.723s] [01m[K/home/wolfwagen/Undergrad_Minchan_Folder/ROOMBA_PROJECT_1/roomba_src/zed-ros2-wrapper/zed_components/src/zed_camera/src/zed_camera_component_main.cpp:6782:10:[m[K [01;36m[Knote: [m[Kto match this ‘[01m[K([m[K’
[11.723s]  6782 |       if [01;36m[K([m[Kstd::any_of(
[11.723s]       |          [01;36m[K^[m[K
[12.271s] [01m[K/home/wolfwagen/Undergrad_Minchan_Folder/ROOMBA_PROJECT_1/roomba_src/zed-ros2-wrapper/zed_components/src/zed_camera/src/zed_camera_component_main.cpp:[m[K In member function ‘[01m[Kvoid stereolabs::ZedCamera::publishHealthStatus()[m[K’:
[12.271s] [01m[K/home/wolfwagen/Undergrad_Minchan_Folder/ROOMBA_PROJECT_1/roomba_src/zed-ros2-wrapper/zed_components/src/zed_camera/src/zed_camera_component_main.cpp:9896:35:[m[K [01;31m[Kerror: [m[K‘[01m[Kstruct sl::HealthStatus[m[K’ has no member named ‘[01m[Klow_image_quality[m[K’
[12.271s]  9896 |   msg->low_image_quality = status.[01;31m[Klow_image_quality[m[K;
[12.271s]       |                                   [01;31m[K^~~~~~~~~~~~~~~~~[m[K
[12.272s] [01m[K/home/wolfwagen/Undergrad_Minchan_Folder/ROOMBA_PROJECT_1/roomba_src/zed-ros2-wrapper/zed_components/src/zed_camera/src/zed_camera_component_main.cpp:9897:30:[m[K [01;31m[Kerror: [m[K‘[01m[Kstruct sl::HealthStatus[m[K’ has no member named ‘[01m[Klow_lighting[m[K’
[12.272s]  9897 |   msg->low_lighting = status.[01;31m[Klow_lighting[m[K;
[12.272s]       |                              [01;31m[K^~~~~~~~~~~~[m[K
[12.272s] [01m[K/home/wolfwagen/Undergrad_Minchan_Folder/ROOMBA_PROJECT_1/roomba_src/zed-ros2-wrapper/zed_components/src/zed_camera/src/zed_camera_component_main.cpp:9898:39:[m[K [01;31m[Kerror: [m[K‘[01m[Kstruct sl::HealthStatus[m[K’ has no member named ‘[01m[Klow_depth_reliability[m[K’
[12.272s]  9898 |   msg->low_depth_reliability = status.[01;31m[Klow_depth_reliability[m[K;
[12.272s]       |                                       [01;31m[K^~~~~~~~~~~~~~~~~~~~~[m[K
[12.272s] [01m[K/home/wolfwagen/Undergrad_Minchan_Folder/ROOMBA_PROJECT_1/roomba_src/zed-ros2-wrapper/zed_components/src/zed_camera/src/zed_camera_component_main.cpp:9900:12:[m[K [01;31m[Kerror: [m[K‘[01m[Kstruct sl::HealthStatus[m[K’ has no member named ‘[01m[Klow_motion_sensors_reliability[m[K’
[12.272s]  9900 |     status.[01;31m[Klow_motion_sensors_reliability[m[K;
[12.273s]       |            [01;31m[K^~~~~~~~~~~~~~~~~~~~~~~~~~~~~~[m[K
[15.276s] gmake[2]: *** [CMakeFiles/zed_camera_component.dir/build.make:174: CMakeFiles/zed_camera_component.dir/src/zed_camera/src/zed_camera_component_bodytrk.cpp.o] Error 1
[15.277s] gmake[2]: *** Waiting for unfinished jobs....
[15.402s] gmake[2]: *** [CMakeFiles/zed_camera_component.dir/build.make:160: CMakeFiles/zed_camera_component.dir/src/zed_camera/src/zed_camera_component_objdet.cpp.o] Error 1
[18.314s] gmake[2]: *** [CMakeFiles/zed_camera_one_component.dir/build.make:132: CMakeFiles/zed_camera_one_component.dir/src/zed_camera_one/src/zed_camera_one_component_main.cpp.o] Error 1
[18.315s] gmake[1]: *** [CMakeFiles/Makefile2:192: CMakeFiles/zed_camera_one_component.dir/all] Error 2
[18.315s] gmake[1]: *** Waiting for unfinished jobs....
[34.334s] gmake[2]: *** [CMakeFiles/zed_camera_component.dir/build.make:132: CMakeFiles/zed_camera_component.dir/src/zed_camera/src/zed_camera_component_main.cpp.o] Error 1
[34.334s] gmake[1]: *** [CMakeFiles/Makefile2:166: CMakeFiles/zed_camera_component.dir/all] Error 2
[34.335s] gmake: *** [Makefile:146: all] Error 2
[34.342s] Invoked command in '/home/wolfwagen/Undergrad_Minchan_Folder/ROOMBA_PROJECT_1/build/zed_components' returned '2': CMAKE_PREFIX_PATH=/home/wolfwagen/Undergrad_Minchan_Folder/ROOMBA_PROJECT_1/install/first_roomba_pkg:/opt/ros/humble /usr/bin/cmake --build /home/wolfwagen/Undergrad_Minchan_Folder/ROOMBA_PROJECT_1/build/zed_components -- -j6 -l6
