[0.548s] Invoking command in '/home/wolfwagen/Undergrad_Minchan_Folder/ROOMBA_PROJECT_1/build/unitree_lidar_sdk': /usr/bin/cmake /home/wolfwagen/Undergrad_Minchan_Folder/ROOMBA_PROJECT_1/roomba_src/unilidar_sdk2/unitree_lidar_sdk -DCMAKE_INSTALL_PREFIX=/home/wolfwagen/Undergrad_Minchan_Folder/ROOMBA_PROJECT_1/install/unitree_lidar_sdk
[0.680s] -- The C compiler identification is GNU 11.4.0
[0.792s] -- The CXX compiler identification is GNU 11.4.0
[0.804s] -- Detecting C compiler ABI info
[0.947s] -- Detecting C compiler ABI info - done
[0.972s] -- Check for working C compiler: /usr/bin/cc - skipped
[0.972s] -- Detecting C compile features
[0.973s] -- Detecting C compile features - done
[0.983s] -- Detecting CXX compiler ABI info
[1.159s] -- Detecting CXX compiler ABI info - done
[1.173s] -- Check for working CXX compiler: /usr/bin/c++ - skipped
[1.174s] -- Detecting CXX compile features
[1.176s] -- Detecting CXX compile features - done
[1.177s] -- Configuring done
[1.191s] -- Generating done
[1.196s] -- Build files have been written to: /home/wolfwagen/Undergrad_Minchan_Folder/ROOMBA_PROJECT_1/build/unitree_lidar_sdk
[1.205s] Invoked command in '/home/wolfwagen/Undergrad_Minchan_Folder/ROOMBA_PROJECT_1/build/unitree_lidar_sdk' returned '0': /usr/bin/cmake /home/wolfwagen/Undergrad_Minchan_Folder/ROOMBA_PROJECT_1/roomba_src/unilidar_sdk2/unitree_lidar_sdk -DCMAKE_INSTALL_PREFIX=/home/wolfwagen/Undergrad_Minchan_Folder/ROOMBA_PROJECT_1/install/unitree_lidar_sdk
[1.206s] Invoking command in '/home/wolfwagen/Undergrad_Minchan_Folder/ROOMBA_PROJECT_1/build/unitree_lidar_sdk': /usr/bin/cmake --build /home/wolfwagen/Undergrad_Minchan_Folder/ROOMBA_PROJECT_1/build/unitree_lidar_sdk -- -j6 -l6
[1.307s] [ 10%] [32mBuilding CXX object CMakeFiles/example_lidar_serial.dir/examples/example_lidar_serial.cpp.o[0m
[1.326s] [ 20%] [32mBuilding CXX object CMakeFiles/example_lidar_udp.dir/examples/example_lidar_udp.cpp.o[0m
[1.330s] [ 30%] [32mBuilding CXX object CMakeFiles/set_ip_address.dir/examples/set_ip_address.cpp.o[0m
[1.340s] [ 40%] [32mBuilding CXX object CMakeFiles/set_to_udp_mode.dir/examples/set_to_udp_mode.cpp.o[0m
[1.351s] [ 50%] [32mBuilding CXX object CMakeFiles/set_to_serial_mode.dir/examples/set_to_serial_mode.cpp.o[0m
[2.937s] [ 60%] [32m[1mLinking CXX executable /home/wolfwagen/Undergrad_Minchan_Folder/ROOMBA_PROJECT_1/roomba_src/unilidar_sdk2/unitree_lidar_sdk/bin/example_lidar_udp[0m
[2.980s] [ 70%] [32m[1mLinking CXX executable /home/wolfwagen/Undergrad_Minchan_Folder/ROOMBA_PROJECT_1/roomba_src/unilidar_sdk2/unitree_lidar_sdk/bin/set_ip_address[0m
[3.092s] [ 80%] [32m[1mLinking CXX executable /home/wolfwagen/Undergrad_Minchan_Folder/ROOMBA_PROJECT_1/roomba_src/unilidar_sdk2/unitree_lidar_sdk/bin/set_to_udp_mode[0m
[3.151s] [ 90%] [32m[1mLinking CXX executable /home/wolfwagen/Undergrad_Minchan_Folder/ROOMBA_PROJECT_1/roomba_src/unilidar_sdk2/unitree_lidar_sdk/bin/set_to_serial_mode[0m
[3.205s] [ 90%] Built target set_ip_address
[3.222s] [ 90%] Built target example_lidar_udp
[3.315s] [100%] [32m[1mLinking CXX executable /home/wolfwagen/Undergrad_Minchan_Folder/ROOMBA_PROJECT_1/roomba_src/unilidar_sdk2/unitree_lidar_sdk/bin/example_lidar_serial[0m
[3.318s] [100%] Built target set_to_udp_mode
[3.356s] [100%] Built target set_to_serial_mode
[3.486s] [100%] Built target example_lidar_serial
[3.514s] Invoked command in '/home/wolfwagen/Undergrad_Minchan_Folder/ROOMBA_PROJECT_1/build/unitree_lidar_sdk' returned '0': /usr/bin/cmake --build /home/wolfwagen/Undergrad_Minchan_Folder/ROOMBA_PROJECT_1/build/unitree_lidar_sdk -- -j6 -l6
