[0.022s] Invoking command in '/home/wolfwagen/Undergrad_Minchan_Folder/ROOMBA_PROJECT_1/build/zed_components': CMAKE_PREFIX_PATH=/home/wolfwagen/Undergrad_Minchan_Folder/ROOMBA_PROJECT_1/install/first_roomba_pkg:/opt/ros/humble /usr/bin/cmake /home/wolfwagen/Undergrad_Minchan_Folder/ROOMBA_PROJECT_1/roomba_src/zed-ros2-wrapper/zed_components -DCMAKE_BUILD_TYPE=Release -DAMENT_CMAKE_SYMLINK_INSTALL=1 -DCMAKE_INSTALL_PREFIX=/home/wolfwagen/Undergrad_Minchan_Folder/ROOMBA_PROJECT_1/install/zed_components
[0.119s] -- The C compiler identification is GNU 11.4.0
[0.227s] -- The CXX compiler identification is GNU 11.4.0
[0.249s] -- Detecting C compiler ABI info
[0.387s] -- Detecting C compiler ABI info - done
[0.412s] -- Check for working C compiler: /usr/bin/cc - skipped
[0.414s] -- Detecting C compile features
[0.416s] -- Detecting C compile features - done
[0.428s] -- Detecting CXX compiler ABI info
[0.587s] -- Detecting CXX compiler ABI info - done
[0.613s] -- Check for working CXX compiler: /usr/bin/c++ - skipped
[0.614s] -- Detecting CXX compile features
[0.616s] -- Detecting CXX compile features - done
[0.653s] [31mCMake Error at CMakeLists.txt:84 (find_package):
[0.653s]   By not providing "Findnlohmann_json.cmake" in CMAKE_MODULE_PATH this
[0.653s]   project has asked CMake to find a package configuration file provided by
[0.653s]   "nlohmann_json", but CMake did not find one.
[0.654s] 
[0.654s]   Could not find a package configuration file provided by "nlohmann_json"
[0.654s]   with any of the following names:
[0.654s] 
[0.654s]     nlohmann_jsonConfig.cmake
[0.655s]     nlohmann_json-config.cmake
[0.655s] 
[0.655s]   Add the installation prefix of "nlohmann_json" to CMAKE_PREFIX_PATH or set
[0.655s]   "nlohmann_json_DIR" to a directory containing one of the above files.  If
[0.655s]   "nlohmann_json" provides a separate development package or SDK, be sure it
[0.656s]   has been installed.
[0.656s] 
[0.656s] -- Configuring incomplete, errors occurred!
[0.656s] See also "/home/wolfwagen/Undergrad_Minchan_Folder/ROOMBA_PROJECT_1/build/zed_components/CMakeFiles/CMakeOutput.log".
[0.656s] [0m
[0.662s] Invoked command in '/home/wolfwagen/Undergrad_Minchan_Folder/ROOMBA_PROJECT_1/build/zed_components' returned '1': CMAKE_PREFIX_PATH=/home/wolfwagen/Undergrad_Minchan_Folder/ROOMBA_PROJECT_1/install/first_roomba_pkg:/opt/ros/humble /usr/bin/cmake /home/wolfwagen/Undergrad_Minchan_Folder/ROOMBA_PROJECT_1/roomba_src/zed-ros2-wrapper/zed_components -DCMAKE_BUILD_TYPE=Release -DAMENT_CMAKE_SYMLINK_INSTALL=1 -DCMAKE_INSTALL_PREFIX=/home/wolfwagen/Undergrad_Minchan_Folder/ROOMBA_PROJECT_1/install/zed_components
