[0.027s] Invoking command in '/home/wolfwagen/Undergrad_Minchan_Folder/ROOMBA_PROJECT_1/build/zed_components': CMAKE_PREFIX_PATH=/home/wolfwagen/Undergrad_Minchan_Folder/ROOMBA_PROJECT_1/install/first_roomba_pkg:/opt/ros/humble /usr/bin/cmake --build /home/wolfwagen/Undergrad_Minchan_Folder/ROOMBA_PROJECT_1/build/zed_components -- -j6 -l6
[0.151s] -- Found CUDA: /usr/local/cuda-12.6 (found suitable version "12.6", minimum required is "12.6") 
[0.188s] -- Found CUDA: /usr/local/cuda-12.6 (found version "12.6") 
[0.191s] -- Found ament_cmake_auto: 1.3.14 (/opt/ros/humble/share/ament_cmake_auto/cmake)
[0.443s] -- Override CMake install command with custom implementation using symlinks instead of copying resources
[0.646s] -- Found rosidl_generator_c: 3.1.8 (/opt/ros/humble/share/rosidl_generator_c/cmake)
[0.652s] -- Found rosidl_adapter: 3.1.8 (/opt/ros/humble/share/rosidl_adapter/cmake)
[0.665s] -- Found rosidl_generator_cpp: 3.1.8 (/opt/ros/humble/share/rosidl_generator_cpp/cmake)
[0.685s] -- Using all available rosidl_typesupport_c: rosidl_typesupport_fastrtps_c;rosidl_typesupport_introspection_c
[0.711s] -- Using all available rosidl_typesupport_cpp: rosidl_typesupport_fastrtps_cpp;rosidl_typesupport_introspection_cpp
[0.877s] -- Found rmw_implementation_cmake: 6.1.2 (/opt/ros/humble/share/rmw_implementation_cmake/cmake)
[0.880s] -- Found rmw_fastrtps_cpp: 6.2.10 (/opt/ros/humble/share/rmw_fastrtps_cpp/cmake)
[1.052s] -- Using RMW implementation 'rmw_fastrtps_cpp' as default
[1.446s] -- Found eigen3_cmake_module: 0.1.1 (/opt/ros/humble/share/eigen3_cmake_module/cmake)
[1.448s] -- Ensuring Eigen3 include directory is part of orocos-kdl CMake target
[1.654s] [31mCMake Error at CMakeLists.txt:139 (find_package):
[1.655s]   By not providing "Findcob_srvs.cmake" in CMAKE_MODULE_PATH this project has
[1.655s]   asked CMake to find a package configuration file provided by "cob_srvs",
[1.655s]   but CMake did not find one.
[1.655s] 
[1.655s]   Could not find a package configuration file provided by "cob_srvs" with any
[1.655s]   of the following names:
[1.655s] 
[1.655s]     cob_srvsConfig.cmake
[1.656s]     cob_srvs-config.cmake
[1.656s] 
[1.656s]   Add the installation prefix of "cob_srvs" to CMAKE_PREFIX_PATH or set
[1.656s]   "cob_srvs_DIR" to a directory containing one of the above files.  If
[1.656s]   "cob_srvs" provides a separate development package or SDK, be sure it has
[1.656s]   been installed.
[1.656s] 
[1.656s] [0m
[1.656s] -- Configuring incomplete, errors occurred!
[1.657s] See also "/home/wolfwagen/Undergrad_Minchan_Folder/ROOMBA_PROJECT_1/build/zed_components/CMakeFiles/CMakeOutput.log".
[1.657s] See also "/home/wolfwagen/Undergrad_Minchan_Folder/ROOMBA_PROJECT_1/build/zed_components/CMakeFiles/CMakeError.log".
[1.680s] gmake: *** [Makefile:577: cmake_check_build_system] Error 1
[1.686s] Invoked command in '/home/wolfwagen/Undergrad_Minchan_Folder/ROOMBA_PROJECT_1/build/zed_components' returned '2': CMAKE_PREFIX_PATH=/home/wolfwagen/Undergrad_Minchan_Folder/ROOMBA_PROJECT_1/install/first_roomba_pkg:/opt/ros/humble /usr/bin/cmake --build /home/wolfwagen/Undergrad_Minchan_Folder/ROOMBA_PROJECT_1/build/zed_components -- -j6 -l6
