[0.044s] Invoking command in '/home/wolfwagen/Undergrad_Minchan_Folder/ROOMBA_PROJECT_1/build/zed_components': CMAKE_PREFIX_PATH=${CMAKE_PREFIX_PATH}:/opt/ros/humble /usr/bin/cmake /home/wolfwagen/Undergrad_Minchan_Folder/ROOMBA_PROJECT_1/roomba_src/zed-ros2-wrapper/zed_components -DAMENT_CMAKE_SYMLINK_INSTALL=1 -DCMAKE_INSTALL_PREFIX=/home/wolfwagen/Undergrad_Minchan_Folder/ROOMBA_PROJECT_1/install/zed_components
[0.583s] -- Found CUDA: /usr/local/cuda-12.6 (found suitable version "12.6", minimum required is "12.6") 
[0.583s] -- Found CUDA: /usr/local/cuda-12.6 (found version "12.6") 
[0.583s] -- Found ament_cmake_auto: 1.3.14 (/opt/ros/humble/share/ament_cmake_auto/cmake)
[0.583s] -- Override CMake install command with custom implementation using symlinks instead of copying resources
[0.651s] -- Found rosidl_generator_c: 3.1.8 (/opt/ros/humble/share/rosidl_generator_c/cmake)
[0.655s] -- Found rosidl_adapter: 3.1.8 (/opt/ros/humble/share/rosidl_adapter/cmake)
[0.665s] -- Found rosidl_generator_cpp: 3.1.8 (/opt/ros/humble/share/rosidl_generator_cpp/cmake)
[0.681s] -- Using all available rosidl_typesupport_c: rosidl_typesupport_fastrtps_c;rosidl_typesupport_introspection_c
[0.702s] -- Using all available rosidl_typesupport_cpp: rosidl_typesupport_fastrtps_cpp;rosidl_typesupport_introspection_cpp
[0.880s] -- Found rmw_implementation_cmake: 6.1.2 (/opt/ros/humble/share/rmw_implementation_cmake/cmake)
[0.882s] -- Found rmw_fastrtps_cpp: 6.2.10 (/opt/ros/humble/share/rmw_fastrtps_cpp/cmake)
[1.066s] -- Using RMW implementation 'rmw_fastrtps_cpp' as default
[1.556s] -- Found eigen3_cmake_module: 0.1.1 (/opt/ros/humble/share/eigen3_cmake_module/cmake)
[1.559s] -- Ensuring Eigen3 include directory is part of orocos-kdl CMake target
[2.090s] -- Found ament_lint_auto: 0.12.15 (/opt/ros/humble/share/ament_lint_auto/cmake)
[2.201s] -- Added test 'copyright' to check source files copyright and LICENSE
[2.206s] -- Added test 'cppcheck' to perform static code analysis on C / C++ code
[2.208s] -- Configured cppcheck include dirs: /home/wolfwagen/Undergrad_Minchan_Folder/ROOMBA_PROJECT_1/roomba_src/zed-ros2-wrapper/zed_components/src/include;/home/wolfwagen/Undergrad_Minchan_Folder/ROOMBA_PROJECT_1/roomba_src/zed-ros2-wrapper/zed_components/src/zed_camera/include;/home/wolfwagen/Undergrad_Minchan_Folder/ROOMBA_PROJECT_1/roomba_src/zed-ros2-wrapper/zed_components/src/tools/include
[2.209s] -- Configured cppcheck exclude dirs and/or files: 
[2.223s] -- Added test 'lint_cmake' to check CMake code style
[2.228s] -- Added test 'uncrustify' to check C / C++ code style
[2.228s] -- Configured uncrustify additional arguments: 
[2.230s] -- Added test 'xmllint' to check XML markup files
[2.250s] -- Configuring done
[2.423s] -- Generating done
[2.466s] -- Build files have been written to: /home/wolfwagen/Undergrad_Minchan_Folder/ROOMBA_PROJECT_1/build/zed_components
[2.551s] Invoked command in '/home/wolfwagen/Undergrad_Minchan_Folder/ROOMBA_PROJECT_1/build/zed_components' returned '0': CMAKE_PREFIX_PATH=${CMAKE_PREFIX_PATH}:/opt/ros/humble /usr/bin/cmake /home/wolfwagen/Undergrad_Minchan_Folder/ROOMBA_PROJECT_1/roomba_src/zed-ros2-wrapper/zed_components -DAMENT_CMAKE_SYMLINK_INSTALL=1 -DCMAKE_INSTALL_PREFIX=/home/wolfwagen/Undergrad_Minchan_Folder/ROOMBA_PROJECT_1/install/zed_components
[2.552s] Invoking command in '/home/wolfwagen/Undergrad_Minchan_Folder/ROOMBA_PROJECT_1/build/zed_components': CMAKE_PREFIX_PATH=${CMAKE_PREFIX_PATH}:/opt/ros/humble /usr/bin/cmake --build /home/wolfwagen/Undergrad_Minchan_Folder/ROOMBA_PROJECT_1/build/zed_components -- -j6 -l6
[2.785s] [35m[1mConsolidate compiler generated dependencies of target zed_camera_component[0m
[2.797s] [35m[1mConsolidate compiler generated dependencies of target zed_camera_one_component[0m
[2.921s] [ 50%] Built target zed_camera_one_component
[2.923s] [100%] Built target zed_camera_component
[2.963s] Invoked command in '/home/wolfwagen/Undergrad_Minchan_Folder/ROOMBA_PROJECT_1/build/zed_components' returned '0': CMAKE_PREFIX_PATH=${CMAKE_PREFIX_PATH}:/opt/ros/humble /usr/bin/cmake --build /home/wolfwagen/Undergrad_Minchan_Folder/ROOMBA_PROJECT_1/build/zed_components -- -j6 -l6
[2.967s] Invoking command in '/home/wolfwagen/Undergrad_Minchan_Folder/ROOMBA_PROJECT_1/build/zed_components': CMAKE_PREFIX_PATH=${CMAKE_PREFIX_PATH}:/opt/ros/humble /usr/bin/cmake --install /home/wolfwagen/Undergrad_Minchan_Folder/ROOMBA_PROJECT_1/build/zed_components
[2.986s] -- Install configuration: "Release"
[2.987s] -- Execute custom install script
[2.988s] -- Up-to-date symlink: /home/wolfwagen/Undergrad_Minchan_Folder/ROOMBA_PROJECT_1/install/zed_components/lib/libzed_camera_component.so
[2.988s] -- Up-to-date symlink: /home/wolfwagen/Undergrad_Minchan_Folder/ROOMBA_PROJECT_1/install/zed_components/lib/libzed_camera_one_component.so
[2.989s] -- Up-to-date symlink: /home/wolfwagen/Undergrad_Minchan_Folder/ROOMBA_PROJECT_1/install/zed_components/include/zed_components//cost_traversability.hpp
[2.989s] -- Up-to-date symlink: /home/wolfwagen/Undergrad_Minchan_Folder/ROOMBA_PROJECT_1/install/zed_components/include/zed_components//sl_types.hpp
[2.989s] -- Up-to-date symlink: /home/wolfwagen/Undergrad_Minchan_Folder/ROOMBA_PROJECT_1/install/zed_components/include/zed_components//zed_camera_component.hpp
[2.989s] -- Up-to-date symlink: /home/wolfwagen/Undergrad_Minchan_Folder/ROOMBA_PROJECT_1/install/zed_components/include/zed_components//zed_camera_one_component.hpp
[2.990s] -- Up-to-date symlink: /home/wolfwagen/Undergrad_Minchan_Folder/ROOMBA_PROJECT_1/install/zed_components/include/zed_components//gnss_replay.hpp
[2.990s] -- Up-to-date symlink: /home/wolfwagen/Undergrad_Minchan_Folder/ROOMBA_PROJECT_1/install/zed_components/include/zed_components//json.hpp
[2.990s] -- Up-to-date symlink: /home/wolfwagen/Undergrad_Minchan_Folder/ROOMBA_PROJECT_1/install/zed_components/include/zed_components//sl_logging.hpp
[2.991s] -- Up-to-date symlink: /home/wolfwagen/Undergrad_Minchan_Folder/ROOMBA_PROJECT_1/install/zed_components/include/zed_components//sl_tools.hpp
[2.991s] -- Up-to-date symlink: /home/wolfwagen/Undergrad_Minchan_Folder/ROOMBA_PROJECT_1/install/zed_components/include/zed_components//sl_win_avg.hpp
[2.991s] -- Up-to-date symlink: /home/wolfwagen/Undergrad_Minchan_Folder/ROOMBA_PROJECT_1/install/zed_components/include/zed_components//visibility_control.hpp
[2.992s] -- Up-to-date symlink: /home/wolfwagen/Undergrad_Minchan_Folder/ROOMBA_PROJECT_1/install/zed_components/share/zed_components/environment/library_path.sh
[2.992s] -- Up-to-date symlink: /home/wolfwagen/Undergrad_Minchan_Folder/ROOMBA_PROJECT_1/install/zed_components/share/zed_components/environment/library_path.dsv
[2.992s] -- Up-to-date symlink: /home/wolfwagen/Undergrad_Minchan_Folder/ROOMBA_PROJECT_1/install/zed_components/share/ament_index/resource_index/package_run_dependencies/zed_components
[2.992s] -- Up-to-date symlink: /home/wolfwagen/Undergrad_Minchan_Folder/ROOMBA_PROJECT_1/install/zed_components/share/ament_index/resource_index/parent_prefix_path/zed_components
[2.993s] -- Up-to-date symlink: /home/wolfwagen/Undergrad_Minchan_Folder/ROOMBA_PROJECT_1/install/zed_components/share/zed_components/environment/ament_prefix_path.sh
[2.993s] -- Up-to-date symlink: /home/wolfwagen/Undergrad_Minchan_Folder/ROOMBA_PROJECT_1/install/zed_components/share/zed_components/environment/ament_prefix_path.dsv
[2.993s] -- Up-to-date symlink: /home/wolfwagen/Undergrad_Minchan_Folder/ROOMBA_PROJECT_1/install/zed_components/share/zed_components/environment/path.sh
[2.994s] -- Up-to-date symlink: /home/wolfwagen/Undergrad_Minchan_Folder/ROOMBA_PROJECT_1/install/zed_components/share/zed_components/environment/path.dsv
[2.994s] -- Up-to-date symlink: /home/wolfwagen/Undergrad_Minchan_Folder/ROOMBA_PROJECT_1/install/zed_components/share/zed_components/local_setup.bash
[2.994s] -- Up-to-date symlink: /home/wolfwagen/Undergrad_Minchan_Folder/ROOMBA_PROJECT_1/install/zed_components/share/zed_components/local_setup.sh
[2.994s] -- Up-to-date symlink: /home/wolfwagen/Undergrad_Minchan_Folder/ROOMBA_PROJECT_1/install/zed_components/share/zed_components/local_setup.zsh
[2.995s] -- Up-to-date symlink: /home/wolfwagen/Undergrad_Minchan_Folder/ROOMBA_PROJECT_1/install/zed_components/share/zed_components/local_setup.dsv
[2.995s] -- Symlinking: /home/wolfwagen/Undergrad_Minchan_Folder/ROOMBA_PROJECT_1/install/zed_components/share/zed_components/package.dsv
[3.026s] -- Up-to-date symlink: /home/wolfwagen/Undergrad_Minchan_Folder/ROOMBA_PROJECT_1/install/zed_components/share/ament_index/resource_index/packages/zed_components
[3.027s] -- Up-to-date symlink: /home/wolfwagen/Undergrad_Minchan_Folder/ROOMBA_PROJECT_1/install/zed_components/share/ament_index/resource_index/rclcpp_components/zed_components
[3.027s] -- Up-to-date symlink: /home/wolfwagen/Undergrad_Minchan_Folder/ROOMBA_PROJECT_1/install/zed_components/share/zed_components/cmake/ament_cmake_export_include_directories-extras.cmake
[3.027s] -- Up-to-date symlink: /home/wolfwagen/Undergrad_Minchan_Folder/ROOMBA_PROJECT_1/install/zed_components/share/zed_components/cmake/ament_cmake_export_libraries-extras.cmake
[3.027s] -- Up-to-date symlink: /home/wolfwagen/Undergrad_Minchan_Folder/ROOMBA_PROJECT_1/install/zed_components/share/zed_components/cmake/ament_cmake_export_dependencies-extras.cmake
[3.027s] -- Up-to-date symlink: /home/wolfwagen/Undergrad_Minchan_Folder/ROOMBA_PROJECT_1/install/zed_components/share/zed_components/cmake/zed_componentsConfig.cmake
[3.027s] -- Up-to-date symlink: /home/wolfwagen/Undergrad_Minchan_Folder/ROOMBA_PROJECT_1/install/zed_components/share/zed_components/cmake/zed_componentsConfig-version.cmake
[3.028s] -- Up-to-date symlink: /home/wolfwagen/Undergrad_Minchan_Folder/ROOMBA_PROJECT_1/install/zed_components/share/zed_components/package.xml
[3.045s] Invoked command in '/home/wolfwagen/Undergrad_Minchan_Folder/ROOMBA_PROJECT_1/build/zed_components' returned '0': CMAKE_PREFIX_PATH=${CMAKE_PREFIX_PATH}:/opt/ros/humble /usr/bin/cmake --install /home/wolfwagen/Undergrad_Minchan_Folder/ROOMBA_PROJECT_1/build/zed_components
