[0.027s] Invoking command in '/home/wolfwagen/Undergrad_Minchan_Folder/ROOMBA_PROJECT_1/build/zed_components': CMAKE_PREFIX_PATH=/home/wolfwagen/Undergrad_Minchan_Folder/ROOMBA_PROJECT_1/install/first_roomba_pkg:/opt/ros/humble /usr/bin/cmake /home/wolfwagen/Undergrad_Minchan_Folder/ROOMBA_PROJECT_1/roomba_src/zed-ros2-wrapper/zed_components -DCMAKE_BUILD_TYPE=Release -DAMENT_CMAKE_SYMLINK_INSTALL=1 -DCMAKE_INSTALL_PREFIX=/home/wolfwagen/Undergrad_Minchan_Folder/ROOMBA_PROJECT_1/install/zed_components
[0.068s] [31mCMake Error at CMakeLists.txt:85 (find_package):
[0.069s]   By not providing "FindZED.cmake" in CMAKE_MODULE_PATH this project has
[0.069s]   asked CMake to find a package configuration file provided by "ZED", but
[0.069s]   CMake did not find one.
[0.069s] 
[0.070s]   Could not find a package configuration file provided by "ZED" with any of
[0.070s]   the following names:
[0.070s] 
[0.070s]     ZEDConfig.cmake
[0.071s]     zed-config.cmake
[0.071s] 
[0.071s]   Add the installation prefix of "ZED" to CMAKE_PREFIX_PATH or set "ZED_DIR"
[0.071s]   to a directory containing one of the above files.  If "ZED" provides a
[0.071s]   separate development package or SDK, be sure it has been installed.
[0.072s] 
[0.072s] [0m
[0.072s] -- Configuring incomplete, errors occurred!
[0.072s] See also "/home/wolfwagen/Undergrad_Minchan_Folder/ROOMBA_PROJECT_1/build/zed_components/CMakeFiles/CMakeOutput.log".
[0.523s] Invoked command in '/home/wolfwagen/Undergrad_Minchan_Folder/ROOMBA_PROJECT_1/build/zed_components' returned '1': CMAKE_PREFIX_PATH=/home/wolfwagen/Undergrad_Minchan_Folder/ROOMBA_PROJECT_1/install/first_roomba_pkg:/opt/ros/humble /usr/bin/cmake /home/wolfwagen/Undergrad_Minchan_Folder/ROOMBA_PROJECT_1/roomba_src/zed-ros2-wrapper/zed_components -DCMAKE_BUILD_TYPE=Release -DAMENT_CMAKE_SYMLINK_INSTALL=1 -DCMAKE_INSTALL_PREFIX=/home/wolfwagen/Undergrad_Minchan_Folder/ROOMBA_PROJECT_1/install/zed_components
