[0.025s] Invoking command in '/home/wolfwagen/Undergrad_Minchan_Folder/ROOMBA_PROJECT_1/build/zed_components': CMAKE_PREFIX_PATH=/home/wolfwagen/Undergrad_Minchan_Folder/ROOMBA_PROJECT_1/install/first_roomba_pkg:/opt/ros/humble /usr/bin/cmake --build /home/wolfwagen/Undergrad_Minchan_Folder/ROOMBA_PROJECT_1/build/zed_components -- -j6 -l6
[0.114s] [35m[1mConsolidate compiler generated dependencies of target zed_camera_component[0m
[0.116s] [35m[1mConsolidate compiler generated dependencies of target zed_camera_one_component[0m
[0.175s] [ 50%] Built target zed_camera_one_component
[0.189s] [100%] Built target zed_camera_component
[0.525s] Invoked command in '/home/wolfwagen/Undergrad_Minchan_Folder/ROOMBA_PROJECT_1/build/zed_components' returned '0': CMAKE_PREFIX_PATH=/home/wolfwagen/Undergrad_Minchan_Folder/ROOMBA_PROJECT_1/install/first_roomba_pkg:/opt/ros/humble /usr/bin/cmake --build /home/wolfwagen/Undergrad_Minchan_Folder/ROOMBA_PROJECT_1/build/zed_components -- -j6 -l6
[0.549s] Invoking command in '/home/wolfwagen/Undergrad_Minchan_Folder/ROOMBA_PROJECT_1/build/zed_components': CMAKE_PREFIX_PATH=/home/wolfwagen/Undergrad_Minchan_Folder/ROOMBA_PROJECT_1/install/first_roomba_pkg:/opt/ros/humble /usr/bin/cmake --install /home/wolfwagen/Undergrad_Minchan_Folder/ROOMBA_PROJECT_1/build/zed_components
[0.565s] -- Install configuration: "Release"
[0.566s] -- Execute custom install script
[0.567s] -- Up-to-date symlink: /home/wolfwagen/Undergrad_Minchan_Folder/ROOMBA_PROJECT_1/install/zed_components/lib/libzed_camera_component.so
[0.567s] -- Up-to-date symlink: /home/wolfwagen/Undergrad_Minchan_Folder/ROOMBA_PROJECT_1/install/zed_components/lib/libzed_camera_one_component.so
[0.568s] -- Up-to-date symlink: /home/wolfwagen/Undergrad_Minchan_Folder/ROOMBA_PROJECT_1/install/zed_components/include/zed_components//cost_traversability.hpp
[0.568s] -- Up-to-date symlink: /home/wolfwagen/Undergrad_Minchan_Folder/ROOMBA_PROJECT_1/install/zed_components/include/zed_components//sl_types.hpp
[0.568s] -- Up-to-date symlink: /home/wolfwagen/Undergrad_Minchan_Folder/ROOMBA_PROJECT_1/install/zed_components/include/zed_components//zed_camera_component.hpp
[0.569s] -- Up-to-date symlink: /home/wolfwagen/Undergrad_Minchan_Folder/ROOMBA_PROJECT_1/install/zed_components/include/zed_components//zed_camera_one_component.hpp
[0.569s] -- Up-to-date symlink: /home/wolfwagen/Undergrad_Minchan_Folder/ROOMBA_PROJECT_1/install/zed_components/include/zed_components//gnss_replay.hpp
[0.569s] -- Up-to-date symlink: /home/wolfwagen/Undergrad_Minchan_Folder/ROOMBA_PROJECT_1/install/zed_components/include/zed_components//json.hpp
[0.569s] -- Up-to-date symlink: /home/wolfwagen/Undergrad_Minchan_Folder/ROOMBA_PROJECT_1/install/zed_components/include/zed_components//sl_logging.hpp
[0.570s] -- Up-to-date symlink: /home/wolfwagen/Undergrad_Minchan_Folder/ROOMBA_PROJECT_1/install/zed_components/include/zed_components//sl_tools.hpp
[0.570s] -- Up-to-date symlink: /home/wolfwagen/Undergrad_Minchan_Folder/ROOMBA_PROJECT_1/install/zed_components/include/zed_components//sl_win_avg.hpp
[0.570s] -- Up-to-date symlink: /home/wolfwagen/Undergrad_Minchan_Folder/ROOMBA_PROJECT_1/install/zed_components/include/zed_components//visibility_control.hpp
[0.571s] -- Up-to-date symlink: /home/wolfwagen/Undergrad_Minchan_Folder/ROOMBA_PROJECT_1/install/zed_components/share/zed_components/environment/library_path.sh
[0.571s] -- Up-to-date symlink: /home/wolfwagen/Undergrad_Minchan_Folder/ROOMBA_PROJECT_1/install/zed_components/share/zed_components/environment/library_path.dsv
[0.571s] -- Up-to-date symlink: /home/wolfwagen/Undergrad_Minchan_Folder/ROOMBA_PROJECT_1/install/zed_components/share/ament_index/resource_index/package_run_dependencies/zed_components
[0.572s] -- Up-to-date symlink: /home/wolfwagen/Undergrad_Minchan_Folder/ROOMBA_PROJECT_1/install/zed_components/share/ament_index/resource_index/parent_prefix_path/zed_components
[0.572s] -- Up-to-date symlink: /home/wolfwagen/Undergrad_Minchan_Folder/ROOMBA_PROJECT_1/install/zed_components/share/zed_components/environment/ament_prefix_path.sh
[0.572s] -- Up-to-date symlink: /home/wolfwagen/Undergrad_Minchan_Folder/ROOMBA_PROJECT_1/install/zed_components/share/zed_components/environment/ament_prefix_path.dsv
[0.573s] -- Up-to-date symlink: /home/wolfwagen/Undergrad_Minchan_Folder/ROOMBA_PROJECT_1/install/zed_components/share/zed_components/environment/path.sh
[0.573s] -- Up-to-date symlink: /home/wolfwagen/Undergrad_Minchan_Folder/ROOMBA_PROJECT_1/install/zed_components/share/zed_components/environment/path.dsv
[0.574s] -- Up-to-date symlink: /home/wolfwagen/Undergrad_Minchan_Folder/ROOMBA_PROJECT_1/install/zed_components/share/zed_components/local_setup.bash
[0.574s] -- Up-to-date symlink: /home/wolfwagen/Undergrad_Minchan_Folder/ROOMBA_PROJECT_1/install/zed_components/share/zed_components/local_setup.sh
[0.574s] -- Up-to-date symlink: /home/wolfwagen/Undergrad_Minchan_Folder/ROOMBA_PROJECT_1/install/zed_components/share/zed_components/local_setup.zsh
[0.574s] -- Up-to-date symlink: /home/wolfwagen/Undergrad_Minchan_Folder/ROOMBA_PROJECT_1/install/zed_components/share/zed_components/local_setup.dsv
[0.575s] -- Symlinking: /home/wolfwagen/Undergrad_Minchan_Folder/ROOMBA_PROJECT_1/install/zed_components/share/zed_components/package.dsv
[0.595s] -- Up-to-date symlink: /home/wolfwagen/Undergrad_Minchan_Folder/ROOMBA_PROJECT_1/install/zed_components/share/ament_index/resource_index/packages/zed_components
[0.595s] -- Up-to-date symlink: /home/wolfwagen/Undergrad_Minchan_Folder/ROOMBA_PROJECT_1/install/zed_components/share/ament_index/resource_index/rclcpp_components/zed_components
[0.596s] -- Up-to-date symlink: /home/wolfwagen/Undergrad_Minchan_Folder/ROOMBA_PROJECT_1/install/zed_components/share/zed_components/cmake/ament_cmake_export_include_directories-extras.cmake
[0.596s] -- Up-to-date symlink: /home/wolfwagen/Undergrad_Minchan_Folder/ROOMBA_PROJECT_1/install/zed_components/share/zed_components/cmake/ament_cmake_export_libraries-extras.cmake
[0.596s] -- Up-to-date symlink: /home/wolfwagen/Undergrad_Minchan_Folder/ROOMBA_PROJECT_1/install/zed_components/share/zed_components/cmake/ament_cmake_export_dependencies-extras.cmake
[0.596s] -- Up-to-date symlink: /home/wolfwagen/Undergrad_Minchan_Folder/ROOMBA_PROJECT_1/install/zed_components/share/zed_components/cmake/zed_componentsConfig.cmake
[0.596s] -- Up-to-date symlink: /home/wolfwagen/Undergrad_Minchan_Folder/ROOMBA_PROJECT_1/install/zed_components/share/zed_components/cmake/zed_componentsConfig-version.cmake
[0.597s] -- Up-to-date symlink: /home/wolfwagen/Undergrad_Minchan_Folder/ROOMBA_PROJECT_1/install/zed_components/share/zed_components/package.xml
[0.601s] Invoked command in '/home/wolfwagen/Undergrad_Minchan_Folder/ROOMBA_PROJECT_1/build/zed_components' returned '0': CMAKE_PREFIX_PATH=/home/wolfwagen/Undergrad_Minchan_Folder/ROOMBA_PROJECT_1/install/first_roomba_pkg:/opt/ros/humble /usr/bin/cmake --install /home/wolfwagen/Undergrad_Minchan_Folder/ROOMBA_PROJECT_1/build/zed_components
