[0.208s] DEBUG:colcon:Command line arguments: ['/usr/bin/colcon', 'build']
[0.208s] DEBUG:colcon:Parsed command line arguments: Namespace(log_base=None, log_level=None, verb_name='build', build_base='build', install_base='install', merge_install=False, symlink_install=False, test_result_base=None, continue_on_error=False, executor='parallel', parallel_workers=6, event_handlers=None, ignore_user_meta=False, metas=['./colcon.meta'], base_paths=['.'], packages_ignore=None, packages_ignore_regex=None, paths=None, packages_up_to=None, packages_up_to_regex=None, packages_above=None, packages_above_and_dependencies=None, packages_above_depth=None, packages_select_by_dep=None, packages_skip_by_dep=None, packages_skip_up_to=None, packages_select_build_failed=False, packages_skip_build_finished=False, packages_select_test_failures=False, packages_skip_test_passed=False, packages_select=None, packages_skip=None, packages_select_regex=None, packages_skip_regex=None, packages_start=None, packages_end=None, allow_overriding=[], cmake_args=None, cmake_target=None, cmake_target_skip_unavailable=False, cmake_clean_cache=False, cmake_clean_first=False, cmake_force_configure=False, ament_cmake_args=None, catkin_cmake_args=None, catkin_skip_building_tests=False, mixin_files=None, mixin=None, verb_parser=<colcon_mixin.mixin.mixin_argument.MixinArgumentDecorator object at 0xffff913f65f0>, verb_extension=<colcon_core.verb.build.BuildVerb object at 0xffff913f5c30>, main=<bound method BuildVerb.main of <colcon_core.verb.build.BuildVerb object at 0xffff913f5c30>>, mixin_verb=('build',))
[0.534s] Level 1:colcon.colcon_core.package_discovery:discover_packages(colcon_meta) check parameters
[0.535s] Level 1:colcon.colcon_core.package_discovery:discover_packages(recursive) check parameters
[0.535s] Level 1:colcon.colcon_core.package_discovery:discover_packages(ignore) check parameters
[0.535s] Level 1:colcon.colcon_core.package_discovery:discover_packages(path) check parameters
[0.535s] Level 1:colcon.colcon_core.package_discovery:discover_packages(colcon_meta) discover
[0.535s] Level 1:colcon.colcon_core.package_discovery:discover_packages(recursive) discover
[0.535s] INFO:colcon.colcon_core.package_discovery:Crawling recursively for packages in '/home/wolfwagen/Undergrad_Minchan_Folder/ROOMBA_PROJECT_1'
[0.535s] Level 1:colcon.colcon_core.package_identification:_identify(.) by extensions ['ignore', 'ignore_ament_install']
[0.536s] Level 1:colcon.colcon_core.package_identification:_identify(.) by extension 'ignore'
[0.536s] Level 1:colcon.colcon_core.package_identification:_identify(.) by extension 'ignore_ament_install'
[0.536s] Level 1:colcon.colcon_core.package_identification:_identify(.) by extensions ['colcon_pkg']
[0.536s] Level 1:colcon.colcon_core.package_identification:_identify(.) by extension 'colcon_pkg'
[0.536s] Level 1:colcon.colcon_core.package_identification:_identify(.) by extensions ['colcon_meta']
[0.536s] Level 1:colcon.colcon_core.package_identification:_identify(.) by extension 'colcon_meta'
[0.536s] Level 1:colcon.colcon_core.package_identification:_identify(.) by extensions ['ros']
[0.536s] Level 1:colcon.colcon_core.package_identification:_identify(.) by extension 'ros'
[0.556s] Level 1:colcon.colcon_core.package_identification:_identify(.) by extensions ['cmake', 'python']
[0.556s] Level 1:colcon.colcon_core.package_identification:_identify(.) by extension 'cmake'
[0.557s] Level 1:colcon.colcon_core.package_identification:_identify(.) by extension 'python'
[0.557s] Level 1:colcon.colcon_core.package_identification:_identify(.) by extensions ['python_setup_py']
[0.557s] Level 1:colcon.colcon_core.package_identification:_identify(.) by extension 'python_setup_py'
[0.557s] Level 1:colcon.colcon_core.package_identification:_identify(build) by extensions ['ignore', 'ignore_ament_install']
[0.557s] Level 1:colcon.colcon_core.package_identification:_identify(build) by extension 'ignore'
[0.557s] Level 1:colcon.colcon_core.package_identification:_identify(build) ignored
[0.558s] Level 1:colcon.colcon_core.package_identification:_identify(install) by extensions ['ignore', 'ignore_ament_install']
[0.558s] Level 1:colcon.colcon_core.package_identification:_identify(install) by extension 'ignore'
[0.558s] Level 1:colcon.colcon_core.package_identification:_identify(install) ignored
[0.558s] Level 1:colcon.colcon_core.package_identification:_identify(log) by extensions ['ignore', 'ignore_ament_install']
[0.558s] Level 1:colcon.colcon_core.package_identification:_identify(log) by extension 'ignore'
[0.558s] Level 1:colcon.colcon_core.package_identification:_identify(log) ignored
[0.559s] Level 1:colcon.colcon_core.package_identification:_identify(roomba_src) by extensions ['ignore', 'ignore_ament_install']
[0.559s] Level 1:colcon.colcon_core.package_identification:_identify(roomba_src) by extension 'ignore'
[0.559s] Level 1:colcon.colcon_core.package_identification:_identify(roomba_src) by extension 'ignore_ament_install'
[0.559s] Level 1:colcon.colcon_core.package_identification:_identify(roomba_src) by extensions ['colcon_pkg']
[0.559s] Level 1:colcon.colcon_core.package_identification:_identify(roomba_src) by extension 'colcon_pkg'
[0.559s] Level 1:colcon.colcon_core.package_identification:_identify(roomba_src) by extensions ['colcon_meta']
[0.559s] Level 1:colcon.colcon_core.package_identification:_identify(roomba_src) by extension 'colcon_meta'
[0.559s] Level 1:colcon.colcon_core.package_identification:_identify(roomba_src) by extensions ['ros']
[0.559s] Level 1:colcon.colcon_core.package_identification:_identify(roomba_src) by extension 'ros'
[0.560s] Level 1:colcon.colcon_core.package_identification:_identify(roomba_src) by extensions ['cmake', 'python']
[0.560s] Level 1:colcon.colcon_core.package_identification:_identify(roomba_src) by extension 'cmake'
[0.560s] Level 1:colcon.colcon_core.package_identification:_identify(roomba_src) by extension 'python'
[0.560s] Level 1:colcon.colcon_core.package_identification:_identify(roomba_src) by extensions ['python_setup_py']
[0.560s] Level 1:colcon.colcon_core.package_identification:_identify(roomba_src) by extension 'python_setup_py'
[0.560s] Level 1:colcon.colcon_core.package_identification:_identify(roomba_src/first_roomba_pkg) by extensions ['ignore', 'ignore_ament_install']
[0.560s] Level 1:colcon.colcon_core.package_identification:_identify(roomba_src/first_roomba_pkg) by extension 'ignore'
[0.560s] Level 1:colcon.colcon_core.package_identification:_identify(roomba_src/first_roomba_pkg) by extension 'ignore_ament_install'
[0.560s] Level 1:colcon.colcon_core.package_identification:_identify(roomba_src/first_roomba_pkg) by extensions ['colcon_pkg']
[0.561s] Level 1:colcon.colcon_core.package_identification:_identify(roomba_src/first_roomba_pkg) by extension 'colcon_pkg'
[0.561s] Level 1:colcon.colcon_core.package_identification:_identify(roomba_src/first_roomba_pkg) by extensions ['colcon_meta']
[0.561s] Level 1:colcon.colcon_core.package_identification:_identify(roomba_src/first_roomba_pkg) by extension 'colcon_meta'
[0.561s] Level 1:colcon.colcon_core.package_identification:_identify(roomba_src/first_roomba_pkg) by extensions ['ros']
[0.561s] Level 1:colcon.colcon_core.package_identification:_identify(roomba_src/first_roomba_pkg) by extension 'ros'
[0.565s] DEBUG:colcon.colcon_core.package_identification:Package 'roomba_src/first_roomba_pkg' with type 'ros.ament_python' and name 'first_roomba_pkg'
[0.566s] Level 1:colcon.colcon_core.package_identification:_identify(roomba_src/unilidar_sdk2) by extensions ['ignore', 'ignore_ament_install']
[0.566s] Level 1:colcon.colcon_core.package_identification:_identify(roomba_src/unilidar_sdk2) by extension 'ignore'
[0.566s] Level 1:colcon.colcon_core.package_identification:_identify(roomba_src/unilidar_sdk2) by extension 'ignore_ament_install'
[0.566s] Level 1:colcon.colcon_core.package_identification:_identify(roomba_src/unilidar_sdk2) by extensions ['colcon_pkg']
[0.566s] Level 1:colcon.colcon_core.package_identification:_identify(roomba_src/unilidar_sdk2) by extension 'colcon_pkg'
[0.566s] Level 1:colcon.colcon_core.package_identification:_identify(roomba_src/unilidar_sdk2) by extensions ['colcon_meta']
[0.566s] Level 1:colcon.colcon_core.package_identification:_identify(roomba_src/unilidar_sdk2) by extension 'colcon_meta'
[0.567s] Level 1:colcon.colcon_core.package_identification:_identify(roomba_src/unilidar_sdk2) by extensions ['ros']
[0.567s] Level 1:colcon.colcon_core.package_identification:_identify(roomba_src/unilidar_sdk2) by extension 'ros'
[0.567s] Level 1:colcon.colcon_core.package_identification:_identify(roomba_src/unilidar_sdk2) by extensions ['cmake', 'python']
[0.567s] Level 1:colcon.colcon_core.package_identification:_identify(roomba_src/unilidar_sdk2) by extension 'cmake'
[0.567s] Level 1:colcon.colcon_core.package_identification:_identify(roomba_src/unilidar_sdk2) by extension 'python'
[0.567s] Level 1:colcon.colcon_core.package_identification:_identify(roomba_src/unilidar_sdk2) by extensions ['python_setup_py']
[0.567s] Level 1:colcon.colcon_core.package_identification:_identify(roomba_src/unilidar_sdk2) by extension 'python_setup_py'
[0.567s] Level 1:colcon.colcon_core.package_identification:_identify(roomba_src/unilidar_sdk2/docs) by extensions ['ignore', 'ignore_ament_install']
[0.568s] Level 1:colcon.colcon_core.package_identification:_identify(roomba_src/unilidar_sdk2/docs) by extension 'ignore'
[0.568s] Level 1:colcon.colcon_core.package_identification:_identify(roomba_src/unilidar_sdk2/docs) by extension 'ignore_ament_install'
[0.568s] Level 1:colcon.colcon_core.package_identification:_identify(roomba_src/unilidar_sdk2/docs) by extensions ['colcon_pkg']
[0.568s] Level 1:colcon.colcon_core.package_identification:_identify(roomba_src/unilidar_sdk2/docs) by extension 'colcon_pkg'
[0.568s] Level 1:colcon.colcon_core.package_identification:_identify(roomba_src/unilidar_sdk2/docs) by extensions ['colcon_meta']
[0.568s] Level 1:colcon.colcon_core.package_identification:_identify(roomba_src/unilidar_sdk2/docs) by extension 'colcon_meta'
[0.568s] Level 1:colcon.colcon_core.package_identification:_identify(roomba_src/unilidar_sdk2/docs) by extensions ['ros']
[0.568s] Level 1:colcon.colcon_core.package_identification:_identify(roomba_src/unilidar_sdk2/docs) by extension 'ros'
[0.568s] Level 1:colcon.colcon_core.package_identification:_identify(roomba_src/unilidar_sdk2/docs) by extensions ['cmake', 'python']
[0.568s] Level 1:colcon.colcon_core.package_identification:_identify(roomba_src/unilidar_sdk2/docs) by extension 'cmake'
[0.568s] Level 1:colcon.colcon_core.package_identification:_identify(roomba_src/unilidar_sdk2/docs) by extension 'python'
[0.568s] Level 1:colcon.colcon_core.package_identification:_identify(roomba_src/unilidar_sdk2/docs) by extensions ['python_setup_py']
[0.569s] Level 1:colcon.colcon_core.package_identification:_identify(roomba_src/unilidar_sdk2/docs) by extension 'python_setup_py'
[0.569s] Level 1:colcon.colcon_core.package_identification:_identify(roomba_src/unilidar_sdk2/unitree_lidar_ros) by extensions ['ignore', 'ignore_ament_install']
[0.569s] Level 1:colcon.colcon_core.package_identification:_identify(roomba_src/unilidar_sdk2/unitree_lidar_ros) by extension 'ignore'
[0.569s] Level 1:colcon.colcon_core.package_identification:_identify(roomba_src/unilidar_sdk2/unitree_lidar_ros) ignored
[0.569s] Level 1:colcon.colcon_core.package_identification:_identify(roomba_src/unilidar_sdk2/unitree_lidar_ros2) by extensions ['ignore', 'ignore_ament_install']
[0.569s] Level 1:colcon.colcon_core.package_identification:_identify(roomba_src/unilidar_sdk2/unitree_lidar_ros2) by extension 'ignore'
[0.569s] Level 1:colcon.colcon_core.package_identification:_identify(roomba_src/unilidar_sdk2/unitree_lidar_ros2) by extension 'ignore_ament_install'
[0.570s] Level 1:colcon.colcon_core.package_identification:_identify(roomba_src/unilidar_sdk2/unitree_lidar_ros2) by extensions ['colcon_pkg']
[0.570s] Level 1:colcon.colcon_core.package_identification:_identify(roomba_src/unilidar_sdk2/unitree_lidar_ros2) by extension 'colcon_pkg'
[0.570s] Level 1:colcon.colcon_core.package_identification:_identify(roomba_src/unilidar_sdk2/unitree_lidar_ros2) by extensions ['colcon_meta']
[0.570s] Level 1:colcon.colcon_core.package_identification:_identify(roomba_src/unilidar_sdk2/unitree_lidar_ros2) by extension 'colcon_meta'
[0.570s] Level 1:colcon.colcon_core.package_identification:_identify(roomba_src/unilidar_sdk2/unitree_lidar_ros2) by extensions ['ros']
[0.570s] Level 1:colcon.colcon_core.package_identification:_identify(roomba_src/unilidar_sdk2/unitree_lidar_ros2) by extension 'ros'
[0.570s] Level 1:colcon.colcon_core.package_identification:_identify(roomba_src/unilidar_sdk2/unitree_lidar_ros2) by extensions ['cmake', 'python']
[0.570s] Level 1:colcon.colcon_core.package_identification:_identify(roomba_src/unilidar_sdk2/unitree_lidar_ros2) by extension 'cmake'
[0.570s] Level 1:colcon.colcon_core.package_identification:_identify(roomba_src/unilidar_sdk2/unitree_lidar_ros2) by extension 'python'
[0.570s] Level 1:colcon.colcon_core.package_identification:_identify(roomba_src/unilidar_sdk2/unitree_lidar_ros2) by extensions ['python_setup_py']
[0.570s] Level 1:colcon.colcon_core.package_identification:_identify(roomba_src/unilidar_sdk2/unitree_lidar_ros2) by extension 'python_setup_py'
[0.571s] Level 1:colcon.colcon_core.package_identification:_identify(roomba_src/unilidar_sdk2/unitree_lidar_ros2/src) by extensions ['ignore', 'ignore_ament_install']
[0.571s] Level 1:colcon.colcon_core.package_identification:_identify(roomba_src/unilidar_sdk2/unitree_lidar_ros2/src) by extension 'ignore'
[0.571s] Level 1:colcon.colcon_core.package_identification:_identify(roomba_src/unilidar_sdk2/unitree_lidar_ros2/src) by extension 'ignore_ament_install'
[0.571s] Level 1:colcon.colcon_core.package_identification:_identify(roomba_src/unilidar_sdk2/unitree_lidar_ros2/src) by extensions ['colcon_pkg']
[0.571s] Level 1:colcon.colcon_core.package_identification:_identify(roomba_src/unilidar_sdk2/unitree_lidar_ros2/src) by extension 'colcon_pkg'
[0.571s] Level 1:colcon.colcon_core.package_identification:_identify(roomba_src/unilidar_sdk2/unitree_lidar_ros2/src) by extensions ['colcon_meta']
[0.571s] Level 1:colcon.colcon_core.package_identification:_identify(roomba_src/unilidar_sdk2/unitree_lidar_ros2/src) by extension 'colcon_meta'
[0.571s] Level 1:colcon.colcon_core.package_identification:_identify(roomba_src/unilidar_sdk2/unitree_lidar_ros2/src) by extensions ['ros']
[0.571s] Level 1:colcon.colcon_core.package_identification:_identify(roomba_src/unilidar_sdk2/unitree_lidar_ros2/src) by extension 'ros'
[0.572s] Level 1:colcon.colcon_core.package_identification:_identify(roomba_src/unilidar_sdk2/unitree_lidar_ros2/src) by extensions ['cmake', 'python']
[0.572s] Level 1:colcon.colcon_core.package_identification:_identify(roomba_src/unilidar_sdk2/unitree_lidar_ros2/src) by extension 'cmake'
[0.572s] Level 1:colcon.colcon_core.package_identification:_identify(roomba_src/unilidar_sdk2/unitree_lidar_ros2/src) by extension 'python'
[0.572s] Level 1:colcon.colcon_core.package_identification:_identify(roomba_src/unilidar_sdk2/unitree_lidar_ros2/src) by extensions ['python_setup_py']
[0.572s] Level 1:colcon.colcon_core.package_identification:_identify(roomba_src/unilidar_sdk2/unitree_lidar_ros2/src) by extension 'python_setup_py'
[0.572s] Level 1:colcon.colcon_core.package_identification:_identify(roomba_src/unilidar_sdk2/unitree_lidar_ros2/src/unitree_lidar_ros2) by extensions ['ignore', 'ignore_ament_install']
[0.572s] Level 1:colcon.colcon_core.package_identification:_identify(roomba_src/unilidar_sdk2/unitree_lidar_ros2/src/unitree_lidar_ros2) by extension 'ignore'
[0.572s] Level 1:colcon.colcon_core.package_identification:_identify(roomba_src/unilidar_sdk2/unitree_lidar_ros2/src/unitree_lidar_ros2) by extension 'ignore_ament_install'
[0.572s] Level 1:colcon.colcon_core.package_identification:_identify(roomba_src/unilidar_sdk2/unitree_lidar_ros2/src/unitree_lidar_ros2) by extensions ['colcon_pkg']
[0.572s] Level 1:colcon.colcon_core.package_identification:_identify(roomba_src/unilidar_sdk2/unitree_lidar_ros2/src/unitree_lidar_ros2) by extension 'colcon_pkg'
[0.573s] Level 1:colcon.colcon_core.package_identification:_identify(roomba_src/unilidar_sdk2/unitree_lidar_ros2/src/unitree_lidar_ros2) by extensions ['colcon_meta']
[0.573s] Level 1:colcon.colcon_core.package_identification:_identify(roomba_src/unilidar_sdk2/unitree_lidar_ros2/src/unitree_lidar_ros2) by extension 'colcon_meta'
[0.573s] Level 1:colcon.colcon_core.package_identification:_identify(roomba_src/unilidar_sdk2/unitree_lidar_ros2/src/unitree_lidar_ros2) by extensions ['ros']
[0.573s] Level 1:colcon.colcon_core.package_identification:_identify(roomba_src/unilidar_sdk2/unitree_lidar_ros2/src/unitree_lidar_ros2) by extension 'ros'
[0.575s] DEBUG:colcon.colcon_core.package_identification:Package 'roomba_src/unilidar_sdk2/unitree_lidar_ros2/src/unitree_lidar_ros2' with type 'ros.ament_cmake' and name 'unitree_lidar_ros2'
[0.575s] Level 1:colcon.colcon_core.package_identification:_identify(roomba_src/unilidar_sdk2/unitree_lidar_sdk) by extensions ['ignore', 'ignore_ament_install']
[0.575s] Level 1:colcon.colcon_core.package_identification:_identify(roomba_src/unilidar_sdk2/unitree_lidar_sdk) by extension 'ignore'
[0.575s] Level 1:colcon.colcon_core.package_identification:_identify(roomba_src/unilidar_sdk2/unitree_lidar_sdk) by extension 'ignore_ament_install'
[0.575s] Level 1:colcon.colcon_core.package_identification:_identify(roomba_src/unilidar_sdk2/unitree_lidar_sdk) by extensions ['colcon_pkg']
[0.575s] Level 1:colcon.colcon_core.package_identification:_identify(roomba_src/unilidar_sdk2/unitree_lidar_sdk) by extension 'colcon_pkg'
[0.575s] Level 1:colcon.colcon_core.package_identification:_identify(roomba_src/unilidar_sdk2/unitree_lidar_sdk) by extensions ['colcon_meta']
[0.575s] Level 1:colcon.colcon_core.package_identification:_identify(roomba_src/unilidar_sdk2/unitree_lidar_sdk) by extension 'colcon_meta'
[0.575s] Level 1:colcon.colcon_core.package_identification:_identify(roomba_src/unilidar_sdk2/unitree_lidar_sdk) by extensions ['ros']
[0.576s] Level 1:colcon.colcon_core.package_identification:_identify(roomba_src/unilidar_sdk2/unitree_lidar_sdk) by extension 'ros'
[0.576s] Level 1:colcon.colcon_core.package_identification:_identify(roomba_src/unilidar_sdk2/unitree_lidar_sdk) by extensions ['cmake', 'python']
[0.576s] Level 1:colcon.colcon_core.package_identification:_identify(roomba_src/unilidar_sdk2/unitree_lidar_sdk) by extension 'cmake'
[0.578s] Level 1:colcon.colcon_core.package_identification:_identify(roomba_src/unilidar_sdk2/unitree_lidar_sdk) by extension 'python'
[0.578s] DEBUG:colcon.colcon_core.package_identification:Package 'roomba_src/unilidar_sdk2/unitree_lidar_sdk' with type 'cmake' and name 'unitree_lidar_sdk'
[0.578s] Level 1:colcon.colcon_core.package_identification:_identify(roomba_src/zed-ros2-wrapper) by extensions ['ignore', 'ignore_ament_install']
[0.579s] Level 1:colcon.colcon_core.package_identification:_identify(roomba_src/zed-ros2-wrapper) by extension 'ignore'
[0.579s] Level 1:colcon.colcon_core.package_identification:_identify(roomba_src/zed-ros2-wrapper) by extension 'ignore_ament_install'
[0.579s] Level 1:colcon.colcon_core.package_identification:_identify(roomba_src/zed-ros2-wrapper) by extensions ['colcon_pkg']
[0.579s] Level 1:colcon.colcon_core.package_identification:_identify(roomba_src/zed-ros2-wrapper) by extension 'colcon_pkg'
[0.579s] Level 1:colcon.colcon_core.package_identification:_identify(roomba_src/zed-ros2-wrapper) by extensions ['colcon_meta']
[0.579s] Level 1:colcon.colcon_core.package_identification:_identify(roomba_src/zed-ros2-wrapper) by extension 'colcon_meta'
[0.579s] Level 1:colcon.colcon_core.package_identification:_identify(roomba_src/zed-ros2-wrapper) by extensions ['ros']
[0.579s] Level 1:colcon.colcon_core.package_identification:_identify(roomba_src/zed-ros2-wrapper) by extension 'ros'
[0.579s] Level 1:colcon.colcon_core.package_identification:_identify(roomba_src/zed-ros2-wrapper) by extensions ['cmake', 'python']
[0.579s] Level 1:colcon.colcon_core.package_identification:_identify(roomba_src/zed-ros2-wrapper) by extension 'cmake'
[0.580s] Level 1:colcon.colcon_core.package_identification:_identify(roomba_src/zed-ros2-wrapper) by extension 'python'
[0.580s] Level 1:colcon.colcon_core.package_identification:_identify(roomba_src/zed-ros2-wrapper) by extensions ['python_setup_py']
[0.580s] Level 1:colcon.colcon_core.package_identification:_identify(roomba_src/zed-ros2-wrapper) by extension 'python_setup_py'
[0.580s] Level 1:colcon.colcon_core.package_identification:_identify(roomba_src/zed-ros2-wrapper/docker) by extensions ['ignore', 'ignore_ament_install']
[0.580s] Level 1:colcon.colcon_core.package_identification:_identify(roomba_src/zed-ros2-wrapper/docker) by extension 'ignore'
[0.580s] Level 1:colcon.colcon_core.package_identification:_identify(roomba_src/zed-ros2-wrapper/docker) by extension 'ignore_ament_install'
[0.580s] Level 1:colcon.colcon_core.package_identification:_identify(roomba_src/zed-ros2-wrapper/docker) by extensions ['colcon_pkg']
[0.580s] Level 1:colcon.colcon_core.package_identification:_identify(roomba_src/zed-ros2-wrapper/docker) by extension 'colcon_pkg'
[0.580s] Level 1:colcon.colcon_core.package_identification:_identify(roomba_src/zed-ros2-wrapper/docker) by extensions ['colcon_meta']
[0.580s] Level 1:colcon.colcon_core.package_identification:_identify(roomba_src/zed-ros2-wrapper/docker) by extension 'colcon_meta'
[0.581s] Level 1:colcon.colcon_core.package_identification:_identify(roomba_src/zed-ros2-wrapper/docker) by extensions ['ros']
[0.581s] Level 1:colcon.colcon_core.package_identification:_identify(roomba_src/zed-ros2-wrapper/docker) by extension 'ros'
[0.581s] Level 1:colcon.colcon_core.package_identification:_identify(roomba_src/zed-ros2-wrapper/docker) by extensions ['cmake', 'python']
[0.581s] Level 1:colcon.colcon_core.package_identification:_identify(roomba_src/zed-ros2-wrapper/docker) by extension 'cmake'
[0.581s] Level 1:colcon.colcon_core.package_identification:_identify(roomba_src/zed-ros2-wrapper/docker) by extension 'python'
[0.581s] Level 1:colcon.colcon_core.package_identification:_identify(roomba_src/zed-ros2-wrapper/docker) by extensions ['python_setup_py']
[0.581s] Level 1:colcon.colcon_core.package_identification:_identify(roomba_src/zed-ros2-wrapper/docker) by extension 'python_setup_py'
[0.581s] Level 1:colcon.colcon_core.package_identification:_identify(roomba_src/zed-ros2-wrapper/images) by extensions ['ignore', 'ignore_ament_install']
[0.582s] Level 1:colcon.colcon_core.package_identification:_identify(roomba_src/zed-ros2-wrapper/images) by extension 'ignore'
[0.582s] Level 1:colcon.colcon_core.package_identification:_identify(roomba_src/zed-ros2-wrapper/images) by extension 'ignore_ament_install'
[0.582s] Level 1:colcon.colcon_core.package_identification:_identify(roomba_src/zed-ros2-wrapper/images) by extensions ['colcon_pkg']
[0.582s] Level 1:colcon.colcon_core.package_identification:_identify(roomba_src/zed-ros2-wrapper/images) by extension 'colcon_pkg'
[0.582s] Level 1:colcon.colcon_core.package_identification:_identify(roomba_src/zed-ros2-wrapper/images) by extensions ['colcon_meta']
[0.582s] Level 1:colcon.colcon_core.package_identification:_identify(roomba_src/zed-ros2-wrapper/images) by extension 'colcon_meta'
[0.582s] Level 1:colcon.colcon_core.package_identification:_identify(roomba_src/zed-ros2-wrapper/images) by extensions ['ros']
[0.582s] Level 1:colcon.colcon_core.package_identification:_identify(roomba_src/zed-ros2-wrapper/images) by extension 'ros'
[0.582s] Level 1:colcon.colcon_core.package_identification:_identify(roomba_src/zed-ros2-wrapper/images) by extensions ['cmake', 'python']
[0.582s] Level 1:colcon.colcon_core.package_identification:_identify(roomba_src/zed-ros2-wrapper/images) by extension 'cmake'
[0.582s] Level 1:colcon.colcon_core.package_identification:_identify(roomba_src/zed-ros2-wrapper/images) by extension 'python'
[0.583s] Level 1:colcon.colcon_core.package_identification:_identify(roomba_src/zed-ros2-wrapper/images) by extensions ['python_setup_py']
[0.583s] Level 1:colcon.colcon_core.package_identification:_identify(roomba_src/zed-ros2-wrapper/images) by extension 'python_setup_py'
[0.583s] Level 1:colcon.colcon_core.package_identification:_identify(roomba_src/zed-ros2-wrapper/zed_components) by extensions ['ignore', 'ignore_ament_install']
[0.583s] Level 1:colcon.colcon_core.package_identification:_identify(roomba_src/zed-ros2-wrapper/zed_components) by extension 'ignore'
[0.583s] Level 1:colcon.colcon_core.package_identification:_identify(roomba_src/zed-ros2-wrapper/zed_components) by extension 'ignore_ament_install'
[0.583s] Level 1:colcon.colcon_core.package_identification:_identify(roomba_src/zed-ros2-wrapper/zed_components) by extensions ['colcon_pkg']
[0.583s] Level 1:colcon.colcon_core.package_identification:_identify(roomba_src/zed-ros2-wrapper/zed_components) by extension 'colcon_pkg'
[0.583s] Level 1:colcon.colcon_core.package_identification:_identify(roomba_src/zed-ros2-wrapper/zed_components) by extensions ['colcon_meta']
[0.583s] Level 1:colcon.colcon_core.package_identification:_identify(roomba_src/zed-ros2-wrapper/zed_components) by extension 'colcon_meta'
[0.584s] Level 1:colcon.colcon_core.package_identification:_identify(roomba_src/zed-ros2-wrapper/zed_components) by extensions ['ros']
[0.584s] Level 1:colcon.colcon_core.package_identification:_identify(roomba_src/zed-ros2-wrapper/zed_components) by extension 'ros'
[0.586s] DEBUG:colcon.colcon_core.package_identification:Package 'roomba_src/zed-ros2-wrapper/zed_components' with type 'ros.ament_cmake' and name 'zed_components'
[0.586s] Level 1:colcon.colcon_core.package_identification:_identify(roomba_src/zed-ros2-wrapper/zed_ros2) by extensions ['ignore', 'ignore_ament_install']
[0.586s] Level 1:colcon.colcon_core.package_identification:_identify(roomba_src/zed-ros2-wrapper/zed_ros2) by extension 'ignore'
[0.586s] Level 1:colcon.colcon_core.package_identification:_identify(roomba_src/zed-ros2-wrapper/zed_ros2) by extension 'ignore_ament_install'
[0.586s] Level 1:colcon.colcon_core.package_identification:_identify(roomba_src/zed-ros2-wrapper/zed_ros2) by extensions ['colcon_pkg']
[0.586s] Level 1:colcon.colcon_core.package_identification:_identify(roomba_src/zed-ros2-wrapper/zed_ros2) by extension 'colcon_pkg'
[0.586s] Level 1:colcon.colcon_core.package_identification:_identify(roomba_src/zed-ros2-wrapper/zed_ros2) by extensions ['colcon_meta']
[0.587s] Level 1:colcon.colcon_core.package_identification:_identify(roomba_src/zed-ros2-wrapper/zed_ros2) by extension 'colcon_meta'
[0.587s] Level 1:colcon.colcon_core.package_identification:_identify(roomba_src/zed-ros2-wrapper/zed_ros2) by extensions ['ros']
[0.587s] Level 1:colcon.colcon_core.package_identification:_identify(roomba_src/zed-ros2-wrapper/zed_ros2) by extension 'ros'
[0.588s] DEBUG:colcon.colcon_core.package_identification:Package 'roomba_src/zed-ros2-wrapper/zed_ros2' with type 'ros.ament_cmake' and name 'zed_ros2'
[0.588s] Level 1:colcon.colcon_core.package_identification:_identify(roomba_src/zed-ros2-wrapper/zed_wrapper) by extensions ['ignore', 'ignore_ament_install']
[0.588s] Level 1:colcon.colcon_core.package_identification:_identify(roomba_src/zed-ros2-wrapper/zed_wrapper) by extension 'ignore'
[0.588s] Level 1:colcon.colcon_core.package_identification:_identify(roomba_src/zed-ros2-wrapper/zed_wrapper) by extension 'ignore_ament_install'
[0.588s] Level 1:colcon.colcon_core.package_identification:_identify(roomba_src/zed-ros2-wrapper/zed_wrapper) by extensions ['colcon_pkg']
[0.588s] Level 1:colcon.colcon_core.package_identification:_identify(roomba_src/zed-ros2-wrapper/zed_wrapper) by extension 'colcon_pkg'
[0.589s] Level 1:colcon.colcon_core.package_identification:_identify(roomba_src/zed-ros2-wrapper/zed_wrapper) by extensions ['colcon_meta']
[0.589s] Level 1:colcon.colcon_core.package_identification:_identify(roomba_src/zed-ros2-wrapper/zed_wrapper) by extension 'colcon_meta'
[0.589s] Level 1:colcon.colcon_core.package_identification:_identify(roomba_src/zed-ros2-wrapper/zed_wrapper) by extensions ['ros']
[0.589s] Level 1:colcon.colcon_core.package_identification:_identify(roomba_src/zed-ros2-wrapper/zed_wrapper) by extension 'ros'
[0.593s] DEBUG:colcon.colcon_core.package_identification:Package 'roomba_src/zed-ros2-wrapper/zed_wrapper' with type 'ros.ament_cmake' and name 'zed_wrapper'
[0.593s] Level 1:colcon.colcon_core.package_discovery:discover_packages(recursive) using defaults
[0.593s] Level 1:colcon.colcon_core.package_discovery:discover_packages(ignore) discover
[0.593s] Level 1:colcon.colcon_core.package_discovery:discover_packages(ignore) using defaults
[0.593s] Level 1:colcon.colcon_core.package_discovery:discover_packages(path) discover
[0.593s] Level 1:colcon.colcon_core.package_discovery:discover_packages(path) using defaults
[0.660s] Level 1:colcon.colcon_core.package_discovery:discover_packages(prefix_path) check parameters
[0.660s] Level 1:colcon.colcon_core.package_discovery:discover_packages(prefix_path) discover
[0.664s] DEBUG:colcon.colcon_installed_package_information.package_discovery:Found 7 installed packages in /home/wolfwagen/Undergrad_Minchan_Folder/ROOMBA_PROJECT_1/install
[0.667s] DEBUG:colcon.colcon_installed_package_information.package_discovery:Found 383 installed packages in /opt/ros/humble
[0.670s] Level 1:colcon.colcon_core.package_discovery:discover_packages(prefix_path) using defaults
[0.757s] Level 5:colcon.colcon_core.verb:set package 'first_roomba_pkg' build argument 'cmake_args' from command line to 'None'
[0.757s] Level 5:colcon.colcon_core.verb:set package 'first_roomba_pkg' build argument 'cmake_target' from command line to 'None'
[0.757s] Level 5:colcon.colcon_core.verb:set package 'first_roomba_pkg' build argument 'cmake_target_skip_unavailable' from command line to 'False'
[0.757s] Level 5:colcon.colcon_core.verb:set package 'first_roomba_pkg' build argument 'cmake_clean_cache' from command line to 'False'
[0.757s] Level 5:colcon.colcon_core.verb:set package 'first_roomba_pkg' build argument 'cmake_clean_first' from command line to 'False'
[0.757s] Level 5:colcon.colcon_core.verb:set package 'first_roomba_pkg' build argument 'cmake_force_configure' from command line to 'False'
[0.758s] Level 5:colcon.colcon_core.verb:set package 'first_roomba_pkg' build argument 'ament_cmake_args' from command line to 'None'
[0.758s] Level 5:colcon.colcon_core.verb:set package 'first_roomba_pkg' build argument 'catkin_cmake_args' from command line to 'None'
[0.758s] Level 5:colcon.colcon_core.verb:set package 'first_roomba_pkg' build argument 'catkin_skip_building_tests' from command line to 'False'
[0.758s] DEBUG:colcon.colcon_core.verb:Building package 'first_roomba_pkg' with the following arguments: {'ament_cmake_args': None, 'build_base': '/home/wolfwagen/Undergrad_Minchan_Folder/ROOMBA_PROJECT_1/build/first_roomba_pkg', 'catkin_cmake_args': None, 'catkin_skip_building_tests': False, 'cmake_args': None, 'cmake_clean_cache': False, 'cmake_clean_first': False, 'cmake_force_configure': False, 'cmake_target': None, 'cmake_target_skip_unavailable': False, 'install_base': '/home/wolfwagen/Undergrad_Minchan_Folder/ROOMBA_PROJECT_1/install/first_roomba_pkg', 'merge_install': False, 'path': '/home/wolfwagen/Undergrad_Minchan_Folder/ROOMBA_PROJECT_1/roomba_src/first_roomba_pkg', 'symlink_install': False, 'test_result_base': None}
[0.758s] Level 5:colcon.colcon_core.verb:set package 'unitree_lidar_ros2' build argument 'cmake_args' from command line to 'None'
[0.758s] Level 5:colcon.colcon_core.verb:set package 'unitree_lidar_ros2' build argument 'cmake_target' from command line to 'None'
[0.758s] Level 5:colcon.colcon_core.verb:set package 'unitree_lidar_ros2' build argument 'cmake_target_skip_unavailable' from command line to 'False'
[0.758s] Level 5:colcon.colcon_core.verb:set package 'unitree_lidar_ros2' build argument 'cmake_clean_cache' from command line to 'False'
[0.759s] Level 5:colcon.colcon_core.verb:set package 'unitree_lidar_ros2' build argument 'cmake_clean_first' from command line to 'False'
[0.759s] Level 5:colcon.colcon_core.verb:set package 'unitree_lidar_ros2' build argument 'cmake_force_configure' from command line to 'False'
[0.759s] Level 5:colcon.colcon_core.verb:set package 'unitree_lidar_ros2' build argument 'ament_cmake_args' from command line to 'None'
[0.759s] Level 5:colcon.colcon_core.verb:set package 'unitree_lidar_ros2' build argument 'catkin_cmake_args' from command line to 'None'
[0.759s] Level 5:colcon.colcon_core.verb:set package 'unitree_lidar_ros2' build argument 'catkin_skip_building_tests' from command line to 'False'
[0.759s] DEBUG:colcon.colcon_core.verb:Building package 'unitree_lidar_ros2' with the following arguments: {'ament_cmake_args': None, 'build_base': '/home/wolfwagen/Undergrad_Minchan_Folder/ROOMBA_PROJECT_1/build/unitree_lidar_ros2', 'catkin_cmake_args': None, 'catkin_skip_building_tests': False, 'cmake_args': None, 'cmake_clean_cache': False, 'cmake_clean_first': False, 'cmake_force_configure': False, 'cmake_target': None, 'cmake_target_skip_unavailable': False, 'install_base': '/home/wolfwagen/Undergrad_Minchan_Folder/ROOMBA_PROJECT_1/install/unitree_lidar_ros2', 'merge_install': False, 'path': '/home/wolfwagen/Undergrad_Minchan_Folder/ROOMBA_PROJECT_1/roomba_src/unilidar_sdk2/unitree_lidar_ros2/src/unitree_lidar_ros2', 'symlink_install': False, 'test_result_base': None}
[0.759s] Level 5:colcon.colcon_core.verb:set package 'unitree_lidar_sdk' build argument 'cmake_args' from command line to 'None'
[0.759s] Level 5:colcon.colcon_core.verb:set package 'unitree_lidar_sdk' build argument 'cmake_target' from command line to 'None'
[0.760s] Level 5:colcon.colcon_core.verb:set package 'unitree_lidar_sdk' build argument 'cmake_target_skip_unavailable' from command line to 'False'
[0.760s] Level 5:colcon.colcon_core.verb:set package 'unitree_lidar_sdk' build argument 'cmake_clean_cache' from command line to 'False'
[0.760s] Level 5:colcon.colcon_core.verb:set package 'unitree_lidar_sdk' build argument 'cmake_clean_first' from command line to 'False'
[0.760s] Level 5:colcon.colcon_core.verb:set package 'unitree_lidar_sdk' build argument 'cmake_force_configure' from command line to 'False'
[0.760s] Level 5:colcon.colcon_core.verb:set package 'unitree_lidar_sdk' build argument 'ament_cmake_args' from command line to 'None'
[0.760s] Level 5:colcon.colcon_core.verb:set package 'unitree_lidar_sdk' build argument 'catkin_cmake_args' from command line to 'None'
[0.760s] Level 5:colcon.colcon_core.verb:set package 'unitree_lidar_sdk' build argument 'catkin_skip_building_tests' from command line to 'False'
[0.760s] DEBUG:colcon.colcon_core.verb:Building package 'unitree_lidar_sdk' with the following arguments: {'ament_cmake_args': None, 'build_base': '/home/wolfwagen/Undergrad_Minchan_Folder/ROOMBA_PROJECT_1/build/unitree_lidar_sdk', 'catkin_cmake_args': None, 'catkin_skip_building_tests': False, 'cmake_args': None, 'cmake_clean_cache': False, 'cmake_clean_first': False, 'cmake_force_configure': False, 'cmake_target': None, 'cmake_target_skip_unavailable': False, 'install_base': '/home/wolfwagen/Undergrad_Minchan_Folder/ROOMBA_PROJECT_1/install/unitree_lidar_sdk', 'merge_install': False, 'path': '/home/wolfwagen/Undergrad_Minchan_Folder/ROOMBA_PROJECT_1/roomba_src/unilidar_sdk2/unitree_lidar_sdk', 'symlink_install': False, 'test_result_base': None}
[0.760s] Level 5:colcon.colcon_core.verb:set package 'zed_components' build argument 'cmake_args' from command line to 'None'
[0.760s] Level 5:colcon.colcon_core.verb:set package 'zed_components' build argument 'cmake_target' from command line to 'None'
[0.760s] Level 5:colcon.colcon_core.verb:set package 'zed_components' build argument 'cmake_target_skip_unavailable' from command line to 'False'
[0.761s] Level 5:colcon.colcon_core.verb:set package 'zed_components' build argument 'cmake_clean_cache' from command line to 'False'
[0.761s] Level 5:colcon.colcon_core.verb:set package 'zed_components' build argument 'cmake_clean_first' from command line to 'False'
[0.761s] Level 5:colcon.colcon_core.verb:set package 'zed_components' build argument 'cmake_force_configure' from command line to 'False'
[0.761s] Level 5:colcon.colcon_core.verb:set package 'zed_components' build argument 'ament_cmake_args' from command line to 'None'
[0.761s] Level 5:colcon.colcon_core.verb:set package 'zed_components' build argument 'catkin_cmake_args' from command line to 'None'
[0.761s] Level 5:colcon.colcon_core.verb:set package 'zed_components' build argument 'catkin_skip_building_tests' from command line to 'False'
[0.761s] DEBUG:colcon.colcon_core.verb:Building package 'zed_components' with the following arguments: {'ament_cmake_args': None, 'build_base': '/home/wolfwagen/Undergrad_Minchan_Folder/ROOMBA_PROJECT_1/build/zed_components', 'catkin_cmake_args': None, 'catkin_skip_building_tests': False, 'cmake_args': None, 'cmake_clean_cache': False, 'cmake_clean_first': False, 'cmake_force_configure': False, 'cmake_target': None, 'cmake_target_skip_unavailable': False, 'install_base': '/home/wolfwagen/Undergrad_Minchan_Folder/ROOMBA_PROJECT_1/install/zed_components', 'merge_install': False, 'path': '/home/wolfwagen/Undergrad_Minchan_Folder/ROOMBA_PROJECT_1/roomba_src/zed-ros2-wrapper/zed_components', 'symlink_install': False, 'test_result_base': None}
[0.761s] Level 5:colcon.colcon_core.verb:set package 'zed_wrapper' build argument 'cmake_args' from command line to 'None'
[0.761s] Level 5:colcon.colcon_core.verb:set package 'zed_wrapper' build argument 'cmake_target' from command line to 'None'
[0.762s] Level 5:colcon.colcon_core.verb:set package 'zed_wrapper' build argument 'cmake_target_skip_unavailable' from command line to 'False'
[0.762s] Level 5:colcon.colcon_core.verb:set package 'zed_wrapper' build argument 'cmake_clean_cache' from command line to 'False'
[0.762s] Level 5:colcon.colcon_core.verb:set package 'zed_wrapper' build argument 'cmake_clean_first' from command line to 'False'
[0.762s] Level 5:colcon.colcon_core.verb:set package 'zed_wrapper' build argument 'cmake_force_configure' from command line to 'False'
[0.762s] Level 5:colcon.colcon_core.verb:set package 'zed_wrapper' build argument 'ament_cmake_args' from command line to 'None'
[0.762s] Level 5:colcon.colcon_core.verb:set package 'zed_wrapper' build argument 'catkin_cmake_args' from command line to 'None'
[0.762s] Level 5:colcon.colcon_core.verb:set package 'zed_wrapper' build argument 'catkin_skip_building_tests' from command line to 'False'
[0.762s] DEBUG:colcon.colcon_core.verb:Building package 'zed_wrapper' with the following arguments: {'ament_cmake_args': None, 'build_base': '/home/wolfwagen/Undergrad_Minchan_Folder/ROOMBA_PROJECT_1/build/zed_wrapper', 'catkin_cmake_args': None, 'catkin_skip_building_tests': False, 'cmake_args': None, 'cmake_clean_cache': False, 'cmake_clean_first': False, 'cmake_force_configure': False, 'cmake_target': None, 'cmake_target_skip_unavailable': False, 'install_base': '/home/wolfwagen/Undergrad_Minchan_Folder/ROOMBA_PROJECT_1/install/zed_wrapper', 'merge_install': False, 'path': '/home/wolfwagen/Undergrad_Minchan_Folder/ROOMBA_PROJECT_1/roomba_src/zed-ros2-wrapper/zed_wrapper', 'symlink_install': False, 'test_result_base': None}
[0.762s] Level 5:colcon.colcon_core.verb:set package 'zed_ros2' build argument 'cmake_args' from command line to 'None'
[0.762s] Level 5:colcon.colcon_core.verb:set package 'zed_ros2' build argument 'cmake_target' from command line to 'None'
[0.763s] Level 5:colcon.colcon_core.verb:set package 'zed_ros2' build argument 'cmake_target_skip_unavailable' from command line to 'False'
[0.763s] Level 5:colcon.colcon_core.verb:set package 'zed_ros2' build argument 'cmake_clean_cache' from command line to 'False'
[0.763s] Level 5:colcon.colcon_core.verb:set package 'zed_ros2' build argument 'cmake_clean_first' from command line to 'False'
[0.763s] Level 5:colcon.colcon_core.verb:set package 'zed_ros2' build argument 'cmake_force_configure' from command line to 'False'
[0.763s] Level 5:colcon.colcon_core.verb:set package 'zed_ros2' build argument 'ament_cmake_args' from command line to 'None'
[0.763s] Level 5:colcon.colcon_core.verb:set package 'zed_ros2' build argument 'catkin_cmake_args' from command line to 'None'
[0.763s] Level 5:colcon.colcon_core.verb:set package 'zed_ros2' build argument 'catkin_skip_building_tests' from command line to 'False'
[0.763s] DEBUG:colcon.colcon_core.verb:Building package 'zed_ros2' with the following arguments: {'ament_cmake_args': None, 'build_base': '/home/wolfwagen/Undergrad_Minchan_Folder/ROOMBA_PROJECT_1/build/zed_ros2', 'catkin_cmake_args': None, 'catkin_skip_building_tests': False, 'cmake_args': None, 'cmake_clean_cache': False, 'cmake_clean_first': False, 'cmake_force_configure': False, 'cmake_target': None, 'cmake_target_skip_unavailable': False, 'install_base': '/home/wolfwagen/Undergrad_Minchan_Folder/ROOMBA_PROJECT_1/install/zed_ros2', 'merge_install': False, 'path': '/home/wolfwagen/Undergrad_Minchan_Folder/ROOMBA_PROJECT_1/roomba_src/zed-ros2-wrapper/zed_ros2', 'symlink_install': False, 'test_result_base': None}
[0.763s] INFO:colcon.colcon_core.executor:Executing jobs using 'parallel' executor
[0.765s] DEBUG:colcon.colcon_parallel_executor.executor.parallel:run_until_complete
[0.766s] INFO:colcon.colcon_ros.task.ament_cmake.build:Building ROS package in '/home/wolfwagen/Undergrad_Minchan_Folder/ROOMBA_PROJECT_1/roomba_src/zed-ros2-wrapper/zed_components' with build type 'ament_cmake'
[0.767s] INFO:colcon.colcon_cmake.task.cmake.build:Building CMake package in '/home/wolfwagen/Undergrad_Minchan_Folder/ROOMBA_PROJECT_1/roomba_src/zed-ros2-wrapper/zed_components'
[0.771s] INFO:colcon.colcon_core.plugin_system:Skipping extension 'colcon_core.shell.bat': Not used on non-Windows systems
[0.771s] INFO:colcon.colcon_core.shell:Skip shell extension 'powershell' for command environment: Not usable outside of PowerShell
[0.772s] DEBUG:colcon.colcon_core.shell:Skip shell extension 'dsv' for command environment
[0.780s] INFO:colcon.colcon_ros.task.ament_python.build:Building ROS package in '/home/wolfwagen/Undergrad_Minchan_Folder/ROOMBA_PROJECT_1/roomba_src/first_roomba_pkg' with build type 'ament_python'
[0.780s] Level 1:colcon.colcon_core.shell:create_environment_hook('first_roomba_pkg', 'ament_prefix_path')
[0.781s] INFO:colcon.colcon_core.shell:Creating environment hook '/home/wolfwagen/Undergrad_Minchan_Folder/ROOMBA_PROJECT_1/install/first_roomba_pkg/share/first_roomba_pkg/hook/ament_prefix_path.ps1'
[0.782s] INFO:colcon.colcon_core.shell:Creating environment descriptor '/home/wolfwagen/Undergrad_Minchan_Folder/ROOMBA_PROJECT_1/install/first_roomba_pkg/share/first_roomba_pkg/hook/ament_prefix_path.dsv'
[0.783s] INFO:colcon.colcon_core.shell:Creating environment hook '/home/wolfwagen/Undergrad_Minchan_Folder/ROOMBA_PROJECT_1/install/first_roomba_pkg/share/first_roomba_pkg/hook/ament_prefix_path.sh'
[0.784s] INFO:colcon.colcon_core.shell:Skip shell extension 'powershell' for command environment: Not usable outside of PowerShell
[0.784s] DEBUG:colcon.colcon_core.shell:Skip shell extension 'dsv' for command environment
[0.791s] INFO:colcon.colcon_ros.task.ament_cmake.build:Building ROS package in '/home/wolfwagen/Undergrad_Minchan_Folder/ROOMBA_PROJECT_1/roomba_src/unilidar_sdk2/unitree_lidar_ros2/src/unitree_lidar_ros2' with build type 'ament_cmake'
[0.791s] INFO:colcon.colcon_cmake.task.cmake.build:Building CMake package in '/home/wolfwagen/Undergrad_Minchan_Folder/ROOMBA_PROJECT_1/roomba_src/unilidar_sdk2/unitree_lidar_ros2/src/unitree_lidar_ros2'
[0.792s] INFO:colcon.colcon_core.shell:Skip shell extension 'powershell' for command environment: Not usable outside of PowerShell
[0.792s] DEBUG:colcon.colcon_core.shell:Skip shell extension 'dsv' for command environment
[0.798s] INFO:colcon.colcon_cmake.task.cmake.build:Building CMake package in '/home/wolfwagen/Undergrad_Minchan_Folder/ROOMBA_PROJECT_1/roomba_src/unilidar_sdk2/unitree_lidar_sdk'
[0.799s] INFO:colcon.colcon_core.shell:Skip shell extension 'powershell' for command environment: Not usable outside of PowerShell
[0.799s] DEBUG:colcon.colcon_core.shell:Skip shell extension 'dsv' for command environment
[0.817s] DEBUG:colcon.colcon_core.event_handler.log_command:Invoking command in '/home/wolfwagen/Undergrad_Minchan_Folder/ROOMBA_PROJECT_1/build/zed_components': CMAKE_PREFIX_PATH=${CMAKE_PREFIX_PATH}:/home/wolfwagen/Undergrad_Minchan_Folder/ROOMBA_PROJECT_1/install/first_roomba_pkg:/opt/ros/humble /usr/bin/cmake --build /home/wolfwagen/Undergrad_Minchan_Folder/ROOMBA_PROJECT_1/build/zed_components -- -j6 -l6
[1.339s] INFO:colcon.colcon_core.task.python.build:Building Python package in '/home/wolfwagen/Undergrad_Minchan_Folder/ROOMBA_PROJECT_1/roomba_src/first_roomba_pkg'
[1.340s] INFO:colcon.colcon_core.shell:Skip shell extension 'powershell' for command environment: Not usable outside of PowerShell
[1.340s] DEBUG:colcon.colcon_core.shell:Skip shell extension 'dsv' for command environment
[1.355s] DEBUG:colcon.colcon_core.event_handler.log_command:Invoking command in '/home/wolfwagen/Undergrad_Minchan_Folder/ROOMBA_PROJECT_1/build/unitree_lidar_ros2': CMAKE_PREFIX_PATH=${CMAKE_PREFIX_PATH}:/home/wolfwagen/Undergrad_Minchan_Folder/ROOMBA_PROJECT_1/install/first_roomba_pkg:/opt/ros/humble /usr/bin/cmake --build /home/wolfwagen/Undergrad_Minchan_Folder/ROOMBA_PROJECT_1/build/unitree_lidar_ros2 -- -j6 -l6
[1.361s] DEBUG:colcon.colcon_core.event_handler.log_command:Invoking command in '/home/wolfwagen/Undergrad_Minchan_Folder/ROOMBA_PROJECT_1/build/unitree_lidar_sdk': /usr/bin/cmake --build /home/wolfwagen/Undergrad_Minchan_Folder/ROOMBA_PROJECT_1/build/unitree_lidar_sdk -- -j6 -l6
[1.364s] DEBUG:colcon.colcon_core.event_handler.log_command:Invoked command in '/home/wolfwagen/Undergrad_Minchan_Folder/ROOMBA_PROJECT_1/build/zed_components' returned '0': CMAKE_PREFIX_PATH=${CMAKE_PREFIX_PATH}:/home/wolfwagen/Undergrad_Minchan_Folder/ROOMBA_PROJECT_1/install/first_roomba_pkg:/opt/ros/humble /usr/bin/cmake --build /home/wolfwagen/Undergrad_Minchan_Folder/ROOMBA_PROJECT_1/build/zed_components -- -j6 -l6
[1.388s] DEBUG:colcon.colcon_core.event_handler.log_command:Invoking command in '/home/wolfwagen/Undergrad_Minchan_Folder/ROOMBA_PROJECT_1/build/zed_components': CMAKE_PREFIX_PATH=${CMAKE_PREFIX_PATH}:/home/wolfwagen/Undergrad_Minchan_Folder/ROOMBA_PROJECT_1/install/first_roomba_pkg:/opt/ros/humble /usr/bin/cmake --install /home/wolfwagen/Undergrad_Minchan_Folder/ROOMBA_PROJECT_1/build/zed_components
[1.438s] Level 1:colcon.colcon_core.environment:create_environment_scripts_only(zed_components)
[1.443s] DEBUG:colcon.colcon_core.event_handler.log_command:Invoked command in '/home/wolfwagen/Undergrad_Minchan_Folder/ROOMBA_PROJECT_1/build/zed_components' returned '0': CMAKE_PREFIX_PATH=${CMAKE_PREFIX_PATH}:/home/wolfwagen/Undergrad_Minchan_Folder/ROOMBA_PROJECT_1/install/first_roomba_pkg:/opt/ros/humble /usr/bin/cmake --install /home/wolfwagen/Undergrad_Minchan_Folder/ROOMBA_PROJECT_1/build/zed_components
[1.445s] Level 1:colcon.colcon_core.environment:checking '/home/wolfwagen/Undergrad_Minchan_Folder/ROOMBA_PROJECT_1/install/zed_components' for CMake module files
[1.446s] Level 1:colcon.colcon_core.environment:checking '/home/wolfwagen/Undergrad_Minchan_Folder/ROOMBA_PROJECT_1/install/zed_components' for CMake config files
[1.447s] Level 1:colcon.colcon_core.shell:create_environment_hook('zed_components', 'cmake_prefix_path')
[1.448s] INFO:colcon.colcon_core.shell:Creating environment hook '/home/wolfwagen/Undergrad_Minchan_Folder/ROOMBA_PROJECT_1/install/zed_components/share/zed_components/hook/cmake_prefix_path.ps1'
[1.449s] INFO:colcon.colcon_core.shell:Creating environment descriptor '/home/wolfwagen/Undergrad_Minchan_Folder/ROOMBA_PROJECT_1/install/zed_components/share/zed_components/hook/cmake_prefix_path.dsv'
[1.450s] INFO:colcon.colcon_core.shell:Creating environment hook '/home/wolfwagen/Undergrad_Minchan_Folder/ROOMBA_PROJECT_1/install/zed_components/share/zed_components/hook/cmake_prefix_path.sh'
[1.454s] Level 1:colcon.colcon_core.environment:checking '/home/wolfwagen/Undergrad_Minchan_Folder/ROOMBA_PROJECT_1/install/zed_components/lib'
[1.458s] Level 1:colcon.colcon_core.shell:create_environment_hook('zed_components', 'ld_library_path_lib')
[1.459s] INFO:colcon.colcon_core.shell:Creating environment hook '/home/wolfwagen/Undergrad_Minchan_Folder/ROOMBA_PROJECT_1/install/zed_components/share/zed_components/hook/ld_library_path_lib.ps1'
[1.461s] INFO:colcon.colcon_core.shell:Creating environment descriptor '/home/wolfwagen/Undergrad_Minchan_Folder/ROOMBA_PROJECT_1/install/zed_components/share/zed_components/hook/ld_library_path_lib.dsv'
[1.462s] INFO:colcon.colcon_core.shell:Creating environment hook '/home/wolfwagen/Undergrad_Minchan_Folder/ROOMBA_PROJECT_1/install/zed_components/share/zed_components/hook/ld_library_path_lib.sh'
[1.464s] Level 1:colcon.colcon_core.environment:checking '/home/wolfwagen/Undergrad_Minchan_Folder/ROOMBA_PROJECT_1/install/zed_components/bin'
[1.464s] Level 1:colcon.colcon_core.environment:checking '/home/wolfwagen/Undergrad_Minchan_Folder/ROOMBA_PROJECT_1/install/zed_components/lib/pkgconfig/zed_components.pc'
[1.464s] Level 1:colcon.colcon_core.environment:checking '/home/wolfwagen/Undergrad_Minchan_Folder/ROOMBA_PROJECT_1/install/zed_components/lib/python3.10/site-packages'
[1.465s] Level 1:colcon.colcon_core.environment:checking '/home/wolfwagen/Undergrad_Minchan_Folder/ROOMBA_PROJECT_1/install/zed_components/bin'
[1.466s] INFO:colcon.colcon_core.shell:Creating package script '/home/wolfwagen/Undergrad_Minchan_Folder/ROOMBA_PROJECT_1/install/zed_components/share/zed_components/package.ps1'
[1.472s] INFO:colcon.colcon_core.shell:Creating package descriptor '/home/wolfwagen/Undergrad_Minchan_Folder/ROOMBA_PROJECT_1/install/zed_components/share/zed_components/package.dsv'
[1.473s] INFO:colcon.colcon_core.shell:Creating package script '/home/wolfwagen/Undergrad_Minchan_Folder/ROOMBA_PROJECT_1/install/zed_components/share/zed_components/package.sh'
[1.475s] INFO:colcon.colcon_core.shell:Creating package script '/home/wolfwagen/Undergrad_Minchan_Folder/ROOMBA_PROJECT_1/install/zed_components/share/zed_components/package.bash'
[1.477s] INFO:colcon.colcon_core.shell:Creating package script '/home/wolfwagen/Undergrad_Minchan_Folder/ROOMBA_PROJECT_1/install/zed_components/share/zed_components/package.zsh'
[1.479s] Level 1:colcon.colcon_core.environment:create_file_with_runtime_dependencies(/home/wolfwagen/Undergrad_Minchan_Folder/ROOMBA_PROJECT_1/install/zed_components/share/colcon-core/packages/zed_components)
[1.480s] Level 1:colcon.colcon_core.environment:create_environment_scripts_only(zed_components)
[1.482s] Level 1:colcon.colcon_core.environment:checking '/home/wolfwagen/Undergrad_Minchan_Folder/ROOMBA_PROJECT_1/install/zed_components' for CMake module files
[1.483s] Level 1:colcon.colcon_core.environment:checking '/home/wolfwagen/Undergrad_Minchan_Folder/ROOMBA_PROJECT_1/install/zed_components' for CMake config files
[1.485s] Level 1:colcon.colcon_core.shell:create_environment_hook('zed_components', 'cmake_prefix_path')
[1.486s] INFO:colcon.colcon_core.shell:Creating environment hook '/home/wolfwagen/Undergrad_Minchan_Folder/ROOMBA_PROJECT_1/install/zed_components/share/zed_components/hook/cmake_prefix_path.ps1'
[1.487s] INFO:colcon.colcon_core.shell:Creating environment descriptor '/home/wolfwagen/Undergrad_Minchan_Folder/ROOMBA_PROJECT_1/install/zed_components/share/zed_components/hook/cmake_prefix_path.dsv'
[1.488s] INFO:colcon.colcon_core.shell:Creating environment hook '/home/wolfwagen/Undergrad_Minchan_Folder/ROOMBA_PROJECT_1/install/zed_components/share/zed_components/hook/cmake_prefix_path.sh'
[1.490s] Level 1:colcon.colcon_core.environment:checking '/home/wolfwagen/Undergrad_Minchan_Folder/ROOMBA_PROJECT_1/install/zed_components/lib'
[1.490s] Level 1:colcon.colcon_core.shell:create_environment_hook('zed_components', 'ld_library_path_lib')
[1.491s] INFO:colcon.colcon_core.shell:Creating environment hook '/home/wolfwagen/Undergrad_Minchan_Folder/ROOMBA_PROJECT_1/install/zed_components/share/zed_components/hook/ld_library_path_lib.ps1'
[1.492s] INFO:colcon.colcon_core.shell:Creating environment descriptor '/home/wolfwagen/Undergrad_Minchan_Folder/ROOMBA_PROJECT_1/install/zed_components/share/zed_components/hook/ld_library_path_lib.dsv'
[1.492s] INFO:colcon.colcon_core.shell:Creating environment hook '/home/wolfwagen/Undergrad_Minchan_Folder/ROOMBA_PROJECT_1/install/zed_components/share/zed_components/hook/ld_library_path_lib.sh'
[1.493s] Level 1:colcon.colcon_core.environment:checking '/home/wolfwagen/Undergrad_Minchan_Folder/ROOMBA_PROJECT_1/install/zed_components/bin'
[1.493s] Level 1:colcon.colcon_core.environment:checking '/home/wolfwagen/Undergrad_Minchan_Folder/ROOMBA_PROJECT_1/install/zed_components/lib/pkgconfig/zed_components.pc'
[1.494s] Level 1:colcon.colcon_core.environment:checking '/home/wolfwagen/Undergrad_Minchan_Folder/ROOMBA_PROJECT_1/install/zed_components/lib/python3.10/site-packages'
[1.495s] Level 1:colcon.colcon_core.environment:checking '/home/wolfwagen/Undergrad_Minchan_Folder/ROOMBA_PROJECT_1/install/zed_components/bin'
[1.495s] INFO:colcon.colcon_core.shell:Creating package script '/home/wolfwagen/Undergrad_Minchan_Folder/ROOMBA_PROJECT_1/install/zed_components/share/zed_components/package.ps1'
[1.498s] INFO:colcon.colcon_core.shell:Creating package descriptor '/home/wolfwagen/Undergrad_Minchan_Folder/ROOMBA_PROJECT_1/install/zed_components/share/zed_components/package.dsv'
[1.500s] INFO:colcon.colcon_core.shell:Creating package script '/home/wolfwagen/Undergrad_Minchan_Folder/ROOMBA_PROJECT_1/install/zed_components/share/zed_components/package.sh'
[1.502s] INFO:colcon.colcon_core.shell:Creating package script '/home/wolfwagen/Undergrad_Minchan_Folder/ROOMBA_PROJECT_1/install/zed_components/share/zed_components/package.bash'
[1.503s] INFO:colcon.colcon_core.shell:Creating package script '/home/wolfwagen/Undergrad_Minchan_Folder/ROOMBA_PROJECT_1/install/zed_components/share/zed_components/package.zsh'
[1.505s] Level 1:colcon.colcon_core.environment:create_file_with_runtime_dependencies(/home/wolfwagen/Undergrad_Minchan_Folder/ROOMBA_PROJECT_1/install/zed_components/share/colcon-core/packages/zed_components)
[1.507s] INFO:colcon.colcon_ros.task.ament_cmake.build:Building ROS package in '/home/wolfwagen/Undergrad_Minchan_Folder/ROOMBA_PROJECT_1/roomba_src/zed-ros2-wrapper/zed_wrapper' with build type 'ament_cmake'
[1.507s] INFO:colcon.colcon_cmake.task.cmake.build:Building CMake package in '/home/wolfwagen/Undergrad_Minchan_Folder/ROOMBA_PROJECT_1/roomba_src/zed-ros2-wrapper/zed_wrapper'
[1.508s] INFO:colcon.colcon_core.shell:Skip shell extension 'powershell' for command environment: Not usable outside of PowerShell
[1.508s] DEBUG:colcon.colcon_core.shell:Skip shell extension 'dsv' for command environment
[1.518s] DEBUG:colcon.colcon_core.event_handler.log_command:Invoked command in '/home/wolfwagen/Undergrad_Minchan_Folder/ROOMBA_PROJECT_1/build/unitree_lidar_sdk' returned '0': /usr/bin/cmake --build /home/wolfwagen/Undergrad_Minchan_Folder/ROOMBA_PROJECT_1/build/unitree_lidar_sdk -- -j6 -l6
[1.519s] WARNING:colcon.colcon_cmake.task.cmake.build:Could not run installation step for package 'unitree_lidar_sdk' because it has no 'install' target
[1.519s] Level 1:colcon.colcon_core.environment:create_environment_scripts_only(unitree_lidar_sdk)
[1.519s] Level 1:colcon.colcon_core.environment:checking '/home/wolfwagen/Undergrad_Minchan_Folder/ROOMBA_PROJECT_1/install/unitree_lidar_sdk' for CMake module files
[1.520s] Level 1:colcon.colcon_core.environment:checking '/home/wolfwagen/Undergrad_Minchan_Folder/ROOMBA_PROJECT_1/install/unitree_lidar_sdk' for CMake config files
[1.521s] Level 1:colcon.colcon_core.environment:checking '/home/wolfwagen/Undergrad_Minchan_Folder/ROOMBA_PROJECT_1/install/unitree_lidar_sdk/bin'
[1.521s] Level 1:colcon.colcon_core.environment:checking '/home/wolfwagen/Undergrad_Minchan_Folder/ROOMBA_PROJECT_1/install/unitree_lidar_sdk/lib/pkgconfig/unitree_lidar_sdk.pc'
[1.521s] Level 1:colcon.colcon_core.environment:checking '/home/wolfwagen/Undergrad_Minchan_Folder/ROOMBA_PROJECT_1/install/unitree_lidar_sdk/lib/python3.10/site-packages'
[1.522s] Level 1:colcon.colcon_core.environment:checking '/home/wolfwagen/Undergrad_Minchan_Folder/ROOMBA_PROJECT_1/install/unitree_lidar_sdk/bin'
[1.523s] INFO:colcon.colcon_core.shell:Creating package script '/home/wolfwagen/Undergrad_Minchan_Folder/ROOMBA_PROJECT_1/install/unitree_lidar_sdk/share/unitree_lidar_sdk/package.ps1'
[1.524s] INFO:colcon.colcon_core.shell:Creating package descriptor '/home/wolfwagen/Undergrad_Minchan_Folder/ROOMBA_PROJECT_1/install/unitree_lidar_sdk/share/unitree_lidar_sdk/package.dsv'
[1.525s] INFO:colcon.colcon_core.shell:Creating package script '/home/wolfwagen/Undergrad_Minchan_Folder/ROOMBA_PROJECT_1/install/unitree_lidar_sdk/share/unitree_lidar_sdk/package.sh'
[1.525s] INFO:colcon.colcon_core.shell:Creating package script '/home/wolfwagen/Undergrad_Minchan_Folder/ROOMBA_PROJECT_1/install/unitree_lidar_sdk/share/unitree_lidar_sdk/package.bash'
[1.526s] INFO:colcon.colcon_core.shell:Creating package script '/home/wolfwagen/Undergrad_Minchan_Folder/ROOMBA_PROJECT_1/install/unitree_lidar_sdk/share/unitree_lidar_sdk/package.zsh'
[1.527s] Level 1:colcon.colcon_core.environment:create_file_with_runtime_dependencies(/home/wolfwagen/Undergrad_Minchan_Folder/ROOMBA_PROJECT_1/install/unitree_lidar_sdk/share/colcon-core/packages/unitree_lidar_sdk)
[1.533s] DEBUG:colcon.colcon_core.event_handler.log_command:Invoking command in '/home/wolfwagen/Undergrad_Minchan_Folder/ROOMBA_PROJECT_1/build/zed_wrapper': CMAKE_PREFIX_PATH=/home/wolfwagen/Undergrad_Minchan_Folder/ROOMBA_PROJECT_1/install/zed_components:/home/wolfwagen/Undergrad_Minchan_Folder/ROOMBA_PROJECT_1/install/zed_ros2:/home/wolfwagen/Undergrad_Minchan_Folder/ROOMBA_PROJECT_1/install/zed_wrapper:/home/wolfwagen/Undergrad_Minchan_Folder/ROOMBA_PROJECT_1/install/unitree_lidar_ros2:/home/wolfwagen/Undergrad_Minchan_Folder/ROOMBA_PROJECT_1/install/first_roomba_pkg:/opt/ros/humble LD_LIBRARY_PATH=/home/wolfwagen/Undergrad_Minchan_Folder/ROOMBA_PROJECT_1/install/zed_components/lib:/opt/ros/humble/opt/rviz_ogre_vendor/lib:/opt/ros/humble/lib/aarch64-linux-gnu:/opt/ros/humble/lib:/usr/local/cuda-12.6/lib64 /usr/bin/cmake --build /home/wolfwagen/Undergrad_Minchan_Folder/ROOMBA_PROJECT_1/build/zed_wrapper -- -j6 -l6
[1.538s] DEBUG:colcon.colcon_core.event_handler.log_command:Invoked command in '/home/wolfwagen/Undergrad_Minchan_Folder/ROOMBA_PROJECT_1/build/unitree_lidar_ros2' returned '0': CMAKE_PREFIX_PATH=${CMAKE_PREFIX_PATH}:/home/wolfwagen/Undergrad_Minchan_Folder/ROOMBA_PROJECT_1/install/first_roomba_pkg:/opt/ros/humble /usr/bin/cmake --build /home/wolfwagen/Undergrad_Minchan_Folder/ROOMBA_PROJECT_1/build/unitree_lidar_ros2 -- -j6 -l6
[1.541s] DEBUG:colcon.colcon_core.event_handler.log_command:Invoking command in '/home/wolfwagen/Undergrad_Minchan_Folder/ROOMBA_PROJECT_1/build/unitree_lidar_ros2': CMAKE_PREFIX_PATH=${CMAKE_PREFIX_PATH}:/home/wolfwagen/Undergrad_Minchan_Folder/ROOMBA_PROJECT_1/install/first_roomba_pkg:/opt/ros/humble /usr/bin/cmake --install /home/wolfwagen/Undergrad_Minchan_Folder/ROOMBA_PROJECT_1/build/unitree_lidar_ros2
[1.591s] Level 1:colcon.colcon_core.environment:create_environment_scripts_only(unitree_lidar_ros2)
[1.592s] Level 1:colcon.colcon_core.environment:checking '/home/wolfwagen/Undergrad_Minchan_Folder/ROOMBA_PROJECT_1/install/unitree_lidar_ros2' for CMake module files
[1.593s] DEBUG:colcon.colcon_core.event_handler.log_command:Invoked command in '/home/wolfwagen/Undergrad_Minchan_Folder/ROOMBA_PROJECT_1/build/unitree_lidar_ros2' returned '0': CMAKE_PREFIX_PATH=${CMAKE_PREFIX_PATH}:/home/wolfwagen/Undergrad_Minchan_Folder/ROOMBA_PROJECT_1/install/first_roomba_pkg:/opt/ros/humble /usr/bin/cmake --install /home/wolfwagen/Undergrad_Minchan_Folder/ROOMBA_PROJECT_1/build/unitree_lidar_ros2
[1.594s] Level 1:colcon.colcon_core.environment:checking '/home/wolfwagen/Undergrad_Minchan_Folder/ROOMBA_PROJECT_1/install/unitree_lidar_ros2' for CMake config files
[1.594s] Level 1:colcon.colcon_core.shell:create_environment_hook('unitree_lidar_ros2', 'cmake_prefix_path')
[1.595s] INFO:colcon.colcon_core.shell:Creating environment hook '/home/wolfwagen/Undergrad_Minchan_Folder/ROOMBA_PROJECT_1/install/unitree_lidar_ros2/share/unitree_lidar_ros2/hook/cmake_prefix_path.ps1'
[1.596s] INFO:colcon.colcon_core.shell:Creating environment descriptor '/home/wolfwagen/Undergrad_Minchan_Folder/ROOMBA_PROJECT_1/install/unitree_lidar_ros2/share/unitree_lidar_ros2/hook/cmake_prefix_path.dsv'
[1.597s] INFO:colcon.colcon_core.shell:Creating environment hook '/home/wolfwagen/Undergrad_Minchan_Folder/ROOMBA_PROJECT_1/install/unitree_lidar_ros2/share/unitree_lidar_ros2/hook/cmake_prefix_path.sh'
[1.598s] Level 1:colcon.colcon_core.environment:checking '/home/wolfwagen/Undergrad_Minchan_Folder/ROOMBA_PROJECT_1/install/unitree_lidar_ros2/lib'
[1.599s] Level 1:colcon.colcon_core.environment:checking '/home/wolfwagen/Undergrad_Minchan_Folder/ROOMBA_PROJECT_1/install/unitree_lidar_ros2/bin'
[1.599s] Level 1:colcon.colcon_core.environment:checking '/home/wolfwagen/Undergrad_Minchan_Folder/ROOMBA_PROJECT_1/install/unitree_lidar_ros2/lib/pkgconfig/unitree_lidar_ros2.pc'
[1.599s] Level 1:colcon.colcon_core.environment:checking '/home/wolfwagen/Undergrad_Minchan_Folder/ROOMBA_PROJECT_1/install/unitree_lidar_ros2/lib/python3.10/site-packages'
[1.600s] Level 1:colcon.colcon_core.environment:checking '/home/wolfwagen/Undergrad_Minchan_Folder/ROOMBA_PROJECT_1/install/unitree_lidar_ros2/bin'
[1.600s] INFO:colcon.colcon_core.shell:Creating package script '/home/wolfwagen/Undergrad_Minchan_Folder/ROOMBA_PROJECT_1/install/unitree_lidar_ros2/share/unitree_lidar_ros2/package.ps1'
[1.602s] INFO:colcon.colcon_core.shell:Creating package descriptor '/home/wolfwagen/Undergrad_Minchan_Folder/ROOMBA_PROJECT_1/install/unitree_lidar_ros2/share/unitree_lidar_ros2/package.dsv'
[1.603s] INFO:colcon.colcon_core.shell:Creating package script '/home/wolfwagen/Undergrad_Minchan_Folder/ROOMBA_PROJECT_1/install/unitree_lidar_ros2/share/unitree_lidar_ros2/package.sh'
[1.603s] INFO:colcon.colcon_core.shell:Creating package script '/home/wolfwagen/Undergrad_Minchan_Folder/ROOMBA_PROJECT_1/install/unitree_lidar_ros2/share/unitree_lidar_ros2/package.bash'
[1.604s] INFO:colcon.colcon_core.shell:Creating package script '/home/wolfwagen/Undergrad_Minchan_Folder/ROOMBA_PROJECT_1/install/unitree_lidar_ros2/share/unitree_lidar_ros2/package.zsh'
[1.605s] Level 1:colcon.colcon_core.environment:create_file_with_runtime_dependencies(/home/wolfwagen/Undergrad_Minchan_Folder/ROOMBA_PROJECT_1/install/unitree_lidar_ros2/share/colcon-core/packages/unitree_lidar_ros2)
[1.606s] Level 1:colcon.colcon_core.environment:create_environment_scripts_only(unitree_lidar_ros2)
[1.606s] Level 1:colcon.colcon_core.environment:checking '/home/wolfwagen/Undergrad_Minchan_Folder/ROOMBA_PROJECT_1/install/unitree_lidar_ros2' for CMake module files
[1.607s] Level 1:colcon.colcon_core.environment:checking '/home/wolfwagen/Undergrad_Minchan_Folder/ROOMBA_PROJECT_1/install/unitree_lidar_ros2' for CMake config files
[1.608s] Level 1:colcon.colcon_core.shell:create_environment_hook('unitree_lidar_ros2', 'cmake_prefix_path')
[1.608s] INFO:colcon.colcon_core.shell:Creating environment hook '/home/wolfwagen/Undergrad_Minchan_Folder/ROOMBA_PROJECT_1/install/unitree_lidar_ros2/share/unitree_lidar_ros2/hook/cmake_prefix_path.ps1'
[1.610s] INFO:colcon.colcon_core.shell:Creating environment descriptor '/home/wolfwagen/Undergrad_Minchan_Folder/ROOMBA_PROJECT_1/install/unitree_lidar_ros2/share/unitree_lidar_ros2/hook/cmake_prefix_path.dsv'
[1.611s] INFO:colcon.colcon_core.shell:Creating environment hook '/home/wolfwagen/Undergrad_Minchan_Folder/ROOMBA_PROJECT_1/install/unitree_lidar_ros2/share/unitree_lidar_ros2/hook/cmake_prefix_path.sh'
[1.612s] Level 1:colcon.colcon_core.environment:checking '/home/wolfwagen/Undergrad_Minchan_Folder/ROOMBA_PROJECT_1/install/unitree_lidar_ros2/lib'
[1.612s] Level 1:colcon.colcon_core.environment:checking '/home/wolfwagen/Undergrad_Minchan_Folder/ROOMBA_PROJECT_1/install/unitree_lidar_ros2/bin'
[1.612s] Level 1:colcon.colcon_core.environment:checking '/home/wolfwagen/Undergrad_Minchan_Folder/ROOMBA_PROJECT_1/install/unitree_lidar_ros2/lib/pkgconfig/unitree_lidar_ros2.pc'
[1.612s] Level 1:colcon.colcon_core.environment:checking '/home/wolfwagen/Undergrad_Minchan_Folder/ROOMBA_PROJECT_1/install/unitree_lidar_ros2/lib/python3.10/site-packages'
[1.613s] Level 1:colcon.colcon_core.environment:checking '/home/wolfwagen/Undergrad_Minchan_Folder/ROOMBA_PROJECT_1/install/unitree_lidar_ros2/bin'
[1.614s] INFO:colcon.colcon_core.shell:Creating package script '/home/wolfwagen/Undergrad_Minchan_Folder/ROOMBA_PROJECT_1/install/unitree_lidar_ros2/share/unitree_lidar_ros2/package.ps1'
[1.615s] INFO:colcon.colcon_core.shell:Creating package descriptor '/home/wolfwagen/Undergrad_Minchan_Folder/ROOMBA_PROJECT_1/install/unitree_lidar_ros2/share/unitree_lidar_ros2/package.dsv'
[1.616s] INFO:colcon.colcon_core.shell:Creating package script '/home/wolfwagen/Undergrad_Minchan_Folder/ROOMBA_PROJECT_1/install/unitree_lidar_ros2/share/unitree_lidar_ros2/package.sh'
[1.618s] INFO:colcon.colcon_core.shell:Creating package script '/home/wolfwagen/Undergrad_Minchan_Folder/ROOMBA_PROJECT_1/install/unitree_lidar_ros2/share/unitree_lidar_ros2/package.bash'
[1.619s] INFO:colcon.colcon_core.shell:Creating package script '/home/wolfwagen/Undergrad_Minchan_Folder/ROOMBA_PROJECT_1/install/unitree_lidar_ros2/share/unitree_lidar_ros2/package.zsh'
[1.621s] Level 1:colcon.colcon_core.environment:create_file_with_runtime_dependencies(/home/wolfwagen/Undergrad_Minchan_Folder/ROOMBA_PROJECT_1/install/unitree_lidar_ros2/share/colcon-core/packages/unitree_lidar_ros2)
[1.625s] DEBUG:colcon.colcon_core.event_handler.log_command:Invoked command in '/home/wolfwagen/Undergrad_Minchan_Folder/ROOMBA_PROJECT_1/build/zed_wrapper' returned '0': CMAKE_PREFIX_PATH=/home/wolfwagen/Undergrad_Minchan_Folder/ROOMBA_PROJECT_1/install/zed_components:/home/wolfwagen/Undergrad_Minchan_Folder/ROOMBA_PROJECT_1/install/zed_ros2:/home/wolfwagen/Undergrad_Minchan_Folder/ROOMBA_PROJECT_1/install/zed_wrapper:/home/wolfwagen/Undergrad_Minchan_Folder/ROOMBA_PROJECT_1/install/unitree_lidar_ros2:/home/wolfwagen/Undergrad_Minchan_Folder/ROOMBA_PROJECT_1/install/first_roomba_pkg:/opt/ros/humble LD_LIBRARY_PATH=/home/wolfwagen/Undergrad_Minchan_Folder/ROOMBA_PROJECT_1/install/zed_components/lib:/opt/ros/humble/opt/rviz_ogre_vendor/lib:/opt/ros/humble/lib/aarch64-linux-gnu:/opt/ros/humble/lib:/usr/local/cuda-12.6/lib64 /usr/bin/cmake --build /home/wolfwagen/Undergrad_Minchan_Folder/ROOMBA_PROJECT_1/build/zed_wrapper -- -j6 -l6
[1.627s] DEBUG:colcon.colcon_core.event_handler.log_command:Invoking command in '/home/wolfwagen/Undergrad_Minchan_Folder/ROOMBA_PROJECT_1/build/zed_wrapper': CMAKE_PREFIX_PATH=/home/wolfwagen/Undergrad_Minchan_Folder/ROOMBA_PROJECT_1/install/zed_components:/home/wolfwagen/Undergrad_Minchan_Folder/ROOMBA_PROJECT_1/install/zed_ros2:/home/wolfwagen/Undergrad_Minchan_Folder/ROOMBA_PROJECT_1/install/zed_wrapper:/home/wolfwagen/Undergrad_Minchan_Folder/ROOMBA_PROJECT_1/install/unitree_lidar_ros2:/home/wolfwagen/Undergrad_Minchan_Folder/ROOMBA_PROJECT_1/install/first_roomba_pkg:/opt/ros/humble LD_LIBRARY_PATH=/home/wolfwagen/Undergrad_Minchan_Folder/ROOMBA_PROJECT_1/install/zed_components/lib:/opt/ros/humble/opt/rviz_ogre_vendor/lib:/opt/ros/humble/lib/aarch64-linux-gnu:/opt/ros/humble/lib:/usr/local/cuda-12.6/lib64 /usr/bin/cmake --install /home/wolfwagen/Undergrad_Minchan_Folder/ROOMBA_PROJECT_1/build/zed_wrapper
[1.670s] Level 1:colcon.colcon_core.environment:create_environment_scripts_only(zed_wrapper)
[1.671s] Level 1:colcon.colcon_core.environment:checking '/home/wolfwagen/Undergrad_Minchan_Folder/ROOMBA_PROJECT_1/install/zed_wrapper' for CMake module files
[1.672s] DEBUG:colcon.colcon_core.event_handler.log_command:Invoked command in '/home/wolfwagen/Undergrad_Minchan_Folder/ROOMBA_PROJECT_1/build/zed_wrapper' returned '0': CMAKE_PREFIX_PATH=/home/wolfwagen/Undergrad_Minchan_Folder/ROOMBA_PROJECT_1/install/zed_components:/home/wolfwagen/Undergrad_Minchan_Folder/ROOMBA_PROJECT_1/install/zed_ros2:/home/wolfwagen/Undergrad_Minchan_Folder/ROOMBA_PROJECT_1/install/zed_wrapper:/home/wolfwagen/Undergrad_Minchan_Folder/ROOMBA_PROJECT_1/install/unitree_lidar_ros2:/home/wolfwagen/Undergrad_Minchan_Folder/ROOMBA_PROJECT_1/install/first_roomba_pkg:/opt/ros/humble LD_LIBRARY_PATH=/home/wolfwagen/Undergrad_Minchan_Folder/ROOMBA_PROJECT_1/install/zed_components/lib:/opt/ros/humble/opt/rviz_ogre_vendor/lib:/opt/ros/humble/lib/aarch64-linux-gnu:/opt/ros/humble/lib:/usr/local/cuda-12.6/lib64 /usr/bin/cmake --install /home/wolfwagen/Undergrad_Minchan_Folder/ROOMBA_PROJECT_1/build/zed_wrapper
[1.673s] Level 1:colcon.colcon_core.environment:checking '/home/wolfwagen/Undergrad_Minchan_Folder/ROOMBA_PROJECT_1/install/zed_wrapper' for CMake config files
[1.675s] Level 1:colcon.colcon_core.shell:create_environment_hook('zed_wrapper', 'cmake_prefix_path')
[1.676s] INFO:colcon.colcon_core.shell:Creating environment hook '/home/wolfwagen/Undergrad_Minchan_Folder/ROOMBA_PROJECT_1/install/zed_wrapper/share/zed_wrapper/hook/cmake_prefix_path.ps1'
[1.678s] INFO:colcon.colcon_core.shell:Creating environment descriptor '/home/wolfwagen/Undergrad_Minchan_Folder/ROOMBA_PROJECT_1/install/zed_wrapper/share/zed_wrapper/hook/cmake_prefix_path.dsv'
[1.679s] INFO:colcon.colcon_core.shell:Creating environment hook '/home/wolfwagen/Undergrad_Minchan_Folder/ROOMBA_PROJECT_1/install/zed_wrapper/share/zed_wrapper/hook/cmake_prefix_path.sh'
[1.681s] Level 1:colcon.colcon_core.environment:checking '/home/wolfwagen/Undergrad_Minchan_Folder/ROOMBA_PROJECT_1/install/zed_wrapper/bin'
[1.682s] Level 1:colcon.colcon_core.environment:checking '/home/wolfwagen/Undergrad_Minchan_Folder/ROOMBA_PROJECT_1/install/zed_wrapper/lib/pkgconfig/zed_wrapper.pc'
[1.682s] Level 1:colcon.colcon_core.environment:checking '/home/wolfwagen/Undergrad_Minchan_Folder/ROOMBA_PROJECT_1/install/zed_wrapper/lib/python3.10/site-packages'
[1.684s] Level 1:colcon.colcon_core.environment:checking '/home/wolfwagen/Undergrad_Minchan_Folder/ROOMBA_PROJECT_1/install/zed_wrapper/bin'
[1.685s] INFO:colcon.colcon_core.shell:Creating package script '/home/wolfwagen/Undergrad_Minchan_Folder/ROOMBA_PROJECT_1/install/zed_wrapper/share/zed_wrapper/package.ps1'
[1.687s] INFO:colcon.colcon_core.shell:Creating package descriptor '/home/wolfwagen/Undergrad_Minchan_Folder/ROOMBA_PROJECT_1/install/zed_wrapper/share/zed_wrapper/package.dsv'
[1.689s] INFO:colcon.colcon_core.shell:Creating package script '/home/wolfwagen/Undergrad_Minchan_Folder/ROOMBA_PROJECT_1/install/zed_wrapper/share/zed_wrapper/package.sh'
[1.690s] INFO:colcon.colcon_core.shell:Creating package script '/home/wolfwagen/Undergrad_Minchan_Folder/ROOMBA_PROJECT_1/install/zed_wrapper/share/zed_wrapper/package.bash'
[1.691s] INFO:colcon.colcon_core.shell:Creating package script '/home/wolfwagen/Undergrad_Minchan_Folder/ROOMBA_PROJECT_1/install/zed_wrapper/share/zed_wrapper/package.zsh'
[1.692s] Level 1:colcon.colcon_core.environment:create_file_with_runtime_dependencies(/home/wolfwagen/Undergrad_Minchan_Folder/ROOMBA_PROJECT_1/install/zed_wrapper/share/colcon-core/packages/zed_wrapper)
[1.694s] Level 1:colcon.colcon_core.environment:create_environment_scripts_only(zed_wrapper)
[1.695s] Level 1:colcon.colcon_core.environment:checking '/home/wolfwagen/Undergrad_Minchan_Folder/ROOMBA_PROJECT_1/install/zed_wrapper' for CMake module files
[1.696s] Level 1:colcon.colcon_core.environment:checking '/home/wolfwagen/Undergrad_Minchan_Folder/ROOMBA_PROJECT_1/install/zed_wrapper' for CMake config files
[1.698s] Level 1:colcon.colcon_core.shell:create_environment_hook('zed_wrapper', 'cmake_prefix_path')
[1.698s] INFO:colcon.colcon_core.shell:Creating environment hook '/home/wolfwagen/Undergrad_Minchan_Folder/ROOMBA_PROJECT_1/install/zed_wrapper/share/zed_wrapper/hook/cmake_prefix_path.ps1'
[1.700s] INFO:colcon.colcon_core.shell:Creating environment descriptor '/home/wolfwagen/Undergrad_Minchan_Folder/ROOMBA_PROJECT_1/install/zed_wrapper/share/zed_wrapper/hook/cmake_prefix_path.dsv'
[1.701s] INFO:colcon.colcon_core.shell:Creating environment hook '/home/wolfwagen/Undergrad_Minchan_Folder/ROOMBA_PROJECT_1/install/zed_wrapper/share/zed_wrapper/hook/cmake_prefix_path.sh'
[1.702s] Level 1:colcon.colcon_core.environment:checking '/home/wolfwagen/Undergrad_Minchan_Folder/ROOMBA_PROJECT_1/install/zed_wrapper/bin'
[1.703s] Level 1:colcon.colcon_core.environment:checking '/home/wolfwagen/Undergrad_Minchan_Folder/ROOMBA_PROJECT_1/install/zed_wrapper/lib/pkgconfig/zed_wrapper.pc'
[1.703s] Level 1:colcon.colcon_core.environment:checking '/home/wolfwagen/Undergrad_Minchan_Folder/ROOMBA_PROJECT_1/install/zed_wrapper/lib/python3.10/site-packages'
[1.704s] Level 1:colcon.colcon_core.environment:checking '/home/wolfwagen/Undergrad_Minchan_Folder/ROOMBA_PROJECT_1/install/zed_wrapper/bin'
[1.705s] INFO:colcon.colcon_core.shell:Creating package script '/home/wolfwagen/Undergrad_Minchan_Folder/ROOMBA_PROJECT_1/install/zed_wrapper/share/zed_wrapper/package.ps1'
[1.707s] INFO:colcon.colcon_core.shell:Creating package descriptor '/home/wolfwagen/Undergrad_Minchan_Folder/ROOMBA_PROJECT_1/install/zed_wrapper/share/zed_wrapper/package.dsv'
[1.708s] INFO:colcon.colcon_core.shell:Creating package script '/home/wolfwagen/Undergrad_Minchan_Folder/ROOMBA_PROJECT_1/install/zed_wrapper/share/zed_wrapper/package.sh'
[1.709s] INFO:colcon.colcon_core.shell:Creating package script '/home/wolfwagen/Undergrad_Minchan_Folder/ROOMBA_PROJECT_1/install/zed_wrapper/share/zed_wrapper/package.bash'
[1.710s] INFO:colcon.colcon_core.shell:Creating package script '/home/wolfwagen/Undergrad_Minchan_Folder/ROOMBA_PROJECT_1/install/zed_wrapper/share/zed_wrapper/package.zsh'
[1.711s] Level 1:colcon.colcon_core.environment:create_file_with_runtime_dependencies(/home/wolfwagen/Undergrad_Minchan_Folder/ROOMBA_PROJECT_1/install/zed_wrapper/share/colcon-core/packages/zed_wrapper)
[1.712s] INFO:colcon.colcon_ros.task.ament_cmake.build:Building ROS package in '/home/wolfwagen/Undergrad_Minchan_Folder/ROOMBA_PROJECT_1/roomba_src/zed-ros2-wrapper/zed_ros2' with build type 'ament_cmake'
[1.713s] INFO:colcon.colcon_cmake.task.cmake.build:Building CMake package in '/home/wolfwagen/Undergrad_Minchan_Folder/ROOMBA_PROJECT_1/roomba_src/zed-ros2-wrapper/zed_ros2'
[1.714s] INFO:colcon.colcon_core.shell:Skip shell extension 'powershell' for command environment: Not usable outside of PowerShell
[1.714s] DEBUG:colcon.colcon_core.shell:Skip shell extension 'dsv' for command environment
[1.739s] DEBUG:colcon.colcon_core.event_handler.log_command:Invoking command in '/home/wolfwagen/Undergrad_Minchan_Folder/ROOMBA_PROJECT_1/build/zed_ros2': CMAKE_PREFIX_PATH=/home/wolfwagen/Undergrad_Minchan_Folder/ROOMBA_PROJECT_1/install/zed_wrapper:/home/wolfwagen/Undergrad_Minchan_Folder/ROOMBA_PROJECT_1/install/zed_components:/home/wolfwagen/Undergrad_Minchan_Folder/ROOMBA_PROJECT_1/install/zed_ros2:/home/wolfwagen/Undergrad_Minchan_Folder/ROOMBA_PROJECT_1/install/unitree_lidar_ros2:/home/wolfwagen/Undergrad_Minchan_Folder/ROOMBA_PROJECT_1/install/first_roomba_pkg:/opt/ros/humble LD_LIBRARY_PATH=/home/wolfwagen/Undergrad_Minchan_Folder/ROOMBA_PROJECT_1/install/zed_components/lib:/opt/ros/humble/opt/rviz_ogre_vendor/lib:/opt/ros/humble/lib/aarch64-linux-gnu:/opt/ros/humble/lib:/usr/local/cuda-12.6/lib64 /usr/bin/cmake --build /home/wolfwagen/Undergrad_Minchan_Folder/ROOMBA_PROJECT_1/build/zed_ros2 -- -j6 -l6
[1.810s] DEBUG:colcon.colcon_core.event_handler.log_command:Invoked command in '/home/wolfwagen/Undergrad_Minchan_Folder/ROOMBA_PROJECT_1/build/zed_ros2' returned '0': CMAKE_PREFIX_PATH=/home/wolfwagen/Undergrad_Minchan_Folder/ROOMBA_PROJECT_1/install/zed_wrapper:/home/wolfwagen/Undergrad_Minchan_Folder/ROOMBA_PROJECT_1/install/zed_components:/home/wolfwagen/Undergrad_Minchan_Folder/ROOMBA_PROJECT_1/install/zed_ros2:/home/wolfwagen/Undergrad_Minchan_Folder/ROOMBA_PROJECT_1/install/unitree_lidar_ros2:/home/wolfwagen/Undergrad_Minchan_Folder/ROOMBA_PROJECT_1/install/first_roomba_pkg:/opt/ros/humble LD_LIBRARY_PATH=/home/wolfwagen/Undergrad_Minchan_Folder/ROOMBA_PROJECT_1/install/zed_components/lib:/opt/ros/humble/opt/rviz_ogre_vendor/lib:/opt/ros/humble/lib/aarch64-linux-gnu:/opt/ros/humble/lib:/usr/local/cuda-12.6/lib64 /usr/bin/cmake --build /home/wolfwagen/Undergrad_Minchan_Folder/ROOMBA_PROJECT_1/build/zed_ros2 -- -j6 -l6
[1.814s] DEBUG:colcon.colcon_core.event_handler.log_command:Invoking command in '/home/wolfwagen/Undergrad_Minchan_Folder/ROOMBA_PROJECT_1/build/zed_ros2': CMAKE_PREFIX_PATH=/home/wolfwagen/Undergrad_Minchan_Folder/ROOMBA_PROJECT_1/install/zed_wrapper:/home/wolfwagen/Undergrad_Minchan_Folder/ROOMBA_PROJECT_1/install/zed_components:/home/wolfwagen/Undergrad_Minchan_Folder/ROOMBA_PROJECT_1/install/zed_ros2:/home/wolfwagen/Undergrad_Minchan_Folder/ROOMBA_PROJECT_1/install/unitree_lidar_ros2:/home/wolfwagen/Undergrad_Minchan_Folder/ROOMBA_PROJECT_1/install/first_roomba_pkg:/opt/ros/humble LD_LIBRARY_PATH=/home/wolfwagen/Undergrad_Minchan_Folder/ROOMBA_PROJECT_1/install/zed_components/lib:/opt/ros/humble/opt/rviz_ogre_vendor/lib:/opt/ros/humble/lib/aarch64-linux-gnu:/opt/ros/humble/lib:/usr/local/cuda-12.6/lib64 /usr/bin/cmake --install /home/wolfwagen/Undergrad_Minchan_Folder/ROOMBA_PROJECT_1/build/zed_ros2
[1.857s] Level 1:colcon.colcon_core.environment:create_environment_scripts_only(zed_ros2)
[1.859s] Level 1:colcon.colcon_core.environment:checking '/home/wolfwagen/Undergrad_Minchan_Folder/ROOMBA_PROJECT_1/install/zed_ros2' for CMake module files
[1.860s] DEBUG:colcon.colcon_core.event_handler.log_command:Invoked command in '/home/wolfwagen/Undergrad_Minchan_Folder/ROOMBA_PROJECT_1/build/zed_ros2' returned '0': CMAKE_PREFIX_PATH=/home/wolfwagen/Undergrad_Minchan_Folder/ROOMBA_PROJECT_1/install/zed_wrapper:/home/wolfwagen/Undergrad_Minchan_Folder/ROOMBA_PROJECT_1/install/zed_components:/home/wolfwagen/Undergrad_Minchan_Folder/ROOMBA_PROJECT_1/install/zed_ros2:/home/wolfwagen/Undergrad_Minchan_Folder/ROOMBA_PROJECT_1/install/unitree_lidar_ros2:/home/wolfwagen/Undergrad_Minchan_Folder/ROOMBA_PROJECT_1/install/first_roomba_pkg:/opt/ros/humble LD_LIBRARY_PATH=/home/wolfwagen/Undergrad_Minchan_Folder/ROOMBA_PROJECT_1/install/zed_components/lib:/opt/ros/humble/opt/rviz_ogre_vendor/lib:/opt/ros/humble/lib/aarch64-linux-gnu:/opt/ros/humble/lib:/usr/local/cuda-12.6/lib64 /usr/bin/cmake --install /home/wolfwagen/Undergrad_Minchan_Folder/ROOMBA_PROJECT_1/build/zed_ros2
[1.861s] Level 1:colcon.colcon_core.environment:checking '/home/wolfwagen/Undergrad_Minchan_Folder/ROOMBA_PROJECT_1/install/zed_ros2' for CMake config files
[1.862s] Level 1:colcon.colcon_core.shell:create_environment_hook('zed_ros2', 'cmake_prefix_path')
[1.863s] INFO:colcon.colcon_core.shell:Creating environment hook '/home/wolfwagen/Undergrad_Minchan_Folder/ROOMBA_PROJECT_1/install/zed_ros2/share/zed_ros2/hook/cmake_prefix_path.ps1'
[1.865s] INFO:colcon.colcon_core.shell:Creating environment descriptor '/home/wolfwagen/Undergrad_Minchan_Folder/ROOMBA_PROJECT_1/install/zed_ros2/share/zed_ros2/hook/cmake_prefix_path.dsv'
[1.866s] INFO:colcon.colcon_core.shell:Creating environment hook '/home/wolfwagen/Undergrad_Minchan_Folder/ROOMBA_PROJECT_1/install/zed_ros2/share/zed_ros2/hook/cmake_prefix_path.sh'
[1.868s] Level 1:colcon.colcon_core.environment:checking '/home/wolfwagen/Undergrad_Minchan_Folder/ROOMBA_PROJECT_1/install/zed_ros2/bin'
[1.868s] Level 1:colcon.colcon_core.environment:checking '/home/wolfwagen/Undergrad_Minchan_Folder/ROOMBA_PROJECT_1/install/zed_ros2/lib/pkgconfig/zed_ros2.pc'
[1.869s] Level 1:colcon.colcon_core.environment:checking '/home/wolfwagen/Undergrad_Minchan_Folder/ROOMBA_PROJECT_1/install/zed_ros2/lib/python3.10/site-packages'
[1.871s] Level 1:colcon.colcon_core.environment:checking '/home/wolfwagen/Undergrad_Minchan_Folder/ROOMBA_PROJECT_1/install/zed_ros2/bin'
[1.872s] INFO:colcon.colcon_core.shell:Creating package script '/home/wolfwagen/Undergrad_Minchan_Folder/ROOMBA_PROJECT_1/install/zed_ros2/share/zed_ros2/package.ps1'
[1.875s] INFO:colcon.colcon_core.shell:Creating package descriptor '/home/wolfwagen/Undergrad_Minchan_Folder/ROOMBA_PROJECT_1/install/zed_ros2/share/zed_ros2/package.dsv'
[1.876s] INFO:colcon.colcon_core.shell:Creating package script '/home/wolfwagen/Undergrad_Minchan_Folder/ROOMBA_PROJECT_1/install/zed_ros2/share/zed_ros2/package.sh'
[1.878s] INFO:colcon.colcon_core.shell:Creating package script '/home/wolfwagen/Undergrad_Minchan_Folder/ROOMBA_PROJECT_1/install/zed_ros2/share/zed_ros2/package.bash'
[1.880s] INFO:colcon.colcon_core.shell:Creating package script '/home/wolfwagen/Undergrad_Minchan_Folder/ROOMBA_PROJECT_1/install/zed_ros2/share/zed_ros2/package.zsh'
[1.881s] Level 1:colcon.colcon_core.environment:create_file_with_runtime_dependencies(/home/wolfwagen/Undergrad_Minchan_Folder/ROOMBA_PROJECT_1/install/zed_ros2/share/colcon-core/packages/zed_ros2)
[1.883s] Level 1:colcon.colcon_core.environment:create_environment_scripts_only(zed_ros2)
[1.884s] Level 1:colcon.colcon_core.environment:checking '/home/wolfwagen/Undergrad_Minchan_Folder/ROOMBA_PROJECT_1/install/zed_ros2' for CMake module files
[1.885s] Level 1:colcon.colcon_core.environment:checking '/home/wolfwagen/Undergrad_Minchan_Folder/ROOMBA_PROJECT_1/install/zed_ros2' for CMake config files
[1.886s] Level 1:colcon.colcon_core.shell:create_environment_hook('zed_ros2', 'cmake_prefix_path')
[1.887s] INFO:colcon.colcon_core.shell:Creating environment hook '/home/wolfwagen/Undergrad_Minchan_Folder/ROOMBA_PROJECT_1/install/zed_ros2/share/zed_ros2/hook/cmake_prefix_path.ps1'
[1.888s] INFO:colcon.colcon_core.shell:Creating environment descriptor '/home/wolfwagen/Undergrad_Minchan_Folder/ROOMBA_PROJECT_1/install/zed_ros2/share/zed_ros2/hook/cmake_prefix_path.dsv'
[1.890s] INFO:colcon.colcon_core.shell:Creating environment hook '/home/wolfwagen/Undergrad_Minchan_Folder/ROOMBA_PROJECT_1/install/zed_ros2/share/zed_ros2/hook/cmake_prefix_path.sh'
[1.892s] Level 1:colcon.colcon_core.environment:checking '/home/wolfwagen/Undergrad_Minchan_Folder/ROOMBA_PROJECT_1/install/zed_ros2/bin'
[1.892s] Level 1:colcon.colcon_core.environment:checking '/home/wolfwagen/Undergrad_Minchan_Folder/ROOMBA_PROJECT_1/install/zed_ros2/lib/pkgconfig/zed_ros2.pc'
[1.893s] Level 1:colcon.colcon_core.environment:checking '/home/wolfwagen/Undergrad_Minchan_Folder/ROOMBA_PROJECT_1/install/zed_ros2/lib/python3.10/site-packages'
[1.894s] Level 1:colcon.colcon_core.environment:checking '/home/wolfwagen/Undergrad_Minchan_Folder/ROOMBA_PROJECT_1/install/zed_ros2/bin'
[1.895s] INFO:colcon.colcon_core.shell:Creating package script '/home/wolfwagen/Undergrad_Minchan_Folder/ROOMBA_PROJECT_1/install/zed_ros2/share/zed_ros2/package.ps1'
[1.898s] INFO:colcon.colcon_core.shell:Creating package descriptor '/home/wolfwagen/Undergrad_Minchan_Folder/ROOMBA_PROJECT_1/install/zed_ros2/share/zed_ros2/package.dsv'
[1.899s] INFO:colcon.colcon_core.shell:Creating package script '/home/wolfwagen/Undergrad_Minchan_Folder/ROOMBA_PROJECT_1/install/zed_ros2/share/zed_ros2/package.sh'
[1.901s] INFO:colcon.colcon_core.shell:Creating package script '/home/wolfwagen/Undergrad_Minchan_Folder/ROOMBA_PROJECT_1/install/zed_ros2/share/zed_ros2/package.bash'
[1.903s] INFO:colcon.colcon_core.shell:Creating package script '/home/wolfwagen/Undergrad_Minchan_Folder/ROOMBA_PROJECT_1/install/zed_ros2/share/zed_ros2/package.zsh'
[1.904s] Level 1:colcon.colcon_core.environment:create_file_with_runtime_dependencies(/home/wolfwagen/Undergrad_Minchan_Folder/ROOMBA_PROJECT_1/install/zed_ros2/share/colcon-core/packages/zed_ros2)
[2.207s] DEBUG:colcon.colcon_core.event_handler.log_command:Invoking command in '/home/wolfwagen/Undergrad_Minchan_Folder/ROOMBA_PROJECT_1/roomba_src/first_roomba_pkg': PYTHONPATH=/home/wolfwagen/Undergrad_Minchan_Folder/ROOMBA_PROJECT_1/build/first_roomba_pkg/prefix_override:/usr/lib/python3/dist-packages/colcon_core/task/python/colcon_distutils_commands:/home/wolfwagen/Undergrad_Minchan_Folder/ROOMBA_PROJECT_1/install/first_roomba_pkg/lib/python3.10/site-packages:${PYTHONPATH} /usr/bin/python3 -W ignore:setup.py install is deprecated -W ignore:easy_install command is deprecated setup.py egg_info --egg-base ../../build/first_roomba_pkg build --build-base /home/wolfwagen/Undergrad_Minchan_Folder/ROOMBA_PROJECT_1/build/first_roomba_pkg/build install --record /home/wolfwagen/Undergrad_Minchan_Folder/ROOMBA_PROJECT_1/build/first_roomba_pkg/install.log --single-version-externally-managed install_data
[2.801s] Level 1:colcon.colcon_core.environment:checking '/home/wolfwagen/Undergrad_Minchan_Folder/ROOMBA_PROJECT_1/install/first_roomba_pkg' for CMake module files
[2.803s] DEBUG:colcon.colcon_core.event_handler.log_command:Invoked command in '/home/wolfwagen/Undergrad_Minchan_Folder/ROOMBA_PROJECT_1/roomba_src/first_roomba_pkg' returned '0': PYTHONPATH=/home/wolfwagen/Undergrad_Minchan_Folder/ROOMBA_PROJECT_1/build/first_roomba_pkg/prefix_override:/usr/lib/python3/dist-packages/colcon_core/task/python/colcon_distutils_commands:/home/wolfwagen/Undergrad_Minchan_Folder/ROOMBA_PROJECT_1/install/first_roomba_pkg/lib/python3.10/site-packages:${PYTHONPATH} /usr/bin/python3 -W ignore:setup.py install is deprecated -W ignore:easy_install command is deprecated setup.py egg_info --egg-base ../../build/first_roomba_pkg build --build-base /home/wolfwagen/Undergrad_Minchan_Folder/ROOMBA_PROJECT_1/build/first_roomba_pkg/build install --record /home/wolfwagen/Undergrad_Minchan_Folder/ROOMBA_PROJECT_1/build/first_roomba_pkg/install.log --single-version-externally-managed install_data
[2.804s] Level 1:colcon.colcon_core.environment:checking '/home/wolfwagen/Undergrad_Minchan_Folder/ROOMBA_PROJECT_1/install/first_roomba_pkg' for CMake config files
[2.805s] Level 1:colcon.colcon_core.environment:checking '/home/wolfwagen/Undergrad_Minchan_Folder/ROOMBA_PROJECT_1/install/first_roomba_pkg/lib'
[2.806s] Level 1:colcon.colcon_core.environment:checking '/home/wolfwagen/Undergrad_Minchan_Folder/ROOMBA_PROJECT_1/install/first_roomba_pkg/bin'
[2.806s] Level 1:colcon.colcon_core.environment:checking '/home/wolfwagen/Undergrad_Minchan_Folder/ROOMBA_PROJECT_1/install/first_roomba_pkg/lib/pkgconfig/first_roomba_pkg.pc'
[2.807s] Level 1:colcon.colcon_core.environment:checking '/home/wolfwagen/Undergrad_Minchan_Folder/ROOMBA_PROJECT_1/install/first_roomba_pkg/lib/python3.10/site-packages'
[2.807s] Level 1:colcon.colcon_core.shell:create_environment_hook('first_roomba_pkg', 'pythonpath')
[2.808s] INFO:colcon.colcon_core.shell:Creating environment hook '/home/wolfwagen/Undergrad_Minchan_Folder/ROOMBA_PROJECT_1/install/first_roomba_pkg/share/first_roomba_pkg/hook/pythonpath.ps1'
[2.810s] INFO:colcon.colcon_core.shell:Creating environment descriptor '/home/wolfwagen/Undergrad_Minchan_Folder/ROOMBA_PROJECT_1/install/first_roomba_pkg/share/first_roomba_pkg/hook/pythonpath.dsv'
[2.811s] INFO:colcon.colcon_core.shell:Creating environment hook '/home/wolfwagen/Undergrad_Minchan_Folder/ROOMBA_PROJECT_1/install/first_roomba_pkg/share/first_roomba_pkg/hook/pythonpath.sh'
[2.814s] Level 1:colcon.colcon_core.environment:checking '/home/wolfwagen/Undergrad_Minchan_Folder/ROOMBA_PROJECT_1/install/first_roomba_pkg/bin'
[2.814s] Level 1:colcon.colcon_core.environment:create_environment_scripts_only(first_roomba_pkg)
[2.815s] INFO:colcon.colcon_core.shell:Creating package script '/home/wolfwagen/Undergrad_Minchan_Folder/ROOMBA_PROJECT_1/install/first_roomba_pkg/share/first_roomba_pkg/package.ps1'
[2.817s] INFO:colcon.colcon_core.shell:Creating package descriptor '/home/wolfwagen/Undergrad_Minchan_Folder/ROOMBA_PROJECT_1/install/first_roomba_pkg/share/first_roomba_pkg/package.dsv'
[2.818s] INFO:colcon.colcon_core.shell:Creating package script '/home/wolfwagen/Undergrad_Minchan_Folder/ROOMBA_PROJECT_1/install/first_roomba_pkg/share/first_roomba_pkg/package.sh'
[2.820s] INFO:colcon.colcon_core.shell:Creating package script '/home/wolfwagen/Undergrad_Minchan_Folder/ROOMBA_PROJECT_1/install/first_roomba_pkg/share/first_roomba_pkg/package.bash'
[2.821s] INFO:colcon.colcon_core.shell:Creating package script '/home/wolfwagen/Undergrad_Minchan_Folder/ROOMBA_PROJECT_1/install/first_roomba_pkg/share/first_roomba_pkg/package.zsh'
[2.822s] Level 1:colcon.colcon_core.environment:create_file_with_runtime_dependencies(/home/wolfwagen/Undergrad_Minchan_Folder/ROOMBA_PROJECT_1/install/first_roomba_pkg/share/colcon-core/packages/first_roomba_pkg)
[2.823s] DEBUG:colcon.colcon_parallel_executor.executor.parallel:closing loop
[2.824s] DEBUG:colcon.colcon_parallel_executor.executor.parallel:loop closed
[2.824s] DEBUG:colcon.colcon_parallel_executor.executor.parallel:run_until_complete finished with '0'
[2.825s] DEBUG:colcon.colcon_core.event_reactor:joining thread
[2.844s] INFO:colcon.colcon_core.plugin_system:Skipping extension 'colcon_notification.desktop_notification.terminal_notifier': Not used on non-Darwin systems
[2.845s] INFO:colcon.colcon_core.plugin_system:Skipping extension 'colcon_notification.desktop_notification.win32': Not used on non-Windows systems
[2.845s] INFO:colcon.colcon_notification.desktop_notification:Sending desktop notification using 'notify2'
[2.885s] DEBUG:colcon.colcon_core.event_reactor:joined thread
[2.886s] INFO:colcon.colcon_core.shell:Creating prefix script '/home/wolfwagen/Undergrad_Minchan_Folder/ROOMBA_PROJECT_1/install/local_setup.ps1'
[2.889s] INFO:colcon.colcon_core.shell:Creating prefix util module '/home/wolfwagen/Undergrad_Minchan_Folder/ROOMBA_PROJECT_1/install/_local_setup_util_ps1.py'
[2.894s] INFO:colcon.colcon_core.shell:Creating prefix chain script '/home/wolfwagen/Undergrad_Minchan_Folder/ROOMBA_PROJECT_1/install/setup.ps1'
[2.899s] INFO:colcon.colcon_core.shell:Creating prefix script '/home/wolfwagen/Undergrad_Minchan_Folder/ROOMBA_PROJECT_1/install/local_setup.sh'
[2.902s] INFO:colcon.colcon_core.shell:Creating prefix util module '/home/wolfwagen/Undergrad_Minchan_Folder/ROOMBA_PROJECT_1/install/_local_setup_util_sh.py'
[2.904s] INFO:colcon.colcon_core.shell:Creating prefix chain script '/home/wolfwagen/Undergrad_Minchan_Folder/ROOMBA_PROJECT_1/install/setup.sh'
[2.909s] INFO:colcon.colcon_core.shell:Creating prefix script '/home/wolfwagen/Undergrad_Minchan_Folder/ROOMBA_PROJECT_1/install/local_setup.bash'
[2.911s] INFO:colcon.colcon_core.shell:Creating prefix chain script '/home/wolfwagen/Undergrad_Minchan_Folder/ROOMBA_PROJECT_1/install/setup.bash'
[2.915s] INFO:colcon.colcon_core.shell:Creating prefix script '/home/wolfwagen/Undergrad_Minchan_Folder/ROOMBA_PROJECT_1/install/local_setup.zsh'
[2.916s] INFO:colcon.colcon_core.shell:Creating prefix chain script '/home/wolfwagen/Undergrad_Minchan_Folder/ROOMBA_PROJECT_1/install/setup.zsh'
