[1.502s] Invoking command in '/home/wolfwagen/Undergrad_Minchan_Folder/ROOMBA_PROJECT_1/roomba_src/first_roomba_pkg': PYTHONPATH=/home/wolfwagen/Undergrad_Minchan_Folder/ROOMBA_PROJECT_1/build/first_roomba_pkg/prefix_override:/usr/lib/python3/dist-packages/colcon_core/task/python/colcon_distutils_commands:/home/wolfwagen/Undergrad_Minchan_Folder/ROOMBA_PROJECT_1/install/first_roomba_pkg/lib/python3.10/site-packages:${PYTHONPATH} /usr/bin/python3 -W ignore:setup.py install is deprecated -W ignore:easy_install command is deprecated setup.py egg_info --egg-base ../../build/first_roomba_pkg build --build-base /home/wolfwagen/Undergrad_Minchan_Folder/ROOMBA_PROJECT_1/build/first_roomba_pkg/build install --record /home/wolfwagen/Undergrad_Minchan_Folder/ROOMBA_PROJECT_1/build/first_roomba_pkg/install.log --single-version-externally-managed install_data
[2.033s] running egg_info
[2.035s] writing ../../build/first_roomba_pkg/first_roomba_pkg.egg-info/PKG-INFO
[2.035s] writing dependency_links to ../../build/first_roomba_pkg/first_roomba_pkg.egg-info/dependency_links.txt
[2.036s] writing entry points to ../../build/first_roomba_pkg/first_roomba_pkg.egg-info/entry_points.txt
[2.036s] writing requirements to ../../build/first_roomba_pkg/first_roomba_pkg.egg-info/requires.txt
[2.036s] writing top-level names to ../../build/first_roomba_pkg/first_roomba_pkg.egg-info/top_level.txt
[2.040s] reading manifest file '../../build/first_roomba_pkg/first_roomba_pkg.egg-info/SOURCES.txt'
[2.042s] adding license file 'LICENSE'
[2.043s] writing manifest file '../../build/first_roomba_pkg/first_roomba_pkg.egg-info/SOURCES.txt'
[2.043s] running build
[2.043s] running build_py
[2.044s] running install
[2.045s] running install_lib
[2.048s] running install_data
[2.049s] copying launch/rtabmap_launch.py -> /home/wolfwagen/Undergrad_Minchan_Folder/ROOMBA_PROJECT_1/install/first_roomba_pkg/share/first_roomba_pkg/launch
[2.049s] running install_egg_info
[2.052s] removing '/home/wolfwagen/Undergrad_Minchan_Folder/ROOMBA_PROJECT_1/install/first_roomba_pkg/lib/python3.10/site-packages/first_roomba_pkg-0.0.1-py3.10.egg-info' (and everything under it)
[2.053s] Copying ../../build/first_roomba_pkg/first_roomba_pkg.egg-info to /home/wolfwagen/Undergrad_Minchan_Folder/ROOMBA_PROJECT_1/install/first_roomba_pkg/lib/python3.10/site-packages/first_roomba_pkg-0.0.1-py3.10.egg-info
[2.055s] running install_scripts
[2.096s] Installing camera_node script to /home/wolfwagen/Undergrad_Minchan_Folder/ROOMBA_PROJECT_1/install/first_roomba_pkg/lib/first_roomba_pkg
[2.098s] Installing driver_node script to /home/wolfwagen/Undergrad_Minchan_Folder/ROOMBA_PROJECT_1/install/first_roomba_pkg/lib/first_roomba_pkg
[2.098s] Installing lidar_node script to /home/wolfwagen/Undergrad_Minchan_Folder/ROOMBA_PROJECT_1/install/first_roomba_pkg/lib/first_roomba_pkg
[2.099s] Installing xbox_controller_node script to /home/wolfwagen/Undergrad_Minchan_Folder/ROOMBA_PROJECT_1/install/first_roomba_pkg/lib/first_roomba_pkg
[2.099s] writing list of installed files to '/home/wolfwagen/Undergrad_Minchan_Folder/ROOMBA_PROJECT_1/build/first_roomba_pkg/install.log'
[2.174s] Invoked command in '/home/wolfwagen/Undergrad_Minchan_Folder/ROOMBA_PROJECT_1/roomba_src/first_roomba_pkg' returned '0': PYTHONPATH=/home/wolfwagen/Undergrad_Minchan_Folder/ROOMBA_PROJECT_1/build/first_roomba_pkg/prefix_override:/usr/lib/python3/dist-packages/colcon_core/task/python/colcon_distutils_commands:/home/wolfwagen/Undergrad_Minchan_Folder/ROOMBA_PROJECT_1/install/first_roomba_pkg/lib/python3.10/site-packages:${PYTHONPATH} /usr/bin/python3 -W ignore:setup.py install is deprecated -W ignore:easy_install command is deprecated setup.py egg_info --egg-base ../../build/first_roomba_pkg build --build-base /home/wolfwagen/Undergrad_Minchan_Folder/ROOMBA_PROJECT_1/build/first_roomba_pkg/build install --record /home/wolfwagen/Undergrad_Minchan_Folder/ROOMBA_PROJECT_1/build/first_roomba_pkg/install.log --single-version-externally-managed install_data
