-- Found CUDA: /usr/local/cuda-12.6 (found suitable version "12.6", minimum required is "12.6") 
-- Found CUDA: /usr/local/cuda-12.6 (found version "12.6") 
-- Found ament_cmake_auto: 1.3.14 (/opt/ros/humble/share/ament_cmake_auto/cmake)
-- Override CMake install command with custom implementation using symlinks instead of copying resources
-- Found rosidl_generator_c: 3.1.8 (/opt/ros/humble/share/rosidl_generator_c/cmake)
-- Found rosidl_adapter: 3.1.8 (/opt/ros/humble/share/rosidl_adapter/cmake)
-- Found rosidl_generator_cpp: 3.1.8 (/opt/ros/humble/share/rosidl_generator_cpp/cmake)
-- Using all available rosidl_typesupport_c: rosidl_typesupport_fastrtps_c;rosidl_typesupport_introspection_c
-- Using all available rosidl_typesupport_cpp: rosidl_typesupport_fastrtps_cpp;rosidl_typesupport_introspection_cpp
-- Found rmw_implementation_cmake: 6.1.2 (/opt/ros/humble/share/rmw_implementation_cmake/cmake)
-- Found rmw_fastrtps_cpp: 6.2.10 (/opt/ros/humble/share/rmw_fastrtps_cpp/cmake)
-- Using RMW implementation 'rmw_fastrtps_cpp' as default
-- Found eigen3_cmake_module: 0.1.1 (/opt/ros/humble/share/eigen3_cmake_module/cmake)
-- Ensuring Eigen3 include directory is part of orocos-kdl CMake target
[31mCMake Error at CMakeLists.txt:147 (find_package):
  By not providing "Findpoint_cloud_transport.cmake" in CMAKE_MODULE_PATH
  this project has asked CMake to find a package configuration file provided
  by "point_cloud_transport", but CMake did not find one.

  Could not find a package configuration file provided by
  "point_cloud_transport" with any of the following names:

    point_cloud_transportConfig.cmake
    point_cloud_transport-config.cmake

  Add the installation prefix of "point_cloud_transport" to CMAKE_PREFIX_PATH
  or set "point_cloud_transport_DIR" to a directory containing one of the
  above files.  If "point_cloud_transport" provides a separate development
  package or SDK, be sure it has been installed.

[0m
-- Configuring incomplete, errors occurred!
See also "/home/wolfwagen/Undergrad_Minchan_Folder/ROOMBA_PROJECT_1/build/zed_components/CMakeFiles/CMakeOutput.log".
See also "/home/wolfwagen/Undergrad_Minchan_Folder/ROOMBA_PROJECT_1/build/zed_components/CMakeFiles/CMakeError.log".
gmake: *** [Makefile:577: cmake_check_build_system] Error 1
