[0.030s] Invoking command in '/home/wolfwagen/Undergrad_Minchan_Folder/ROOMBA_PROJECT_1/build/zed_components': CMAKE_PREFIX_PATH=/home/wolfwagen/Undergrad_Minchan_Folder/ROOMBA_PROJECT_1/install/first_roomba_pkg:/opt/ros/humble /usr/bin/cmake --build /home/wolfwagen/Undergrad_Minchan_Folder/ROOMBA_PROJECT_1/build/zed_components -- -j6 -l6
[0.140s] -- Found CUDA: /usr/local/cuda-12.6 (found suitable version "12.6", minimum required is "12.6") 
[0.173s] -- Found CUDA: /usr/local/cuda-12.6 (found version "12.6") 
[0.175s] -- Found ament_cmake_auto: 1.3.14 (/opt/ros/humble/share/ament_cmake_auto/cmake)
[0.416s] -- Override CMake install command with custom implementation using symlinks instead of copying resources
[0.642s] -- Found rosidl_generator_c: 3.1.8 (/opt/ros/humble/share/rosidl_generator_c/cmake)
[0.649s] -- Found rosidl_adapter: 3.1.8 (/opt/ros/humble/share/rosidl_adapter/cmake)
[0.663s] -- Found rosidl_generator_cpp: 3.1.8 (/opt/ros/humble/share/rosidl_generator_cpp/cmake)
[0.682s] -- Using all available rosidl_typesupport_c: rosidl_typesupport_fastrtps_c;rosidl_typesupport_introspection_c
[0.704s] -- Using all available rosidl_typesupport_cpp: rosidl_typesupport_fastrtps_cpp;rosidl_typesupport_introspection_cpp
[0.850s] -- Found rmw_implementation_cmake: 6.1.2 (/opt/ros/humble/share/rmw_implementation_cmake/cmake)
[0.852s] -- Found rmw_fastrtps_cpp: 6.2.10 (/opt/ros/humble/share/rmw_fastrtps_cpp/cmake)
[1.013s] -- Using RMW implementation 'rmw_fastrtps_cpp' as default
[1.360s] -- Found eigen3_cmake_module: 0.1.1 (/opt/ros/humble/share/eigen3_cmake_module/cmake)
[1.362s] -- Ensuring Eigen3 include directory is part of orocos-kdl CMake target
[1.569s] [31mCMake Error at CMakeLists.txt:147 (find_package):
[1.569s]   By not providing "Findpoint_cloud_transport.cmake" in CMAKE_MODULE_PATH
[1.569s]   this project has asked CMake to find a package configuration file provided
[1.570s]   by "point_cloud_transport", but CMake did not find one.
[1.570s] 
[1.570s]   Could not find a package configuration file provided by
[1.570s]   "point_cloud_transport" with any of the following names:
[1.570s] 
[1.570s]     point_cloud_transportConfig.cmake
[1.570s]     point_cloud_transport-config.cmake
[1.570s] 
[1.570s]   Add the installation prefix of "point_cloud_transport" to CMAKE_PREFIX_PATH
[1.571s]   or set "point_cloud_transport_DIR" to a directory containing one of the
[1.571s]   above files.  If "point_cloud_transport" provides a separate development
[1.571s]   package or SDK, be sure it has been installed.
[1.571s] 
[1.571s] [0m
[1.571s] -- Configuring incomplete, errors occurred!
[1.571s] See also "/home/wolfwagen/Undergrad_Minchan_Folder/ROOMBA_PROJECT_1/build/zed_components/CMakeFiles/CMakeOutput.log".
[1.571s] See also "/home/wolfwagen/Undergrad_Minchan_Folder/ROOMBA_PROJECT_1/build/zed_components/CMakeFiles/CMakeError.log".
[1.594s] gmake: *** [Makefile:577: cmake_check_build_system] Error 1
[1.600s] Invoked command in '/home/wolfwagen/Undergrad_Minchan_Folder/ROOMBA_PROJECT_1/build/zed_components' returned '2': CMAKE_PREFIX_PATH=/home/wolfwagen/Undergrad_Minchan_Folder/ROOMBA_PROJECT_1/install/first_roomba_pkg:/opt/ros/humble /usr/bin/cmake --build /home/wolfwagen/Undergrad_Minchan_Folder/ROOMBA_PROJECT_1/build/zed_components -- -j6 -l6
